Archive member included to satisfy reference by file (symbol)

/home/mustafa/opt/gcc-arm-none-eabi-9-2019-q4-major/bin/../lib/gcc/arm-none-eabi/9.2.1/../../../../arm-none-eabi/lib/libg.a(lib_a-errno.o)
                              obj/syscall.o (__errno)
/home/mustafa/opt/gcc-arm-none-eabi-9-2019-q4-major/bin/../lib/gcc/arm-none-eabi/9.2.1/../../../../arm-none-eabi/lib/libg.a(lib_a-exit.o)
                              obj/syscall.o (exit)
/home/mustafa/opt/gcc-arm-none-eabi-9-2019-q4-major/bin/../lib/gcc/arm-none-eabi/9.2.1/../../../../arm-none-eabi/lib/libg.a(lib_a-impure.o)
                              /home/mustafa/opt/gcc-arm-none-eabi-9-2019-q4-major/bin/../lib/gcc/arm-none-eabi/9.2.1/../../../../arm-none-eabi/lib/libg.a(lib_a-exit.o) (_global_impure_ptr)
/home/mustafa/opt/gcc-arm-none-eabi-9-2019-q4-major/bin/../lib/gcc/arm-none-eabi/9.2.1/../../../../arm-none-eabi/lib/libg.a(lib_a-malloc.o)
                              obj/pl181.o (malloc)
/home/mustafa/opt/gcc-arm-none-eabi-9-2019-q4-major/bin/../lib/gcc/arm-none-eabi/9.2.1/../../../../arm-none-eabi/lib/libg.a(lib_a-mallocr.o)
                              /home/mustafa/opt/gcc-arm-none-eabi-9-2019-q4-major/bin/../lib/gcc/arm-none-eabi/9.2.1/../../../../arm-none-eabi/lib/libg.a(lib_a-malloc.o) (_malloc_r)
/home/mustafa/opt/gcc-arm-none-eabi-9-2019-q4-major/bin/../lib/gcc/arm-none-eabi/9.2.1/../../../../arm-none-eabi/lib/libg.a(lib_a-mlock.o)
                              /home/mustafa/opt/gcc-arm-none-eabi-9-2019-q4-major/bin/../lib/gcc/arm-none-eabi/9.2.1/../../../../arm-none-eabi/lib/libg.a(lib_a-mallocr.o) (__malloc_lock)
/home/mustafa/opt/gcc-arm-none-eabi-9-2019-q4-major/bin/../lib/gcc/arm-none-eabi/9.2.1/../../../../arm-none-eabi/lib/libg.a(lib_a-printf.o)
                              obj/sp804.o (printf)
/home/mustafa/opt/gcc-arm-none-eabi-9-2019-q4-major/bin/../lib/gcc/arm-none-eabi/9.2.1/../../../../arm-none-eabi/lib/libg.a(lib_a-putchar.o)
                              obj/pl181.o (putchar)
/home/mustafa/opt/gcc-arm-none-eabi-9-2019-q4-major/bin/../lib/gcc/arm-none-eabi/9.2.1/../../../../arm-none-eabi/lib/libg.a(lib_a-puts.o)
                              obj/interrupt.o (puts)
/home/mustafa/opt/gcc-arm-none-eabi-9-2019-q4-major/bin/../lib/gcc/arm-none-eabi/9.2.1/../../../../arm-none-eabi/lib/libg.a(lib_a-sbrkr.o)
                              /home/mustafa/opt/gcc-arm-none-eabi-9-2019-q4-major/bin/../lib/gcc/arm-none-eabi/9.2.1/../../../../arm-none-eabi/lib/libg.a(lib_a-mallocr.o) (_sbrk_r)
/home/mustafa/opt/gcc-arm-none-eabi-9-2019-q4-major/bin/../lib/gcc/arm-none-eabi/9.2.1/../../../../arm-none-eabi/lib/libg.a(lib_a-strlen-stub.o)
                              /home/mustafa/opt/gcc-arm-none-eabi-9-2019-q4-major/bin/../lib/gcc/arm-none-eabi/9.2.1/../../../../arm-none-eabi/lib/libg.a(lib_a-puts.o) (strlen)
/home/mustafa/opt/gcc-arm-none-eabi-9-2019-q4-major/bin/../lib/gcc/arm-none-eabi/9.2.1/../../../../arm-none-eabi/lib/libg.a(lib_a-vfprintf.o)
                              /home/mustafa/opt/gcc-arm-none-eabi-9-2019-q4-major/bin/../lib/gcc/arm-none-eabi/9.2.1/../../../../arm-none-eabi/lib/libg.a(lib_a-printf.o) (_vfprintf_r)
/home/mustafa/opt/gcc-arm-none-eabi-9-2019-q4-major/bin/../lib/gcc/arm-none-eabi/9.2.1/../../../../arm-none-eabi/lib/libg.a(lib_a-wsetup.o)
                              /home/mustafa/opt/gcc-arm-none-eabi-9-2019-q4-major/bin/../lib/gcc/arm-none-eabi/9.2.1/../../../../arm-none-eabi/lib/libg.a(lib_a-vfprintf.o) (__swsetup_r)
/home/mustafa/opt/gcc-arm-none-eabi-9-2019-q4-major/bin/../lib/gcc/arm-none-eabi/9.2.1/../../../../arm-none-eabi/lib/libg.a(lib_a-__call_atexit.o)
                              /home/mustafa/opt/gcc-arm-none-eabi-9-2019-q4-major/bin/../lib/gcc/arm-none-eabi/9.2.1/../../../../arm-none-eabi/lib/libg.a(lib_a-exit.o) (__call_exitprocs)
/home/mustafa/opt/gcc-arm-none-eabi-9-2019-q4-major/bin/../lib/gcc/arm-none-eabi/9.2.1/../../../../arm-none-eabi/lib/libg.a(lib_a-atexit.o)
                              /home/mustafa/opt/gcc-arm-none-eabi-9-2019-q4-major/bin/../lib/gcc/arm-none-eabi/9.2.1/../../../../arm-none-eabi/lib/libg.a(lib_a-__call_atexit.o) (atexit)
/home/mustafa/opt/gcc-arm-none-eabi-9-2019-q4-major/bin/../lib/gcc/arm-none-eabi/9.2.1/../../../../arm-none-eabi/lib/libg.a(lib_a-dtoa.o)
                              /home/mustafa/opt/gcc-arm-none-eabi-9-2019-q4-major/bin/../lib/gcc/arm-none-eabi/9.2.1/../../../../arm-none-eabi/lib/libg.a(lib_a-vfprintf.o) (_dtoa_r)
/home/mustafa/opt/gcc-arm-none-eabi-9-2019-q4-major/bin/../lib/gcc/arm-none-eabi/9.2.1/../../../../arm-none-eabi/lib/libg.a(lib_a-fflush.o)
                              /home/mustafa/opt/gcc-arm-none-eabi-9-2019-q4-major/bin/../lib/gcc/arm-none-eabi/9.2.1/../../../../arm-none-eabi/lib/libg.a(lib_a-vfprintf.o) (_fflush_r)
/home/mustafa/opt/gcc-arm-none-eabi-9-2019-q4-major/bin/../lib/gcc/arm-none-eabi/9.2.1/../../../../arm-none-eabi/lib/libg.a(lib_a-findfp.o)
[...]
Memory Configuration

Name             Origin             Length             Attributes
RAM              0x0000000060000000 0x0000000006400000 xrw
*default*        0x0000000000000000 0xffffffffffffffff

Linker script and memory map

LOAD /home/mustafa/opt/gcc-arm-none-eabi-9-2019-q4-major/bin/../lib/gcc/arm-none-eabi/9.2.1/../../../../arm-none-eabi/lib/libc.a
LOAD obj/startup.o
LOAD obj/sp804.o
LOAD obj/syscall.o
LOAD obj/pl050.o
LOAD obj/pl111.o
LOAD obj/interrupt.o
LOAD obj/ugui.o
LOAD obj/pl181.o
LOAD obj/gic.o
LOAD obj/kernel.o
LOAD obj/pl011.o
START GROUP
LOAD /home/mustafa/opt/gcc-arm-none-eabi-9-2019-q4-major/bin/../lib/gcc/arm-none-eabi/9.2.1/libgcc.a
LOAD /home/mustafa/opt/gcc-arm-none-eabi-9-2019-q4-major/bin/../lib/gcc/arm-none-eabi/9.2.1/../../../../arm-none-eabi/lib/libg.a
LOAD /home/mustafa/opt/gcc-arm-none-eabi-9-2019-q4-major/bin/../lib/gcc/arm-none-eabi/9.2.1/../../../../arm-none-eabi/lib/libc.a
END GROUP
START GROUP
LOAD /home/mustafa/opt/gcc-arm-none-eabi-9-2019-q4-major/bin/../lib/gcc/arm-none-eabi/9.2.1/libgcc.a
LOAD /home/mustafa/opt/gcc-arm-none-eabi-9-2019-q4-major/bin/../lib/gcc/arm-none-eabi/9.2.1/../../../../arm-none-eabi/lib/libc.a
LOAD /home/mustafa/opt/gcc-arm-none-eabi-9-2019-q4-major/bin/../lib/gcc/arm-none-eabi/9.2.1/../../../../arm-none-eabi/lib/libnosys.a
END GROUP
                0x0000000000a00000                heap_size = 0xa00000

.text           0x0000000060000000    0x30a85
                0x0000000060000000                . = ALIGN (0x4)
 *(.isr_vector)
 .isr_vector    0x0000000060000000       0x20 obj/startup.o
                0x0000000060000000                _Reset
                0x0000000060000020                _start_text = .
 *(.text)
 .text          0x0000000060000020       0x58 obj/startup.o
 .text          0x0000000060000078      0x100 obj/sp804.o
                0x0000000060000078                timer_handler
                0x00000000600000c4                timer_init
 .text          0x0000000060000178      0x240 obj/syscall.o
                0x0000000060000178                _exit
                0x000000006000018c                _write
                0x00000000600001f4                _start
                0x0000000060000208                _fini
                0x000000006000022c                _sbrk
                0x00000000600002f0                _close
                0x0000000060000314                _read
                0x0000000060000340                _lseek
                0x000000006000036c                _fstat
                0x0000000060000394                _isatty
 .text          0x00000000600003b8       0xb8 obj/pl050.o
                0x00000000600003b8                kb_handler
                0x0000000060000428                kb_init
 .text          0x0000000060000470      0x174 obj/pl111.o
                0x00000000600004c8                pdraw
                0x0000000060000508                clcd_init
 .text          0x00000000600005e4      0x154 obj/interrupt.o
                0x00000000600005e4                install_isr
                0x0000000060000620                c_svc
                0x0000000060000640                c_fiq
                0x0000000060000664                c_irq
                0x00000000600006f4                enable_irq
                0x0000000060000720                interrupt_init
 .text          0x0000000060000738     0x82cc obj/ugui.o
                0x0000000060000738                UG_Init
                0x0000000060000918                UG_SelectGUI
                0x000000006000094c                UG_FontSelect
                0x00000000600009b4                UG_FillScreen
                0x0000000060000a28                UG_FillFrame
                0x0000000060000ba0                UG_FillRoundFrame
                0x0000000060000fb8                UG_DrawMesh
                0x00000000600010cc                UG_DrawFrame
                0x0000000060001194                UG_DrawRoundFrame
                0x0000000060001448                UG_DrawPixel
                0x0000000060001494                UG_DrawCircle
                0x00000000600017d4                UG_FillCircle
                0x0000000060001ac4                UG_DrawArc
                0x0000000060001e94                UG_DrawLine
                0x00000000600021d0                UG_PutString
                0x0000000060002360                UG_PutChar
                0x00000000600026cc                UG_ConsolePutString
                0x00000000600029a0                UG_ConsoleSetArea
                0x0000000060002a3c                UG_ConsoleSetForecolor
                0x0000000060002a70                UG_ConsoleSetBackcolor
                0x0000000060002aa4                UG_SetForecolor
                0x0000000060002ad8                UG_SetBackcolor
                0x0000000060002b0c                UG_GetXDim
                0x0000000060002b34                UG_GetYDim
                0x0000000060002b5c                UG_FontSetHSpace
                0x0000000060002b98                UG_FontSetVSpace
                0x0000000060002bd4                _UG_PutText
                0x000000006000325c                _UG_GetFreeObject
                0x0000000060003300                _UG_SearchObject
                0x00000000600033dc                _UG_DeleteObject
                0x00000000600034c4                _UG_ProcessTouchData
                0x0000000060003738                _UG_UpdateObjects
                0x0000000060003840                _UG_HandleEvents
                0x0000000060003960                _UG_DrawObjectFrame
                0x0000000060003d80                UG_DriverRegister
                0x0000000060003e00                UG_DriverEnable
                0x0000000060003eac                UG_DriverDisable
                0x0000000060003f58                UG_Update
                0x0000000060004220                UG_WaitForUpdate
                0x0000000060004284                UG_DrawBMP
                0x0000000060004430                UG_TouchUpdate
                0x00000000600044a0                UG_WindowCreate
                0x0000000060004684                UG_WindowDelete
                0x0000000060004760                UG_WindowShow
                0x00000000600047dc                UG_WindowHide
                0x000000006000498c                UG_WindowResize
                0x0000000060004ca8                UG_WindowAlert
                0x0000000060004d20                UG_WindowSetForeColor
                0x0000000060004d94                UG_WindowSetBackColor
                0x0000000060004e08                UG_WindowSetTitleTextColor
                0x0000000060004e7c                UG_WindowSetTitleColor
                0x0000000060004ef0                UG_WindowSetTitleInactiveTextColor
                0x0000000060004f64                UG_WindowSetTitleInactiveColor
                0x0000000060004fd8                UG_WindowSetTitleText
                0x000000006000504c                UG_WindowSetTitleTextFont
                0x0000000060005114                UG_WindowSetTitleTextHSpace
                0x000000006000518c                UG_WindowSetTitleTextVSpace
                0x0000000060005204                UG_WindowSetTitleTextAlignment
                0x000000006000527c                UG_WindowSetTitleHeight
                0x000000006000530c                UG_WindowSetXStart
                0x00000000600053ac                UG_WindowSetYStart
                0x000000006000544c                UG_WindowSetXEnd
                0x00000000600054ec                UG_WindowSetYEnd
                0x000000006000558c                UG_WindowSetStyle
                0x0000000060005680                UG_WindowGetForeColor
                0x00000000600056d8                UG_WindowGetBackColor
                0x0000000060005730                UG_WindowGetTitleTextColor
                0x0000000060005788                UG_WindowGetTitleColor
                0x00000000600057e0                UG_WindowGetTitleInactiveTextColor
                0x0000000060005838                UG_WindowGetTitleInactiveColor
                0x0000000060005890                UG_WindowGetTitleText
                0x00000000600058e8                UG_WindowGetTitleTextFont
                0x0000000060005940                UG_WindowGetTitleTextHSpace
                0x0000000060005998                UG_WindowGetTitleTextVSpace
                0x00000000600059f0                UG_WindowGetTitleTextAlignment
                0x0000000060005a48                UG_WindowGetTitleHeight
                0x0000000060005aa0                UG_WindowGetXStart
                0x0000000060005af8                UG_WindowGetYStart
                0x0000000060005b50                UG_WindowGetXEnd
                0x0000000060005ba8                UG_WindowGetYEnd
                0x0000000060005c00                UG_WindowGetStyle
                0x0000000060005c58                UG_WindowGetArea
                0x0000000060005dc4                UG_WindowGetInnerWidth
                0x0000000060005e6c                UG_WindowGetOuterWidth
                0x0000000060005ef0                UG_WindowGetInnerHeight
                0x0000000060005fc8                UG_WindowGetOuterHeight
                0x000000006000604c                _UG_WindowDrawTitle
                0x0000000060006298                _UG_WindowUpdate
                0x000000006000650c                _UG_WindowClear
                0x0000000060006644                UG_ButtonCreate
                0x00000000600067f8                UG_ButtonDelete
                0x0000000060006834                UG_ButtonShow
                0x00000000600068c0                UG_ButtonHide
                0x0000000060006990                UG_ButtonSetForeColor
                0x0000000060006a28                UG_ButtonSetBackColor
                0x0000000060006ac0                UG_ButtonSetAlternateForeColor
                0x0000000060006b58                UG_ButtonSetAlternateBackColor
                0x0000000060006bf0                UG_ButtonSetText
                0x0000000060006c88                UG_ButtonSetFont
                0x0000000060006d20                UG_ButtonSetStyle
                0x0000000060006e94                UG_ButtonGetForeColor
                0x0000000060006f10                UG_ButtonGetBackColor
                0x0000000060006f8c                UG_ButtonGetAlternateForeColor
                0x0000000060007008                UG_ButtonGetAlternateBackColor
                0x0000000060007084                UG_ButtonGetText
                0x0000000060007100                UG_ButtonGetFont
                0x000000006000717c                UG_ButtonGetStyle
                0x00000000600071f8                _UG_ButtonUpdate
                0x0000000060007784                UG_TextboxCreate
                0x0000000060007924                UG_TextboxDelete
                0x0000000060007960                UG_TextboxShow
                0x00000000600079ec                UG_TextboxHide
                0x0000000060007a78                UG_TextboxSetForeColor
                0x0000000060007b10                UG_TextboxSetBackColor
                0x0000000060007ba8                UG_TextboxSetText
                0x0000000060007c40                UG_TextboxSetFont
                0x0000000060007cd8                UG_TextboxSetHSpace
                0x0000000060007d74                UG_TextboxSetVSpace
                0x0000000060007e10                UG_TextboxSetAlignment
                0x0000000060007eac                UG_TextboxGetForeColor
                0x0000000060007f28                UG_TextboxGetBackColor
                0x0000000060007fa4                UG_TextboxGetText
                0x0000000060008020                UG_TextboxGetFont
                0x000000006000809c                UG_TextboxGetHSpace
                0x0000000060008118                UG_TextboxGetVSpace
                0x0000000060008194                UG_TextboxGetAlignment
                0x0000000060008210                _UG_TextboxUpdate
                0x0000000060008494                UG_ImageCreate
                0x00000000600085e4                UG_ImageDelete
                0x0000000060008620                UG_ImageShow
                0x00000000600086ac                UG_ImageHide
                0x0000000060008738                UG_ImageSetBMP
                0x00000000600087dc                _UG_ImageUpdate
 .text          0x0000000060008a04      0x4f0 obj/pl181.o
                0x0000000060008a04                sd_send_cmd
                0x0000000060008a9c                sd_handler
                0x0000000060008c18                sd_init
                0x0000000060008d14                sd_read
                0x0000000060008df0                sd_test_read
 .text          0x0000000060008ef4      0xb6c obj/gic.o
                0x0000000060008ef4                GIC_EnableDistributor
                0x0000000060008f28                GIC_DisableDistributor
                0x0000000060008f5c                GIC_DistributorInfo
                0x0000000060008f80                GIC_DistributorImplementer
                0x0000000060008fa4                GIC_SetTarget
                0x0000000060009014                GIC_SetICDICFR
                0x000000006000909c                GIC_GetTarget
                0x0000000060009100                GIC_EnableInterface
                0x0000000060009134                GIC_DisableInterface
                0x0000000060009168                GIC_AcknowledgePending
                0x0000000060009190                GIC_EndInterrupt
                0x00000000600091c4                GIC_EnableIRQ
                0x0000000060009214                GIC_DisableIRQ
                0x0000000060009264                GIC_SetPendingIRQ
                0x00000000600092b4                GIC_ClearPendingIRQ
                0x0000000060009304                GIC_SetLevelModel
                0x0000000060009418                GIC_SetPriority
                0x0000000060009480                GIC_GetPriority
                0x00000000600094e0                GIC_InterfacePriorityMask
                0x0000000060009514                GIC_SetBinaryPoint
                0x0000000060009548                GIC_GetBinaryPoint
                0x0000000060009574                GIC_GetIRQStatus
                0x0000000060009608                GIC_SendSGI
                0x0000000060009668                GIC_DistInit
                0x00000000600099b8                GIC_CPUInterfaceInit
                0x0000000060009a48                GIC_Enable
 .text          0x0000000060009a60      0x104 obj/kernel.o
                0x0000000060009a60                main
 .text          0x0000000060009b64       0x50 obj/pl011.o
                0x0000000060009b64                uart_putc
 .text          0x0000000060009bb4        0x0 /home/mustafa/opt/gcc-arm-none-eabi-9-2019-q4-major/bin/../lib/gcc/arm-none-eabi/9.2.1/../../../../arm-none-eabi/lib/libg.a(lib_a-errno.o)
 .text          0x0000000060009bb4        0x0 /home/mustafa/opt/gcc-arm-none-eabi-9-2019-q4-major/bin/../lib/gcc/arm-none-eabi/9.2.1/../../../../arm-none-eabi/lib/libg.a(lib_a-exit.o)
 .text          0x0000000060009bb4        0x0 /home/mustafa/opt/gcc-arm-none-eabi-9-2019-q4-major/bin/../lib/gcc/arm-none-eabi/9.2.1/../../../../arm-none-eabi/lib/libg.a(lib_a-impure.o)
 .text          0x0000000060009bb4        0x0 /home/mustafa/opt/gcc-arm-none-eabi-9-2019-q4-major/bin/../lib/gcc/arm-none-eabi/9.2.1/../../../../arm-none-eabi/lib/libg.a(lib_a-malloc.o)
 .text          0x0000000060009bb4        0x0 /home/mustafa/opt/gcc-arm-none-eabi-9-2019-q4-major/bin/../lib/gcc/arm-none-eabi/9.2.1/../../../../arm-none-eabi/lib/libg.a(lib_a-mallocr.o)
 .text          0x0000000060009bb4        0x0 /home/mustafa/opt/gcc-arm-none-eabi-9-2019-q4-major/bin/../lib/gcc/arm-none-eabi/9.2.1/../../../../arm-none-eabi/lib/libg.a(lib_a-mlock.o)
 .text          0x0000000060009bb4        0x0 /home/mustafa/opt/gcc-arm-none-eabi-9-2019-q4-major/bin/../lib/gcc/arm-none-eabi/9.2.1/../../../../arm-none-eabi/lib/libg.a(lib_a-printf.o)
 .text          0x0000000060009bb4        0x0 /home/mustafa/opt/gcc-arm-none-eabi-9-2019-q4-major/bin/../lib/gcc/arm-none-eabi/9.2.1/../../../../arm-none-eabi/lib/libg.a(lib_a-putchar.o)
 .text          0x0000000060009bb4        0x0 /home/mustafa/opt/gcc-arm-none-eabi-9-2019-q4-major/bin/../lib/gcc/arm-none-eabi/9.2.1/../../../../arm-none-eabi/lib/libg.a(lib_a-puts.o)
 .text          0x0000000060009bb4        0x0 /home/mustafa/opt/gcc-arm-none-eabi-9-2019-q4-major/bin/../lib/gcc/arm-none-eabi/9.2.1/../../../../arm-none-eabi/lib/libg.a(lib_a-sbrkr.o)
 .text          0x0000000060009bb4        0x0 /home/mustafa/opt/gcc-arm-none-eabi-9-2019-q4-major/bin/../lib/gcc/arm-none-eabi/9.2.1/../../../../arm-none-eabi/lib/libg.a(lib_a-strlen-stub.o)
 .text          0x0000000060009bb4        0x0 /home/mustafa/opt/gcc-arm-none-eabi-9-2019-q4-major/bin/../lib/gcc/arm-none-eabi/9.2.1/../../../../arm-none-eabi/lib/libg.a(lib_a-vfprintf.o)
 .text          0x0000000060009bb4        0x0 /home/mustafa/opt/gcc-arm-none-eabi-9-2019-q4-major/bin/../lib/gcc/arm-none-eabi/9.2.1/../../../../arm-none-eabi/lib/libg.a(lib_a-wsetup.o)
 .text          0x0000000060009bb4        0x0 /home/mustafa/opt/gcc-arm-none-eabi-9-2019-q4-major/bin/../lib/gcc/arm-none-eabi/9.2.1/../../../../arm-none-eabi/lib/libg.a(lib_a-__call_atexit.o)
 .text          0x0000000060009bb4        0x0 /home/mustafa/opt/gcc-arm-none-eabi-9-2019-q4-major/bin/../lib/gcc/arm-none-eabi/9.2.1/../../../../arm-none-eabi/lib/libg.a(lib_a-atexit.o)
 .text          0x0000000060009bb4        0x0 /home/mustafa/opt/gcc-arm-none-eabi-9-2019-q4-major/bin/../lib/gcc/arm-none-eabi/9.2.1/../../../../arm-none-eabi/lib/libg.a(lib_a-dtoa.o)
 .text          0x0000000060009bb4        0x0 /home/mustafa/opt/gcc-arm-none-eabi-9-2019-q4-major/bin/../lib/gcc/arm-none-eabi/9.2.1/../../../../arm-none-eabi/lib/libg.a(lib_a-fflush.o)
 .text          0x0000000060009bb4        0x0 /home/mustafa/opt/gcc-arm-none-eabi-9-2019-q4-major/bin/../lib/gcc/arm-none-eabi/9.2.1/../../../../arm-none-eabi/lib/libg.a(lib_a-findfp.o)
 .text          0x0000000060009bb4        0x0 /home/mustafa/opt/gcc-arm-none-eabi-9-2019-q4-major/bin/../lib/gcc/arm-none-eabi/9.2.1/../../../../arm-none-eabi/lib/libg.a(lib_a-fini.o)
 .text          0x0000000060009bb4        0x0 /home/mustafa/opt/gcc-arm-none-eabi-9-2019-q4-major/bin/../lib/gcc/arm-none-eabi/9.2.1/../../../../arm-none-eabi/lib/libg.a(lib_a-freer.o)
 .text          0x0000000060009bb4        0x0 /home/mustafa/opt/gcc-arm-none-eabi-9-2019-q4-major/bin/../lib/gcc/arm-none-eabi/9.2.1/../../../../arm-none-eabi/lib/libg.a(lib_a-fvwrite.o)
 .text          0x0000000060009bb4        0x0 /home/mustafa/opt/gcc-arm-none-eabi-9-2019-q4-major/bin/../lib/gcc/arm-none-eabi/9.2.1/../../../../arm-none-eabi/lib/libg.a(lib_a-fwalk.o)
 .text          0x0000000060009bb4        0x0 /home/mustafa/opt/gcc-arm-none-eabi-9-2019-q4-major/bin/../lib/gcc/arm-none-eabi/9.2.1/../../../../arm-none-eabi/lib/libg.a(lib_a-localeconv.o)
 .text          0x0000000060009bb4        0x0 /home/mustafa/opt/gcc-arm-none-eabi-9-2019-q4-major/bin/../lib/gcc/arm-none-eabi/9.2.1/../../../../arm-none-eabi/lib/libg.a(lib_a-lock.o)
 .text          0x0000000060009bb4        0x0 /home/mustafa/opt/gcc-arm-none-eabi-9-2019-q4-major/bin/../lib/gcc/arm-none-eabi/9.2.1/../../../../arm-none-eabi/lib/libg.a(lib_a-makebuf.o)
 .text          0x0000000060009bb4        0x0 /home/mustafa/opt/gcc-arm-none-eabi-9-2019-q4-major/bin/../lib/gcc/arm-none-eabi/9.2.1/../../../../arm-none-eabi/lib/libg.a(lib_a-memchr-stub.o)
 .text          0x0000000060009bb4        0x0 /home/mustafa/opt/gcc-arm-none-eabi-9-2019-q4-major/bin/../lib/gcc/arm-none-eabi/9.2.1/../../../../arm-none-eabi/lib/libg.a(lib_a-memcpy-stub.o)
 .text          0x0000000060009bb4        0x0 /home/mustafa/opt/gcc-arm-none-eabi-9-2019-q4-major/bin/../lib/gcc/arm-none-eabi/9.2.1/../../../../arm-none-eabi/lib/libg.a(lib_a-memmove.o)
 .text          0x0000000060009bb4        0x0 /home/mustafa/opt/gcc-arm-none-eabi-9-2019-q4-major/bin/../lib/gcc/arm-none-eabi/9.2.1/../../../../arm-none-eabi/lib/libg.a(lib_a-memset.o)
 .text          0x0000000060009bb4        0x0 /home/mustafa/opt/gcc-arm-none-eabi-9-2019-q4-major/bin/../lib/gcc/arm-none-eabi/9.2.1/../../../../arm-none-eabi/lib/libg.a(lib_a-mprec.o)
 .text          0x0000000060009bb4        0x0 /home/mustafa/opt/gcc-arm-none-eabi-9-2019-q4-major/bin/../lib/gcc/arm-none-eabi/9.2.1/../../../../arm-none-eabi/lib/libg.a(lib_a-putc.o)
 .text          0x0000000060009bb4        0x0 /home/mustafa/opt/gcc-arm-none-eabi-9-2019-q4-major/bin/../lib/gcc/arm-none-eabi/9.2.1/../../../../arm-none-eabi/lib/libg.a(lib_a-reallocr.o)
 .text          0x0000000060009bb4        0x0 /home/mustafa/opt/gcc-arm-none-eabi-9-2019-q4-major/bin/../lib/gcc/arm-none-eabi/9.2.1/../../../../arm-none-eabi/lib/libg.a(lib_a-reent.o)
 .text          0x0000000060009bb4        0x0 /home/mustafa/opt/gcc-arm-none-eabi-9-2019-q4-major/bin/../lib/gcc/arm-none-eabi/9.2.1/../../../../arm-none-eabi/lib/libg.a(lib_a-s_frexp.o)
 .text          0x0000000060009bb4        0x0 /home/mustafa/opt/gcc-arm-none-eabi-9-2019-q4-major/bin/../lib/gcc/arm-none-eabi/9.2.1/../../../../arm-none-eabi/lib/libg.a(lib_a-stdio.o)
 .text          0x0000000060009bb4        0x0 /home/mustafa/opt/gcc-arm-none-eabi-9-2019-q4-major/bin/../lib/gcc/arm-none-eabi/9.2.1/../../../../arm-none-eabi/lib/libg.a(lib_a-strncpy.o)
 .text          0x0000000060009bb4        0x0 /home/mustafa/opt/gcc-arm-none-eabi-9-2019-q4-major/bin/../lib/gcc/arm-none-eabi/9.2.1/../../../../arm-none-eabi/lib/libg.a(lib_a-vfiprintf.o)
 .text          0x0000000060009bb4        0x0 /home/mustafa/opt/gcc-arm-none-eabi-9-2019-q4-major/bin/../lib/gcc/arm-none-eabi/9.2.1/../../../../arm-none-eabi/lib/libg.a(lib_a-wbuf.o)
 .text          0x0000000060009bb4        0x0 /home/mustafa/opt/gcc-arm-none-eabi-9-2019-q4-major/bin/../lib/gcc/arm-none-eabi/9.2.1/../../../../arm-none-eabi/lib/libg.a(lib_a-writer.o)
 .text          0x0000000060009bb4        0x0 /home/mustafa/opt/gcc-arm-none-eabi-9-2019-q4-major/bin/../lib/gcc/arm-none-eabi/9.2.1/../../../../arm-none-eabi/lib/libg.a(lib_a-__atexit.o)
 .text          0x0000000060009bb4        0x0 /home/mustafa/opt/gcc-arm-none-eabi-9-2019-q4-major/bin/../lib/gcc/arm-none-eabi/9.2.1/../../../../arm-none-eabi/lib/libg.a(lib_a-callocr.o)
 .text          0x0000000060009bb4        0x0 /home/mustafa/opt/gcc-arm-none-eabi-9-2019-q4-major/bin/../lib/gcc/arm-none-eabi/9.2.1/../../../../arm-none-eabi/lib/libg.a(lib_a-closer.o)
 .text          0x0000000060009bb4        0x0 /home/mustafa/opt/gcc-arm-none-eabi-9-2019-q4-major/bin/../lib/gcc/arm-none-eabi/9.2.1/../../../../arm-none-eabi/lib/libg.a(lib_a-fclose.o)
 .text          0x0000000060009bb4        0x0 /home/mustafa/opt/gcc-arm-none-eabi-9-2019-q4-major/bin/../lib/gcc/arm-none-eabi/9.2.1/../../../../arm-none-eabi/lib/libg.a(lib_a-fputwc.o)
 .text          0x0000000060009bb4        0x0 /home/mustafa/opt/gcc-arm-none-eabi-9-2019-q4-major/bin/../lib/gcc/arm-none-eabi/9.2.1/../../../../arm-none-eabi/lib/libg.a(lib_a-fstatr.o)
 .text          0x0000000060009bb4        0x0 /home/mustafa/opt/gcc-arm-none-eabi-9-2019-q4-major/bin/../lib/gcc/arm-none-eabi/9.2.1/../../../../arm-none-eabi/lib/libg.a(lib_a-isattyr.o)
 .text          0x0000000060009bb4        0x0 /home/mustafa/opt/gcc-arm-none-eabi-9-2019-q4-major/bin/../lib/gcc/arm-none-eabi/9.2.1/../../../../arm-none-eabi/lib/libg.a(lib_a-locale.o)
 .text          0x0000000060009bb4        0x0 /home/mustafa/opt/gcc-arm-none-eabi-9-2019-q4-major/bin/../lib/gcc/arm-none-eabi/9.2.1/../../../../arm-none-eabi/lib/libg.a(lib_a-lseekr.o)
 .text          0x0000000060009bb4        0x0 /home/mustafa/opt/gcc-arm-none-eabi-9-2019-q4-major/bin/../lib/gcc/arm-none-eabi/9.2.1/../../../../arm-none-eabi/lib/libg.a(lib_a-mbtowc_r.o)
 .text          0x0000000060009bb4        0x0 /home/mustafa/opt/gcc-arm-none-eabi-9-2019-q4-major/bin/../lib/gcc/arm-none-eabi/9.2.1/../../../../arm-none-eabi/lib/libg.a(lib_a-readr.o)
 .text          0x0000000060009bb4      0x224 /home/mustafa/opt/gcc-arm-none-eabi-9-2019-q4-major/bin/../lib/gcc/arm-none-eabi/9.2.1/../../../../arm-none-eabi/lib/libg.a(lib_a-strcmp.o)
                0x0000000060009bb4                strcmp
 .text          0x0000000060009dd8        0x0 /home/mustafa/opt/gcc-arm-none-eabi-9-2019-q4-major/bin/../lib/gcc/arm-none-eabi/9.2.1/../../../../arm-none-eabi/lib/libg.a(lib_a-wcrtomb.o)
 .text          0x0000000060009dd8        0x0 /home/mustafa/opt/gcc-arm-none-eabi-9-2019-q4-major/bin/../lib/gcc/arm-none-eabi/9.2.1/../../../../arm-none-eabi/lib/libg.a(lib_a-wctomb_r.o)
 .text          0x0000000060009dd8        0x0 /home/mustafa/opt/gcc-arm-none-eabi-9-2019-q4-major/bin/../lib/gcc/arm-none-eabi/9.2.1/../../../../arm-none-eabi/lib/libg.a(lib_a-ctype_.o)
 .text          0x0000000060009dd8      0x290 /home/mustafa/opt/gcc-arm-none-eabi-9-2019-q4-major/bin/../lib/gcc/arm-none-eabi/9.2.1/libgcc.a(_arm_muldf3.o)
 .text          0x000000006000a068      0x114 /home/mustafa/opt/gcc-arm-none-eabi-9-2019-q4-major/bin/../lib/gcc/arm-none-eabi/9.2.1/libgcc.a(_udivsi3.o)
                0x000000006000a068                __udivsi3
                0x000000006000a068                __aeabi_uidiv
                0x000000006000a15c                __aeabi_uidivmod
 .text          0x000000006000a17c      0x148 /home/mustafa/opt/gcc-arm-none-eabi-9-2019-q4-major/bin/../lib/gcc/arm-none-eabi/9.2.1/libgcc.a(_divsi3.o)
                0x000000006000a17c                __aeabi_idiv
                0x000000006000a17c                __divsi3
                0x000000006000a2a4                __aeabi_idivmod
 .text          0x000000006000a2c4        0x4 /home/mustafa/opt/gcc-arm-none-eabi-9-2019-q4-major/bin/../lib/gcc/arm-none-eabi/9.2.1/libgcc.a(_dvmd_tls.o)
                0x000000006000a2c4                __aeabi_ldiv0
                0x000000006000a2c4                __aeabi_idiv0
 .text          0x000000006000a2c8      0x424 /home/mustafa/opt/gcc-arm-none-eabi-9-2019-q4-major/bin/../lib/gcc/arm-none-eabi/9.2.1/libgcc.a(_arm_addsubdf3.o)
                0x000000006000a2c8                __aeabi_drsub
                0x000000006000a2d0                __aeabi_dsub
                0x000000006000a2d0                __subdf3
                0x000000006000a2d4                __adddf3
                0x000000006000a2d4                __aeabi_dadd
                0x000000006000a5e4                __aeabi_ui2d
                0x000000006000a5e4                __floatunsidf
                0x000000006000a608                __floatsidf
                0x000000006000a608                __aeabi_i2d
                0x000000006000a630                __extendsfdf2
                0x000000006000a630                __aeabi_f2d
                0x000000006000a678                __aeabi_ul2d
                0x000000006000a678                __floatundidf
                0x000000006000a68c                __floatdidf
                0x000000006000a68c                __aeabi_l2d
 .text          0x000000006000a6ec      0x49c /home/mustafa/opt/gcc-arm-none-eabi-9-2019-q4-major/bin/../lib/gcc/arm-none-eabi/9.2.1/libgcc.a(_arm_muldivdf3.o)
                0x000000006000a6ec                __aeabi_dmul
                0x000000006000a6ec                __muldf3
                0x000000006000a97c                __aeabi_ddiv
                0x000000006000a97c                __divdf3
 .text          0x000000006000ab88      0x144 /home/mustafa/opt/gcc-arm-none-eabi-9-2019-q4-major/bin/../lib/gcc/arm-none-eabi/9.2.1/libgcc.a(_arm_cmpdf2.o)
                0x000000006000ab88                __gtdf2
                0x000000006000ab88                __gedf2
                0x000000006000ab90                __ltdf2
                0x000000006000ab90                __ledf2
                0x000000006000ab98                __cmpdf2
                0x000000006000ab98                __eqdf2
                0x000000006000ab98                __nedf2
                0x000000006000ac20                __aeabi_cdrcmple
                0x000000006000ac3c                __aeabi_cdcmple
                0x000000006000ac3c                __aeabi_cdcmpeq
                0x000000006000ac54                __aeabi_dcmpeq
                0x000000006000ac6c                __aeabi_dcmplt
                0x000000006000ac84                __aeabi_dcmple
                0x000000006000ac9c                __aeabi_dcmpge
                0x000000006000acb4                __aeabi_dcmpgt
 .text          0x000000006000accc       0x38 /home/mustafa/opt/gcc-arm-none-eabi-9-2019-q4-major/bin/../lib/gcc/arm-none-eabi/9.2.1/libgcc.a(_arm_unorddf2.o)
                0x000000006000accc                __aeabi_dcmpun
                0x000000006000accc                __unorddf2
 .text          0x000000006000ad04       0x5c /home/mustafa/opt/gcc-arm-none-eabi-9-2019-q4-major/bin/../lib/gcc/arm-none-eabi/9.2.1/libgcc.a(_arm_fixdfsi.o)
                0x000000006000ad04                __fixdfsi
                0x000000006000ad04                __aeabi_d2iz
 .text          0x000000006000ad60       0x3c /home/mustafa/opt/gcc-arm-none-eabi-9-2019-q4-major/bin/../lib/gcc/arm-none-eabi/9.2.1/libgcc.a(_aeabi_uldivmod.o)
                0x000000006000ad60                __aeabi_uldivmod
 .text          0x000000006000ad9c      0x130 /home/mustafa/opt/gcc-arm-none-eabi-9-2019-q4-major/bin/../lib/gcc/arm-none-eabi/9.2.1/libgcc.a(_udivmoddi4.o)
                0x000000006000ad9c                __udivmoddi4
 .text          0x000000006000aecc       0x28 /home/mustafa/opt/gcc-arm-none-eabi-9-2019-q4-major/bin/../lib/gcc/arm-none-eabi/9.2.1/libgcc.a(_clzdi2.o)
                0x000000006000aecc                __clzdi2
 .text          0x000000006000aef4       0x48 /home/mustafa/opt/gcc-arm-none-eabi-9-2019-q4-major/bin/../lib/gcc/arm-none-eabi/9.2.1/libgcc.a(_clzsi2.o)
                0x000000006000aef4                __clzsi2
 *(.text*)
 .text.__errno  0x000000006000af3c       0x10 /home/mustafa/opt/gcc-arm-none-eabi-9-2019-q4-major/bin/../lib/gcc/arm-none-eabi/9.2.1/../../../../arm-none-eabi/lib/libg.a(lib_a-errno.o)
                0x000000006000af3c                __errno
 .text.exit     0x000000006000af4c       0x34 /home/mustafa/opt/gcc-arm-none-eabi-9-2019-q4-major/bin/../lib/gcc/arm-none-eabi/9.2.1/../../../../arm-none-eabi/lib/libg.a(lib_a-exit.o)
                0x000000006000af4c                exit
 .text.malloc   0x000000006000af80       0x20 /home/mustafa/opt/gcc-arm-none-eabi-9-2019-q4-major/bin/../lib/gcc/arm-none-eabi/9.2.1/../../../../arm-none-eabi/lib/libg.a(lib_a-malloc.o)
                0x000000006000af80                malloc
 .text.free     0x000000006000afa0       0x20 /home/mustafa/opt/gcc-arm-none-eabi-9-2019-q4-major/bin/../lib/gcc/arm-none-eabi/9.2.1/../../../../arm-none-eabi/lib/libg.a(lib_a-malloc.o)
                0x000000006000afa0                free
 .text._malloc_r
                0x000000006000afc0      0x7d4 /home/mustafa/opt/gcc-arm-none-eabi-9-2019-q4-major/bin/../lib/gcc/arm-none-eabi/9.2.1/../../../../arm-none-eabi/lib/libg.a(lib_a-mallocr.o)
                0x000000006000afc0                _malloc_r
 .text.__malloc_lock
                0x000000006000b794       0x18 /home/mustafa/opt/gcc-arm-none-eabi-9-2019-q4-major/bin/../lib/gcc/arm-none-eabi/9.2.1/../../../../arm-none-eabi/lib/libg.a(lib_a-mlock.o)
                0x000000006000b794                __malloc_lock
 .text.__malloc_unlock
                0x000000006000b7ac       0x18 /home/mustafa/opt/gcc-arm-none-eabi-9-2019-q4-major/bin/../lib/gcc/arm-none-eabi/9.2.1/../../../../arm-none-eabi/lib/libg.a(lib_a-mlock.o)
                0x000000006000b7ac                __malloc_unlock
 .text._printf_r
                0x000000006000b7c4       0x30 /home/mustafa/opt/gcc-arm-none-eabi-9-2019-q4-major/bin/../lib/gcc/arm-none-eabi/9.2.1/../../../../arm-none-eabi/lib/libg.a(lib_a-printf.o)
                0x000000006000b7c4                _printf_r
 .text.printf   0x000000006000b7f4       0x3c /home/mustafa/opt/gcc-arm-none-eabi-9-2019-q4-major/bin/../lib/gcc/arm-none-eabi/9.2.1/../../../../arm-none-eabi/lib/libg.a(lib_a-printf.o)
                0x000000006000b7f4                printf
 .text._putchar_r
                0x000000006000b830       0x14 /home/mustafa/opt/gcc-arm-none-eabi-9-2019-q4-major/bin/../lib/gcc/arm-none-eabi/9.2.1/../../../../arm-none-eabi/lib/libg.a(lib_a-putchar.o)
                0x000000006000b830                _putchar_r
 .text.putchar  0x000000006000b844       0x24 /home/mustafa/opt/gcc-arm-none-eabi-9-2019-q4-major/bin/../lib/gcc/arm-none-eabi/9.2.1/../../../../arm-none-eabi/lib/libg.a(lib_a-putchar.o)
                0x000000006000b844                putchar
 .text._puts_r  0x000000006000b868      0x114 /home/mustafa/opt/gcc-arm-none-eabi-9-2019-q4-major/bin/../lib/gcc/arm-none-eabi/9.2.1/../../../../arm-none-eabi/lib/libg.a(lib_a-puts.o)
                0x000000006000b868                _puts_r
 .text.puts     0x000000006000b97c       0x14 /home/mustafa/opt/gcc-arm-none-eabi-9-2019-q4-major/bin/../lib/gcc/arm-none-eabi/9.2.1/../../../../arm-none-eabi/lib/libg.a(lib_a-puts.o)
                0x000000006000b97c                puts
 .text._sbrk_r  0x000000006000b990       0x44 /home/mustafa/opt/gcc-arm-none-eabi-9-2019-q4-major/bin/../lib/gcc/arm-none-eabi/9.2.1/../../../../arm-none-eabi/lib/libg.a(lib_a-sbrkr.o)
                0x000000006000b990                _sbrk_r
 .text.strlen   0x000000006000b9d4       0x60 /home/mustafa/opt/gcc-arm-none-eabi-9-2019-q4-major/bin/../lib/gcc/arm-none-eabi/9.2.1/../../../../arm-none-eabi/lib/libg.a(lib_a-strlen-stub.o)
                0x000000006000b9d4                strlen
 .text._vfprintf_r
                0x000000006000ba34     0x2918 /home/mustafa/opt/gcc-arm-none-eabi-9-2019-q4-major/bin/../lib/gcc/arm-none-eabi/9.2.1/../../../../arm-none-eabi/lib/libg.a(lib_a-vfprintf.o)
                0x000000006000ba34                _vfprintf_r
 .text.vfprintf
                0x000000006000e34c       0x28 /home/mustafa/opt/gcc-arm-none-eabi-9-2019-q4-major/bin/../lib/gcc/arm-none-eabi/9.2.1/../../../../arm-none-eabi/lib/libg.a(lib_a-vfprintf.o)
                0x000000006000e34c                vfprintf
 .text.__sbprintf
                0x000000006000e374       0xd4 /home/mustafa/opt/gcc-arm-none-eabi-9-2019-q4-major/bin/../lib/gcc/arm-none-eabi/9.2.1/../../../../arm-none-eabi/lib/libg.a(lib_a-vfprintf.o)
 .text.__swsetup_r
                0x000000006000e448      0x170 /home/mustafa/opt/gcc-arm-none-eabi-9-2019-q4-major/bin/../lib/gcc/arm-none-eabi/9.2.1/../../../../arm-none-eabi/lib/libg.a(lib_a-wsetup.o)
                0x000000006000e448                __swsetup_r
 .text.startup.register_fini
                0x000000006000e5b8       0x28 /home/mustafa/opt/gcc-arm-none-eabi-9-2019-q4-major/bin/../lib/gcc/arm-none-eabi/9.2.1/../../../../arm-none-eabi/lib/libg.a(lib_a-__call_atexit.o)
 .text.__call_exitprocs
                0x000000006000e5e0      0x138 /home/mustafa/opt/gcc-arm-none-eabi-9-2019-q4-major/bin/../lib/gcc/arm-none-eabi/9.2.1/../../../../arm-none-eabi/lib/libg.a(lib_a-__call_atexit.o)
                0x000000006000e5e0                __call_exitprocs
 .text.atexit   0x000000006000e718       0x20 /home/mustafa/opt/gcc-arm-none-eabi-9-2019-q4-major/bin/../lib/gcc/arm-none-eabi/9.2.1/../../../../arm-none-eabi/lib/libg.a(lib_a-atexit.o)
                0x000000006000e718                atexit
 .text.quorem   0x000000006000e738      0x1c0 /home/mustafa/opt/gcc-arm-none-eabi-9-2019-q4-major/bin/../lib/gcc/arm-none-eabi/9.2.1/../../../../arm-none-eabi/lib/libg.a(lib_a-dtoa.o)
 .text._dtoa_r  0x000000006000e8f8     0x16d4 /home/mustafa/opt/gcc-arm-none-eabi-9-2019-q4-major/bin/../lib/gcc/arm-none-eabi/9.2.1/../../../../arm-none-eabi/lib/libg.a(lib_a-dtoa.o)
                0x000000006000e8f8                _dtoa_r
 .text.__sflush_r
                0x000000006000ffcc      0x248 /home/mustafa/opt/gcc-arm-none-eabi-9-2019-q4-major/bin/../lib/gcc/arm-none-eabi/9.2.1/../../../../arm-none-eabi/lib/libg.a(lib_a-fflush.o)
                0x000000006000ffcc                __sflush_r
 .text._fflush_r
                0x0000000060010214       0x9c /home/mustafa/opt/gcc-arm-none-eabi-9-2019-q4-major/bin/../lib/gcc/arm-none-eabi/9.2.1/../../../../arm-none-eabi/lib/libg.a(lib_a-fflush.o)
                0x0000000060010214                _fflush_r
 .text.fflush   0x00000000600102b0       0x38 /home/mustafa/opt/gcc-arm-none-eabi-9-2019-q4-major/bin/../lib/gcc/arm-none-eabi/9.2.1/../../../../arm-none-eabi/lib/libg.a(lib_a-fflush.o)
                0x00000000600102b0                fflush
 .text.std      0x00000000600102e8       0x84 /home/mustafa/opt/gcc-arm-none-eabi-9-2019-q4-major/bin/../lib/gcc/arm-none-eabi/9.2.1/../../../../arm-none-eabi/lib/libg.a(lib_a-findfp.o)
 .text._cleanup_r
                0x000000006001036c       0x18 /home/mustafa/opt/gcc-arm-none-eabi-9-2019-q4-major/bin/../lib/gcc/arm-none-eabi/9.2.1/../../../../arm-none-eabi/lib/libg.a(lib_a-findfp.o)
                0x000000006001036c                _cleanup_r
 .text.__fp_lock
                0x0000000060010384       0x38 /home/mustafa/opt/gcc-arm-none-eabi-9-2019-q4-major/bin/../lib/gcc/arm-none-eabi/9.2.1/../../../../arm-none-eabi/lib/libg.a(lib_a-findfp.o)
 .text.__fp_unlock
                0x00000000600103bc       0x38 /home/mustafa/opt/gcc-arm-none-eabi-9-2019-q4-major/bin/../lib/gcc/arm-none-eabi/9.2.1/../../../../arm-none-eabi/lib/libg.a(lib_a-findfp.o)
 .text.__sfmoreglue
                0x00000000600103f4       0x50 /home/mustafa/opt/gcc-arm-none-eabi-9-2019-q4-major/bin/../lib/gcc/arm-none-eabi/9.2.1/../../../../arm-none-eabi/lib/libg.a(lib_a-findfp.o)
                0x00000000600103f4                __sfmoreglue
 .text._cleanup
                0x0000000060010444       0x24 /home/mustafa/opt/gcc-arm-none-eabi-9-2019-q4-major/bin/../lib/gcc/arm-none-eabi/9.2.1/../../../../arm-none-eabi/lib/libg.a(lib_a-findfp.o)
                0x0000000060010444                _cleanup
 .text.__sinit  0x0000000060010468       0x94 /home/mustafa/opt/gcc-arm-none-eabi-9-2019-q4-major/bin/../lib/gcc/arm-none-eabi/9.2.1/../../../../arm-none-eabi/lib/libg.a(lib_a-findfp.o)
                0x0000000060010468                __sinit
 .text.__sfp    0x00000000600104fc      0x114 /home/mustafa/opt/gcc-arm-none-eabi-9-2019-q4-major/bin/../lib/gcc/arm-none-eabi/9.2.1/../../../../arm-none-eabi/lib/libg.a(lib_a-findfp.o)
                0x00000000600104fc                __sfp
 .text.__sfp_lock_acquire
                0x0000000060010610       0x18 /home/mustafa/opt/gcc-arm-none-eabi-9-2019-q4-major/bin/../lib/gcc/arm-none-eabi/9.2.1/../../../../arm-none-eabi/lib/libg.a(lib_a-findfp.o)
                0x0000000060010610                __sfp_lock_acquire
 .text.__sfp_lock_release
                0x0000000060010628       0x18 /home/mustafa/opt/gcc-arm-none-eabi-9-2019-q4-major/bin/../lib/gcc/arm-none-eabi/9.2.1/../../../../arm-none-eabi/lib/libg.a(lib_a-findfp.o)
                0x0000000060010628                __sfp_lock_release
 .text.__sinit_lock_acquire
                0x0000000060010640       0x18 /home/mustafa/opt/gcc-arm-none-eabi-9-2019-q4-major/bin/../lib/gcc/arm-none-eabi/9.2.1/../../../../arm-none-eabi/lib/libg.a(lib_a-findfp.o)
                0x0000000060010640                __sinit_lock_acquire
 .text.__sinit_lock_release
                0x0000000060010658       0x18 /home/mustafa/opt/gcc-arm-none-eabi-9-2019-q4-major/bin/../lib/gcc/arm-none-eabi/9.2.1/../../../../arm-none-eabi/lib/libg.a(lib_a-findfp.o)
                0x0000000060010658                __sinit_lock_release
 .text.__fp_lock_all
                0x0000000060010670       0x30 /home/mustafa/opt/gcc-arm-none-eabi-9-2019-q4-major/bin/../lib/gcc/arm-none-eabi/9.2.1/../../../../arm-none-eabi/lib/libg.a(lib_a-findfp.o)
                0x0000000060010670                __fp_lock_all
 .text.__fp_unlock_all
                0x00000000600106a0       0x30 /home/mustafa/opt/gcc-arm-none-eabi-9-2019-q4-major/bin/../lib/gcc/arm-none-eabi/9.2.1/../../../../arm-none-eabi/lib/libg.a(lib_a-findfp.o)
                0x00000000600106a0                __fp_unlock_all
 .text.__libc_fini_array
                0x00000000600106d0       0x44 /home/mustafa/opt/gcc-arm-none-eabi-9-2019-q4-major/bin/../lib/gcc/arm-none-eabi/9.2.1/../../../../arm-none-eabi/lib/libg.a(lib_a-fini.o)
                0x00000000600106d0                __libc_fini_array
 .text._malloc_trim_r
                0x0000000060010714      0x100 /home/mustafa/opt/gcc-arm-none-eabi-9-2019-q4-major/bin/../lib/gcc/arm-none-eabi/9.2.1/../../../../arm-none-eabi/lib/libg.a(lib_a-freer.o)
                0x0000000060010714                _malloc_trim_r
 .text._free_r  0x0000000060010814      0x2ec /home/mustafa/opt/gcc-arm-none-eabi-9-2019-q4-major/bin/../lib/gcc/arm-none-eabi/9.2.1/../../../../arm-none-eabi/lib/libg.a(lib_a-freer.o)
                0x0000000060010814                _free_r
 .text.__sfvwrite_r
                0x0000000060010b00      0x4bc /home/mustafa/opt/gcc-arm-none-eabi-9-2019-q4-major/bin/../lib/gcc/arm-none-eabi/9.2.1/../../../../arm-none-eabi/lib/libg.a(lib_a-fvwrite.o)
                0x0000000060010b00                __sfvwrite_r
 .text._fwalk   0x0000000060010fbc       0x70 /home/mustafa/opt/gcc-arm-none-eabi-9-2019-q4-major/bin/../lib/gcc/arm-none-eabi/9.2.1/../../../../arm-none-eabi/lib/libg.a(lib_a-fwalk.o)
                0x0000000060010fbc                _fwalk
 .text._fwalk_reent
                0x000000006001102c       0x78 /home/mustafa/opt/gcc-arm-none-eabi-9-2019-q4-major/bin/../lib/gcc/arm-none-eabi/9.2.1/../../../../arm-none-eabi/lib/libg.a(lib_a-fwalk.o)
                0x000000006001102c                _fwalk_reent
 .text.__localeconv_l
                0x00000000600110a4        0x8 /home/mustafa/opt/gcc-arm-none-eabi-9-2019-q4-major/bin/../lib/gcc/arm-none-eabi/9.2.1/../../../../arm-none-eabi/lib/libg.a(lib_a-localeconv.o)
                0x00000000600110a4                __localeconv_l
 .text._localeconv_r
                0x00000000600110ac        0xc /home/mustafa/opt/gcc-arm-none-eabi-9-2019-q4-major/bin/../lib/gcc/arm-none-eabi/9.2.1/../../../../arm-none-eabi/lib/libg.a(lib_a-localeconv.o)
                0x00000000600110ac                _localeconv_r
 .text.localeconv
                0x00000000600110b8        0xc /home/mustafa/opt/gcc-arm-none-eabi-9-2019-q4-major/bin/../lib/gcc/arm-none-eabi/9.2.1/../../../../arm-none-eabi/lib/libg.a(lib_a-localeconv.o)
                0x00000000600110b8                localeconv
 .text.__retarget_lock_init
                0x00000000600110c4        0x4 /home/mustafa/opt/gcc-arm-none-eabi-9-2019-q4-major/bin/../lib/gcc/arm-none-eabi/9.2.1/../../../../arm-none-eabi/lib/libg.a(lib_a-lock.o)
                0x00000000600110c4                __retarget_lock_init
 .text.__retarget_lock_init_recursive
                0x00000000600110c8        0x4 /home/mustafa/opt/gcc-arm-none-eabi-9-2019-q4-major/bin/../lib/gcc/arm-none-eabi/9.2.1/../../../../arm-none-eabi/lib/libg.a(lib_a-lock.o)
                0x00000000600110c8                __retarget_lock_init_recursive
 .text.__retarget_lock_close
                0x00000000600110cc        0x4 /home/mustafa/opt/gcc-arm-none-eabi-9-2019-q4-major/bin/../lib/gcc/arm-none-eabi/9.2.1/../../../../arm-none-eabi/lib/libg.a(lib_a-lock.o)
                0x00000000600110cc                __retarget_lock_close
 .text.__retarget_lock_close_recursive
                0x00000000600110d0        0x4 /home/mustafa/opt/gcc-arm-none-eabi-9-2019-q4-major/bin/../lib/gcc/arm-none-eabi/9.2.1/../../../../arm-none-eabi/lib/libg.a(lib_a-lock.o)
                0x00000000600110d0                __retarget_lock_close_recursive
 .text.__retarget_lock_acquire
                0x00000000600110d4        0x4 /home/mustafa/opt/gcc-arm-none-eabi-9-2019-q4-major/bin/../lib/gcc/arm-none-eabi/9.2.1/../../../../arm-none-eabi/lib/libg.a(lib_a-lock.o)
                0x00000000600110d4                __retarget_lock_acquire
 .text.__retarget_lock_acquire_recursive
                0x00000000600110d8        0x4 /home/mustafa/opt/gcc-arm-none-eabi-9-2019-q4-major/bin/../lib/gcc/arm-none-eabi/9.2.1/../../../../arm-none-eabi/lib/libg.a(lib_a-lock.o)
                0x00000000600110d8                __retarget_lock_acquire_recursive
 .text.__retarget_lock_try_acquire
                0x00000000600110dc        0x8 /home/mustafa/opt/gcc-arm-none-eabi-9-2019-q4-major/bin/../lib/gcc/arm-none-eabi/9.2.1/../../../../arm-none-eabi/lib/libg.a(lib_a-lock.o)
                0x00000000600110dc                __retarget_lock_try_acquire
 .text.__retarget_lock_try_acquire_recursive
                0x00000000600110e4        0x8 /home/mustafa/opt/gcc-arm-none-eabi-9-2019-q4-major/bin/../lib/gcc/arm-none-eabi/9.2.1/../../../../arm-none-eabi/lib/libg.a(lib_a-lock.o)
                0x00000000600110e4                __retarget_lock_try_acquire_recursive
 .text.__retarget_lock_release
                0x00000000600110ec        0x4 /home/mustafa/opt/gcc-arm-none-eabi-9-2019-q4-major/bin/../lib/gcc/arm-none-eabi/9.2.1/../../../../arm-none-eabi/lib/libg.a(lib_a-lock.o)
                0x00000000600110ec                __retarget_lock_release
 .text.__retarget_lock_release_recursive
                0x00000000600110f0        0x4 /home/mustafa/opt/gcc-arm-none-eabi-9-2019-q4-major/bin/../lib/gcc/arm-none-eabi/9.2.1/../../../../arm-none-eabi/lib/libg.a(lib_a-lock.o)
                0x00000000600110f0                __retarget_lock_release_recursive
 .text.__swhatbuf_r
                0x00000000600110f4       0xa0 /home/mustafa/opt/gcc-arm-none-eabi-9-2019-q4-major/bin/../lib/gcc/arm-none-eabi/9.2.1/../../../../arm-none-eabi/lib/libg.a(lib_a-makebuf.o)
                0x00000000600110f4                __swhatbuf_r
 .text.__smakebuf_r
                0x0000000060011194      0x100 /home/mustafa/opt/gcc-arm-none-eabi-9-2019-q4-major/bin/../lib/gcc/arm-none-eabi/9.2.1/../../../../arm-none-eabi/lib/libg.a(lib_a-makebuf.o)
                0x0000000060011194                __smakebuf_r
 .text.memchr   0x0000000060011294       0xf8 /home/mustafa/opt/gcc-arm-none-eabi-9-2019-q4-major/bin/../lib/gcc/arm-none-eabi/9.2.1/../../../../arm-none-eabi/lib/libg.a(lib_a-memchr-stub.o)
                0x0000000060011294                memchr
 .text.memcpy   0x000000006001138c      0x124 /home/mustafa/opt/gcc-arm-none-eabi-9-2019-q4-major/bin/../lib/gcc/arm-none-eabi/9.2.1/../../../../arm-none-eabi/lib/libg.a(lib_a-memcpy-stub.o)
                0x000000006001138c                memcpy
 .text.memmove  0x00000000600114b0      0x158 /home/mustafa/opt/gcc-arm-none-eabi-9-2019-q4-major/bin/../lib/gcc/arm-none-eabi/9.2.1/../../../../arm-none-eabi/lib/libg.a(lib_a-memmove.o)
                0x00000000600114b0                memmove
 .text.memset   0x0000000060011608      0x11c /home/mustafa/opt/gcc-arm-none-eabi-9-2019-q4-major/bin/../lib/gcc/arm-none-eabi/9.2.1/../../../../arm-none-eabi/lib/libg.a(lib_a-memset.o)
                0x0000000060011608                memset
 .text._Balloc  0x0000000060011724       0x8c /home/mustafa/opt/gcc-arm-none-eabi-9-2019-q4-major/bin/../lib/gcc/arm-none-eabi/9.2.1/../../../../arm-none-eabi/lib/libg.a(lib_a-mprec.o)
                0x0000000060011724                _Balloc
 .text._Bfree   0x00000000600117b0       0x1c /home/mustafa/opt/gcc-arm-none-eabi-9-2019-q4-major/bin/../lib/gcc/arm-none-eabi/9.2.1/../../../../arm-none-eabi/lib/libg.a(lib_a-mprec.o)
                0x00000000600117b0                _Bfree
 .text.__multadd
                0x00000000600117cc       0xd0 /home/mustafa/opt/gcc-arm-none-eabi-9-2019-q4-major/bin/../lib/gcc/arm-none-eabi/9.2.1/../../../../arm-none-eabi/lib/libg.a(lib_a-mprec.o)
                0x00000000600117cc                __multadd
 .text.__s2b    0x000000006001189c       0xf0 /home/mustafa/opt/gcc-arm-none-eabi-9-2019-q4-major/bin/../lib/gcc/arm-none-eabi/9.2.1/../../../../arm-none-eabi/lib/libg.a(lib_a-mprec.o)
                0x000000006001189c                __s2b
 .text.__hi0bits
                0x000000006001198c       0x58 /home/mustafa/opt/gcc-arm-none-eabi-9-2019-q4-major/bin/../lib/gcc/arm-none-eabi/9.2.1/../../../../arm-none-eabi/lib/libg.a(lib_a-mprec.o)
                0x000000006001198c                __hi0bits
 .text.__lo0bits
                0x00000000600119e4       0xa0 /home/mustafa/opt/gcc-arm-none-eabi-9-2019-q4-major/bin/../lib/gcc/arm-none-eabi/9.2.1/../../../../arm-none-eabi/lib/libg.a(lib_a-mprec.o)
                0x00000000600119e4                __lo0bits
 .text.__i2b    0x0000000060011a84       0x24 /home/mustafa/opt/gcc-arm-none-eabi-9-2019-q4-major/bin/../lib/gcc/arm-none-eabi/9.2.1/../../../../arm-none-eabi/lib/libg.a(lib_a-mprec.o)
                0x0000000060011a84                __i2b
 .text.__multiply
                0x0000000060011aa8      0x1f0 /home/mustafa/opt/gcc-arm-none-eabi-9-2019-q4-major/bin/../lib/gcc/arm-none-eabi/9.2.1/../../../../arm-none-eabi/lib/libg.a(lib_a-mprec.o)
                0x0000000060011aa8                __multiply
 .text.__pow5mult
                0x0000000060011c98      0x104 /home/mustafa/opt/gcc-arm-none-eabi-9-2019-q4-major/bin/../lib/gcc/arm-none-eabi/9.2.1/../../../../arm-none-eabi/lib/libg.a(lib_a-mprec.o)
                0x0000000060011c98                __pow5mult
 .text.__lshift
                0x0000000060011d9c      0x118 /home/mustafa/opt/gcc-arm-none-eabi-9-2019-q4-major/bin/../lib/gcc/arm-none-eabi/9.2.1/../../../../arm-none-eabi/lib/libg.a(lib_a-mprec.o)
                0x0000000060011d9c                __lshift
 .text.__mcmp   0x0000000060011eb4       0x60 /home/mustafa/opt/gcc-arm-none-eabi-9-2019-q4-major/bin/../lib/gcc/arm-none-eabi/9.2.1/../../../../arm-none-eabi/lib/libg.a(lib_a-mprec.o)
                0x0000000060011eb4                __mcmp
 .text.__mdiff  0x0000000060011f14      0x1e4 /home/mustafa/opt/gcc-arm-none-eabi-9-2019-q4-major/bin/../lib/gcc/arm-none-eabi/9.2.1/../../../../arm-none-eabi/lib/libg.a(lib_a-mprec.o)
                0x0000000060011f14                __mdiff
 .text.__ulp    0x00000000600120f8       0x64 /home/mustafa/opt/gcc-arm-none-eabi-9-2019-q4-major/bin/../lib/gcc/arm-none-eabi/9.2.1/../../../../arm-none-eabi/lib/libg.a(lib_a-mprec.o)
                0x00000000600120f8                __ulp
 .text.__b2d    0x000000006001215c       0xe0 /home/mustafa/opt/gcc-arm-none-eabi-9-2019-q4-major/bin/../lib/gcc/arm-none-eabi/9.2.1/../../../../arm-none-eabi/lib/libg.a(lib_a-mprec.o)
                0x000000006001215c                __b2d
 .text.__d2b    0x000000006001223c      0x118 /home/mustafa/opt/gcc-arm-none-eabi-9-2019-q4-major/bin/../lib/gcc/arm-none-eabi/9.2.1/../../../../arm-none-eabi/lib/libg.a(lib_a-mprec.o)
                0x000000006001223c                __d2b
 .text.__ratio  0x0000000060012354       0x84 /home/mustafa/opt/gcc-arm-none-eabi-9-2019-q4-major/bin/../lib/gcc/arm-none-eabi/9.2.1/../../../../arm-none-eabi/lib/libg.a(lib_a-mprec.o)
                0x0000000060012354                __ratio
 .text._mprec_log10
                0x00000000600123d8       0x5c /home/mustafa/opt/gcc-arm-none-eabi-9-2019-q4-major/bin/../lib/gcc/arm-none-eabi/9.2.1/../../../../arm-none-eabi/lib/libg.a(lib_a-mprec.o)
                0x00000000600123d8                _mprec_log10
 .text.__copybits
                0x0000000060012434       0x70 /home/mustafa/opt/gcc-arm-none-eabi-9-2019-q4-major/bin/../lib/gcc/arm-none-eabi/9.2.1/../../../../arm-none-eabi/lib/libg.a(lib_a-mprec.o)
                0x0000000060012434                __copybits
 .text.__any_on
                0x00000000600124a4       0x64 /home/mustafa/opt/gcc-arm-none-eabi-9-2019-q4-major/bin/../lib/gcc/arm-none-eabi/9.2.1/../../../../arm-none-eabi/lib/libg.a(lib_a-mprec.o)
                0x00000000600124a4                __any_on
 .text._putc_r  0x0000000060012508       0xe4 /home/mustafa/opt/gcc-arm-none-eabi-9-2019-q4-major/bin/../lib/gcc/arm-none-eabi/9.2.1/../../../../arm-none-eabi/lib/libg.a(lib_a-putc.o)
                0x0000000060012508                _putc_r
 .text.putc     0x00000000600125ec       0xf4 /home/mustafa/opt/gcc-arm-none-eabi-9-2019-q4-major/bin/../lib/gcc/arm-none-eabi/9.2.1/../../../../arm-none-eabi/lib/libg.a(lib_a-putc.o)
                0x00000000600125ec                putc
 .text._realloc_r
                0x00000000600126e0      0x594 /home/mustafa/opt/gcc-arm-none-eabi-9-2019-q4-major/bin/../lib/gcc/arm-none-eabi/9.2.1/../../../../arm-none-eabi/lib/libg.a(lib_a-reallocr.o)
                0x00000000600126e0                _realloc_r
 .text.cleanup_glue
                0x0000000060012c74       0x2c /home/mustafa/opt/gcc-arm-none-eabi-9-2019-q4-major/bin/../lib/gcc/arm-none-eabi/9.2.1/../../../../arm-none-eabi/lib/libg.a(lib_a-reent.o)
                0x0000000060012c74                cleanup_glue
 .text._reclaim_reent
                0x0000000060012ca0       0xf0 /home/mustafa/opt/gcc-arm-none-eabi-9-2019-q4-major/bin/../lib/gcc/arm-none-eabi/9.2.1/../../../../arm-none-eabi/lib/libg.a(lib_a-reent.o)
                0x0000000060012ca0                _reclaim_reent
 .text.frexp    0x0000000060012d90       0xa4 /home/mustafa/opt/gcc-arm-none-eabi-9-2019-q4-major/bin/../lib/gcc/arm-none-eabi/9.2.1/../../../../arm-none-eabi/lib/libg.a(lib_a-s_frexp.o)
                0x0000000060012d90                frexp
 .text.__sread  0x0000000060012e34       0x34 /home/mustafa/opt/gcc-arm-none-eabi-9-2019-q4-major/bin/../lib/gcc/arm-none-eabi/9.2.1/../../../../arm-none-eabi/lib/libg.a(lib_a-stdio.o)
                0x0000000060012e34                __sread
 .text.__seofread
                0x0000000060012e68        0x8 /home/mustafa/opt/gcc-arm-none-eabi-9-2019-q4-major/bin/../lib/gcc/arm-none-eabi/9.2.1/../../../../arm-none-eabi/lib/libg.a(lib_a-stdio.o)
                0x0000000060012e68                __seofread
 .text.__swrite
                0x0000000060012e70       0x5c /home/mustafa/opt/gcc-arm-none-eabi-9-2019-q4-major/bin/../lib/gcc/arm-none-eabi/9.2.1/../../../../arm-none-eabi/lib/libg.a(lib_a-stdio.o)
                0x0000000060012e70                __swrite
 .text.__sseek  0x0000000060012ecc       0x30 /home/mustafa/opt/gcc-arm-none-eabi-9-2019-q4-major/bin/../lib/gcc/arm-none-eabi/9.2.1/../../../../arm-none-eabi/lib/libg.a(lib_a-stdio.o)
                0x0000000060012ecc                __sseek
 .text.__sclose
                0x0000000060012efc       0x14 /home/mustafa/opt/gcc-arm-none-eabi-9-2019-q4-major/bin/../lib/gcc/arm-none-eabi/9.2.1/../../../../arm-none-eabi/lib/libg.a(lib_a-stdio.o)
                0x0000000060012efc                __sclose
 .text.strncpy  0x0000000060012f10       0xcc /home/mustafa/opt/gcc-arm-none-eabi-9-2019-q4-major/bin/../lib/gcc/arm-none-eabi/9.2.1/../../../../arm-none-eabi/lib/libg.a(lib_a-strncpy.o)
                0x0000000060012f10                strncpy
 .text.__sprint_r.part.0
                0x0000000060012fdc       0xb0 /home/mustafa/opt/gcc-arm-none-eabi-9-2019-q4-major/bin/../lib/gcc/arm-none-eabi/9.2.1/../../../../arm-none-eabi/lib/libg.a(lib_a-vfiprintf.o)
 .text.__sprint_r
                0x000000006001308c       0x18 /home/mustafa/opt/gcc-arm-none-eabi-9-2019-q4-major/bin/../lib/gcc/arm-none-eabi/9.2.1/../../../../arm-none-eabi/lib/libg.a(lib_a-vfiprintf.o)
                0x000000006001308c                __sprint_r
 .text._vfiprintf_r
                0x00000000600130a4     0x13e0 /home/mustafa/opt/gcc-arm-none-eabi-9-2019-q4-major/bin/../lib/gcc/arm-none-eabi/9.2.1/../../../../arm-none-eabi/lib/libg.a(lib_a-vfiprintf.o)
                0x00000000600130a4                _vfiprintf_r
 .text.vfiprintf
                0x0000000060014484       0x28 /home/mustafa/opt/gcc-arm-none-eabi-9-2019-q4-major/bin/../lib/gcc/arm-none-eabi/9.2.1/../../../../arm-none-eabi/lib/libg.a(lib_a-vfiprintf.o)
                0x0000000060014484                vfiprintf
 .text.__sbprintf
                0x00000000600144ac       0xd4 /home/mustafa/opt/gcc-arm-none-eabi-9-2019-q4-major/bin/../lib/gcc/arm-none-eabi/9.2.1/../../../../arm-none-eabi/lib/libg.a(lib_a-vfiprintf.o)
 .text.__swbuf_r
                0x0000000060014580      0x134 /home/mustafa/opt/gcc-arm-none-eabi-9-2019-q4-major/bin/../lib/gcc/arm-none-eabi/9.2.1/../../../../arm-none-eabi/lib/libg.a(lib_a-wbuf.o)
                0x0000000060014580                __swbuf_r
 .text.__swbuf  0x00000000600146b4       0x18 /home/mustafa/opt/gcc-arm-none-eabi-9-2019-q4-major/bin/../lib/gcc/arm-none-eabi/9.2.1/../../../../arm-none-eabi/lib/libg.a(lib_a-wbuf.o)
                0x00000000600146b4                __swbuf
 .text._write_r
                0x00000000600146cc       0x4c /home/mustafa/opt/gcc-arm-none-eabi-9-2019-q4-major/bin/../lib/gcc/arm-none-eabi/9.2.1/../../../../arm-none-eabi/lib/libg.a(lib_a-writer.o)
                0x00000000600146cc                _write_r
 .text.__register_exitproc
                0x0000000060014718       0xbc /home/mustafa/opt/gcc-arm-none-eabi-9-2019-q4-major/bin/../lib/gcc/arm-none-eabi/9.2.1/../../../../arm-none-eabi/lib/libg.a(lib_a-__atexit.o)
                0x0000000060014718                __register_exitproc
 .text._calloc_r
                0x00000000600147d4       0x9c /home/mustafa/opt/gcc-arm-none-eabi-9-2019-q4-major/bin/../lib/gcc/arm-none-eabi/9.2.1/../../../../arm-none-eabi/lib/libg.a(lib_a-callocr.o)
                0x00000000600147d4                _calloc_r
 .text._close_r
                0x0000000060014870       0x3c /home/mustafa/opt/gcc-arm-none-eabi-9-2019-q4-major/bin/../lib/gcc/arm-none-eabi/9.2.1/../../../../arm-none-eabi/lib/libg.a(lib_a-closer.o)
                0x0000000060014870                _close_r
 .text._fclose_r
                0x00000000600148ac      0x16c /home/mustafa/opt/gcc-arm-none-eabi-9-2019-q4-major/bin/../lib/gcc/arm-none-eabi/9.2.1/../../../../arm-none-eabi/lib/libg.a(lib_a-fclose.o)
                0x00000000600148ac                _fclose_r
 .text.fclose   0x0000000060014a18       0x14 /home/mustafa/opt/gcc-arm-none-eabi-9-2019-q4-major/bin/../lib/gcc/arm-none-eabi/9.2.1/../../../../arm-none-eabi/lib/libg.a(lib_a-fclose.o)
                0x0000000060014a18                fclose
 .text.__fputwc
                0x0000000060014a2c      0x114 /home/mustafa/opt/gcc-arm-none-eabi-9-2019-q4-major/bin/../lib/gcc/arm-none-eabi/9.2.1/../../../../arm-none-eabi/lib/libg.a(lib_a-fputwc.o)
                0x0000000060014a2c                __fputwc
 .text._fputwc_r
                0x0000000060014b40       0xc0 /home/mustafa/opt/gcc-arm-none-eabi-9-2019-q4-major/bin/../lib/gcc/arm-none-eabi/9.2.1/../../../../arm-none-eabi/lib/libg.a(lib_a-fputwc.o)
                0x0000000060014b40                _fputwc_r
 .text.fputwc   0x0000000060014c00       0x4c /home/mustafa/opt/gcc-arm-none-eabi-9-2019-q4-major/bin/../lib/gcc/arm-none-eabi/9.2.1/../../../../arm-none-eabi/lib/libg.a(lib_a-fputwc.o)
                0x0000000060014c00                fputwc
 .text._fstat_r
                0x0000000060014c4c       0x44 /home/mustafa/opt/gcc-arm-none-eabi-9-2019-q4-major/bin/../lib/gcc/arm-none-eabi/9.2.1/../../../../arm-none-eabi/lib/libg.a(lib_a-fstatr.o)
                0x0000000060014c4c                _fstat_r
 .text._isatty_r
                0x0000000060014c90       0x3c /home/mustafa/opt/gcc-arm-none-eabi-9-2019-q4-major/bin/../lib/gcc/arm-none-eabi/9.2.1/../../../../arm-none-eabi/lib/libg.a(lib_a-isattyr.o)
                0x0000000060014c90                _isatty_r
 .text._setlocale_r
                0x0000000060014ccc       0x68 /home/mustafa/opt/gcc-arm-none-eabi-9-2019-q4-major/bin/../lib/gcc/arm-none-eabi/9.2.1/../../../../arm-none-eabi/lib/libg.a(lib_a-locale.o)
                0x0000000060014ccc                _setlocale_r
 .text.__locale_mb_cur_max
                0x0000000060014d34       0x10 /home/mustafa/opt/gcc-arm-none-eabi-9-2019-q4-major/bin/../lib/gcc/arm-none-eabi/9.2.1/../../../../arm-none-eabi/lib/libg.a(lib_a-locale.o)
                0x0000000060014d34                __locale_mb_cur_max
 .text.setlocale
                0x0000000060014d44       0x18 /home/mustafa/opt/gcc-arm-none-eabi-9-2019-q4-major/bin/../lib/gcc/arm-none-eabi/9.2.1/../../../../arm-none-eabi/lib/libg.a(lib_a-locale.o)
                0x0000000060014d44                setlocale
 .text._lseek_r
                0x0000000060014d5c       0x4c /home/mustafa/opt/gcc-arm-none-eabi-9-2019-q4-major/bin/../lib/gcc/arm-none-eabi/9.2.1/../../../../arm-none-eabi/lib/libg.a(lib_a-lseekr.o)
                0x0000000060014d5c                _lseek_r
 .text._mbtowc_r
                0x0000000060014da8       0x1c /home/mustafa/opt/gcc-arm-none-eabi-9-2019-q4-major/bin/../lib/gcc/arm-none-eabi/9.2.1/../../../../arm-none-eabi/lib/libg.a(lib_a-mbtowc_r.o)
                0x0000000060014da8                _mbtowc_r
 .text.__ascii_mbtowc
                0x0000000060014dc4       0x44 /home/mustafa/opt/gcc-arm-none-eabi-9-2019-q4-major/bin/../lib/gcc/arm-none-eabi/9.2.1/../../../../arm-none-eabi/lib/libg.a(lib_a-mbtowc_r.o)
                0x0000000060014dc4                __ascii_mbtowc
 .text._read_r  0x0000000060014e08       0x4c /home/mustafa/opt/gcc-arm-none-eabi-9-2019-q4-major/bin/../lib/gcc/arm-none-eabi/9.2.1/../../../../arm-none-eabi/lib/libg.a(lib_a-readr.o)
                0x0000000060014e08                _read_r
 .text._wcrtomb_r
                0x0000000060014e54       0x58 /home/mustafa/opt/gcc-arm-none-eabi-9-2019-q4-major/bin/../lib/gcc/arm-none-eabi/9.2.1/../../../../arm-none-eabi/lib/libg.a(lib_a-wcrtomb.o)
                0x0000000060014e54                _wcrtomb_r
 .text.wcrtomb  0x0000000060014eac       0x70 /home/mustafa/opt/gcc-arm-none-eabi-9-2019-q4-major/bin/../lib/gcc/arm-none-eabi/9.2.1/../../../../arm-none-eabi/lib/libg.a(lib_a-wcrtomb.o)
                0x0000000060014eac                wcrtomb
 .text._wctomb_r
                0x0000000060014f1c       0x1c /home/mustafa/opt/gcc-arm-none-eabi-9-2019-q4-major/bin/../lib/gcc/arm-none-eabi/9.2.1/../../../../arm-none-eabi/lib/libg.a(lib_a-wctomb_r.o)
                0x0000000060014f1c                _wctomb_r
 .text.__ascii_wctomb
                0x0000000060014f38       0x30 /home/mustafa/opt/gcc-arm-none-eabi-9-2019-q4-major/bin/../lib/gcc/arm-none-eabi/9.2.1/../../../../arm-none-eabi/lib/libg.a(lib_a-wctomb_r.o)
                0x0000000060014f38                __ascii_wctomb
 *(.rodata)
 .rodata        0x0000000060014f68       0x15 obj/sp804.o
                0x0000000060014f68                tregs
 *fill*         0x0000000060014f7d        0x3 
 .rodata        0x0000000060014f80        0x4 obj/pl050.o
                0x0000000060014f80                kmi_kb
 .rodata        0x0000000060014f84       0x39 obj/interrupt.o
 *fill*         0x0000000060014fbd        0x3 
 .rodata        0x0000000060014fc0    0x1b6ea obj/ugui.o
                0x0000000060014fc0                font_6x8
                0x00000000600157c0                font_7x12
                0x00000000600163c0                font_8x8
                0x0000000060016bc0                font_8x12
                0x00000000600177c0                font_8x14
                0x00000000600185c0                font_10x16
                0x000000006001a5c0                font_12x16
                0x000000006001c5c0                font_12x20
                0x000000006001edc0                font_16x26
                0x00000000600221c0                font_22x36
                0x0000000060028dc0                font_24x40
                0x00000000600305c0                FONT_6X8
                0x00000000600305c8                FONT_7X12
                0x00000000600305d0                FONT_8X8
                0x00000000600305d8                FONT_8X12
                0x00000000600305e0                FONT_8X14
                0x00000000600305e8                FONT_10X16
                0x00000000600305f0                FONT_12X16
                0x00000000600305f8                FONT_12X20
                0x0000000060030600                FONT_16X26
                0x0000000060030608                FONT_22X36
                0x0000000060030610                FONT_24X40
                0x0000000060030618                pal_window
                0x0000000060030648                pal_button_pressed
                0x0000000060030678                pal_button_released
 *fill*         0x00000000600306aa        0x2 
 .rodata        0x00000000600306ac       0x89 obj/pl181.o
                0x00000000600306ac                MCI
 *fill*         0x0000000060030735        0x3 
 .rodata        0x0000000060030738        0x8 obj/gic.o
                0x0000000060030738                GICDistributor_BASE
                0x000000006003073c                GICInterface_BASE
 .rodata        0x0000000060030740       0x6d obj/kernel.o
 *fill*         0x00000000600307ad        0x3 
 .rodata        0x00000000600307b0        0x4 obj/pl011.o
                0x00000000600307b0                UART0
 *(.rodata*)
 .rodata._global_impure_ptr
                0x00000000600307b4        0x4 /home/mustafa/opt/gcc-arm-none-eabi-9-2019-q4-major/bin/../lib/gcc/arm-none-eabi/9.2.1/../../../../arm-none-eabi/lib/libg.a(lib_a-impure.o)
                0x00000000600307b4                _global_impure_ptr
 .rodata._puts_r.str1.4
                0x00000000600307b8        0x2 /home/mustafa/opt/gcc-arm-none-eabi-9-2019-q4-major/bin/../lib/gcc/arm-none-eabi/9.2.1/../../../../arm-none-eabi/lib/libg.a(lib_a-puts.o)
 *fill*         0x00000000600307ba        0x2 
 .rodata._vfprintf_r.str1.4
                0x00000000600307bc       0x42 /home/mustafa/opt/gcc-arm-none-eabi-9-2019-q4-major/bin/../lib/gcc/arm-none-eabi/9.2.1/../../../../arm-none-eabi/lib/libg.a(lib_a-vfprintf.o)
 *fill*         0x00000000600307fe        0x2 
 .rodata.blanks.7360
                0x0000000060030800       0x10 /home/mustafa/opt/gcc-arm-none-eabi-9-2019-q4-major/bin/../lib/gcc/arm-none-eabi/9.2.1/../../../../arm-none-eabi/lib/libg.a(lib_a-vfprintf.o)
 .rodata.zeroes.7361
                0x0000000060030810       0x10 /home/mustafa/opt/gcc-arm-none-eabi-9-2019-q4-major/bin/../lib/gcc/arm-none-eabi/9.2.1/../../../../arm-none-eabi/lib/libg.a(lib_a-vfprintf.o)
 .rodata._dtoa_r.str1.4
                0x0000000060030820        0xd /home/mustafa/opt/gcc-arm-none-eabi-9-2019-q4-major/bin/../lib/gcc/arm-none-eabi/9.2.1/../../../../arm-none-eabi/lib/libg.a(lib_a-dtoa.o)
                                         0x12 (size before relaxing)
 *fill*         0x000000006003082d        0x3 
 .rodata.__mprec_bigtens
                0x0000000060030830       0x28 /home/mustafa/opt/gcc-arm-none-eabi-9-2019-q4-major/bin/../lib/gcc/arm-none-eabi/9.2.1/../../../../arm-none-eabi/lib/libg.a(lib_a-mprec.o)
                0x0000000060030830                __mprec_bigtens
 .rodata.__mprec_tens
                0x0000000060030858       0xc8 /home/mustafa/opt/gcc-arm-none-eabi-9-2019-q4-major/bin/../lib/gcc/arm-none-eabi/9.2.1/../../../../arm-none-eabi/lib/libg.a(lib_a-mprec.o)
                0x0000000060030858                __mprec_tens
 .rodata.__mprec_tinytens
                0x0000000060030920       0x28 /home/mustafa/opt/gcc-arm-none-eabi-9-2019-q4-major/bin/../lib/gcc/arm-none-eabi/9.2.1/../../../../arm-none-eabi/lib/libg.a(lib_a-mprec.o)
                0x0000000060030920                __mprec_tinytens
 .rodata.p05.6115
                0x0000000060030948        0xc /home/mustafa/opt/gcc-arm-none-eabi-9-2019-q4-major/bin/../lib/gcc/arm-none-eabi/9.2.1/../../../../arm-none-eabi/lib/libg.a(lib_a-mprec.o)
 .rodata._vfiprintf_r.str1.4
                0x0000000060030954       0x2f /home/mustafa/opt/gcc-arm-none-eabi-9-2019-q4-major/bin/../lib/gcc/arm-none-eabi/9.2.1/../../../../arm-none-eabi/lib/libg.a(lib_a-vfiprintf.o)
 .rodata.blanks.7338
                0x0000000060030954       0x10 /home/mustafa/opt/gcc-arm-none-eabi-9-2019-q4-major/bin/../lib/gcc/arm-none-eabi/9.2.1/../../../../arm-none-eabi/lib/libg.a(lib_a-vfiprintf.o)
 .rodata.zeroes.7339
                0x0000000060030964       0x10 /home/mustafa/opt/gcc-arm-none-eabi-9-2019-q4-major/bin/../lib/gcc/arm-none-eabi/9.2.1/../../../../arm-none-eabi/lib/libg.a(lib_a-vfiprintf.o)
 .rodata._setlocale_r.str1.4
                0x0000000060030974        0xa /home/mustafa/opt/gcc-arm-none-eabi-9-2019-q4-major/bin/../lib/gcc/arm-none-eabi/9.2.1/../../../../arm-none-eabi/lib/libg.a(lib_a-locale.o)
                                          0xd (size before relaxing)
 *fill*         0x000000006003097e        0x2 
 .rodata.str1.4
                0x0000000060030980        0x2 /home/mustafa/opt/gcc-arm-none-eabi-9-2019-q4-major/bin/../lib/gcc/arm-none-eabi/9.2.1/../../../../arm-none-eabi/lib/libg.a(lib_a-locale.o)
 *fill*         0x0000000060030982        0x2 
 .rodata._ctype_
                0x0000000060030984      0x101 /home/mustafa/opt/gcc-arm-none-eabi-9-2019-q4-major/bin/../lib/gcc/arm-none-eabi/9.2.1/../../../../arm-none-eabi/lib/libg.a(lib_a-ctype_.o)
                0x0000000060030984                _ctype_
 *(.init)
 *(.fini)
 *crtbegin.o(.ctors)
 *crtbegin?.o(.ctors)
 *(EXCLUDE_FILE(*crtend.o *crtend?.o) .ctors)
 *(SORT_BY_NAME(.ctors.*))
 *(.ctors)
 *crtbegin.o(.dtors)
 *crtbegin?.o(.dtors)
 *(EXCLUDE_FILE(*crtend.o *crtend?.o) .dtors)
 *(SORT_BY_NAME(.dtors.*))
 *(.dtors)
 *(.eh_frame*)
                0x0000000060030a90                _end_text = .

.glue_7         0x0000000060030a88        0x0
 .glue_7        0x0000000060030a88        0x0 linker stubs

.glue_7t        0x0000000060030a88        0x0
 .glue_7t       0x0000000060030a88        0x0 linker stubs

.vfp11_veneer   0x0000000060030a88        0x0
 .vfp11_veneer  0x0000000060030a88        0x0 linker stubs

.v4_bx          0x0000000060030a88        0x0
 .v4_bx         0x0000000060030a88        0x0 linker stubs

.iplt           0x0000000060030a88        0x0
 .iplt          0x0000000060030a88        0x0 obj/startup.o

.ARM.extab      0x0000000060030a85        0x0
 *(.ARM.extab* .gnu.linkonce.armextab.*)
 .ARM.extab     0x0000000060030a85        0x0 /home/mustafa/opt/gcc-arm-none-eabi-9-2019-q4-major/bin/../lib/gcc/arm-none-eabi/9.2.1/libgcc.a(_udivmoddi4.o)
                0x0000000060030a85                __exidx_start = .

.ARM.exidx      0x0000000060030a88        0x8
 *(.ARM.exidx* .gnu.linkonce.armexidx.*)
 .ARM.exidx     0x0000000060030a88        0x8 /home/mustafa/opt/gcc-arm-none-eabi-9-2019-q4-major/bin/../lib/gcc/arm-none-eabi/9.2.1/libgcc.a(_udivmoddi4.o)
                0x0000000060030a90                __exidx_end = .
                0x0000000060030a90                _end_text = .

.rel.dyn        0x0000000060030a90        0x0
 .rel.iplt      0x0000000060030a90        0x0 obj/startup.o

.data           0x0000000060030a90      0xa34
                0x0000000060030a90                _start_data = .
 *(vtable)
 *(.data)
 .data          0x0000000060030a90        0x0 obj/startup.o
 .data          0x0000000060030a90        0x0 obj/sp804.o
 .data          0x0000000060030a90        0x0 obj/syscall.o
 .data          0x0000000060030a90       0x80 obj/pl050.o
 .data          0x0000000060030b10        0x0 obj/pl111.o
 .data          0x0000000060030b10        0x0 obj/interrupt.o
 .data          0x0000000060030b10        0x0 obj/ugui.o
 .data          0x0000000060030b10        0x0 obj/pl181.o
 .data          0x0000000060030b10        0x0 obj/gic.o
 .data          0x0000000060030b10        0x0 obj/kernel.o
 .data          0x0000000060030b10        0x0 obj/pl011.o
 .data          0x0000000060030b10        0x0 /home/mustafa/opt/gcc-arm-none-eabi-9-2019-q4-major/bin/../lib/gcc/arm-none-eabi/9.2.1/../../../../arm-none-eabi/lib/libg.a(lib_a-errno.o)
 .data          0x0000000060030b10        0x0 /home/mustafa/opt/gcc-arm-none-eabi-9-2019-q4-major/bin/../lib/gcc/arm-none-eabi/9.2.1/../../../../arm-none-eabi/lib/libg.a(lib_a-exit.o)
 .data          0x0000000060030b10        0x0 /home/mustafa/opt/gcc-arm-none-eabi-9-2019-q4-major/bin/../lib/gcc/arm-none-eabi/9.2.1/../../../../arm-none-eabi/lib/libg.a(lib_a-impure.o)
 .data          0x0000000060030b10        0x0 /home/mustafa/opt/gcc-arm-none-eabi-9-2019-q4-major/bin/../lib/gcc/arm-none-eabi/9.2.1/../../../../arm-none-eabi/lib/libg.a(lib_a-malloc.o)
 .data          0x0000000060030b10        0x0 /home/mustafa/opt/gcc-arm-none-eabi-9-2019-q4-major/bin/../lib/gcc/arm-none-eabi/9.2.1/../../../../arm-none-eabi/lib/libg.a(lib_a-mallocr.o)
 .data          0x0000000060030b10        0x0 /home/mustafa/opt/gcc-arm-none-eabi-9-2019-q4-major/bin/../lib/gcc/arm-none-eabi/9.2.1/../../../../arm-none-eabi/lib/libg.a(lib_a-mlock.o)
 .data          0x0000000060030b10        0x0 /home/mustafa/opt/gcc-arm-none-eabi-9-2019-q4-major/bin/../lib/gcc/arm-none-eabi/9.2.1/../../../../arm-none-eabi/lib/libg.a(lib_a-printf.o)
 .data          0x0000000060030b10        0x0 /home/mustafa/opt/gcc-arm-none-eabi-9-2019-q4-major/bin/../lib/gcc/arm-none-eabi/9.2.1/../../../../arm-none-eabi/lib/libg.a(lib_a-putchar.o)
 .data          0x0000000060030b10        0x0 /home/mustafa/opt/gcc-arm-none-eabi-9-2019-q4-major/bin/../lib/gcc/arm-none-eabi/9.2.1/../../../../arm-none-eabi/lib/libg.a(lib_a-puts.o)
 .data          0x0000000060030b10        0x0 /home/mustafa/opt/gcc-arm-none-eabi-9-2019-q4-major/bin/../lib/gcc/arm-none-eabi/9.2.1/../../../../arm-none-eabi/lib/libg.a(lib_a-sbrkr.o)
 .data          0x0000000060030b10        0x0 /home/mustafa/opt/gcc-arm-none-eabi-9-2019-q4-major/bin/../lib/gcc/arm-none-eabi/9.2.1/../../../../arm-none-eabi/lib/libg.a(lib_a-strlen-stub.o)
 .data          0x0000000060030b10        0x0 /home/mustafa/opt/gcc-arm-none-eabi-9-2019-q4-major/bin/../lib/gcc/arm-none-eabi/9.2.1/../../../../arm-none-eabi/lib/libg.a(lib_a-vfprintf.o)
 .data          0x0000000060030b10        0x0 /home/mustafa/opt/gcc-arm-none-eabi-9-2019-q4-major/bin/../lib/gcc/arm-none-eabi/9.2.1/../../../../arm-none-eabi/lib/libg.a(lib_a-wsetup.o)
 .data          0x0000000060030b10        0x0 /home/mustafa/opt/gcc-arm-none-eabi-9-2019-q4-major/bin/../lib/gcc/arm-none-eabi/9.2.1/../../../../arm-none-eabi/lib/libg.a(lib_a-__call_atexit.o)
 .data          0x0000000060030b10        0x0 /home/mustafa/opt/gcc-arm-none-eabi-9-2019-q4-major/bin/../lib/gcc/arm-none-eabi/9.2.1/../../../../arm-none-eabi/lib/libg.a(lib_a-atexit.o)
 .data          0x0000000060030b10        0x0 /home/mustafa/opt/gcc-arm-none-eabi-9-2019-q4-major/bin/../lib/gcc/arm-none-eabi/9.2.1/../../../../arm-none-eabi/lib/libg.a(lib_a-dtoa.o)
 .data          0x0000000060030b10        0x0 /home/mustafa/opt/gcc-arm-none-eabi-9-2019-q4-major/bin/../lib/gcc/arm-none-eabi/9.2.1/../../../../arm-none-eabi/lib/libg.a(lib_a-fflush.o)
 .data          0x0000000060030b10        0x0 /home/mustafa/opt/gcc-arm-none-eabi-9-2019-q4-major/bin/../lib/gcc/arm-none-eabi/9.2.1/../../../../arm-none-eabi/lib/libg.a(lib_a-findfp.o)
 .data          0x0000000060030b10        0x0 /home/mustafa/opt/gcc-arm-none-eabi-9-2019-q4-major/bin/../lib/gcc/arm-none-eabi/9.2.1/../../../../arm-none-eabi/lib/libg.a(lib_a-fini.o)
 .data          0x0000000060030b10        0x0 /home/mustafa/opt/gcc-arm-none-eabi-9-2019-q4-major/bin/../lib/gcc/arm-none-eabi/9.2.1/../../../../arm-none-eabi/lib/libg.a(lib_a-freer.o)
 .data          0x0000000060030b10        0x0 /home/mustafa/opt/gcc-arm-none-eabi-9-2019-q4-major/bin/../lib/gcc/arm-none-eabi/9.2.1/../../../../arm-none-eabi/lib/libg.a(lib_a-fvwrite.o)
 .data          0x0000000060030b10        0x0 /home/mustafa/opt/gcc-arm-none-eabi-9-2019-q4-major/bin/../lib/gcc/arm-none-eabi/9.2.1/../../../../arm-none-eabi/lib/libg.a(lib_a-fwalk.o)
 .data          0x0000000060030b10        0x0 /home/mustafa/opt/gcc-arm-none-eabi-9-2019-q4-major/bin/../lib/gcc/arm-none-eabi/9.2.1/../../../../arm-none-eabi/lib/libg.a(lib_a-localeconv.o)
 .data          0x0000000060030b10        0x0 /home/mustafa/opt/gcc-arm-none-eabi-9-2019-q4-major/bin/../lib/gcc/arm-none-eabi/9.2.1/../../../../arm-none-eabi/lib/libg.a(lib_a-lock.o)
 .data          0x0000000060030b10        0x0 /home/mustafa/opt/gcc-arm-none-eabi-9-2019-q4-major/bin/../lib/gcc/arm-none-eabi/9.2.1/../../../../arm-none-eabi/lib/libg.a(lib_a-makebuf.o)
 .data          0x0000000060030b10        0x0 /home/mustafa/opt/gcc-arm-none-eabi-9-2019-q4-major/bin/../lib/gcc/arm-none-eabi/9.2.1/../../../../arm-none-eabi/lib/libg.a(lib_a-memchr-stub.o)
 .data          0x0000000060030b10        0x0 /home/mustafa/opt/gcc-arm-none-eabi-9-2019-q4-major/bin/../lib/gcc/arm-none-eabi/9.2.1/../../../../arm-none-eabi/lib/libg.a(lib_a-memcpy-stub.o)
 .data          0x0000000060030b10        0x0 /home/mustafa/opt/gcc-arm-none-eabi-9-2019-q4-major/bin/../lib/gcc/arm-none-eabi/9.2.1/../../../../arm-none-eabi/lib/libg.a(lib_a-memmove.o)
 .data          0x0000000060030b10        0x0 /home/mustafa/opt/gcc-arm-none-eabi-9-2019-q4-major/bin/../lib/gcc/arm-none-eabi/9.2.1/../../../../arm-none-eabi/lib/libg.a(lib_a-memset.o)
 .data          0x0000000060030b10        0x0 /home/mustafa/opt/gcc-arm-none-eabi-9-2019-q4-major/bin/../lib/gcc/arm-none-eabi/9.2.1/../../../../arm-none-eabi/lib/libg.a(lib_a-mprec.o)
 .data          0x0000000060030b10        0x0 /home/mustafa/opt/gcc-arm-none-eabi-9-2019-q4-major/bin/../lib/gcc/arm-none-eabi/9.2.1/../../../../arm-none-eabi/lib/libg.a(lib_a-putc.o)
 .data          0x0000000060030b10        0x0 /home/mustafa/opt/gcc-arm-none-eabi-9-2019-q4-major/bin/../lib/gcc/arm-none-eabi/9.2.1/../../../../arm-none-eabi/lib/libg.a(lib_a-reallocr.o)
 .data          0x0000000060030b10        0x0 /home/mustafa/opt/gcc-arm-none-eabi-9-2019-q4-major/bin/../lib/gcc/arm-none-eabi/9.2.1/../../../../arm-none-eabi/lib/libg.a(lib_a-reent.o)
 .data          0x0000000060030b10        0x0 /home/mustafa/opt/gcc-arm-none-eabi-9-2019-q4-major/bin/../lib/gcc/arm-none-eabi/9.2.1/../../../../arm-none-eabi/lib/libg.a(lib_a-s_frexp.o)
 .data          0x0000000060030b10        0x0 /home/mustafa/opt/gcc-arm-none-eabi-9-2019-q4-major/bin/../lib/gcc/arm-none-eabi/9.2.1/../../../../arm-none-eabi/lib/libg.a(lib_a-stdio.o)
 .data          0x0000000060030b10        0x0 /home/mustafa/opt/gcc-arm-none-eabi-9-2019-q4-major/bin/../lib/gcc/arm-none-eabi/9.2.1/../../../../arm-none-eabi/lib/libg.a(lib_a-strncpy.o)
 .data          0x0000000060030b10        0x0 /home/mustafa/opt/gcc-arm-none-eabi-9-2019-q4-major/bin/../lib/gcc/arm-none-eabi/9.2.1/../../../../arm-none-eabi/lib/libg.a(lib_a-vfiprintf.o)
 .data          0x0000000060030b10        0x0 /home/mustafa/opt/gcc-arm-none-eabi-9-2019-q4-major/bin/../lib/gcc/arm-none-eabi/9.2.1/../../../../arm-none-eabi/lib/libg.a(lib_a-wbuf.o)
 .data          0x0000000060030b10        0x0 /home/mustafa/opt/gcc-arm-none-eabi-9-2019-q4-major/bin/../lib/gcc/arm-none-eabi/9.2.1/../../../../arm-none-eabi/lib/libg.a(lib_a-writer.o)
 .data          0x0000000060030b10        0x0 /home/mustafa/opt/gcc-arm-none-eabi-9-2019-q4-major/bin/../lib/gcc/arm-none-eabi/9.2.1/../../../../arm-none-eabi/lib/libg.a(lib_a-__atexit.o)
 .data          0x0000000060030b10        0x0 /home/mustafa/opt/gcc-arm-none-eabi-9-2019-q4-major/bin/../lib/gcc/arm-none-eabi/9.2.1/../../../../arm-none-eabi/lib/libg.a(lib_a-callocr.o)
 .data          0x0000000060030b10        0x0 /home/mustafa/opt/gcc-arm-none-eabi-9-2019-q4-major/bin/../lib/gcc/arm-none-eabi/9.2.1/../../../../arm-none-eabi/lib/libg.a(lib_a-closer.o)
 .data          0x0000000060030b10        0x0 /home/mustafa/opt/gcc-arm-none-eabi-9-2019-q4-major/bin/../lib/gcc/arm-none-eabi/9.2.1/../../../../arm-none-eabi/lib/libg.a(lib_a-fclose.o)
 .data          0x0000000060030b10        0x0 /home/mustafa/opt/gcc-arm-none-eabi-9-2019-q4-major/bin/../lib/gcc/arm-none-eabi/9.2.1/../../../../arm-none-eabi/lib/libg.a(lib_a-fputwc.o)
 .data          0x0000000060030b10        0x0 /home/mustafa/opt/gcc-arm-none-eabi-9-2019-q4-major/bin/../lib/gcc/arm-none-eabi/9.2.1/../../../../arm-none-eabi/lib/libg.a(lib_a-fstatr.o)
 .data          0x0000000060030b10        0x0 /home/mustafa/opt/gcc-arm-none-eabi-9-2019-q4-major/bin/../lib/gcc/arm-none-eabi/9.2.1/../../../../arm-none-eabi/lib/libg.a(lib_a-isattyr.o)
 .data          0x0000000060030b10        0x0 /home/mustafa/opt/gcc-arm-none-eabi-9-2019-q4-major/bin/../lib/gcc/arm-none-eabi/9.2.1/../../../../arm-none-eabi/lib/libg.a(lib_a-locale.o)
 .data          0x0000000060030b10        0x0 /home/mustafa/opt/gcc-arm-none-eabi-9-2019-q4-major/bin/../lib/gcc/arm-none-eabi/9.2.1/../../../../arm-none-eabi/lib/libg.a(lib_a-lseekr.o)
 .data          0x0000000060030b10        0x0 /home/mustafa/opt/gcc-arm-none-eabi-9-2019-q4-major/bin/../lib/gcc/arm-none-eabi/9.2.1/../../../../arm-none-eabi/lib/libg.a(lib_a-mbtowc_r.o)
 .data          0x0000000060030b10        0x0 /home/mustafa/opt/gcc-arm-none-eabi-9-2019-q4-major/bin/../lib/gcc/arm-none-eabi/9.2.1/../../../../arm-none-eabi/lib/libg.a(lib_a-readr.o)
 .data          0x0000000060030b10        0x0 /home/mustafa/opt/gcc-arm-none-eabi-9-2019-q4-major/bin/../lib/gcc/arm-none-eabi/9.2.1/../../../../arm-none-eabi/lib/libg.a(lib_a-strcmp.o)
 .data          0x0000000060030b10        0x0 /home/mustafa/opt/gcc-arm-none-eabi-9-2019-q4-major/bin/../lib/gcc/arm-none-eabi/9.2.1/../../../../arm-none-eabi/lib/libg.a(lib_a-wcrtomb.o)
 .data          0x0000000060030b10        0x0 /home/mustafa/opt/gcc-arm-none-eabi-9-2019-q4-major/bin/../lib/gcc/arm-none-eabi/9.2.1/../../../../arm-none-eabi/lib/libg.a(lib_a-wctomb_r.o)
 .data          0x0000000060030b10        0x0 /home/mustafa/opt/gcc-arm-none-eabi-9-2019-q4-major/bin/../lib/gcc/arm-none-eabi/9.2.1/../../../../arm-none-eabi/lib/libg.a(lib_a-ctype_.o)
 .data          0x0000000060030b10        0x0 /home/mustafa/opt/gcc-arm-none-eabi-9-2019-q4-major/bin/../lib/gcc/arm-none-eabi/9.2.1/libgcc.a(_arm_muldf3.o)
 .data          0x0000000060030b10        0x0 /home/mustafa/opt/gcc-arm-none-eabi-9-2019-q4-major/bin/../lib/gcc/arm-none-eabi/9.2.1/libgcc.a(_udivsi3.o)
 .data          0x0000000060030b10        0x0 /home/mustafa/opt/gcc-arm-none-eabi-9-2019-q4-major/bin/../lib/gcc/arm-none-eabi/9.2.1/libgcc.a(_divsi3.o)
 .data          0x0000000060030b10        0x0 /home/mustafa/opt/gcc-arm-none-eabi-9-2019-q4-major/bin/../lib/gcc/arm-none-eabi/9.2.1/libgcc.a(_dvmd_tls.o)
 .data          0x0000000060030b10        0x0 /home/mustafa/opt/gcc-arm-none-eabi-9-2019-q4-major/bin/../lib/gcc/arm-none-eabi/9.2.1/libgcc.a(_arm_addsubdf3.o)
 .data          0x0000000060030b10        0x0 /home/mustafa/opt/gcc-arm-none-eabi-9-2019-q4-major/bin/../lib/gcc/arm-none-eabi/9.2.1/libgcc.a(_arm_muldivdf3.o)
 .data          0x0000000060030b10        0x0 /home/mustafa/opt/gcc-arm-none-eabi-9-2019-q4-major/bin/../lib/gcc/arm-none-eabi/9.2.1/libgcc.a(_arm_cmpdf2.o)
 .data          0x0000000060030b10        0x0 /home/mustafa/opt/gcc-arm-none-eabi-9-2019-q4-major/bin/../lib/gcc/arm-none-eabi/9.2.1/libgcc.a(_arm_unorddf2.o)
 .data          0x0000000060030b10        0x0 /home/mustafa/opt/gcc-arm-none-eabi-9-2019-q4-major/bin/../lib/gcc/arm-none-eabi/9.2.1/libgcc.a(_arm_fixdfsi.o)
 .data          0x0000000060030b10        0x0 /home/mustafa/opt/gcc-arm-none-eabi-9-2019-q4-major/bin/../lib/gcc/arm-none-eabi/9.2.1/libgcc.a(_aeabi_uldivmod.o)
 .data          0x0000000060030b10        0x0 /home/mustafa/opt/gcc-arm-none-eabi-9-2019-q4-major/bin/../lib/gcc/arm-none-eabi/9.2.1/libgcc.a(_udivmoddi4.o)
 .data          0x0000000060030b10        0x0 /home/mustafa/opt/gcc-arm-none-eabi-9-2019-q4-major/bin/../lib/gcc/arm-none-eabi/9.2.1/libgcc.a(_clzdi2.o)
 .data          0x0000000060030b10        0x0 /home/mustafa/opt/gcc-arm-none-eabi-9-2019-q4-major/bin/../lib/gcc/arm-none-eabi/9.2.1/libgcc.a(_clzsi2.o)
 *(.data*)
 .data._impure_ptr
                0x0000000060030b10        0x4 /home/mustafa/opt/gcc-arm-none-eabi-9-2019-q4-major/bin/../lib/gcc/arm-none-eabi/9.2.1/../../../../arm-none-eabi/lib/libg.a(lib_a-impure.o)
                0x0000000060030b10                _impure_ptr
 *fill*         0x0000000060030b14        0x4 
 .data.impure_data
                0x0000000060030b18      0x428 /home/mustafa/opt/gcc-arm-none-eabi-9-2019-q4-major/bin/../lib/gcc/arm-none-eabi/9.2.1/../../../../arm-none-eabi/lib/libg.a(lib_a-impure.o)
 .data.__malloc_av_
                0x0000000060030f40      0x408 /home/mustafa/opt/gcc-arm-none-eabi-9-2019-q4-major/bin/../lib/gcc/arm-none-eabi/9.2.1/../../../../arm-none-eabi/lib/libg.a(lib_a-mallocr.o)
                0x0000000060030f40                __malloc_av_
 .data.__malloc_sbrk_base
                0x0000000060031348        0x4 /home/mustafa/opt/gcc-arm-none-eabi-9-2019-q4-major/bin/../lib/gcc/arm-none-eabi/9.2.1/../../../../arm-none-eabi/lib/libg.a(lib_a-mallocr.o)
                0x0000000060031348                __malloc_sbrk_base
 .data.__malloc_trim_threshold
                0x000000006003134c        0x4 /home/mustafa/opt/gcc-arm-none-eabi-9-2019-q4-major/bin/../lib/gcc/arm-none-eabi/9.2.1/../../../../arm-none-eabi/lib/libg.a(lib_a-mallocr.o)
                0x000000006003134c                __malloc_trim_threshold
 .data.__atexit_recursive_mutex
                0x0000000060031350        0x4 /home/mustafa/opt/gcc-arm-none-eabi-9-2019-q4-major/bin/../lib/gcc/arm-none-eabi/9.2.1/../../../../arm-none-eabi/lib/libg.a(lib_a-__call_atexit.o)
                0x0000000060031350                __atexit_recursive_mutex
 .data.__global_locale
                0x0000000060031354      0x16c /home/mustafa/opt/gcc-arm-none-eabi-9-2019-q4-major/bin/../lib/gcc/arm-none-eabi/9.2.1/../../../../arm-none-eabi/lib/libg.a(lib_a-locale.o)
                0x0000000060031354                __global_locale
                0x00000000600314c0                . = ALIGN (0x4)
                [!provide]                        PROVIDE (__preinit_array_start = .)
 *(.preinit_array)
                [!provide]                        PROVIDE (__preinit_array_end = .)
                0x00000000600314c0                . = ALIGN (0x4)
                [!provide]                        PROVIDE (__init_array_start = .)
 *(SORT_BY_NAME(.init_array.*))
 .init_array.00000
                0x00000000600314c0        0x4 /home/mustafa/opt/gcc-arm-none-eabi-9-2019-q4-major/bin/../lib/gcc/arm-none-eabi/9.2.1/../../../../arm-none-eabi/lib/libg.a(lib_a-__call_atexit.o)
 *(.init_array)
                [!provide]                        PROVIDE (__init_array_end = .)
                0x00000000600314c4                . = ALIGN (0x4)
                0x00000000600314c4                PROVIDE (__fini_array_start = .)
 *(SORT_BY_NAME(.fini_array.*))
 *(.fini_array)
                0x00000000600314c4                PROVIDE (__fini_array_end = .)
 *(.jcr*)
                0x00000000600314c4                . = ALIGN (0x4)
                0x00000000600314c4                _end_data = .

.igot.plt       0x00000000600314c4        0x0
 .igot.plt      0x00000000600314c4        0x0 obj/startup.o

.bss            0x00000000600314c4      0x1c0
                0x00000000600314c4                . = ALIGN (0x4)
                0x00000000600314c4                _start_bss = .
 *(.bss)
 .bss           0x00000000600314c4        0x0 obj/startup.o
 .bss           0x00000000600314c4        0x0 obj/sp804.o
 .bss           0x00000000600314c4        0x5 obj/syscall.o
 .bss           0x00000000600314c9        0x0 obj/pl050.o
 .bss           0x00000000600314c9        0x0 obj/pl111.o
 .bss           0x00000000600314c9        0x0 obj/interrupt.o
 *fill*         0x00000000600314c9        0x3 
 .bss           0x00000000600314cc        0xc obj/ugui.o
 .bss           0x00000000600314d8       0x10 obj/pl181.o
 .bss           0x00000000600314e8        0x0 obj/gic.o
 .bss           0x00000000600314e8        0x0 obj/kernel.o
 .bss           0x00000000600314e8        0x0 obj/pl011.o
 .bss           0x00000000600314e8        0x0 /home/mustafa/opt/gcc-arm-none-eabi-9-2019-q4-major/bin/../lib/gcc/arm-none-eabi/9.2.1/../../../../arm-none-eabi/lib/libg.a(lib_a-errno.o)
 .bss           0x00000000600314e8        0x0 /home/mustafa/opt/gcc-arm-none-eabi-9-2019-q4-major/bin/../lib/gcc/arm-none-eabi/9.2.1/../../../../arm-none-eabi/lib/libg.a(lib_a-exit.o)
 .bss           0x00000000600314e8        0x0 /home/mustafa/opt/gcc-arm-none-eabi-9-2019-q4-major/bin/../lib/gcc/arm-none-eabi/9.2.1/../../../../arm-none-eabi/lib/libg.a(lib_a-impure.o)
 .bss           0x00000000600314e8        0x0 /home/mustafa/opt/gcc-arm-none-eabi-9-2019-q4-major/bin/../lib/gcc/arm-none-eabi/9.2.1/../../../../arm-none-eabi/lib/libg.a(lib_a-malloc.o)
 .bss           0x00000000600314e8        0x0 /home/mustafa/opt/gcc-arm-none-eabi-9-2019-q4-major/bin/../lib/gcc/arm-none-eabi/9.2.1/../../../../arm-none-eabi/lib/libg.a(lib_a-mallocr.o)
 .bss           0x00000000600314e8        0x0 /home/mustafa/opt/gcc-arm-none-eabi-9-2019-q4-major/bin/../lib/gcc/arm-none-eabi/9.2.1/../../../../arm-none-eabi/lib/libg.a(lib_a-mlock.o)
 .bss           0x00000000600314e8        0x0 /home/mustafa/opt/gcc-arm-none-eabi-9-2019-q4-major/bin/../lib/gcc/arm-none-eabi/9.2.1/../../../../arm-none-eabi/lib/libg.a(lib_a-printf.o)
 .bss           0x00000000600314e8        0x0 /home/mustafa/opt/gcc-arm-none-eabi-9-2019-q4-major/bin/../lib/gcc/arm-none-eabi/9.2.1/../../../../arm-none-eabi/lib/libg.a(lib_a-putchar.o)
 .bss           0x00000000600314e8        0x0 /home/mustafa/opt/gcc-arm-none-eabi-9-2019-q4-major/bin/../lib/gcc/arm-none-eabi/9.2.1/../../../../arm-none-eabi/lib/libg.a(lib_a-puts.o)
 .bss           0x00000000600314e8        0x0 /home/mustafa/opt/gcc-arm-none-eabi-9-2019-q4-major/bin/../lib/gcc/arm-none-eabi/9.2.1/../../../../arm-none-eabi/lib/libg.a(lib_a-sbrkr.o)
 .bss           0x00000000600314e8        0x0 /home/mustafa/opt/gcc-arm-none-eabi-9-2019-q4-major/bin/../lib/gcc/arm-none-eabi/9.2.1/../../../../arm-none-eabi/lib/libg.a(lib_a-strlen-stub.o)
 .bss           0x00000000600314e8        0x0 /home/mustafa/opt/gcc-arm-none-eabi-9-2019-q4-major/bin/../lib/gcc/arm-none-eabi/9.2.1/../../../../arm-none-eabi/lib/libg.a(lib_a-vfprintf.o)
 .bss           0x00000000600314e8        0x0 /home/mustafa/opt/gcc-arm-none-eabi-9-2019-q4-major/bin/../lib/gcc/arm-none-eabi/9.2.1/../../../../arm-none-eabi/lib/libg.a(lib_a-wsetup.o)
 .bss           0x00000000600314e8        0x0 /home/mustafa/opt/gcc-arm-none-eabi-9-2019-q4-major/bin/../lib/gcc/arm-none-eabi/9.2.1/../../../../arm-none-eabi/lib/libg.a(lib_a-__call_atexit.o)
 .bss           0x00000000600314e8        0x0 /home/mustafa/opt/gcc-arm-none-eabi-9-2019-q4-major/bin/../lib/gcc/arm-none-eabi/9.2.1/../../../../arm-none-eabi/lib/libg.a(lib_a-atexit.o)
 .bss           0x00000000600314e8        0x0 /home/mustafa/opt/gcc-arm-none-eabi-9-2019-q4-major/bin/../lib/gcc/arm-none-eabi/9.2.1/../../../../arm-none-eabi/lib/libg.a(lib_a-dtoa.o)
 .bss           0x00000000600314e8        0x0 /home/mustafa/opt/gcc-arm-none-eabi-9-2019-q4-major/bin/../lib/gcc/arm-none-eabi/9.2.1/../../../../arm-none-eabi/lib/libg.a(lib_a-fflush.o)
 .bss           0x00000000600314e8        0x0 /home/mustafa/opt/gcc-arm-none-eabi-9-2019-q4-major/bin/../lib/gcc/arm-none-eabi/9.2.1/../../../../arm-none-eabi/lib/libg.a(lib_a-findfp.o)
 .bss           0x00000000600314e8        0x0 /home/mustafa/opt/gcc-arm-none-eabi-9-2019-q4-major/bin/../lib/gcc/arm-none-eabi/9.2.1/../../../../arm-none-eabi/lib/libg.a(lib_a-fini.o)
 .bss           0x00000000600314e8        0x0 /home/mustafa/opt/gcc-arm-none-eabi-9-2019-q4-major/bin/../lib/gcc/arm-none-eabi/9.2.1/../../../../arm-none-eabi/lib/libg.a(lib_a-freer.o)
 .bss           0x00000000600314e8        0x0 /home/mustafa/opt/gcc-arm-none-eabi-9-2019-q4-major/bin/../lib/gcc/arm-none-eabi/9.2.1/../../../../arm-none-eabi/lib/libg.a(lib_a-fvwrite.o)
 .bss           0x00000000600314e8        0x0 /home/mustafa/opt/gcc-arm-none-eabi-9-2019-q4-major/bin/../lib/gcc/arm-none-eabi/9.2.1/../../../../arm-none-eabi/lib/libg.a(lib_a-fwalk.o)
 .bss           0x00000000600314e8        0x0 /home/mustafa/opt/gcc-arm-none-eabi-9-2019-q4-major/bin/../lib/gcc/arm-none-eabi/9.2.1/../../../../arm-none-eabi/lib/libg.a(lib_a-localeconv.o)
 .bss           0x00000000600314e8        0x0 /home/mustafa/opt/gcc-arm-none-eabi-9-2019-q4-major/bin/../lib/gcc/arm-none-eabi/9.2.1/../../../../arm-none-eabi/lib/libg.a(lib_a-lock.o)
 .bss           0x00000000600314e8        0x0 /home/mustafa/opt/gcc-arm-none-eabi-9-2019-q4-major/bin/../lib/gcc/arm-none-eabi/9.2.1/../../../../arm-none-eabi/lib/libg.a(lib_a-makebuf.o)
 .bss           0x00000000600314e8        0x0 /home/mustafa/opt/gcc-arm-none-eabi-9-2019-q4-major/bin/../lib/gcc/arm-none-eabi/9.2.1/../../../../arm-none-eabi/lib/libg.a(lib_a-memchr-stub.o)
 .bss           0x00000000600314e8        0x0 /home/mustafa/opt/gcc-arm-none-eabi-9-2019-q4-major/bin/../lib/gcc/arm-none-eabi/9.2.1/../../../../arm-none-eabi/lib/libg.a(lib_a-memcpy-stub.o)
 .bss           0x00000000600314e8        0x0 /home/mustafa/opt/gcc-arm-none-eabi-9-2019-q4-major/bin/../lib/gcc/arm-none-eabi/9.2.1/../../../../arm-none-eabi/lib/libg.a(lib_a-memmove.o)
 .bss           0x00000000600314e8        0x0 /home/mustafa/opt/gcc-arm-none-eabi-9-2019-q4-major/bin/../lib/gcc/arm-none-eabi/9.2.1/../../../../arm-none-eabi/lib/libg.a(lib_a-memset.o)
 .bss           0x00000000600314e8        0x0 /home/mustafa/opt/gcc-arm-none-eabi-9-2019-q4-major/bin/../lib/gcc/arm-none-eabi/9.2.1/../../../../arm-none-eabi/lib/libg.a(lib_a-mprec.o)
 .bss           0x00000000600314e8        0x0 /home/mustafa/opt/gcc-arm-none-eabi-9-2019-q4-major/bin/../lib/gcc/arm-none-eabi/9.2.1/../../../../arm-none-eabi/lib/libg.a(lib_a-putc.o)
 .bss           0x00000000600314e8        0x0 /home/mustafa/opt/gcc-arm-none-eabi-9-2019-q4-major/bin/../lib/gcc/arm-none-eabi/9.2.1/../../../../arm-none-eabi/lib/libg.a(lib_a-reallocr.o)
 .bss           0x00000000600314e8        0x0 /home/mustafa/opt/gcc-arm-none-eabi-9-2019-q4-major/bin/../lib/gcc/arm-none-eabi/9.2.1/../../../../arm-none-eabi/lib/libg.a(lib_a-reent.o)
 .bss           0x00000000600314e8        0x0 /home/mustafa/opt/gcc-arm-none-eabi-9-2019-q4-major/bin/../lib/gcc/arm-none-eabi/9.2.1/../../../../arm-none-eabi/lib/libg.a(lib_a-s_frexp.o)
 .bss           0x00000000600314e8        0x0 /home/mustafa/opt/gcc-arm-none-eabi-9-2019-q4-major/bin/../lib/gcc/arm-none-eabi/9.2.1/../../../../arm-none-eabi/lib/libg.a(lib_a-stdio.o)
 .bss           0x00000000600314e8        0x0 /home/mustafa/opt/gcc-arm-none-eabi-9-2019-q4-major/bin/../lib/gcc/arm-none-eabi/9.2.1/../../../../arm-none-eabi/lib/libg.a(lib_a-strncpy.o)