Archive member included to satisfy reference by file (symbol)

/home/mustafa/arm-gnu-toolchain-13.2.rel1-x86_64-arm-none-eabi/arm-gnu-toolchain-13.2.Rel1-x86_64-arm-none-eabi/bin/../lib/gcc/arm-none-eabi/13.2.1/../../../../arm-none-eabi/lib/thumb/v7-a/nofp/libg.a(libc_a-exit.o)
                              obj/syscall.o (exit)
/home/mustafa/arm-gnu-toolchain-13.2.rel1-x86_64-arm-none-eabi/arm-gnu-toolchain-13.2.Rel1-x86_64-arm-none-eabi/bin/../lib/gcc/arm-none-eabi/13.2.1/../../../../arm-none-eabi/lib/thumb/v7-a/nofp/libg.a(libc_a-errno.o)
                              obj/syscall.o (__errno)
/home/mustafa/arm-gnu-toolchain-13.2.rel1-x86_64-arm-none-eabi/arm-gnu-toolchain-13.2.Rel1-x86_64-arm-none-eabi/bin/../lib/gcc/arm-none-eabi/13.2.1/../../../../arm-none-eabi/lib/thumb/v7-a/nofp/libg.a(libc_a-malloc.o)
                              obj/pl181.o (malloc)
/home/mustafa/arm-gnu-toolchain-13.2.rel1-x86_64-arm-none-eabi/arm-gnu-toolchain-13.2.Rel1-x86_64-arm-none-eabi/bin/../lib/gcc/arm-none-eabi/13.2.1/../../../../arm-none-eabi/lib/thumb/v7-a/nofp/libg.a(libc_a-mallocr.o)
                              /home/mustafa/arm-gnu-toolchain-13.2.rel1-x86_64-arm-none-eabi/arm-gnu-toolchain-13.2.Rel1-x86_64-arm-none-eabi/bin/../lib/gcc/arm-none-eabi/13.2.1/../../../../arm-none-eabi/lib/thumb/v7-a/nofp/libg.a(libc_a-malloc.o) (_malloc_r)
/home/mustafa/arm-gnu-toolchain-13.2.rel1-x86_64-arm-none-eabi/arm-gnu-toolchain-13.2.Rel1-x86_64-arm-none-eabi/bin/../lib/gcc/arm-none-eabi/13.2.1/../../../../arm-none-eabi/lib/thumb/v7-a/nofp/libg.a(libc_a-__call_atexit.o)
                              /home/mustafa/arm-gnu-toolchain-13.2.rel1-x86_64-arm-none-eabi/arm-gnu-toolchain-13.2.Rel1-x86_64-arm-none-eabi/bin/../lib/gcc/arm-none-eabi/13.2.1/../../../../arm-none-eabi/lib/thumb/v7-a/nofp/libg.a(libc_a-exit.o) (__call_exitprocs)
/home/mustafa/arm-gnu-toolchain-13.2.rel1-x86_64-arm-none-eabi/arm-gnu-toolchain-13.2.Rel1-x86_64-arm-none-eabi/bin/../lib/gcc/arm-none-eabi/13.2.1/../../../../arm-none-eabi/lib/thumb/v7-a/nofp/libg.a(libc_a-fini.o)
                              /home/mustafa/arm-gnu-toolchain-13.2.rel1-x86_64-arm-none-eabi/arm-gnu-toolchain-13.2.Rel1-x86_64-arm-none-eabi/bin/../lib/gcc/arm-none-eabi/13.2.1/../../../../arm-none-eabi/lib/thumb/v7-a/nofp/libg.a(libc_a-__call_atexit.o) (__libc_fini_array)
/home/mustafa/arm-gnu-toolchain-13.2.rel1-x86_64-arm-none-eabi/arm-gnu-toolchain-13.2.Rel1-x86_64-arm-none-eabi/bin/../lib/gcc/arm-none-eabi/13.2.1/../../../../arm-none-eabi/lib/thumb/v7-a/nofp/libg.a(libc_a-lock.o)
                              /home/mustafa/arm-gnu-toolchain-13.2.rel1-x86_64-arm-none-eabi/arm-gnu-toolchain-13.2.Rel1-x86_64-arm-none-eabi/bin/../lib/gcc/arm-none-eabi/13.2.1/../../../../arm-none-eabi/lib/thumb/v7-a/nofp/libg.a(libc_a-__call_atexit.o) (__retarget_lock_acquire_recursive)
/home/mustafa/arm-gnu-toolchain-13.2.rel1-x86_64-arm-none-eabi/arm-gnu-toolchain-13.2.Rel1-x86_64-arm-none-eabi/bin/../lib/gcc/arm-none-eabi/13.2.1/../../../../arm-none-eabi/lib/thumb/v7-a/nofp/libg.a(libc_a-sysconf.o)
                              /home/mustafa/arm-gnu-toolchain-13.2.rel1-x86_64-arm-none-eabi/arm-gnu-toolchain-13.2.Rel1-x86_64-arm-none-eabi/bin/../lib/gcc/arm-none-eabi/13.2.1/../../../../arm-none-eabi/lib/thumb/v7-a/nofp/libg.a(libc_a-mallocr.o) (sysconf)
/home/mustafa/arm-gnu-toolchain-13.2.rel1-x86_64-arm-none-eabi/arm-gnu-toolchain-13.2.Rel1-x86_64-arm-none-eabi/bin/../lib/gcc/arm-none-eabi/13.2.1/../../../../arm-none-eabi/lib/thumb/v7-a/nofp/libg.a(libc_a-printf.o)
                              obj/interrupt.o (printf)
/home/mustafa/arm-gnu-toolchain-13.2.rel1-x86_64-arm-none-eabi/arm-gnu-toolchain-13.2.Rel1-x86_64-arm-none-eabi/bin/../lib/gcc/arm-none-eabi/13.2.1/../../../../arm-none-eabi/lib/thumb/v7-a/nofp/libg.a(libc_a-putchar.o)
                              obj/pl181.o (putchar)
/home/mustafa/arm-gnu-toolchain-13.2.rel1-x86_64-arm-none-eabi/arm-gnu-toolchain-13.2.Rel1-x86_64-arm-none-eabi/bin/../lib/gcc/arm-none-eabi/13.2.1/../../../../arm-none-eabi/lib/thumb/v7-a/nofp/libg.a(libc_a-puts.o)
                              obj/interrupt.o (puts)
/home/mustafa/arm-gnu-toolchain-13.2.rel1-x86_64-arm-none-eabi/arm-gnu-toolchain-13.2.Rel1-x86_64-arm-none-eabi/bin/../lib/gcc/arm-none-eabi/13.2.1/../../../../arm-none-eabi/lib/thumb/v7-a/nofp/libg.a(libc_a-mlock.o)
                              /home/mustafa/arm-gnu-toolchain-13.2.rel1-x86_64-arm-none-eabi/arm-gnu-toolchain-13.2.Rel1-x86_64-arm-none-eabi/bin/../lib/gcc/arm-none-eabi/13.2.1/../../../../arm-none-eabi/lib/thumb/v7-a/nofp/libg.a(libc_a-mallocr.o) (__malloc_lock)
/home/mustafa/arm-gnu-toolchain-13.2.rel1-x86_64-arm-none-eabi/arm-gnu-toolchain-13.2.Rel1-x86_64-arm-none-eabi/bin/../lib/gcc/arm-none-eabi/13.2.1/../../../../arm-none-eabi/lib/thumb/v7-a/nofp/libg.a(libc_a-atexit.o)
[...]
Memory Configuration

Name             Origin             Length             Attributes
RAM              0x60000000         0x06400000         xrw
*default*        0x00000000         0xffffffff

Linker script and memory map

LOAD /home/mustafa/arm-gnu-toolchain-13.2.rel1-x86_64-arm-none-eabi/arm-gnu-toolchain-13.2.Rel1-x86_64-arm-none-eabi/bin/../lib/gcc/arm-none-eabi/13.2.1/../../../../arm-none-eabi/lib/thumb/v7-a/nofp/libc.a
LOAD obj/startup.o
LOAD obj/gic.o
LOAD obj/interrupt.o
LOAD obj/kernel.o
LOAD obj/pl011.o
LOAD obj/pl050.o
LOAD obj/pl111.o
LOAD obj/pl181.o
LOAD obj/sp804.o
LOAD obj/syscall.o
LOAD obj/ugui.o
START GROUP
LOAD /home/mustafa/arm-gnu-toolchain-13.2.rel1-x86_64-arm-none-eabi/arm-gnu-toolchain-13.2.Rel1-x86_64-arm-none-eabi/bin/../lib/gcc/arm-none-eabi/13.2.1/thumb/v7-a/nofp/libgcc.a
LOAD /home/mustafa/arm-gnu-toolchain-13.2.rel1-x86_64-arm-none-eabi/arm-gnu-toolchain-13.2.Rel1-x86_64-arm-none-eabi/bin/../lib/gcc/arm-none-eabi/13.2.1/../../../../arm-none-eabi/lib/thumb/v7-a/nofp/libg.a
LOAD /home/mustafa/arm-gnu-toolchain-13.2.rel1-x86_64-arm-none-eabi/arm-gnu-toolchain-13.2.Rel1-x86_64-arm-none-eabi/bin/../lib/gcc/arm-none-eabi/13.2.1/../../../../arm-none-eabi/lib/thumb/v7-a/nofp/libc.a
END GROUP
START GROUP
LOAD /home/mustafa/arm-gnu-toolchain-13.2.rel1-x86_64-arm-none-eabi/arm-gnu-toolchain-13.2.Rel1-x86_64-arm-none-eabi/bin/../lib/gcc/arm-none-eabi/13.2.1/thumb/v7-a/nofp/libgcc.a
LOAD /home/mustafa/arm-gnu-toolchain-13.2.rel1-x86_64-arm-none-eabi/arm-gnu-toolchain-13.2.Rel1-x86_64-arm-none-eabi/bin/../lib/gcc/arm-none-eabi/13.2.1/../../../../arm-none-eabi/lib/thumb/v7-a/nofp/libc.a
LOAD /home/mustafa/arm-gnu-toolchain-13.2.rel1-x86_64-arm-none-eabi/arm-gnu-toolchain-13.2.Rel1-x86_64-arm-none-eabi/bin/../lib/gcc/arm-none-eabi/13.2.1/../../../../arm-none-eabi/lib/thumb/v7-a/nofp/libnosys.a
END GROUP
                0x00010000                        heap_size = 0x10000

.text           0x60000000    0x2fe64
                0x60000000                        . = ALIGN (0x4)
 *(.isr_vector)
 .isr_vector    0x60000000       0x20 obj/startup.o
                0x60000000                _Reset
                0x60000020                        _start_text = .
 *(.text)
 .text          0x60000020       0x5c obj/startup.o
 .text          0x6000007c      0xb84 obj/gic.o
                0x6000007c                GIC_EnableDistributor
                0x600000b0                GIC_DisableDistributor
                0x600000e4                GIC_DistributorInfo
                0x60000108                GIC_DistributorImplementer
                0x6000012c                GIC_SetTarget
                0x6000019c                GIC_SetICDICFR
                0x60000224                GIC_GetTarget
                0x60000288                GIC_EnableInterface
                0x600002bc                GIC_DisableInterface
                0x600002f0                GIC_AcknowledgePending
                0x60000318                GIC_EndInterrupt
                0x6000034c                GIC_EnableIRQ
                0x6000039c                GIC_DisableIRQ
                0x600003ec                GIC_SetPendingIRQ
                0x6000043c                GIC_ClearPendingIRQ
                0x6000048c                GIC_SetLevelModel
                0x600005a0                GIC_SetPriority
                0x60000608                GIC_GetPriority
                0x60000668                GIC_InterfacePriorityMask
                0x6000069c                GIC_SetBinaryPoint
                0x600006d0                GIC_GetBinaryPoint
                0x600006fc                GIC_GetIRQStatus
                0x60000790                GIC_SendSGI
                0x600007f0                GIC_DistInit
                0x60000b58                GIC_CPUInterfaceInit
                0x60000be8                GIC_Enable
 .text          0x60000c00      0x154 obj/interrupt.o
                0x60000c00                install_isr
                0x60000c3c                c_svc
                0x60000c5c                c_fiq
                0x60000c80                c_irq
                0x60000d10                enable_irq
                0x60000d3c                interrupt_init
 .text          0x60000d54       0xec obj/kernel.o
                0x60000d54                main
 .text          0x60000e40       0x50 obj/pl011.o
                0x60000e40                uart_putc
 .text          0x60000e90       0xb8 obj/pl050.o
                0x60000e90                kb_handler
                0x60000f00                kb_init
 .text          0x60000f48      0x174 obj/pl111.o
                0x60000fa0                pdraw
                0x60000fe0                clcd_init
 .text          0x600010bc      0x638 obj/pl181.o
                0x600010bc                sd_send_cmd
                0x60001114                sd_handler
                0x60001368                sd_init
                0x60001464                sd_read
                0x6000152c                sd_write
                0x600015f4                sd_test_read
 .text          0x600016f4      0x100 obj/sp804.o
                0x600016f4                timer_handler
                0x60001740                timer_init
 .text          0x600017f4      0x240 obj/syscall.o
                0x600017f4                _exit
                0x60001808                _write
                0x60001870                _start
                0x60001884                _fini
                0x600018a8                _sbrk
                0x6000196c                _close
                0x60001990                _read
                0x600019bc                _lseek
                0x600019e8                _fstat
                0x60001a10                _isatty
 .text          0x60001a34     0x82cc obj/ugui.o
                0x60001a34                UG_Init
                0x60001c14                UG_SelectGUI
                0x60001c48                UG_FontSelect
                0x60001cb0                UG_FillScreen
                0x60001d24                UG_FillFrame
                0x60001e9c                UG_FillRoundFrame
                0x600022b4                UG_DrawMesh
                0x600023c8                UG_DrawFrame
                0x60002490                UG_DrawRoundFrame
                0x60002744                UG_DrawPixel
                0x60002790                UG_DrawCircle
                0x60002ad0                UG_FillCircle
                0x60002dc0                UG_DrawArc
                0x60003190                UG_DrawLine
                0x600034cc                UG_PutString
                0x6000365c                UG_PutChar
                0x600039c8                UG_ConsolePutString
                0x60003c9c                UG_ConsoleSetArea
                0x60003d38                UG_ConsoleSetForecolor
                0x60003d6c                UG_ConsoleSetBackcolor
                0x60003da0                UG_SetForecolor
                0x60003dd4                UG_SetBackcolor
                0x60003e08                UG_GetXDim
                0x60003e30                UG_GetYDim
                0x60003e58                UG_FontSetHSpace
                0x60003e94                UG_FontSetVSpace
                0x60003ed0                _UG_PutText
                0x60004558                _UG_GetFreeObject
                0x600045fc                _UG_SearchObject
                0x600046d8                _UG_DeleteObject
                0x600047c0                _UG_ProcessTouchData
                0x60004a34                _UG_UpdateObjects
                0x60004b3c                _UG_HandleEvents
                0x60004c5c                _UG_DrawObjectFrame
                0x6000507c                UG_DriverRegister
                0x600050fc                UG_DriverEnable
                0x600051a8                UG_DriverDisable
                0x60005254                UG_Update
                0x6000551c                UG_WaitForUpdate
                0x60005580                UG_DrawBMP
                0x6000572c                UG_TouchUpdate
                0x6000579c                UG_WindowCreate
                0x60005980                UG_WindowDelete
                0x60005a5c                UG_WindowShow
                0x60005ad8                UG_WindowHide
                0x60005c88                UG_WindowResize
                0x60005fa4                UG_WindowAlert
                0x6000601c                UG_WindowSetForeColor
                0x60006090                UG_WindowSetBackColor
                0x60006104                UG_WindowSetTitleTextColor
                0x60006178                UG_WindowSetTitleColor
                0x600061ec                UG_WindowSetTitleInactiveTextColor
                0x60006260                UG_WindowSetTitleInactiveColor
                0x600062d4                UG_WindowSetTitleText
                0x60006348                UG_WindowSetTitleTextFont
                0x60006410                UG_WindowSetTitleTextHSpace
                0x60006488                UG_WindowSetTitleTextVSpace
                0x60006500                UG_WindowSetTitleTextAlignment
                0x60006578                UG_WindowSetTitleHeight
                0x60006608                UG_WindowSetXStart
                0x600066a8                UG_WindowSetYStart
                0x60006748                UG_WindowSetXEnd
                0x600067e8                UG_WindowSetYEnd
                0x60006888                UG_WindowSetStyle
                0x6000697c                UG_WindowGetForeColor
                0x600069d4                UG_WindowGetBackColor
                0x60006a2c                UG_WindowGetTitleTextColor
                0x60006a84                UG_WindowGetTitleColor
                0x60006adc                UG_WindowGetTitleInactiveTextColor
                0x60006b34                UG_WindowGetTitleInactiveColor
                0x60006b8c                UG_WindowGetTitleText
                0x60006be4                UG_WindowGetTitleTextFont
                0x60006c3c                UG_WindowGetTitleTextHSpace
                0x60006c94                UG_WindowGetTitleTextVSpace
                0x60006cec                UG_WindowGetTitleTextAlignment
                0x60006d44                UG_WindowGetTitleHeight
                0x60006d9c                UG_WindowGetXStart
                0x60006df4                UG_WindowGetYStart
                0x60006e4c                UG_WindowGetXEnd
                0x60006ea4                UG_WindowGetYEnd
                0x60006efc                UG_WindowGetStyle
                0x60006f54                UG_WindowGetArea
                0x600070c0                UG_WindowGetInnerWidth
                0x60007168                UG_WindowGetOuterWidth
                0x600071ec                UG_WindowGetInnerHeight
                0x600072c4                UG_WindowGetOuterHeight
                0x60007348                _UG_WindowDrawTitle
                0x60007594                _UG_WindowUpdate
                0x60007808                _UG_WindowClear
                0x60007940                UG_ButtonCreate
                0x60007af4                UG_ButtonDelete
                0x60007b30                UG_ButtonShow
                0x60007bbc                UG_ButtonHide
                0x60007c8c                UG_ButtonSetForeColor
                0x60007d24                UG_ButtonSetBackColor
                0x60007dbc                UG_ButtonSetAlternateForeColor
                0x60007e54                UG_ButtonSetAlternateBackColor
                0x60007eec                UG_ButtonSetText
                0x60007f84                UG_ButtonSetFont
                0x6000801c                UG_ButtonSetStyle
                0x60008190                UG_ButtonGetForeColor
                0x6000820c                UG_ButtonGetBackColor
                0x60008288                UG_ButtonGetAlternateForeColor
                0x60008304                UG_ButtonGetAlternateBackColor
                0x60008380                UG_ButtonGetText
                0x600083fc                UG_ButtonGetFont
                0x60008478                UG_ButtonGetStyle
                0x600084f4                _UG_ButtonUpdate
                0x60008a80                UG_TextboxCreate
                0x60008c20                UG_TextboxDelete
                0x60008c5c                UG_TextboxShow
                0x60008ce8                UG_TextboxHide
                0x60008d74                UG_TextboxSetForeColor
                0x60008e0c                UG_TextboxSetBackColor
                0x60008ea4                UG_TextboxSetText
                0x60008f3c                UG_TextboxSetFont
                0x60008fd4                UG_TextboxSetHSpace
                0x60009070                UG_TextboxSetVSpace
                0x6000910c                UG_TextboxSetAlignment
                0x600091a8                UG_TextboxGetForeColor
                0x60009224                UG_TextboxGetBackColor
                0x600092a0                UG_TextboxGetText
                0x6000931c                UG_TextboxGetFont
                0x60009398                UG_TextboxGetHSpace
                0x60009414                UG_TextboxGetVSpace
                0x60009490                UG_TextboxGetAlignment
                0x6000950c                _UG_TextboxUpdate
                0x60009790                UG_ImageCreate
                0x600098e0                UG_ImageDelete
                0x6000991c                UG_ImageShow
                0x600099a8                UG_ImageHide
                0x60009a34                UG_ImageSetBMP
                0x60009ad8                _UG_ImageUpdate
 .text          0x60009d00        0x0 /home/mustafa/arm-gnu-toolchain-13.2.rel1-x86_64-arm-none-eabi/arm-gnu-toolchain-13.2.Rel1-x86_64-arm-none-eabi/bin/../lib/gcc/arm-none-eabi/13.2.1/../../../../arm-none-eabi/lib/thumb/v7-a/nofp/libg.a(libc_a-exit.o)
 .text          0x60009d00        0x0 /home/mustafa/arm-gnu-toolchain-13.2.rel1-x86_64-arm-none-eabi/arm-gnu-toolchain-13.2.Rel1-x86_64-arm-none-eabi/bin/../lib/gcc/arm-none-eabi/13.2.1/../../../../arm-none-eabi/lib/thumb/v7-a/nofp/libg.a(libc_a-errno.o)
 .text          0x60009d00        0x0 /home/mustafa/arm-gnu-toolchain-13.2.rel1-x86_64-arm-none-eabi/arm-gnu-toolchain-13.2.Rel1-x86_64-arm-none-eabi/bin/../lib/gcc/arm-none-eabi/13.2.1/../../../../arm-none-eabi/lib/thumb/v7-a/nofp/libg.a(libc_a-malloc.o)
 .text          0x60009d00        0x0 /home/mustafa/arm-gnu-toolchain-13.2.rel1-x86_64-arm-none-eabi/arm-gnu-toolchain-13.2.Rel1-x86_64-arm-none-eabi/bin/../lib/gcc/arm-none-eabi/13.2.1/../../../../arm-none-eabi/lib/thumb/v7-a/nofp/libg.a(libc_a-mallocr.o)
 .text          0x60009d00        0x0 /home/mustafa/arm-gnu-toolchain-13.2.rel1-x86_64-arm-none-eabi/arm-gnu-toolchain-13.2.Rel1-x86_64-arm-none-eabi/bin/../lib/gcc/arm-none-eabi/13.2.1/../../../../arm-none-eabi/lib/thumb/v7-a/nofp/libg.a(libc_a-__call_atexit.o)
 .text          0x60009d00        0x0 /home/mustafa/arm-gnu-toolchain-13.2.rel1-x86_64-arm-none-eabi/arm-gnu-toolchain-13.2.Rel1-x86_64-arm-none-eabi/bin/../lib/gcc/arm-none-eabi/13.2.1/../../../../arm-none-eabi/lib/thumb/v7-a/nofp/libg.a(libc_a-fini.o)
 .text          0x60009d00        0x0 /home/mustafa/arm-gnu-toolchain-13.2.rel1-x86_64-arm-none-eabi/arm-gnu-toolchain-13.2.Rel1-x86_64-arm-none-eabi/bin/../lib/gcc/arm-none-eabi/13.2.1/../../../../arm-none-eabi/lib/thumb/v7-a/nofp/libg.a(libc_a-lock.o)
 .text          0x60009d00        0x0 /home/mustafa/arm-gnu-toolchain-13.2.rel1-x86_64-arm-none-eabi/arm-gnu-toolchain-13.2.Rel1-x86_64-arm-none-eabi/bin/../lib/gcc/arm-none-eabi/13.2.1/../../../../arm-none-eabi/lib/thumb/v7-a/nofp/libg.a(libc_a-sysconf.o)
 .text          0x60009d00        0x0 /home/mustafa/arm-gnu-toolchain-13.2.rel1-x86_64-arm-none-eabi/arm-gnu-toolchain-13.2.Rel1-x86_64-arm-none-eabi/bin/../lib/gcc/arm-none-eabi/13.2.1/../../../../arm-none-eabi/lib/thumb/v7-a/nofp/libg.a(libc_a-printf.o)
 .text          0x60009d00        0x0 /home/mustafa/arm-gnu-toolchain-13.2.rel1-x86_64-arm-none-eabi/arm-gnu-toolchain-13.2.Rel1-x86_64-arm-none-eabi/bin/../lib/gcc/arm-none-eabi/13.2.1/../../../../arm-none-eabi/lib/thumb/v7-a/nofp/libg.a(libc_a-putchar.o)
 .text          0x60009d00        0x0 /home/mustafa/arm-gnu-toolchain-13.2.rel1-x86_64-arm-none-eabi/arm-gnu-toolchain-13.2.Rel1-x86_64-arm-none-eabi/bin/../lib/gcc/arm-none-eabi/13.2.1/../../../../arm-none-eabi/lib/thumb/v7-a/nofp/libg.a(libc_a-puts.o)
 .text          0x60009d00        0x0 /home/mustafa/arm-gnu-toolchain-13.2.rel1-x86_64-arm-none-eabi/arm-gnu-toolchain-13.2.Rel1-x86_64-arm-none-eabi/bin/../lib/gcc/arm-none-eabi/13.2.1/../../../../arm-none-eabi/lib/thumb/v7-a/nofp/libg.a(libc_a-mlock.o)
 .text          0x60009d00        0x0 /home/mustafa/arm-gnu-toolchain-13.2.rel1-x86_64-arm-none-eabi/arm-gnu-toolchain-13.2.Rel1-x86_64-arm-none-eabi/bin/../lib/gcc/arm-none-eabi/13.2.1/../../../../arm-none-eabi/lib/thumb/v7-a/nofp/libg.a(libc_a-atexit.o)
 .text          0x60009d00        0x0 /home/mustafa/arm-gnu-toolchain-13.2.rel1-x86_64-arm-none-eabi/arm-gnu-toolchain-13.2.Rel1-x86_64-arm-none-eabi/bin/../lib/gcc/arm-none-eabi/13.2.1/../../../../arm-none-eabi/lib/thumb/v7-a/nofp/libg.a(libc_a-impure.o)
 .text          0x60009d00        0x0 /home/mustafa/arm-gnu-toolchain-13.2.rel1-x86_64-arm-none-eabi/arm-gnu-toolchain-13.2.Rel1-x86_64-arm-none-eabi/bin/../lib/gcc/arm-none-eabi/13.2.1/../../../../arm-none-eabi/lib/thumb/v7-a/nofp/libg.a(libc_a-findfp.o)
 .text          0x60009d00        0x0 /home/mustafa/arm-gnu-toolchain-13.2.rel1-x86_64-arm-none-eabi/arm-gnu-toolchain-13.2.Rel1-x86_64-arm-none-eabi/bin/../lib/gcc/arm-none-eabi/13.2.1/../../../../arm-none-eabi/lib/thumb/v7-a/nofp/libg.a(libc_a-freer.o)
 .text          0x60009d00       0xd8 /home/mustafa/arm-gnu-toolchain-13.2.rel1-x86_64-arm-none-eabi/arm-gnu-toolchain-13.2.Rel1-x86_64-arm-none-eabi/bin/../lib/gcc/arm-none-eabi/13.2.1/../../../../arm-none-eabi/lib/thumb/v7-a/nofp/libg.a(libc_a-strlen.o)
                0x60009d00                strlen
 .text          0x60009dd8        0x0 /home/mustafa/arm-gnu-toolchain-13.2.rel1-x86_64-arm-none-eabi/arm-gnu-toolchain-13.2.Rel1-x86_64-arm-none-eabi/bin/../lib/gcc/arm-none-eabi/13.2.1/../../../../arm-none-eabi/lib/thumb/v7-a/nofp/libg.a(libc_a-stdio.o)
 .text          0x60009dd8        0x0 /home/mustafa/arm-gnu-toolchain-13.2.rel1-x86_64-arm-none-eabi/arm-gnu-toolchain-13.2.Rel1-x86_64-arm-none-eabi/bin/../lib/gcc/arm-none-eabi/13.2.1/../../../../arm-none-eabi/lib/thumb/v7-a/nofp/libg.a(libc_a-sbrkr.o)
 .text          0x60009dd8        0x0 /home/mustafa/arm-gnu-toolchain-13.2.rel1-x86_64-arm-none-eabi/arm-gnu-toolchain-13.2.Rel1-x86_64-arm-none-eabi/bin/../lib/gcc/arm-none-eabi/13.2.1/../../../../arm-none-eabi/lib/thumb/v7-a/nofp/libg.a(libc_a-fvwrite.o)
 .text          0x60009dd8        0x0 /home/mustafa/arm-gnu-toolchain-13.2.rel1-x86_64-arm-none-eabi/arm-gnu-toolchain-13.2.Rel1-x86_64-arm-none-eabi/bin/../lib/gcc/arm-none-eabi/13.2.1/../../../../arm-none-eabi/lib/thumb/v7-a/nofp/libg.a(libc_a-fwalk.o)
 .text          0x60009dd8        0x0 /home/mustafa/arm-gnu-toolchain-13.2.rel1-x86_64-arm-none-eabi/arm-gnu-toolchain-13.2.Rel1-x86_64-arm-none-eabi/bin/../lib/gcc/arm-none-eabi/13.2.1/../../../../arm-none-eabi/lib/thumb/v7-a/nofp/libg.a(libc_a-writer.o)
 .text          0x60009dd8        0x0 /home/mustafa/arm-gnu-toolchain-13.2.rel1-x86_64-arm-none-eabi/arm-gnu-toolchain-13.2.Rel1-x86_64-arm-none-eabi/bin/../lib/gcc/arm-none-eabi/13.2.1/../../../../arm-none-eabi/lib/thumb/v7-a/nofp/libg.a(libc_a-vfprintf.o)
 .text          0x60009dd8        0x0 /home/mustafa/arm-gnu-toolchain-13.2.rel1-x86_64-arm-none-eabi/arm-gnu-toolchain-13.2.Rel1-x86_64-arm-none-eabi/bin/../lib/gcc/arm-none-eabi/13.2.1/../../../../arm-none-eabi/lib/thumb/v7-a/nofp/libg.a(libc_a-vfiprintf.o)
 .text          0x60009dd8        0x0 /home/mustafa/arm-gnu-toolchain-13.2.rel1-x86_64-arm-none-eabi/arm-gnu-toolchain-13.2.Rel1-x86_64-arm-none-eabi/bin/../lib/gcc/arm-none-eabi/13.2.1/../../../../arm-none-eabi/lib/thumb/v7-a/nofp/libg.a(libc_a-__atexit.o)
 .text          0x60009dd8        0x0 /home/mustafa/arm-gnu-toolchain-13.2.rel1-x86_64-arm-none-eabi/arm-gnu-toolchain-13.2.Rel1-x86_64-arm-none-eabi/bin/../lib/gcc/arm-none-eabi/13.2.1/../../../../arm-none-eabi/lib/thumb/v7-a/nofp/libg.a(libc_a-memmove.o)
 .text          0x60009dd8        0x0 /home/mustafa/arm-gnu-toolchain-13.2.rel1-x86_64-arm-none-eabi/arm-gnu-toolchain-13.2.Rel1-x86_64-arm-none-eabi/bin/../lib/gcc/arm-none-eabi/13.2.1/../../../../arm-none-eabi/lib/thumb/v7-a/nofp/libg.a(libc_a-memset.o)
 .text          0x60009dd8        0x0 /home/mustafa/arm-gnu-toolchain-13.2.rel1-x86_64-arm-none-eabi/arm-gnu-toolchain-13.2.Rel1-x86_64-arm-none-eabi/bin/../lib/gcc/arm-none-eabi/13.2.1/../../../../arm-none-eabi/lib/thumb/v7-a/nofp/libg.a(libc_a-wcrtomb.o)
 .text          0x60009dd8        0x0 /home/mustafa/arm-gnu-toolchain-13.2.rel1-x86_64-arm-none-eabi/arm-gnu-toolchain-13.2.Rel1-x86_64-arm-none-eabi/bin/../lib/gcc/arm-none-eabi/13.2.1/../../../../arm-none-eabi/lib/thumb/v7-a/nofp/libg.a(libc_a-locale.o)
 .text          0x60009dd8        0x0 /home/mustafa/arm-gnu-toolchain-13.2.rel1-x86_64-arm-none-eabi/arm-gnu-toolchain-13.2.Rel1-x86_64-arm-none-eabi/bin/../lib/gcc/arm-none-eabi/13.2.1/../../../../arm-none-eabi/lib/thumb/v7-a/nofp/libg.a(libc_a-localeconv.o)
 .text          0x60009dd8        0x0 /home/mustafa/arm-gnu-toolchain-13.2.rel1-x86_64-arm-none-eabi/arm-gnu-toolchain-13.2.Rel1-x86_64-arm-none-eabi/bin/../lib/gcc/arm-none-eabi/13.2.1/../../../../arm-none-eabi/lib/thumb/v7-a/nofp/libg.a(libc_a-fclose.o)
 .text          0x60009dd8        0x0 /home/mustafa/arm-gnu-toolchain-13.2.rel1-x86_64-arm-none-eabi/arm-gnu-toolchain-13.2.Rel1-x86_64-arm-none-eabi/bin/../lib/gcc/arm-none-eabi/13.2.1/../../../../arm-none-eabi/lib/thumb/v7-a/nofp/libg.a(libc_a-wsetup.o)
 .text          0x60009dd8        0x0 /home/mustafa/arm-gnu-toolchain-13.2.rel1-x86_64-arm-none-eabi/arm-gnu-toolchain-13.2.Rel1-x86_64-arm-none-eabi/bin/../lib/gcc/arm-none-eabi/13.2.1/../../../../arm-none-eabi/lib/thumb/v7-a/nofp/libg.a(libc_a-makebuf.o)
 *fill*         0x60009dd8        0x8 
 .text          0x60009de0      0x2e0 /home/mustafa/arm-gnu-toolchain-13.2.rel1-x86_64-arm-none-eabi/arm-gnu-toolchain-13.2.Rel1-x86_64-arm-none-eabi/bin/../lib/gcc/arm-none-eabi/13.2.1/../../../../arm-none-eabi/lib/thumb/v7-a/nofp/libg.a(libc_a-strcmp.o)
                0x60009de0                strcmp
 .text          0x6000a0c0        0x0 /home/mustafa/arm-gnu-toolchain-13.2.rel1-x86_64-arm-none-eabi/arm-gnu-toolchain-13.2.Rel1-x86_64-arm-none-eabi/bin/../lib/gcc/arm-none-eabi/13.2.1/../../../../arm-none-eabi/lib/thumb/v7-a/nofp/libg.a(libc_a-strcpy.o)
 .text          0x6000a0c0        0x0 /home/mustafa/arm-gnu-toolchain-13.2.rel1-x86_64-arm-none-eabi/arm-gnu-toolchain-13.2.Rel1-x86_64-arm-none-eabi/bin/../lib/gcc/arm-none-eabi/13.2.1/../../../../arm-none-eabi/lib/thumb/v7-a/nofp/libg.a(libc_a-putc.o)
 .text          0x6000a0c0        0x0 /home/mustafa/arm-gnu-toolchain-13.2.rel1-x86_64-arm-none-eabi/arm-gnu-toolchain-13.2.Rel1-x86_64-arm-none-eabi/bin/../lib/gcc/arm-none-eabi/13.2.1/../../../../arm-none-eabi/lib/thumb/v7-a/nofp/libg.a(libc_a-strchr.o)
 .text          0x6000a0c0        0x0 /home/mustafa/arm-gnu-toolchain-13.2.rel1-x86_64-arm-none-eabi/arm-gnu-toolchain-13.2.Rel1-x86_64-arm-none-eabi/bin/../lib/gcc/arm-none-eabi/13.2.1/../../../../arm-none-eabi/lib/thumb/v7-a/nofp/libg.a(libc_a-wcsrtombs.o)
 .text          0x6000a0c0        0x0 /home/mustafa/arm-gnu-toolchain-13.2.rel1-x86_64-arm-none-eabi/arm-gnu-toolchain-13.2.Rel1-x86_64-arm-none-eabi/bin/../lib/gcc/arm-none-eabi/13.2.1/../../../../arm-none-eabi/lib/thumb/v7-a/nofp/libg.a(libc_a-dtoa.o)
 .text          0x6000a0c0        0x0 /home/mustafa/arm-gnu-toolchain-13.2.rel1-x86_64-arm-none-eabi/arm-gnu-toolchain-13.2.Rel1-x86_64-arm-none-eabi/bin/../lib/gcc/arm-none-eabi/13.2.1/../../../../arm-none-eabi/lib/thumb/v7-a/nofp/libg.a(libc_a-ctype_.o)
 .text          0x6000a0c0        0x0 /home/mustafa/arm-gnu-toolchain-13.2.rel1-x86_64-arm-none-eabi/arm-gnu-toolchain-13.2.Rel1-x86_64-arm-none-eabi/bin/../lib/gcc/arm-none-eabi/13.2.1/../../../../arm-none-eabi/lib/thumb/v7-a/nofp/libg.a(libc_a-closer.o)
 .text          0x6000a0c0        0x0 /home/mustafa/arm-gnu-toolchain-13.2.rel1-x86_64-arm-none-eabi/arm-gnu-toolchain-13.2.Rel1-x86_64-arm-none-eabi/bin/../lib/gcc/arm-none-eabi/13.2.1/../../../../arm-none-eabi/lib/thumb/v7-a/nofp/libg.a(libc_a-reent.o)
 .text          0x6000a0c0        0x0 /home/mustafa/arm-gnu-toolchain-13.2.rel1-x86_64-arm-none-eabi/arm-gnu-toolchain-13.2.Rel1-x86_64-arm-none-eabi/bin/../lib/gcc/arm-none-eabi/13.2.1/../../../../arm-none-eabi/lib/thumb/v7-a/nofp/libg.a(libc_a-fflush.o)
 .text          0x6000a0c0       0xa0 /home/mustafa/arm-gnu-toolchain-13.2.rel1-x86_64-arm-none-eabi/arm-gnu-toolchain-13.2.Rel1-x86_64-arm-none-eabi/bin/../lib/gcc/arm-none-eabi/13.2.1/../../../../arm-none-eabi/lib/thumb/v7-a/nofp/libg.a(libc_a-memchr.o)
                0x6000a0c0                memchr
 *fill*         0x6000a160       0x20 
 .text          0x6000a180      0x420 /home/mustafa/arm-gnu-toolchain-13.2.rel1-x86_64-arm-none-eabi/arm-gnu-toolchain-13.2.Rel1-x86_64-arm-none-eabi/bin/../lib/gcc/arm-none-eabi/13.2.1/../../../../arm-none-eabi/lib/thumb/v7-a/nofp/libg.a(libc_a-memcpy.o)
                0x6000a180                memcpy
 .text          0x6000a5a0        0x0 /home/mustafa/arm-gnu-toolchain-13.2.rel1-x86_64-arm-none-eabi/arm-gnu-toolchain-13.2.Rel1-x86_64-arm-none-eabi/bin/../lib/gcc/arm-none-eabi/13.2.1/../../../../arm-none-eabi/lib/thumb/v7-a/nofp/libg.a(libm_a-s_frexp.o)
 .text          0x6000a5a0        0x0 /home/mustafa/arm-gnu-toolchain-13.2.rel1-x86_64-arm-none-eabi/arm-gnu-toolchain-13.2.Rel1-x86_64-arm-none-eabi/bin/../lib/gcc/arm-none-eabi/13.2.1/../../../../arm-none-eabi/lib/thumb/v7-a/nofp/libg.a(libc_a-reallocr.o)
 .text          0x6000a5a0        0x0 /home/mustafa/arm-gnu-toolchain-13.2.rel1-x86_64-arm-none-eabi/arm-gnu-toolchain-13.2.Rel1-x86_64-arm-none-eabi/bin/../lib/gcc/arm-none-eabi/13.2.1/../../../../arm-none-eabi/lib/thumb/v7-a/nofp/libg.a(libc_a-strlcpy.o)
 .text          0x6000a5a0        0x0 /home/mustafa/arm-gnu-toolchain-13.2.rel1-x86_64-arm-none-eabi/arm-gnu-toolchain-13.2.Rel1-x86_64-arm-none-eabi/bin/../lib/gcc/arm-none-eabi/13.2.1/../../../../arm-none-eabi/lib/thumb/v7-a/nofp/libg.a(libc_a-strtol.o)
 .text          0x6000a5a0        0x0 /home/mustafa/arm-gnu-toolchain-13.2.rel1-x86_64-arm-none-eabi/arm-gnu-toolchain-13.2.Rel1-x86_64-arm-none-eabi/bin/../lib/gcc/arm-none-eabi/13.2.1/../../../../arm-none-eabi/lib/thumb/v7-a/nofp/libg.a(libc_a-strncasecmp.o)
 .text          0x6000a5a0        0x0 /home/mustafa/arm-gnu-toolchain-13.2.rel1-x86_64-arm-none-eabi/arm-gnu-toolchain-13.2.Rel1-x86_64-arm-none-eabi/bin/../lib/gcc/arm-none-eabi/13.2.1/../../../../arm-none-eabi/lib/thumb/v7-a/nofp/libg.a(libc_a-getenv_r.o)
 .text          0x6000a5a0        0x0 /home/mustafa/arm-gnu-toolchain-13.2.rel1-x86_64-arm-none-eabi/arm-gnu-toolchain-13.2.Rel1-x86_64-arm-none-eabi/bin/../lib/gcc/arm-none-eabi/13.2.1/../../../../arm-none-eabi/lib/thumb/v7-a/nofp/libg.a(libc_a-strncpy.o)
 .text          0x6000a5a0        0x0 /home/mustafa/arm-gnu-toolchain-13.2.rel1-x86_64-arm-none-eabi/arm-gnu-toolchain-13.2.Rel1-x86_64-arm-none-eabi/bin/../lib/gcc/arm-none-eabi/13.2.1/../../../../arm-none-eabi/lib/thumb/v7-a/nofp/libg.a(libc_a-fstatr.o)
 .text          0x6000a5a0        0x0 /home/mustafa/arm-gnu-toolchain-13.2.rel1-x86_64-arm-none-eabi/arm-gnu-toolchain-13.2.Rel1-x86_64-arm-none-eabi/bin/../lib/gcc/arm-none-eabi/13.2.1/../../../../arm-none-eabi/lib/thumb/v7-a/nofp/libg.a(libc_a-isattyr.o)
 .text          0x6000a5a0        0x0 /home/mustafa/arm-gnu-toolchain-13.2.rel1-x86_64-arm-none-eabi/arm-gnu-toolchain-13.2.Rel1-x86_64-arm-none-eabi/bin/../lib/gcc/arm-none-eabi/13.2.1/../../../../arm-none-eabi/lib/thumb/v7-a/nofp/libg.a(libc_a-lseekr.o)
 .text          0x6000a5a0        0x0 /home/mustafa/arm-gnu-toolchain-13.2.rel1-x86_64-arm-none-eabi/arm-gnu-toolchain-13.2.Rel1-x86_64-arm-none-eabi/bin/../lib/gcc/arm-none-eabi/13.2.1/../../../../arm-none-eabi/lib/thumb/v7-a/nofp/libg.a(libc_a-readr.o)
 .text          0x6000a5a0        0x0 /home/mustafa/arm-gnu-toolchain-13.2.rel1-x86_64-arm-none-eabi/arm-gnu-toolchain-13.2.Rel1-x86_64-arm-none-eabi/bin/../lib/gcc/arm-none-eabi/13.2.1/../../../../arm-none-eabi/lib/thumb/v7-a/nofp/libg.a(libc_a-fputwc.o)
 .text          0x6000a5a0        0x0 /home/mustafa/arm-gnu-toolchain-13.2.rel1-x86_64-arm-none-eabi/arm-gnu-toolchain-13.2.Rel1-x86_64-arm-none-eabi/bin/../lib/gcc/arm-none-eabi/13.2.1/../../../../arm-none-eabi/lib/thumb/v7-a/nofp/libg.a(libc_a-wctomb_r.o)
 .text          0x6000a5a0        0x0 /home/mustafa/arm-gnu-toolchain-13.2.rel1-x86_64-arm-none-eabi/arm-gnu-toolchain-13.2.Rel1-x86_64-arm-none-eabi/bin/../lib/gcc/arm-none-eabi/13.2.1/../../../../arm-none-eabi/lib/thumb/v7-a/nofp/libg.a(libc_a-wbuf.o)
 .text          0x6000a5a0        0x0 /home/mustafa/arm-gnu-toolchain-13.2.rel1-x86_64-arm-none-eabi/arm-gnu-toolchain-13.2.Rel1-x86_64-arm-none-eabi/bin/../lib/gcc/arm-none-eabi/13.2.1/../../../../arm-none-eabi/lib/thumb/v7-a/nofp/libg.a(libc_a-mbtowc_r.o)
 .text          0x6000a5a0        0x0 /home/mustafa/arm-gnu-toolchain-13.2.rel1-x86_64-arm-none-eabi/arm-gnu-toolchain-13.2.Rel1-x86_64-arm-none-eabi/bin/../lib/gcc/arm-none-eabi/13.2.1/../../../../arm-none-eabi/lib/thumb/v7-a/nofp/libg.a(libc_a-assert.o)
 .text          0x6000a5a0        0x0 /home/mustafa/arm-gnu-toolchain-13.2.rel1-x86_64-arm-none-eabi/arm-gnu-toolchain-13.2.Rel1-x86_64-arm-none-eabi/bin/../lib/gcc/arm-none-eabi/13.2.1/../../../../arm-none-eabi/lib/thumb/v7-a/nofp/libg.a(libc_a-strcasecmp.o)
 .text          0x6000a5a0        0x0 /home/mustafa/arm-gnu-toolchain-13.2.rel1-x86_64-arm-none-eabi/arm-gnu-toolchain-13.2.Rel1-x86_64-arm-none-eabi/bin/../lib/gcc/arm-none-eabi/13.2.1/../../../../arm-none-eabi/lib/thumb/v7-a/nofp/libg.a(libc_a-strcat.o)
 .text          0x6000a5a0        0x0 /home/mustafa/arm-gnu-toolchain-13.2.rel1-x86_64-arm-none-eabi/arm-gnu-toolchain-13.2.Rel1-x86_64-arm-none-eabi/bin/../lib/gcc/arm-none-eabi/13.2.1/../../../../arm-none-eabi/lib/thumb/v7-a/nofp/libg.a(libc_a-mprec.o)
 .text          0x6000a5a0        0x0 /home/mustafa/arm-gnu-toolchain-13.2.rel1-x86_64-arm-none-eabi/arm-gnu-toolchain-13.2.Rel1-x86_64-arm-none-eabi/bin/../lib/gcc/arm-none-eabi/13.2.1/../../../../arm-none-eabi/lib/thumb/v7-a/nofp/libg.a(libc_a-callocr.o)
 .text          0x6000a5a0        0x0 /home/mustafa/arm-gnu-toolchain-13.2.rel1-x86_64-arm-none-eabi/arm-gnu-toolchain-13.2.Rel1-x86_64-arm-none-eabi/bin/../lib/gcc/arm-none-eabi/13.2.1/../../../../arm-none-eabi/lib/thumb/v7-a/nofp/libg.a(libc_a-wcsnrtombs.o)
 .text          0x6000a5a0        0x0 /home/mustafa/arm-gnu-toolchain-13.2.rel1-x86_64-arm-none-eabi/arm-gnu-toolchain-13.2.Rel1-x86_64-arm-none-eabi/bin/../lib/gcc/arm-none-eabi/13.2.1/../../../../arm-none-eabi/lib/thumb/v7-a/nofp/libg.a(libc_a-environ.o)
 .text          0x6000a5a0        0x0 /home/mustafa/arm-gnu-toolchain-13.2.rel1-x86_64-arm-none-eabi/arm-gnu-toolchain-13.2.Rel1-x86_64-arm-none-eabi/bin/../lib/gcc/arm-none-eabi/13.2.1/../../../../arm-none-eabi/lib/thumb/v7-a/nofp/libg.a(libc_a-envlock.o)
 .text          0x6000a5a0        0x0 /home/mustafa/arm-gnu-toolchain-13.2.rel1-x86_64-arm-none-eabi/arm-gnu-toolchain-13.2.Rel1-x86_64-arm-none-eabi/bin/../lib/gcc/arm-none-eabi/13.2.1/../../../../arm-none-eabi/lib/thumb/v7-a/nofp/libg.a(libc_a-strncmp.o)
 .text          0x6000a5a0        0x0 /home/mustafa/arm-gnu-toolchain-13.2.rel1-x86_64-arm-none-eabi/arm-gnu-toolchain-13.2.Rel1-x86_64-arm-none-eabi/bin/../lib/gcc/arm-none-eabi/13.2.1/../../../../arm-none-eabi/lib/thumb/v7-a/nofp/libg.a(libc_a-fiprintf.o)
 .text          0x6000a5a0        0x0 /home/mustafa/arm-gnu-toolchain-13.2.rel1-x86_64-arm-none-eabi/arm-gnu-toolchain-13.2.Rel1-x86_64-arm-none-eabi/bin/../lib/gcc/arm-none-eabi/13.2.1/../../../../arm-none-eabi/lib/thumb/v7-a/nofp/libg.a(libc_a-abort.o)
 .text          0x6000a5a0        0x0 /home/mustafa/arm-gnu-toolchain-13.2.rel1-x86_64-arm-none-eabi/arm-gnu-toolchain-13.2.Rel1-x86_64-arm-none-eabi/bin/../lib/gcc/arm-none-eabi/13.2.1/../../../../arm-none-eabi/lib/thumb/v7-a/nofp/libg.a(libc_a-signal.o)
 .text          0x6000a5a0        0x0 /home/mustafa/arm-gnu-toolchain-13.2.rel1-x86_64-arm-none-eabi/arm-gnu-toolchain-13.2.Rel1-x86_64-arm-none-eabi/bin/../lib/gcc/arm-none-eabi/13.2.1/../../../../arm-none-eabi/lib/thumb/v7-a/nofp/libg.a(libc_a-signalr.o)
 .text          0x6000a5a0      0x254 /home/mustafa/arm-gnu-toolchain-13.2.rel1-x86_64-arm-none-eabi/arm-gnu-toolchain-13.2.Rel1-x86_64-arm-none-eabi/bin/../lib/gcc/arm-none-eabi/13.2.1/thumb/v7-a/nofp/libgcc.a(_arm_muldf3.o)
 *fill*         0x6000a7f4        0x4 
 .text          0x6000a7f8      0x278 /home/mustafa/arm-gnu-toolchain-13.2.rel1-x86_64-arm-none-eabi/arm-gnu-toolchain-13.2.Rel1-x86_64-arm-none-eabi/bin/../lib/gcc/arm-none-eabi/13.2.1/thumb/v7-a/nofp/libgcc.a(_udivsi3.o)
                0x6000a7f8                __udivsi3
                0x6000a7f8                __aeabi_uidiv
                0x6000aa54                __aeabi_uidivmod
 .text          0x6000aa70      0x2b0 /home/mustafa/arm-gnu-toolchain-13.2.rel1-x86_64-arm-none-eabi/arm-gnu-toolchain-13.2.Rel1-x86_64-arm-none-eabi/bin/../lib/gcc/arm-none-eabi/13.2.1/thumb/v7-a/nofp/libgcc.a(_divsi3.o)
                0x6000aa70                __aeabi_idiv
                0x6000aa70                __divsi3
                0x6000ad04                __aeabi_idivmod
 .text          0x6000ad20        0x4 /home/mustafa/arm-gnu-toolchain-13.2.rel1-x86_64-arm-none-eabi/arm-gnu-toolchain-13.2.Rel1-x86_64-arm-none-eabi/bin/../lib/gcc/arm-none-eabi/13.2.1/thumb/v7-a/nofp/libgcc.a(_dvmd_tls.o)
                0x6000ad20                __aeabi_ldiv0
                0x6000ad20                __aeabi_idiv0
 .text          0x6000ad24      0x378 /home/mustafa/arm-gnu-toolchain-13.2.rel1-x86_64-arm-none-eabi/arm-gnu-toolchain-13.2.Rel1-x86_64-arm-none-eabi/bin/../lib/gcc/arm-none-eabi/13.2.1/thumb/v7-a/nofp/libgcc.a(_arm_addsubdf3.o)
                0x6000ad24                __aeabi_drsub
                0x6000ad2c                __aeabi_dsub
                0x6000ad2c                __subdf3
                0x6000ad30                __adddf3
                0x6000ad30                __aeabi_dadd
                0x6000afa8                __aeabi_ui2d
                0x6000afa8                __floatunsidf
                0x6000afc8                __floatsidf
                0x6000afc8                __aeabi_i2d
                0x6000afec                __extendsfdf2
                0x6000afec                __aeabi_f2d
                0x6000b030                __aeabi_ul2d
                0x6000b030                __floatundidf
                0x6000b040                __floatdidf
                0x6000b040                __aeabi_l2d
 .text          0x6000b09c      0x424 /home/mustafa/arm-gnu-toolchain-13.2.rel1-x86_64-arm-none-eabi/arm-gnu-toolchain-13.2.Rel1-x86_64-arm-none-eabi/bin/../lib/gcc/arm-none-eabi/13.2.1/thumb/v7-a/nofp/libgcc.a(_arm_muldivdf3.o)
                0x6000b09c                __aeabi_dmul
                0x6000b09c                __muldf3
                0x6000b2f0                __aeabi_ddiv
                0x6000b2f0                __divdf3
 .text          0x6000b4c0      0x110 /home/mustafa/arm-gnu-toolchain-13.2.rel1-x86_64-arm-none-eabi/arm-gnu-toolchain-13.2.Rel1-x86_64-arm-none-eabi/bin/../lib/gcc/arm-none-eabi/13.2.1/thumb/v7-a/nofp/libgcc.a(_arm_cmpdf2.o)
                0x6000b4c0                __gtdf2
                0x6000b4c0                __gedf2
                0x6000b4c8                __ltdf2
                0x6000b4c8                __ledf2
                0x6000b4d0                __cmpdf2
                0x6000b4d0                __eqdf2
                0x6000b4d0                __nedf2
                0x6000b54c                __aeabi_cdrcmple
                0x6000b55c                __aeabi_cdcmple
                0x6000b55c                __aeabi_cdcmpeq
                0x6000b56c                __aeabi_dcmpeq
                0x6000b580                __aeabi_dcmplt
                0x6000b594                __aeabi_dcmple
                0x6000b5a8                __aeabi_dcmpge
                0x6000b5bc                __aeabi_dcmpgt
 .text          0x6000b5d0       0x2c /home/mustafa/arm-gnu-toolchain-13.2.rel1-x86_64-arm-none-eabi/arm-gnu-toolchain-13.2.Rel1-x86_64-arm-none-eabi/bin/../lib/gcc/arm-none-eabi/13.2.1/thumb/v7-a/nofp/libgcc.a(_arm_unorddf2.o)
                0x6000b5d0                __aeabi_dcmpun
                0x6000b5d0                __unorddf2
 .text          0x6000b5fc       0x50 /home/mustafa/arm-gnu-toolchain-13.2.rel1-x86_64-arm-none-eabi/arm-gnu-toolchain-13.2.Rel1-x86_64-arm-none-eabi/bin/../lib/gcc/arm-none-eabi/13.2.1/thumb/v7-a/nofp/libgcc.a(_arm_fixdfsi.o)
                0x6000b5fc                __fixdfsi
                0x6000b5fc                __aeabi_d2iz
 .text          0x6000b64c        0x0 /home/mustafa/arm-gnu-toolchain-13.2.rel1-x86_64-arm-none-eabi/arm-gnu-toolchain-13.2.Rel1-x86_64-arm-none-eabi/bin/../lib/gcc/arm-none-eabi/13.2.1/../../../../arm-none-eabi/lib/thumb/v7-a/nofp/libnosys.a(getpid.o)
 .text          0x6000b64c        0x0 /home/mustafa/arm-gnu-toolchain-13.2.rel1-x86_64-arm-none-eabi/arm-gnu-toolchain-13.2.Rel1-x86_64-arm-none-eabi/bin/../lib/gcc/arm-none-eabi/13.2.1/../../../../arm-none-eabi/lib/thumb/v7-a/nofp/libnosys.a(kill.o)
 *(.text*)
 .text.exit     0x6000b64c       0x20 /home/mustafa/arm-gnu-toolchain-13.2.rel1-x86_64-arm-none-eabi/arm-gnu-toolchain-13.2.Rel1-x86_64-arm-none-eabi/bin/../lib/gcc/arm-none-eabi/13.2.1/../../../../arm-none-eabi/lib/thumb/v7-a/nofp/libg.a(libc_a-exit.o)
                0x6000b64c                exit
 .text.__errno  0x6000b66c        0xc /home/mustafa/arm-gnu-toolchain-13.2.rel1-x86_64-arm-none-eabi/arm-gnu-toolchain-13.2.Rel1-x86_64-arm-none-eabi/bin/../lib/gcc/arm-none-eabi/13.2.1/../../../../arm-none-eabi/lib/thumb/v7-a/nofp/libg.a(libc_a-errno.o)
                0x6000b66c                __errno
 .text.malloc   0x6000b678       0x10 /home/mustafa/arm-gnu-toolchain-13.2.rel1-x86_64-arm-none-eabi/arm-gnu-toolchain-13.2.Rel1-x86_64-arm-none-eabi/bin/../lib/gcc/arm-none-eabi/13.2.1/../../../../arm-none-eabi/lib/thumb/v7-a/nofp/libg.a(libc_a-malloc.o)
                0x6000b678                malloc
 .text.free     0x6000b688       0x10 /home/mustafa/arm-gnu-toolchain-13.2.rel1-x86_64-arm-none-eabi/arm-gnu-toolchain-13.2.Rel1-x86_64-arm-none-eabi/bin/../lib/gcc/arm-none-eabi/13.2.1/../../../../arm-none-eabi/lib/thumb/v7-a/nofp/libg.a(libc_a-malloc.o)
                0x6000b688                free
 .text._malloc_r
                0x6000b698      0x58c /home/mustafa/arm-gnu-toolchain-13.2.rel1-x86_64-arm-none-eabi/arm-gnu-toolchain-13.2.Rel1-x86_64-arm-none-eabi/bin/../lib/gcc/arm-none-eabi/13.2.1/../../../../arm-none-eabi/lib/thumb/v7-a/nofp/libg.a(libc_a-mallocr.o)
                0x6000b698                _malloc_r
 .text.startup.register_fini
                0x6000bc24       0x18 /home/mustafa/arm-gnu-toolchain-13.2.rel1-x86_64-arm-none-eabi/arm-gnu-toolchain-13.2.Rel1-x86_64-arm-none-eabi/bin/../lib/gcc/arm-none-eabi/13.2.1/../../../../arm-none-eabi/lib/thumb/v7-a/nofp/libg.a(libc_a-__call_atexit.o)
 .text.__call_exitprocs
                0x6000bc3c       0xd0 /home/mustafa/arm-gnu-toolchain-13.2.rel1-x86_64-arm-none-eabi/arm-gnu-toolchain-13.2.Rel1-x86_64-arm-none-eabi/bin/../lib/gcc/arm-none-eabi/13.2.1/../../../../arm-none-eabi/lib/thumb/v7-a/nofp/libg.a(libc_a-__call_atexit.o)
                0x6000bc3c                __call_exitprocs
 .text.__libc_fini_array
                0x6000bd0c       0x2c /home/mustafa/arm-gnu-toolchain-13.2.rel1-x86_64-arm-none-eabi/arm-gnu-toolchain-13.2.Rel1-x86_64-arm-none-eabi/bin/../lib/gcc/arm-none-eabi/13.2.1/../../../../arm-none-eabi/lib/thumb/v7-a/nofp/libg.a(libc_a-fini.o)
                0x6000bd0c                __libc_fini_array
 .text.__retarget_lock_init
                0x6000bd38        0x4 /home/mustafa/arm-gnu-toolchain-13.2.rel1-x86_64-arm-none-eabi/arm-gnu-toolchain-13.2.Rel1-x86_64-arm-none-eabi/bin/../lib/gcc/arm-none-eabi/13.2.1/../../../../arm-none-eabi/lib/thumb/v7-a/nofp/libg.a(libc_a-lock.o)
                0x6000bd38                __retarget_lock_init
 .text.__retarget_lock_init_recursive
                0x6000bd3c        0x4 /home/mustafa/arm-gnu-toolchain-13.2.rel1-x86_64-arm-none-eabi/arm-gnu-toolchain-13.2.Rel1-x86_64-arm-none-eabi/bin/../lib/gcc/arm-none-eabi/13.2.1/../../../../arm-none-eabi/lib/thumb/v7-a/nofp/libg.a(libc_a-lock.o)
                0x6000bd3c                __retarget_lock_init_recursive
 .text.__retarget_lock_close
                0x6000bd40        0x4 /home/mustafa/arm-gnu-toolchain-13.2.rel1-x86_64-arm-none-eabi/arm-gnu-toolchain-13.2.Rel1-x86_64-arm-none-eabi/bin/../lib/gcc/arm-none-eabi/13.2.1/../../../../arm-none-eabi/lib/thumb/v7-a/nofp/libg.a(libc_a-lock.o)
                0x6000bd40                __retarget_lock_close
 .text.__retarget_lock_close_recursive
                0x6000bd44        0x4 /home/mustafa/arm-gnu-toolchain-13.2.rel1-x86_64-arm-none-eabi/arm-gnu-toolchain-13.2.Rel1-x86_64-arm-none-eabi/bin/../lib/gcc/arm-none-eabi/13.2.1/../../../../arm-none-eabi/lib/thumb/v7-a/nofp/libg.a(libc_a-lock.o)
                0x6000bd44                __retarget_lock_close_recursive
 .text.__retarget_lock_acquire
                0x6000bd48        0x4 /home/mustafa/arm-gnu-toolchain-13.2.rel1-x86_64-arm-none-eabi/arm-gnu-toolchain-13.2.Rel1-x86_64-arm-none-eabi/bin/../lib/gcc/arm-none-eabi/13.2.1/../../../../arm-none-eabi/lib/thumb/v7-a/nofp/libg.a(libc_a-lock.o)
                0x6000bd48                __retarget_lock_acquire
 .text.__retarget_lock_acquire_recursive
                0x6000bd4c        0x4 /home/mustafa/arm-gnu-toolchain-13.2.rel1-x86_64-arm-none-eabi/arm-gnu-toolchain-13.2.Rel1-x86_64-arm-none-eabi/bin/../lib/gcc/arm-none-eabi/13.2.1/../../../../arm-none-eabi/lib/thumb/v7-a/nofp/libg.a(libc_a-lock.o)
                0x6000bd4c                __retarget_lock_acquire_recursive
 .text.__retarget_lock_try_acquire
                0x6000bd50        0x4 /home/mustafa/arm-gnu-toolchain-13.2.rel1-x86_64-arm-none-eabi/arm-gnu-toolchain-13.2.Rel1-x86_64-arm-none-eabi/bin/../lib/gcc/arm-none-eabi/13.2.1/../../../../arm-none-eabi/lib/thumb/v7-a/nofp/libg.a(libc_a-lock.o)
                0x6000bd50                __retarget_lock_try_acquire
 .text.__retarget_lock_try_acquire_recursive
                0x6000bd54        0x4 /home/mustafa/arm-gnu-toolchain-13.2.rel1-x86_64-arm-none-eabi/arm-gnu-toolchain-13.2.Rel1-x86_64-arm-none-eabi/bin/../lib/gcc/arm-none-eabi/13.2.1/../../../../arm-none-eabi/lib/thumb/v7-a/nofp/libg.a(libc_a-lock.o)
                0x6000bd54                __retarget_lock_try_acquire_recursive
 .text.__retarget_lock_release
                0x6000bd58        0x4 /home/mustafa/arm-gnu-toolchain-13.2.rel1-x86_64-arm-none-eabi/arm-gnu-toolchain-13.2.Rel1-x86_64-arm-none-eabi/bin/../lib/gcc/arm-none-eabi/13.2.1/../../../../arm-none-eabi/lib/thumb/v7-a/nofp/libg.a(libc_a-lock.o)
                0x6000bd58                __retarget_lock_release
 .text.__retarget_lock_release_recursive
                0x6000bd5c        0x4 /home/mustafa/arm-gnu-toolchain-13.2.rel1-x86_64-arm-none-eabi/arm-gnu-toolchain-13.2.Rel1-x86_64-arm-none-eabi/bin/../lib/gcc/arm-none-eabi/13.2.1/../../../../arm-none-eabi/lib/thumb/v7-a/nofp/libg.a(libc_a-lock.o)
                0x6000bd5c                __retarget_lock_release_recursive
 .text.sysconf  0x6000bd60       0x1c /home/mustafa/arm-gnu-toolchain-13.2.rel1-x86_64-arm-none-eabi/arm-gnu-toolchain-13.2.Rel1-x86_64-arm-none-eabi/bin/../lib/gcc/arm-none-eabi/13.2.1/../../../../arm-none-eabi/lib/thumb/v7-a/nofp/libg.a(libc_a-sysconf.o)
                0x6000bd60                sysconf
 .text._printf_r
                0x6000bd7c       0x20 /home/mustafa/arm-gnu-toolchain-13.2.rel1-x86_64-arm-none-eabi/arm-gnu-toolchain-13.2.Rel1-x86_64-arm-none-eabi/bin/../lib/gcc/arm-none-eabi/13.2.1/../../../../arm-none-eabi/lib/thumb/v7-a/nofp/libg.a(libc_a-printf.o)
                0x6000bd7c                _printf_r
 .text.printf   0x6000bd9c       0x28 /home/mustafa/arm-gnu-toolchain-13.2.rel1-x86_64-arm-none-eabi/arm-gnu-toolchain-13.2.Rel1-x86_64-arm-none-eabi/bin/../lib/gcc/arm-none-eabi/13.2.1/../../../../arm-none-eabi/lib/thumb/v7-a/nofp/libg.a(libc_a-printf.o)
                0x6000bd9c                printf
 .text._putchar_r
                0x6000bdc4        0x8 /home/mustafa/arm-gnu-toolchain-13.2.rel1-x86_64-arm-none-eabi/arm-gnu-toolchain-13.2.Rel1-x86_64-arm-none-eabi/bin/../lib/gcc/arm-none-eabi/13.2.1/../../../../arm-none-eabi/lib/thumb/v7-a/nofp/libg.a(libc_a-putchar.o)
                0x6000bdc4                _putchar_r
 .text.putchar  0x6000bdcc       0x14 /home/mustafa/arm-gnu-toolchain-13.2.rel1-x86_64-arm-none-eabi/arm-gnu-toolchain-13.2.Rel1-x86_64-arm-none-eabi/bin/../lib/gcc/arm-none-eabi/13.2.1/../../../../arm-none-eabi/lib/thumb/v7-a/nofp/libg.a(libc_a-putchar.o)
                0x6000bdcc                putchar
 .text._puts_r  0x6000bde0       0x9c /home/mustafa/arm-gnu-toolchain-13.2.rel1-x86_64-arm-none-eabi/arm-gnu-toolchain-13.2.Rel1-x86_64-arm-none-eabi/bin/../lib/gcc/arm-none-eabi/13.2.1/../../../../arm-none-eabi/lib/thumb/v7-a/nofp/libg.a(libc_a-puts.o)
                0x6000bde0                _puts_r
 .text.puts     0x6000be7c       0x10 /home/mustafa/arm-gnu-toolchain-13.2.rel1-x86_64-arm-none-eabi/arm-gnu-toolchain-13.2.Rel1-x86_64-arm-none-eabi/bin/../lib/gcc/arm-none-eabi/13.2.1/../../../../arm-none-eabi/lib/thumb/v7-a/nofp/libg.a(libc_a-puts.o)
                0x6000be7c                puts
 .text.__malloc_lock
                0x6000be8c        0xc /home/mustafa/arm-gnu-toolchain-13.2.rel1-x86_64-arm-none-eabi/arm-gnu-toolchain-13.2.Rel1-x86_64-arm-none-eabi/bin/../lib/gcc/arm-none-eabi/13.2.1/../../../../arm-none-eabi/lib/thumb/v7-a/nofp/libg.a(libc_a-mlock.o)
                0x6000be8c                __malloc_lock
 .text.__malloc_unlock
                0x6000be98        0xc /home/mustafa/arm-gnu-toolchain-13.2.rel1-x86_64-arm-none-eabi/arm-gnu-toolchain-13.2.Rel1-x86_64-arm-none-eabi/bin/../lib/gcc/arm-none-eabi/13.2.1/../../../../arm-none-eabi/lib/thumb/v7-a/nofp/libg.a(libc_a-mlock.o)
                0x6000be98                __malloc_unlock
 .text.atexit   0x6000bea4        0xc /home/mustafa/arm-gnu-toolchain-13.2.rel1-x86_64-arm-none-eabi/arm-gnu-toolchain-13.2.Rel1-x86_64-arm-none-eabi/bin/../lib/gcc/arm-none-eabi/13.2.1/../../../../arm-none-eabi/lib/thumb/v7-a/nofp/libg.a(libc_a-atexit.o)
                0x6000bea4                atexit
 .text.stdio_exit_handler
                0x6000beb0       0x1c /home/mustafa/arm-gnu-toolchain-13.2.rel1-x86_64-arm-none-eabi/arm-gnu-toolchain-13.2.Rel1-x86_64-arm-none-eabi/bin/../lib/gcc/arm-none-eabi/13.2.1/../../../../arm-none-eabi/lib/thumb/v7-a/nofp/libg.a(libc_a-findfp.o)
 .text.cleanup_stdio
                0x6000becc       0x40 /home/mustafa/arm-gnu-toolchain-13.2.rel1-x86_64-arm-none-eabi/arm-gnu-toolchain-13.2.Rel1-x86_64-arm-none-eabi/bin/../lib/gcc/arm-none-eabi/13.2.1/../../../../arm-none-eabi/lib/thumb/v7-a/nofp/libg.a(libc_a-findfp.o)
 .text.__fp_lock
                0x6000bf0c       0x1c /home/mustafa/arm-gnu-toolchain-13.2.rel1-x86_64-arm-none-eabi/arm-gnu-toolchain-13.2.Rel1-x86_64-arm-none-eabi/bin/../lib/gcc/arm-none-eabi/13.2.1/../../../../arm-none-eabi/lib/thumb/v7-a/nofp/libg.a(libc_a-findfp.o)
 .text.__fp_unlock
                0x6000bf28       0x1c /home/mustafa/arm-gnu-toolchain-13.2.rel1-x86_64-arm-none-eabi/arm-gnu-toolchain-13.2.Rel1-x86_64-arm-none-eabi/bin/../lib/gcc/arm-none-eabi/13.2.1/../../../../arm-none-eabi/lib/thumb/v7-a/nofp/libg.a(libc_a-findfp.o)
 .text.global_stdio_init.part.0
                0x6000bf44       0xf8 /home/mustafa/arm-gnu-toolchain-13.2.rel1-x86_64-arm-none-eabi/arm-gnu-toolchain-13.2.Rel1-x86_64-arm-none-eabi/bin/../lib/gcc/arm-none-eabi/13.2.1/../../../../arm-none-eabi/lib/thumb/v7-a/nofp/libg.a(libc_a-findfp.o)
 .text.__sfp    0x6000c03c       0xd0 /home/mustafa/arm-gnu-toolchain-13.2.rel1-x86_64-arm-none-eabi/arm-gnu-toolchain-13.2.Rel1-x86_64-arm-none-eabi/bin/../lib/gcc/arm-none-eabi/13.2.1/../../../../arm-none-eabi/lib/thumb/v7-a/nofp/libg.a(libc_a-findfp.o)
                0x6000c03c                __sfp
 .text.__sinit  0x6000c10c       0x50 /home/mustafa/arm-gnu-toolchain-13.2.rel1-x86_64-arm-none-eabi/arm-gnu-toolchain-13.2.Rel1-x86_64-arm-none-eabi/bin/../lib/gcc/arm-none-eabi/13.2.1/../../../../arm-none-eabi/lib/thumb/v7-a/nofp/libg.a(libc_a-findfp.o)
                0x6000c10c                __sinit
 .text.__sfp_lock_acquire
                0x6000c15c        0xc /home/mustafa/arm-gnu-toolchain-13.2.rel1-x86_64-arm-none-eabi/arm-gnu-toolchain-13.2.Rel1-x86_64-arm-none-eabi/bin/../lib/gcc/arm-none-eabi/13.2.1/../../../../arm-none-eabi/lib/thumb/v7-a/nofp/libg.a(libc_a-findfp.o)
                0x6000c15c                __sfp_lock_acquire
 .text.__sfp_lock_release
                0x6000c168        0xc /home/mustafa/arm-gnu-toolchain-13.2.rel1-x86_64-arm-none-eabi/arm-gnu-toolchain-13.2.Rel1-x86_64-arm-none-eabi/bin/../lib/gcc/arm-none-eabi/13.2.1/../../../../arm-none-eabi/lib/thumb/v7-a/nofp/libg.a(libc_a-findfp.o)
                0x6000c168                __sfp_lock_release
 .text.__fp_lock_all
                0x6000c174       0x28 /home/mustafa/arm-gnu-toolchain-13.2.rel1-x86_64-arm-none-eabi/arm-gnu-toolchain-13.2.Rel1-x86_64-arm-none-eabi/bin/../lib/gcc/arm-none-eabi/13.2.1/../../../../arm-none-eabi/lib/thumb/v7-a/nofp/libg.a(libc_a-findfp.o)
                0x6000c174                __fp_lock_all
 .text.__fp_unlock_all
                0x6000c19c       0x28 /home/mustafa/arm-gnu-toolchain-13.2.rel1-x86_64-arm-none-eabi/arm-gnu-toolchain-13.2.Rel1-x86_64-arm-none-eabi/bin/../lib/gcc/arm-none-eabi/13.2.1/../../../../arm-none-eabi/lib/thumb/v7-a/nofp/libg.a(libc_a-findfp.o)
                0x6000c19c                __fp_unlock_all
 .text._malloc_trim_r
                0x6000c1c4       0xc0 /home/mustafa/arm-gnu-toolchain-13.2.rel1-x86_64-arm-none-eabi/arm-gnu-toolchain-13.2.Rel1-x86_64-arm-none-eabi/bin/../lib/gcc/arm-none-eabi/13.2.1/../../../../arm-none-eabi/lib/thumb/v7-a/nofp/libg.a(libc_a-freer.o)
                0x6000c1c4                _malloc_trim_r
 .text._free_r  0x6000c284      0x208 /home/mustafa/arm-gnu-toolchain-13.2.rel1-x86_64-arm-none-eabi/arm-gnu-toolchain-13.2.Rel1-x86_64-arm-none-eabi/bin/../lib/gcc/arm-none-eabi/13.2.1/../../../../arm-none-eabi/lib/thumb/v7-a/nofp/libg.a(libc_a-freer.o)
                0x6000c284                _free_r
 .text.__sread  0x6000c48c       0x24 /home/mustafa/arm-gnu-toolchain-13.2.rel1-x86_64-arm-none-eabi/arm-gnu-toolchain-13.2.Rel1-x86_64-arm-none-eabi/bin/../lib/gcc/arm-none-eabi/13.2.1/../../../../arm-none-eabi/lib/thumb/v7-a/nofp/libg.a(libc_a-stdio.o)
                0x6000c48c                __sread
 .text.__seofread
                0x6000c4b0        0x4 /home/mustafa/arm-gnu-toolchain-13.2.rel1-x86_64-arm-none-eabi/arm-gnu-toolchain-13.2.Rel1-x86_64-arm-none-eabi/bin/../lib/gcc/arm-none-eabi/13.2.1/../../../../arm-none-eabi/lib/thumb/v7-a/nofp/libg.a(libc_a-stdio.o)
                0x6000c4b0                __seofread
 .text.__swrite
                0x6000c4b4       0x40 /home/mustafa/arm-gnu-toolchain-13.2.rel1-x86_64-arm-none-eabi/arm-gnu-toolchain-13.2.Rel1-x86_64-arm-none-eabi/bin/../lib/gcc/arm-none-eabi/13.2.1/../../../../arm-none-eabi/lib/thumb/v7-a/nofp/libg.a(libc_a-stdio.o)
                0x6000c4b4                __swrite
 .text.__sseek  0x6000c4f4       0x24 /home/mustafa/arm-gnu-toolchain-13.2.rel1-x86_64-arm-none-eabi/arm-gnu-toolchain-13.2.Rel1-x86_64-arm-none-eabi/bin/../lib/gcc/arm-none-eabi/13.2.1/../../../../arm-none-eabi/lib/thumb/v7-a/nofp/libg.a(libc_a-stdio.o)
                0x6000c4f4                __sseek
 .text.__sclose
                0x6000c518        0x8 /home/mustafa/arm-gnu-toolchain-13.2.rel1-x86_64-arm-none-eabi/arm-gnu-toolchain-13.2.Rel1-x86_64-arm-none-eabi/bin/../lib/gcc/arm-none-eabi/13.2.1/../../../../arm-none-eabi/lib/thumb/v7-a/nofp/libg.a(libc_a-stdio.o)
                0x6000c518                __sclose
 .text._sbrk_r  0x6000c520       0x28 /home/mustafa/arm-gnu-toolchain-13.2.rel1-x86_64-arm-none-eabi/arm-gnu-toolchain-13.2.Rel1-x86_64-arm-none-eabi/bin/../lib/gcc/arm-none-eabi/13.2.1/../../../../arm-none-eabi/lib/thumb/v7-a/nofp/libg.a(libc_a-sbrkr.o)
                0x6000c520                _sbrk_r
 .text.__sfvwrite_r
                0x6000c548      0x304 /home/mustafa/arm-gnu-toolchain-13.2.rel1-x86_64-arm-none-eabi/arm-gnu-toolchain-13.2.Rel1-x86_64-arm-none-eabi/bin/../lib/gcc/arm-none-eabi/13.2.1/../../../../arm-none-eabi/lib/thumb/v7-a/nofp/libg.a(libc_a-fvwrite.o)
                0x6000c548                __sfvwrite_r
 .text._fwalk_sglue
                0x6000c84c       0x44 /home/mustafa/arm-gnu-toolchain-13.2.rel1-x86_64-arm-none-eabi/arm-gnu-toolchain-13.2.Rel1-x86_64-arm-none-eabi/bin/../lib/gcc/arm-none-eabi/13.2.1/../../../../arm-none-eabi/lib/thumb/v7-a/nofp/libg.a(libc_a-fwalk.o)
                0x6000c84c                _fwalk_sglue
 .text._write_r
                0x6000c890       0x30 /home/mustafa/arm-gnu-toolchain-13.2.rel1-x86_64-arm-none-eabi/arm-gnu-toolchain-13.2.Rel1-x86_64-arm-none-eabi/bin/../lib/gcc/arm-none-eabi/13.2.1/../../../../arm-none-eabi/lib/thumb/v7-a/nofp/libg.a(libc_a-writer.o)
                0x6000c890                _write_r
 .text._vfprintf_r
                0x6000c8c0     0x1d40 /home/mustafa/arm-gnu-toolchain-13.2.rel1-x86_64-arm-none-eabi/arm-gnu-toolchain-13.2.Rel1-x86_64-arm-none-eabi/bin/../lib/gcc/arm-none-eabi/13.2.1/../../../../arm-none-eabi/lib/thumb/v7-a/nofp/libg.a(libc_a-vfprintf.o)
                0x6000c8c0                _vfprintf_r
 .text.vfprintf
                0x6000e600       0x20 /home/mustafa/arm-gnu-toolchain-13.2.rel1-x86_64-arm-none-eabi/arm-gnu-toolchain-13.2.Rel1-x86_64-arm-none-eabi/bin/../lib/gcc/arm-none-eabi/13.2.1/../../../../arm-none-eabi/lib/thumb/v7-a/nofp/libg.a(libc_a-vfprintf.o)
                0x6000e600                vfprintf
 .text.__sbprintf
                0x6000e620       0x80 /home/mustafa/arm-gnu-toolchain-13.2.rel1-x86_64-arm-none-eabi/arm-gnu-toolchain-13.2.Rel1-x86_64-arm-none-eabi/bin/../lib/gcc/arm-none-eabi/13.2.1/../../../../arm-none-eabi/lib/thumb/v7-a/nofp/libg.a(libc_a-vfprintf.o)
 .text.__sprint_r.part.0
                0x6000e6a0       0x78 /home/mustafa/arm-gnu-toolchain-13.2.rel1-x86_64-arm-none-eabi/arm-gnu-toolchain-13.2.Rel1-x86_64-arm-none-eabi/bin/../lib/gcc/arm-none-eabi/13.2.1/../../../../arm-none-eabi/lib/thumb/v7-a/nofp/libg.a(libc_a-vfiprintf.o)
 .text.__sprint_r
                0x6000e718       0x14 /home/mustafa/arm-gnu-toolchain-13.2.rel1-x86_64-arm-none-eabi/arm-gnu-toolchain-13.2.Rel1-x86_64-arm-none-eabi/bin/../lib/gcc/arm-none-eabi/13.2.1/../../../../arm-none-eabi/lib/thumb/v7-a/nofp/libg.a(libc_a-vfiprintf.o)
                0x6000e718                __sprint_r
 .text._vfiprintf_r
                0x6000e72c      0xffc /home/mustafa/arm-gnu-toolchain-13.2.rel1-x86_64-arm-none-eabi/arm-gnu-toolchain-13.2.Rel1-x86_64-arm-none-eabi/bin/../lib/gcc/arm-none-eabi/13.2.1/../../../../arm-none-eabi/lib/thumb/v7-a/nofp/libg.a(libc_a-vfiprintf.o)
                0x6000e72c                _vfiprintf_r
 .text.vfiprintf
                0x6000f728       0x20 /home/mustafa/arm-gnu-toolchain-13.2.rel1-x86_64-arm-none-eabi/arm-gnu-toolchain-13.2.Rel1-x86_64-arm-none-eabi/bin/../lib/gcc/arm-none-eabi/13.2.1/../../../../arm-none-eabi/lib/thumb/v7-a/nofp/libg.a(libc_a-vfiprintf.o)
                0x6000f728                vfiprintf
 .text.__sbprintf
                0x6000f748       0x80 /home/mustafa/arm-gnu-toolchain-13.2.rel1-x86_64-arm-none-eabi/arm-gnu-toolchain-13.2.Rel1-x86_64-arm-none-eabi/bin/../lib/gcc/arm-none-eabi/13.2.1/../../../../arm-none-eabi/lib/thumb/v7-a/nofp/libg.a(libc_a-vfiprintf.o)
 .text.__register_exitproc
                0x6000f7c8       0x88 /home/mustafa/arm-gnu-toolchain-13.2.rel1-x86_64-arm-none-eabi/arm-gnu-toolchain-13.2.Rel1-x86_64-arm-none-eabi/bin/../lib/gcc/arm-none-eabi/13.2.1/../../../../arm-none-eabi/lib/thumb/v7-a/nofp/libg.a(libc_a-__atexit.o)
                0x6000f7c8                __register_exitproc
 .text.memmove  0x6000f850       0xf8 /home/mustafa/arm-gnu-toolchain-13.2.rel1-x86_64-arm-none-eabi/arm-gnu-toolchain-13.2.Rel1-x86_64-arm-none-eabi/bin/../lib/gcc/arm-none-eabi/13.2.1/../../../../arm-none-eabi/lib/thumb/v7-a/nofp/libg.a(libc_a-memmove.o)
                0x6000f850                memmove
 .text.memset   0x6000f948       0xa8 /home/mustafa/arm-gnu-toolchain-13.2.rel1-x86_64-arm-none-eabi/arm-gnu-toolchain-13.2.Rel1-x86_64-arm-none-eabi/bin/../lib/gcc/arm-none-eabi/13.2.1/../../../../arm-none-eabi/lib/thumb/v7-a/nofp/libg.a(libc_a-memset.o)
                0x6000f948                memset
 .text._wcrtomb_r
                0x6000f9f0       0x3c /home/mustafa/arm-gnu-toolchain-13.2.rel1-x86_64-arm-none-eabi/arm-gnu-toolchain-13.2.Rel1-x86_64-arm-none-eabi/bin/../lib/gcc/arm-none-eabi/13.2.1/../../../../arm-none-eabi/lib/thumb/v7-a/nofp/libg.a(libc_a-wcrtomb.o)
                0x6000f9f0                _wcrtomb_r
 .text.wcrtomb  0x6000fa2c       0x4c /home/mustafa/arm-gnu-toolchain-13.2.rel1-x86_64-arm-none-eabi/arm-gnu-toolchain-13.2.Rel1-x86_64-arm-none-eabi/bin/../lib/gcc/arm-none-eabi/13.2.1/../../../../arm-none-eabi/lib/thumb/v7-a/nofp/libg.a(libc_a-wcrtomb.o)
                0x6000fa2c                wcrtomb
 .text.currentlocale
                0x6000fa78       0x70 /home/mustafa/arm-gnu-toolchain-13.2.rel1-x86_64-arm-none-eabi/arm-gnu-toolchain-13.2.Rel1-x86_64-arm-none-eabi/bin/../lib/gcc/arm-none-eabi/13.2.1/../../../../arm-none-eabi/lib/thumb/v7-a/nofp/libg.a(libc_a-locale.o)
 .text.__loadlocale
                0x6000fae8      0x6c0 /home/mustafa/arm-gnu-toolchain-13.2.rel1-x86_64-arm-none-eabi/arm-gnu-toolchain-13.2.Rel1-x86_64-arm-none-eabi/bin/../lib/gcc/arm-none-eabi/13.2.1/../../../../arm-none-eabi/lib/thumb/v7-a/nofp/libg.a(libc_a-locale.o)
                0x6000fae8                __loadlocale
 .text.__get_locale_env
                0x600101a8       0x5c /home/mustafa/arm-gnu-toolchain-13.2.rel1-x86_64-arm-none-eabi/arm-gnu-toolchain-13.2.Rel1-x86_64-arm-none-eabi/bin/../lib/gcc/arm-none-eabi/13.2.1/../../../../arm-none-eabi/lib/thumb/v7-a/nofp/libg.a(libc_a-locale.o)
                0x600101a8                __get_locale_env
 .text._setlocale_r
                0x60010204      0x244 /home/mustafa/arm-gnu-toolchain-13.2.rel1-x86_64-arm-none-eabi/arm-gnu-toolchain-13.2.Rel1-x86_64-arm-none-eabi/bin/../lib/gcc/arm-none-eabi/13.2.1/../../../../arm-none-eabi/lib/thumb/v7-a/nofp/libg.a(libc_a-locale.o)
                0x60010204                _setlocale_r
 .text.__locale_mb_cur_max
                0x60010448       0x10 /home/mustafa/arm-gnu-toolchain-13.2.rel1-x86_64-arm-none-eabi/arm-gnu-toolchain-13.2.Rel1-x86_64-arm-none-eabi/bin/../lib/gcc/arm-none-eabi/13.2.1/../../../../arm-none-eabi/lib/thumb/v7-a/nofp/libg.a(libc_a-locale.o)
                0x60010448                __locale_mb_cur_max
 .text.setlocale
                0x60010458       0x14 /home/mustafa/arm-gnu-toolchain-13.2.rel1-x86_64-arm-none-eabi/arm-gnu-toolchain-13.2.Rel1-x86_64-arm-none-eabi/bin/../lib/gcc/arm-none-eabi/13.2.1/../../../../arm-none-eabi/lib/thumb/v7-a/nofp/libg.a(libc_a-locale.o)
                0x60010458                setlocale
 .text.__localeconv_l
                0x6001046c        0x4 /home/mustafa/arm-gnu-toolchain-13.2.rel1-x86_64-arm-none-eabi/arm-gnu-toolchain-13.2.Rel1-x86_64-arm-none-eabi/bin/../lib/gcc/arm-none-eabi/13.2.1/../../../../arm-none-eabi/lib/thumb/v7-a/nofp/libg.a(libc_a-localeconv.o)
                0x6001046c                __localeconv_l
 .text._localeconv_r
                0x60010470        0x8 /home/mustafa/arm-gnu-toolchain-13.2.rel1-x86_64-arm-none-eabi/arm-gnu-toolchain-13.2.Rel1-x86_64-arm-none-eabi/bin/../lib/gcc/arm-none-eabi/13.2.1/../../../../arm-none-eabi/lib/thumb/v7-a/nofp/libg.a(libc_a-localeconv.o)
                0x60010470                _localeconv_r
 .text.localeconv
                0x60010478        0x8 /home/mustafa/arm-gnu-toolchain-13.2.rel1-x86_64-arm-none-eabi/arm-gnu-toolchain-13.2.Rel1-x86_64-arm-none-eabi/bin/../lib/gcc/arm-none-eabi/13.2.1/../../../../arm-none-eabi/lib/thumb/v7-a/nofp/libg.a(libc_a-localeconv.o)
                0x60010478                localeconv
 .text._fclose_r
                0x60010480       0xc0 /home/mustafa/arm-gnu-toolchain-13.2.rel1-x86_64-arm-none-eabi/arm-gnu-toolchain-13.2.Rel1-x86_64-arm-none-eabi/bin/../lib/gcc/arm-none-eabi/13.2.1/../../../../arm-none-eabi/lib/thumb/v7-a/nofp/libg.a(libc_a-fclose.o)
                0x60010480                _fclose_r
 .text.fclose   0x60010540       0x10 /home/mustafa/arm-gnu-toolchain-13.2.rel1-x86_64-arm-none-eabi/arm-gnu-toolchain-13.2.Rel1-x86_64-arm-none-eabi/bin/../lib/gcc/arm-none-eabi/13.2.1/../../../../arm-none-eabi/lib/thumb/v7-a/nofp/libg.a(libc_a-fclose.o)
                0x60010540                fclose
 .text.__swsetup_r
                0x60010550       0xc4 /home/mustafa/arm-gnu-toolchain-13.2.rel1-x86_64-arm-none-eabi/arm-gnu-toolchain-13.2.Rel1-x86_64-arm-none-eabi/bin/../lib/gcc/arm-none-eabi/13.2.1/../../../../arm-none-eabi/lib/thumb/v7-a/nofp/libg.a(libc_a-wsetup.o)
                0x60010550                __swsetup_r
 .text.__smakebuf_r
                0x60010614       0xdc /home/mustafa/arm-gnu-toolchain-13.2.rel1-x86_64-arm-none-eabi/arm-gnu-toolchain-13.2.Rel1-x86_64-arm-none-eabi/bin/../lib/gcc/arm-none-eabi/13.2.1/../../../../arm-none-eabi/lib/thumb/v7-a/nofp/libg.a(libc_a-makebuf.o)
                0x60010614                __smakebuf_r
 .text.__swhatbuf_r
                0x600106f0       0x5c /home/mustafa/arm-gnu-toolchain-13.2.rel1-x86_64-arm-none-eabi/arm-gnu-toolchain-13.2.Rel1-x86_64-arm-none-eabi/bin/../lib/gcc/arm-none-eabi/13.2.1/../../../../arm-none-eabi/lib/thumb/v7-a/nofp/libg.a(libc_a-makebuf.o)
                0x600106f0                __swhatbuf_r
 .text.strcpy   0x6001074c       0xc4 /home/mustafa/arm-gnu-toolchain-13.2.rel1-x86_64-arm-none-eabi/arm-gnu-toolchain-13.2.Rel1-x86_64-arm-none-eabi/bin/../lib/gcc/arm-none-eabi/13.2.1/../../../../arm-none-eabi/lib/thumb/v7-a/nofp/libg.a(libc_a-strcpy.o)
                0x6001074c                strcpy
 .text._putc_r  0x60010810       0x78 /home/mustafa/arm-gnu-toolchain-13.2.rel1-x86_64-arm-none-eabi/arm-gnu-toolchain-13.2.Rel1-x86_64-arm-none-eabi/bin/../lib/gcc/arm-none-eabi/13.2.1/../../../../arm-none-eabi/lib/thumb/v7-a/nofp/libg.a(libc_a-putc.o)
                0x60010810                _putc_r
 .text.putc     0x60010888       0x80 /home/mustafa/arm-gnu-toolchain-13.2.rel1-x86_64-arm-none-eabi/arm-gnu-toolchain-13.2.Rel1-x86_64-arm-none-eabi/bin/../lib/gcc/arm-none-eabi/13.2.1/../../../../arm-none-eabi/lib/thumb/v7-a/nofp/libg.a(libc_a-putc.o)
                0x60010888                putc
 .text.strchr   0x60010908       0xd0 /home/mustafa/arm-gnu-toolchain-13.2.rel1-x86_64-arm-none-eabi/arm-gnu-toolchain-13.2.Rel1-x86_64-arm-none-eabi/bin/../lib/gcc/arm-none-eabi/13.2.1/../../../../arm-none-eabi/lib/thumb/v7-a/nofp/libg.a(libc_a-strchr.o)
                0x60010908                strchr
 .text._wcsrtombs_r
                0x600109d8       0x1c /home/mustafa/arm-gnu-toolchain-13.2.rel1-x86_64-arm-none-eabi/arm-gnu-toolchain-13.2.Rel1-x86_64-arm-none-eabi/bin/../lib/gcc/arm-none-eabi/13.2.1/../../../../arm-none-eabi/lib/thumb/v7-a/nofp/libg.a(libc_a-wcsrtombs.o)
                0x600109d8                _wcsrtombs_r
 .text.wcsrtombs
                0x600109f4       0x28 /home/mustafa/arm-gnu-toolchain-13.2.rel1-x86_64-arm-none-eabi/arm-gnu-toolchain-13.2.Rel1-x86_64-arm-none-eabi/bin/../lib/gcc/arm-none-eabi/13.2.1/../../../../arm-none-eabi/lib/thumb/v7-a/nofp/libg.a(libc_a-wcsrtombs.o)
                0x600109f4                wcsrtombs
 .text.quorem   0x60010a1c      0x138 /home/mustafa/arm-gnu-toolchain-13.2.rel1-x86_64-arm-none-eabi/arm-gnu-toolchain-13.2.Rel1-x86_64-arm-none-eabi/bin/../lib/gcc/arm-none-eabi/13.2.1/../../../../arm-none-eabi/lib/thumb/v7-a/nofp/libg.a(libc_a-dtoa.o)
 *fill*         0x60010b54        0x4 
 .text._dtoa_r  0x60010b58      0xf08 /home/mustafa/arm-gnu-toolchain-13.2.rel1-x86_64-arm-none-eabi/arm-gnu-toolchain-13.2.Rel1-x86_64-arm-none-eabi/bin/../lib/gcc/arm-none-eabi/13.2.1/../../../../arm-none-eabi/lib/thumb/v7-a/nofp/libg.a(libc_a-dtoa.o)
                0x60010b58                _dtoa_r
 .text.__set_ctype
                0x60011a60       0x10 /home/mustafa/arm-gnu-toolchain-13.2.rel1-x86_64-arm-none-eabi/arm-gnu-toolchain-13.2.Rel1-x86_64-arm-none-eabi/bin/../lib/gcc/arm-none-eabi/13.2.1/../../../../arm-none-eabi/lib/thumb/v7-a/nofp/libg.a(libc_a-ctype_.o)
                0x60011a60                __set_ctype
 .text._close_r
                0x60011a70       0x28 /home/mustafa/arm-gnu-toolchain-13.2.rel1-x86_64-arm-none-eabi/arm-gnu-toolchain-13.2.Rel1-x86_64-arm-none-eabi/bin/../lib/gcc/arm-none-eabi/13.2.1/../../../../arm-none-eabi/lib/thumb/v7-a/nofp/libg.a(libc_a-closer.o)
                0x60011a70                _close_r
 .text._reclaim_reent
                0x60011a98       0x5c /home/mustafa/arm-gnu-toolchain-13.2.rel1-x86_64-arm-none-eabi/arm-gnu-toolchain-13.2.Rel1-x86_64-arm-none-eabi/bin/../lib/gcc/arm-none-eabi/13.2.1/../../../../arm-none-eabi/lib/thumb/v7-a/nofp/libg.a(libc_a-reent.o)
                0x60011a98                _reclaim_reent
 .text.__sflush_r
                0x60011af4      0x12c /home/mustafa/arm-gnu-toolchain-13.2.rel1-x86_64-arm-none-eabi/arm-gnu-toolchain-13.2.Rel1-x86_64-arm-none-eabi/bin/../lib/gcc/arm-none-eabi/13.2.1/../../../../arm-none-eabi/lib/thumb/v7-a/nofp/libg.a(libc_a-fflush.o)
                0x60011af4                __sflush_r
 .text._fflush_r
                0x60011c20       0x54 /home/mustafa/arm-gnu-toolchain-13.2.rel1-x86_64-arm-none-eabi/arm-gnu-toolchain-13.2.Rel1-x86_64-arm-none-eabi/bin/../lib/gcc/arm-none-eabi/13.2.1/../../../../arm-none-eabi/lib/thumb/v7-a/nofp/libg.a(libc_a-fflush.o)
                0x60011c20                _fflush_r
 .text.fflush   0x60011c74       0x7c /home/mustafa/arm-gnu-toolchain-13.2.rel1-x86_64-arm-none-eabi/arm-gnu-toolchain-13.2.Rel1-x86_64-arm-none-eabi/bin/../lib/gcc/arm-none-eabi/13.2.1/../../../../arm-none-eabi/lib/thumb/v7-a/nofp/libg.a(libc_a-fflush.o)
                0x60011c74                fflush
 .text.frexp    0x60011cf0       0x6c /home/mustafa/arm-gnu-toolchain-13.2.rel1-x86_64-arm-none-eabi/arm-gnu-toolchain-13.2.Rel1-x86_64-arm-none-eabi/bin/../lib/gcc/arm-none-eabi/13.2.1/../../../../arm-none-eabi/lib/thumb/v7-a/nofp/libg.a(libm_a-s_frexp.o)
                0x60011cf0                frexp
 .text._realloc_r
                0x60011d5c      0x37c /home/mustafa/arm-gnu-toolchain-13.2.rel1-x86_64-arm-none-eabi/arm-gnu-toolchain-13.2.Rel1-x86_64-arm-none-eabi/bin/../lib/gcc/arm-none-eabi/13.2.1/../../../../arm-none-eabi/lib/thumb/v7-a/nofp/libg.a(libc_a-reallocr.o)
                0x60011d5c                _realloc_r
 .text.strlcpy  0x600120d8       0x48 /home/mustafa/arm-gnu-toolchain-13.2.rel1-x86_64-arm-none-eabi/arm-gnu-toolchain-13.2.Rel1-x86_64-arm-none-eabi/bin/../lib/gcc/arm-none-eabi/13.2.1/../../../../arm-none-eabi/lib/thumb/v7-a/nofp/libg.a(libc_a-strlcpy.o)
                0x600120d8                strlcpy
 .text._strtol_l.part.0
                0x60012120      0x114 /home/mustafa/arm-gnu-toolchain-13.2.rel1-x86_64-arm-none-eabi/arm-gnu-toolchain-13.2.Rel1-x86_64-arm-none-eabi/bin/../lib/gcc/arm-none-eabi/13.2.1/../../../../arm-none-eabi/lib/thumb/v7-a/nofp/libg.a(libc_a-strtol.o)
 .text._strtol_r
                0x60012234       0x2c /home/mustafa/arm-gnu-toolchain-13.2.rel1-x86_64-arm-none-eabi/arm-gnu-toolchain-13.2.Rel1-x86_64-arm-none-eabi/bin/../lib/gcc/arm-none-eabi/13.2.1/../../../../arm-none-eabi/lib/thumb/v7-a/nofp/libg.a(libc_a-strtol.o)
                0x60012234                _strtol_r
 .text.strtol_l
                0x60012260       0x44 /home/mustafa/arm-gnu-toolchain-13.2.rel1-x86_64-arm-none-eabi/arm-gnu-toolchain-13.2.Rel1-x86_64-arm-none-eabi/bin/../lib/gcc/arm-none-eabi/13.2.1/../../../../arm-none-eabi/lib/thumb/v7-a/nofp/libg.a(libc_a-strtol.o)
                0x60012260                strtol_l
 .text.strtol   0x600122a4       0x44 /home/mustafa/arm-gnu-toolchain-13.2.rel1-x86_64-arm-none-eabi/arm-gnu-toolchain-13.2.Rel1-x86_64-arm-none-eabi/bin/../lib/gcc/arm-none-eabi/13.2.1/../../../../arm-none-eabi/lib/thumb/v7-a/nofp/libg.a(libc_a-strtol.o)
                0x600122a4                strtol
 .text.strncasecmp
                0x600122e8       0x54 /home/mustafa/arm-gnu-toolchain-13.2.rel1-x86_64-arm-none-eabi/arm-gnu-toolchain-13.2.Rel1-x86_64-arm-none-eabi/bin/../lib/gcc/arm-none-eabi/13.2.1/../../../../arm-none-eabi/lib/thumb/v7-a/nofp/libg.a(libc_a-strncasecmp.o)
                0x600122e8                strncasecmp
 .text._findenv_r
                0x6001233c       0x80 /home/mustafa/arm-gnu-toolchain-13.2.rel1-x86_64-arm-none-eabi/arm-gnu-toolchain-13.2.Rel1-x86_64-arm-none-eabi/bin/../lib/gcc/arm-none-eabi/13.2.1/../../../../arm-none-eabi/lib/thumb/v7-a/nofp/libg.a(libc_a-getenv_r.o)
                0x6001233c                _findenv_r
 .text._getenv_r
                0x600123bc       0x10 /home/mustafa/arm-gnu-toolchain-13.2.rel1-x86_64-arm-none-eabi/arm-gnu-toolchain-13.2.Rel1-x86_64-arm-none-eabi/bin/../lib/gcc/arm-none-eabi/13.2.1/../../../../arm-none-eabi/lib/thumb/v7-a/nofp/libg.a(libc_a-getenv_r.o)
                0x600123bc                _getenv_r
 .text.strncpy  0x600123cc       0x74 /home/mustafa/arm-gnu-toolchain-13.2.rel1-x86_64-arm-none-eabi/arm-gnu-toolchain-13.2.Rel1-x86_64-arm-none-eabi/bin/../lib/gcc/arm-none-eabi/13.2.1/../../../../arm-none-eabi/lib/thumb/v7-a/nofp/libg.a(libc_a-strncpy.o)
                0x600123cc                strncpy
 .text._fstat_r
                0x60012440       0x2c /home/mustafa/arm-gnu-toolchain-13.2.rel1-x86_64-arm-none-eabi/arm-gnu-toolchain-13.2.Rel1-x86_64-arm-none-eabi/bin/../lib/gcc/arm-none-eabi/13.2.1/../../../../arm-none-eabi/lib/thumb/v7-a/nofp/libg.a(libc_a-fstatr.o)
                0x60012440                _fstat_r
 .text._isatty_r
                0x6001246c       0x28 /home/mustafa/arm-gnu-toolchain-13.2.rel1-x86_64-arm-none-eabi/arm-gnu-toolchain-13.2.Rel1-x86_64-arm-none-eabi/bin/../lib/gcc/arm-none-eabi/13.2.1/../../../../arm-none-eabi/lib/thumb/v7-a/nofp/libg.a(libc_a-isattyr.o)
                0x6001246c                _isatty_r
 .text._lseek_r
                0x60012494       0x30 /home/mustafa/arm-gnu-toolchain-13.2.rel1-x86_64-arm-none-eabi/arm-gnu-toolchain-13.2.Rel1-x86_64-arm-none-eabi/bin/../lib/gcc/arm-none-eabi/13.2.1/../../../../arm-none-eabi/lib/thumb/v7-a/nofp/libg.a(libc_a-lseekr.o)
                0x60012494                _lseek_r
 .text._read_r  0x600124c4       0x30 /home/mustafa/arm-gnu-toolchain-13.2.rel1-x86_64-arm-none-eabi/arm-gnu-toolchain-13.2.Rel1-x86_64-arm-none-eabi/bin/../lib/gcc/arm-none-eabi/13.2.1/../../../../arm-none-eabi/lib/thumb/v7-a/nofp/libg.a(libc_a-readr.o)
                0x600124c4                _read_r
 .text.__fputwc
                0x600124f4       0x84 /home/mustafa/arm-gnu-toolchain-13.2.rel1-x86_64-arm-none-eabi/arm-gnu-toolchain-13.2.Rel1-x86_64-arm-none-eabi/bin/../lib/gcc/arm-none-eabi/13.2.1/../../../../arm-none-eabi/lib/thumb/v7-a/nofp/libg.a(libc_a-fputwc.o)
                0x600124f4                __fputwc
 .text._fputwc_r
                0x60012578       0x60 /home/mustafa/arm-gnu-toolchain-13.2.rel1-x86_64-arm-none-eabi/arm-gnu-toolchain-13.2.Rel1-x86_64-arm-none-eabi/bin/../lib/gcc/arm-none-eabi/13.2.1/../../../../arm-none-eabi/lib/thumb/v7-a/nofp/libg.a(libc_a-fputwc.o)
                0x60012578                _fputwc_r
 .text.fputwc   0x600125d8       0x70 /home/mustafa/arm-gnu-toolchain-13.2.rel1-x86_64-arm-none-eabi/arm-gnu-toolchain-13.2.Rel1-x86_64-arm-none-eabi/bin/../lib/gcc/arm-none-eabi/13.2.1/../../../../arm-none-eabi/lib/thumb/v7-a/nofp/libg.a(libc_a-fputwc.o)
                0x600125d8                fputwc
 .text._wctomb_r
                0x60012648       0x14 /home/mustafa/arm-gnu-toolchain-13.2.rel1-x86_64-arm-none-eabi/arm-gnu-toolchain-13.2.Rel1-x86_64-arm-none-eabi/bin/../lib/gcc/arm-none-eabi/13.2.1/../../../../arm-none-eabi/lib/thumb/v7-a/nofp/libg.a(libc_a-wctomb_r.o)
                0x60012648                _wctomb_r
 .text.__ascii_wctomb
                0x6001265c       0x1c /home/mustafa/arm-gnu-toolchain-13.2.rel1-x86_64-arm-none-eabi/arm-gnu-toolchain-13.2.Rel1-x86_64-arm-none-eabi/bin/../lib/gcc/arm-none-eabi/13.2.1/../../../../arm-none-eabi/lib/thumb/v7-a/nofp/libg.a(libc_a-wctomb_r.o)
                0x6001265c                __ascii_wctomb
 .text.__utf8_wctomb
                0x60012678       0xa0 /home/mustafa/arm-gnu-toolchain-13.2.rel1-x86_64-arm-none-eabi/arm-gnu-toolchain-13.2.Rel1-x86_64-arm-none-eabi/bin/../lib/gcc/arm-none-eabi/13.2.1/../../../../arm-none-eabi/lib/thumb/v7-a/nofp/libg.a(libc_a-wctomb_r.o)
                0x60012678                __utf8_wctomb
 .text.__sjis_wctomb
                0x60012718       0x58 /home/mustafa/arm-gnu-toolchain-13.2.rel1-x86_64-arm-none-eabi/arm-gnu-toolchain-13.2.Rel1-x86_64-arm-none-eabi/bin/../lib/gcc/arm-none-eabi/13.2.1/../../../../arm-none-eabi/lib/thumb/v7-a/nofp/libg.a(libc_a-wctomb_r.o)
                0x60012718                __sjis_wctomb
 .text.__eucjp_wctomb
                0x60012770       0x74 /home/mustafa/arm-gnu-toolchain-13.2.rel1-x86_64-arm-none-eabi/arm-gnu-toolchain-13.2.Rel1-x86_64-arm-none-eabi/bin/../lib/gcc/arm-none-eabi/13.2.1/../../../../arm-none-eabi/lib/thumb/v7-a/nofp/libg.a(libc_a-wctomb_r.o)
                0x60012770                __eucjp_wctomb
 .text.__jis_wctomb
                0x600127e4       0x80 /home/mustafa/arm-gnu-toolchain-13.2.rel1-x86_64-arm-none-eabi/arm-gnu-toolchain-13.2.Rel1-x86_64-arm-none-eabi/bin/../lib/gcc/arm-none-eabi/13.2.1/../../../../arm-none-eabi/lib/thumb/v7-a/nofp/libg.a(libc_a-wctomb_r.o)
                0x600127e4                __jis_wctomb
 .text.__swbuf_r
                0x60012864       0xac /home/mustafa/arm-gnu-toolchain-13.2.rel1-x86_64-arm-none-eabi/arm-gnu-toolchain-13.2.Rel1-x86_64-arm-none-eabi/bin/../lib/gcc/arm-none-eabi/13.2.1/../../../../arm-none-eabi/lib/thumb/v7-a/nofp/libg.a(libc_a-wbuf.o)
                0x60012864                __swbuf_r
 .text.__swbuf  0x60012910       0x14 /home/mustafa/arm-gnu-toolchain-13.2.rel1-x86_64-arm-none-eabi/arm-gnu-toolchain-13.2.Rel1-x86_64-arm-none-eabi/bin/../lib/gcc/arm-none-eabi/13.2.1/../../../../arm-none-eabi/lib/thumb/v7-a/nofp/libg.a(libc_a-wbuf.o)
                0x60012910                __swbuf
 .text._mbtowc_r
                0x60012924       0x14 /home/mustafa/arm-gnu-toolchain-13.2.rel1-x86_64-arm-none-eabi/arm-gnu-toolchain-13.2.Rel1-x86_64-arm-none-eabi/bin/../lib/gcc/arm-none-eabi/13.2.1/../../../../arm-none-eabi/lib/thumb/v7-a/nofp/libg.a(libc_a-mbtowc_r.o)
                0x60012924                _mbtowc_r
 .text.__ascii_mbtowc
                0x60012938       0x24 /home/mustafa/arm-gnu-toolchain-13.2.rel1-x86_64-arm-none-eabi/arm-gnu-toolchain-13.2.Rel1-x86_64-arm-none-eabi/bin/../lib/gcc/arm-none-eabi/13.2.1/../../../../arm-none-eabi/lib/thumb/v7-a/nofp/libg.a(libc_a-mbtowc_r.o)
                0x60012938                __ascii_mbtowc
 .text.__utf8_mbtowc
                0x6001295c      0x1e0 /home/mustafa/arm-gnu-toolchain-13.2.rel1-x86_64-arm-none-eabi/arm-gnu-toolchain-13.2.Rel1-x86_64-arm-none-eabi/bin/../lib/gcc/arm-none-eabi/13.2.1/../../../../arm-none-eabi/lib/thumb/v7-a/nofp/libg.a(libc_a-mbtowc_r.o)
                0x6001295c                __utf8_mbtowc
 .text.__sjis_mbtowc
                0x60012b3c       0x84 /home/mustafa/arm-gnu-toolchain-13.2.rel1-x86_64-arm-none-eabi/arm-gnu-toolchain-13.2.Rel1-x86_64-arm-none-eabi/bin/../lib/gcc/arm-none-eabi/13.2.1/../../../../arm-none-eabi/lib/thumb/v7-a/nofp/libg.a(libc_a-mbtowc_r.o)
                0x60012b3c                __sjis_mbtowc
 .text.__eucjp_mbtowc
                0x60012bc0       0xb8 /home/mustafa/arm-gnu-toolchain-13.2.rel1-x86_64-arm-none-eabi/arm-gnu-toolchain-13.2.Rel1-x86_64-arm-none-eabi/bin/../lib/gcc/arm-none-eabi/13.2.1/../../../../arm-none-eabi/lib/thumb/v7-a/nofp/libg.a(libc_a-mbtowc_r.o)
                0x60012bc0                __eucjp_mbtowc
 .text.__jis_mbtowc
                0x60012c78      0x14c /home/mustafa/arm-gnu-toolchain-13.2.rel1-x86_64-arm-none-eabi/arm-gnu-toolchain-13.2.Rel1-x86_64-arm-none-eabi/bin/../lib/gcc/arm-none-eabi/13.2.1/../../../../arm-none-eabi/lib/thumb/v7-a/nofp/libg.a(libc_a-mbtowc_r.o)
                0x60012c78                __jis_mbtowc
 .text.__assert_func
                0x60012dc4       0x44 /home/mustafa/arm-gnu-toolchain-13.2.rel1-x86_64-arm-none-eabi/arm-gnu-toolchain-13.2.Rel1-x86_64-arm-none-eabi/bin/../lib/gcc/arm-none-eabi/13.2.1/../../../../arm-none-eabi/lib/thumb/v7-a/nofp/libg.a(libc_a-assert.o)
                0x60012dc4                __assert_func
 .text.__assert
                0x60012e08        0xc /home/mustafa/arm-gnu-toolchain-13.2.rel1-x86_64-arm-none-eabi/arm-gnu-toolchain-13.2.Rel1-x86_64-arm-none-eabi/bin/../lib/gcc/arm-none-eabi/13.2.1/../../../../arm-none-eabi/lib/thumb/v7-a/nofp/libg.a(libc_a-assert.o)
                0x60012e08                __assert
 .text.strcasecmp
                0x60012e14       0x44 /home/mustafa/arm-gnu-toolchain-13.2.rel1-x86_64-arm-none-eabi/arm-gnu-toolchain-13.2.Rel1-x86_64-arm-none-eabi/bin/../lib/gcc/arm-none-eabi/13.2.1/../../../../arm-none-eabi/lib/thumb/v7-a/nofp/libg.a(libc_a-strcasecmp.o)
                0x60012e14                strcasecmp
 .text.strcat   0x60012e58       0x40 /home/mustafa/arm-gnu-toolchain-13.2.rel1-x86_64-arm-none-eabi/arm-gnu-toolchain-13.2.Rel1-x86_64-arm-none-eabi/bin/../lib/gcc/arm-none-eabi/13.2.1/../../../../arm-none-eabi/lib/thumb/v7-a/nofp/libg.a(libc_a-strcat.o)
                0x60012e58                strcat
 .text._Balloc  0x60012e98       0x4c /home/mustafa/arm-gnu-toolchain-13.2.rel1-x86_64-arm-none-eabi/arm-gnu-toolchain-13.2.Rel1-x86_64-arm-none-eabi/bin/../lib/gcc/arm-none-eabi/13.2.1/../../../../arm-none-eabi/lib/thumb/v7-a/nofp/libg.a(libc_a-mprec.o)
                0x60012e98                _Balloc
 .text._Bfree   0x60012ee4       0x14 /home/mustafa/arm-gnu-toolchain-13.2.rel1-x86_64-arm-none-eabi/arm-gnu-toolchain-13.2.Rel1-x86_64-arm-none-eabi/bin/../lib/gcc/arm-none-eabi/13.2.1/../../../../arm-none-eabi/lib/thumb/v7-a/nofp/libg.a(libc_a-mprec.o)
                0x60012ee4                _Bfree
 .text.__multadd
                0x60012ef8       0xa8 /home/mustafa/arm-gnu-toolchain-13.2.rel1-x86_64-arm-none-eabi/arm-gnu-toolchain-13.2.Rel1-x86_64-arm-none-eabi/bin/../lib/gcc/arm-none-eabi/13.2.1/../../../../arm-none-eabi/lib/thumb/v7-a/nofp/libg.a(libc_a-mprec.o)
                0x60012ef8                __multadd
 .text.__s2b    0x60012fa0       0xb8 /home/mustafa/arm-gnu-toolchain-13.2.rel1-x86_64-arm-none-eabi/arm-gnu-toolchain-13.2.Rel1-x86_64-arm-none-eabi/bin/../lib/gcc/arm-none-eabi/13.2.1/../../../../arm-none-eabi/lib/thumb/v7-a/nofp/libg.a(libc_a-mprec.o)
                0x60012fa0                __s2b
 .text.__hi0bits
                0x60013058       0x48 /home/mustafa/arm-gnu-toolchain-13.2.rel1-x86_64-arm-none-eabi/arm-gnu-toolchain-13.2.Rel1-x86_64-arm-none-eabi/bin/../lib/gcc/arm-none-eabi/13.2.1/../../../../arm-none-eabi/lib/thumb/v7-a/nofp/libg.a(libc_a-mprec.o)
                0x60013058                __hi0bits
 .text.__lo0bits
                0x600130a0       0x58 /home/mustafa/arm-gnu-toolchain-13.2.rel1-x86_64-arm-none-eabi/arm-gnu-toolchain-13.2.Rel1-x86_64-arm-none-eabi/bin/../lib/gcc/arm-none-eabi/13.2.1/../../../../arm-none-eabi/lib/thumb/v7-a/nofp/libg.a(libc_a-mprec.o)
                0x600130a0                __lo0bits
 .text.__i2b    0x600130f8       0x60 /home/mustafa/arm-gnu-toolchain-13.2.rel1-x86_64-arm-none-eabi/arm-gnu-toolchain-13.2.Rel1-x86_64-arm-none-eabi/bin/../lib/gcc/arm-none-eabi/13.2.1/../../../../arm-none-eabi/lib/thumb/v7-a/nofp/libg.a(libc_a-mprec.o)
                0x600130f8                __i2b
 .text.__multiply
                0x60013158      0x174 /home/mustafa/arm-gnu-toolchain-13.2.rel1-x86_64-arm-none-eabi/arm-gnu-toolchain-13.2.Rel1-x86_64-arm-none-eabi/bin/../lib/gcc/arm-none-eabi/13.2.1/../../../../arm-none-eabi/lib/thumb/v7-a/nofp/libg.a(libc_a-mprec.o)
                0x60013158                __multiply
 .text.__pow5mult
                0x600132cc       0xbc /home/mustafa/arm-gnu-toolchain-13.2.rel1-x86_64-arm-none-eabi/arm-gnu-toolchain-13.2.Rel1-x86_64-arm-none-eabi/bin/../lib/gcc/arm-none-eabi/13.2.1/../../../../arm-none-eabi/lib/thumb/v7-a/nofp/libg.a(libc_a-mprec.o)
                0x600132cc                __pow5mult
 .text.__lshift
                0x60013388       0xec /home/mustafa/arm-gnu-toolchain-13.2.rel1-x86_64-arm-none-eabi/arm-gnu-toolchain-13.2.Rel1-x86_64-arm-none-eabi/bin/../lib/gcc/arm-none-eabi/13.2.1/../../../../arm-none-eabi/lib/thumb/v7-a/nofp/libg.a(libc_a-mprec.o)
                0x60013388                __lshift
 .text.__mcmp   0x60013474       0x3c /home/mustafa/arm-gnu-toolchain-13.2.rel1-x86_64-arm-none-eabi/arm-gnu-toolchain-13.2.Rel1-x86_64-arm-none-eabi/bin/../lib/gcc/arm-none-eabi/13.2.1/../../../../arm-none-eabi/lib/thumb/v7-a/nofp/libg.a(libc_a-mprec.o)
                0x60013474                __mcmp
 .text.__mdiff  0x600134b0      0x19c /home/mustafa/arm-gnu-toolchain-13.2.rel1-x86_64-arm-none-eabi/arm-gnu-toolchain-13.2.Rel1-x86_64-arm-none-eabi/bin/../lib/gcc/arm-none-eabi/13.2.1/../../../../arm-none-eabi/lib/thumb/v7-a/nofp/libg.a(libc_a-mprec.o)
                0x600134b0                __mdiff
 .text.__ulp    0x6001364c       0x4c /home/mustafa/arm-gnu-toolchain-13.2.rel1-x86_64-arm-none-eabi/arm-gnu-toolchain-13.2.Rel1-x86_64-arm-none-eabi/bin/../lib/gcc/arm-none-eabi/13.2.1/../../../../arm-none-eabi/lib/thumb/v7-a/nofp/libg.a(libc_a-mprec.o)
                0x6001364c                __ulp
 .text.__b2d    0x60013698       0xc8 /home/mustafa/arm-gnu-toolchain-13.2.rel1-x86_64-arm-none-eabi/arm-gnu-toolchain-13.2.Rel1-x86_64-arm-none-eabi/bin/../lib/gcc/arm-none-eabi/13.2.1/../../../../arm-none-eabi/lib/thumb/v7-a/nofp/libg.a(libc_a-mprec.o)
                0x60013698                __b2d
 .text.__d2b    0x60013760       0xc0 /home/mustafa/arm-gnu-toolchain-13.2.rel1-x86_64-arm-none-eabi/arm-gnu-toolchain-13.2.Rel1-x86_64-arm-none-eabi/bin/../lib/gcc/arm-none-eabi/13.2.1/../../../../arm-none-eabi/lib/thumb/v7-a/nofp/libg.a(libc_a-mprec.o)
                0x60013760                __d2b
 .text.__ratio  0x60013820       0x58 /home/mustafa/arm-gnu-toolchain-13.2.rel1-x86_64-arm-none-eabi/arm-gnu-toolchain-13.2.Rel1-x86_64-arm-none-eabi/bin/../lib/gcc/arm-none-eabi/13.2.1/../../../../arm-none-eabi/lib/thumb/v7-a/nofp/libg.a(libc_a-mprec.o)
                0x60013820                __ratio
 .text._mprec_log10
                0x60013878       0x38 /home/mustafa/arm-gnu-toolchain-13.2.rel1-x86_64-arm-none-eabi/arm-gnu-toolchain-13.2.Rel1-x86_64-arm-none-eabi/bin/../lib/gcc/arm-none-eabi/13.2.1/../../../../arm-none-eabi/lib/thumb/v7-a/nofp/libg.a(libc_a-mprec.o)
                0x60013878                _mprec_log10
 .text.__copybits
                0x600138b0       0x5c /home/mustafa/arm-gnu-toolchain-13.2.rel1-x86_64-arm-none-eabi/arm-gnu-toolchain-13.2.Rel1-x86_64-arm-none-eabi/bin/../lib/gcc/arm-none-eabi/13.2.1/../../../../arm-none-eabi/lib/thumb/v7-a/nofp/libg.a(libc_a-mprec.o)
                0x600138b0                __copybits
 .text.__any_on
                0x6001390c       0x40 /home/mustafa/arm-gnu-toolchain-13.2.rel1-x86_64-arm-none-eabi/arm-gnu-toolchain-13.2.Rel1-x86_64-arm-none-eabi/bin/../lib/gcc/arm-none-eabi/13.2.1/../../../../arm-none-eabi/lib/thumb/v7-a/nofp/libg.a(libc_a-mprec.o)
                0x6001390c                __any_on
 .text._calloc_r
                0x6001394c       0x78 /home/mustafa/arm-gnu-toolchain-13.2.rel1-x86_64-arm-none-eabi/arm-gnu-toolchain-13.2.Rel1-x86_64-arm-none-eabi/bin/../lib/gcc/arm-none-eabi/13.2.1/../../../../arm-none-eabi/lib/thumb/v7-a/nofp/libg.a(libc_a-callocr.o)
                0x6001394c                _calloc_r
 .text._wcsnrtombs_l
                0x600139c4       0xec /home/mustafa/arm-gnu-toolchain-13.2.rel1-x86_64-arm-none-eabi/arm-gnu-toolchain-13.2.Rel1-x86_64-arm-none-eabi/bin/../lib/gcc/arm-none-eabi/13.2.1/../../../../arm-none-eabi/lib/thumb/v7-a/nofp/libg.a(libc_a-wcsnrtombs.o)
                0x600139c4                _wcsnrtombs_l
 .text._wcsnrtombs_r
                0x60013ab0       0x28 /home/mustafa/arm-gnu-toolchain-13.2.rel1-x86_64-arm-none-eabi/arm-gnu-toolchain-13.2.Rel1-x86_64-arm-none-eabi/bin/../lib/gcc/arm-none-eabi/13.2.1/../../../../arm-none-eabi/lib/thumb/v7-a/nofp/libg.a(libc_a-wcsnrtombs.o)
                0x60013ab0                _wcsnrtombs_r
 .text.wcsnrtombs
                0x60013ad8       0x30 /home/mustafa/arm-gnu-toolchain-13.2.rel1-x86_64-arm-none-eabi/arm-gnu-toolchain-13.2.Rel1-x86_64-arm-none-eabi/bin/../lib/gcc/arm-none-eabi/13.2.1/../../../../arm-none-eabi/lib/thumb/v7-a/nofp/libg.a(libc_a-wcsnrtombs.o)
                0x60013ad8                wcsnrtombs
 .text.__env_lock
                0x60013b08        0xc /home/mustafa/arm-gnu-toolchain-13.2.rel1-x86_64-arm-none-eabi/arm-gnu-toolchain-13.2.Rel1-x86_64-arm-none-eabi/bin/../lib/gcc/arm-none-eabi/13.2.1/../../../../arm-none-eabi/lib/thumb/v7-a/nofp/libg.a(libc_a-envlock.o)
                0x60013b08                __env_lock
 .text.__env_unlock
                0x60013b14        0xc /home/mustafa/arm-gnu-toolchain-13.2.rel1-x86_64-arm-none-eabi/arm-gnu-toolchain-13.2.Rel1-x86_64-arm-none-eabi/bin/../lib/gcc/arm-none-eabi/13.2.1/../../../../arm-none-eabi/lib/thumb/v7-a/nofp/libg.a(libc_a-envlock.o)
                0x60013b14                __env_unlock
 .text.strncmp  0x60013b20       0x80 /home/mustafa/arm-gnu-toolchain-13.2.rel1-x86_64-arm-none-eabi/arm-gnu-toolchain-13.2.Rel1-x86_64-arm-none-eabi/bin/../lib/gcc/arm-none-eabi/13.2.1/../../../../arm-none-eabi/lib/thumb/v7-a/nofp/libg.a(libc_a-strncmp.o)
                0x60013b20                strncmp
 .text._fiprintf_r
                0x60013ba0       0x1c /home/mustafa/arm-gnu-toolchain-13.2.rel1-x86_64-arm-none-eabi/arm-gnu-toolchain-13.2.Rel1-x86_64-arm-none-eabi/bin/../lib/gcc/arm-none-eabi/13.2.1/../../../../arm-none-eabi/lib/thumb/v7-a/nofp/libg.a(libc_a-fiprintf.o)
                0x60013ba0                _fiprintf_r
 .text.fiprintf
                0x60013bbc       0x2c /home/mustafa/arm-gnu-toolchain-13.2.rel1-x86_64-arm-none-eabi/arm-gnu-toolchain-13.2.Rel1-x86_64-arm-none-eabi/bin/../lib/gcc/arm-none-eabi/13.2.1/../../../../arm-none-eabi/lib/thumb/v7-a/nofp/libg.a(libc_a-fiprintf.o)
                0x60013bbc                fiprintf
 .text.abort    0x60013be8       0x10 /home/mustafa/arm-gnu-toolchain-13.2.rel1-x86_64-arm-none-eabi/arm-gnu-toolchain-13.2.Rel1-x86_64-arm-none-eabi/bin/../lib/gcc/arm-none-eabi/13.2.1/../../../../arm-none-eabi/lib/thumb/v7-a/nofp/libg.a(libc_a-abort.o)
                0x60013be8                abort
 .text._init_signal_r
                0x60013bf8       0x30 /home/mustafa/arm-gnu-toolchain-13.2.rel1-x86_64-arm-none-eabi/arm-gnu-toolchain-13.2.Rel1-x86_64-arm-none-eabi/bin/../lib/gcc/arm-none-eabi/13.2.1/../../../../arm-none-eabi/lib/thumb/v7-a/nofp/libg.a(libc_a-signal.o)
                0x60013bf8                _init_signal_r
 .text._signal_r
                0x60013c28       0x50 /home/mustafa/arm-gnu-toolchain-13.2.rel1-x86_64-arm-none-eabi/arm-gnu-toolchain-13.2.Rel1-x86_64-arm-none-eabi/bin/../lib/gcc/arm-none-eabi/13.2.1/../../../../arm-none-eabi/lib/thumb/v7-a/nofp/libg.a(libc_a-signal.o)
                0x60013c28                _signal_r
 .text._raise_r
                0x60013c78       0x54 /home/mustafa/arm-gnu-toolchain-13.2.rel1-x86_64-arm-none-eabi/arm-gnu-toolchain-13.2.Rel1-x86_64-arm-none-eabi/bin/../lib/gcc/arm-none-eabi/13.2.1/../../../../arm-none-eabi/lib/thumb/v7-a/nofp/libg.a(libc_a-signal.o)
                0x60013c78                _raise_r
 .text.__sigtramp_r
                0x60013ccc       0x64 /home/mustafa/arm-gnu-toolchain-13.2.rel1-x86_64-arm-none-eabi/arm-gnu-toolchain-13.2.Rel1-x86_64-arm-none-eabi/bin/../lib/gcc/arm-none-eabi/13.2.1/../../../../arm-none-eabi/lib/thumb/v7-a/nofp/libg.a(libc_a-signal.o)
                0x60013ccc                __sigtramp_r
 .text.raise    0x60013d30       0x58 /home/mustafa/arm-gnu-toolchain-13.2.rel1-x86_64-arm-none-eabi/arm-gnu-toolchain-13.2.Rel1-x86_64-arm-none-eabi/bin/../lib/gcc/arm-none-eabi/13.2.1/../../../../arm-none-eabi/lib/thumb/v7-a/nofp/libg.a(libc_a-signal.o)
                0x60013d30                raise
 .text.signal   0x60013d88       0x50 /home/mustafa/arm-gnu-toolchain-13.2.rel1-x86_64-arm-none-eabi/arm-gnu-toolchain-13.2.Rel1-x86_64-arm-none-eabi/bin/../lib/gcc/arm-none-eabi/13.2.1/../../../../arm-none-eabi/lib/thumb/v7-a/nofp/libg.a(libc_a-signal.o)
                0x60013d88                signal
 .text._init_signal
                0x60013dd8       0x3c /home/mustafa/arm-gnu-toolchain-13.2.rel1-x86_64-arm-none-eabi/arm-gnu-toolchain-13.2.Rel1-x86_64-arm-none-eabi/bin/../lib/gcc/arm-none-eabi/13.2.1/../../../../arm-none-eabi/lib/thumb/v7-a/nofp/libg.a(libc_a-signal.o)
                0x60013dd8                _init_signal
 .text.__sigtramp
                0x60013e14       0x68 /home/mustafa/arm-gnu-toolchain-13.2.rel1-x86_64-arm-none-eabi/arm-gnu-toolchain-13.2.Rel1-x86_64-arm-none-eabi/bin/../lib/gcc/arm-none-eabi/13.2.1/../../../../arm-none-eabi/lib/thumb/v7-a/nofp/libg.a(libc_a-signal.o)
                0x60013e14                __sigtramp
 .text._kill_r  0x60013e7c       0x2c /home/mustafa/arm-gnu-toolchain-13.2.rel1-x86_64-arm-none-eabi/arm-gnu-toolchain-13.2.Rel1-x86_64-arm-none-eabi/bin/../lib/gcc/arm-none-eabi/13.2.1/../../../../arm-none-eabi/lib/thumb/v7-a/nofp/libg.a(libc_a-signalr.o)
                0x60013e7c                _kill_r
 .text._getpid_r
                0x60013ea8        0x4 /home/mustafa/arm-gnu-toolchain-13.2.rel1-x86_64-arm-none-eabi/arm-gnu-toolchain-13.2.Rel1-x86_64-arm-none-eabi/bin/../lib/gcc/arm-none-eabi/13.2.1/../../../../arm-none-eabi/lib/thumb/v7-a/nofp/libg.a(libc_a-signalr.o)
                0x60013ea8                _getpid_r
 .text._getpid  0x60013eac       0x14 /home/mustafa/arm-gnu-toolchain-13.2.rel1-x86_64-arm-none-eabi/arm-gnu-toolchain-13.2.Rel1-x86_64-arm-none-eabi/bin/../lib/gcc/arm-none-eabi/13.2.1/../../../../arm-none-eabi/lib/thumb/v7-a/nofp/libnosys.a(getpid.o)
                0x60013eac                _getpid
 .text._kill    0x60013ec0       0x14 /home/mustafa/arm-gnu-toolchain-13.2.rel1-x86_64-arm-none-eabi/arm-gnu-toolchain-13.2.Rel1-x86_64-arm-none-eabi/bin/../lib/gcc/arm-none-eabi/13.2.1/../../../../arm-none-eabi/lib/thumb/v7-a/nofp/libnosys.a(kill.o)
                0x60013ec0                _kill
 *fill*         0x60013ed4        0x4 
 .text._kill.__stub
                0x60013ed8        0x8 linker stubs
 *(.rodata)
 .rodata        0x60013ee0        0x8 obj/gic.o
                0x60013ee0                GICDistributor_BASE
                0x60013ee4                GICInterface_BASE
 .rodata        0x60013ee8       0x39 obj/interrupt.o
 *fill*         0x60013f21        0x3 
 .rodata        0x60013f24       0x5d obj/kernel.o
 *fill*         0x60013f81        0x3 
 .rodata        0x60013f84        0x4 obj/pl011.o
                0x60013f84                UART0
 .rodata        0x60013f88        0x4 obj/pl050.o
                0x60013f88                kmi_kb
 .rodata        0x60013f8c       0x2b obj/pl181.o
                0x60013f8c                MCI
 *fill*         0x60013fb7        0x1 
 .rodata        0x60013fb8       0x15 obj/sp804.o
                0x60013fb8                tregs
 *fill*         0x60013fcd        0x3 
 .rodata        0x60013fd0    0x1b6ea obj/ugui.o
                0x60013fd0                font_6x8
                0x600147d0                font_7x12
                0x600153d0                font_8x8
                0x60015bd0                font_8x12
                0x600167d0                font_8x14
                0x600175d0                font_10x16
                0x600195d0                font_12x16
                0x6001b5d0                font_12x20
                0x6001ddd0                font_16x26
                0x600211d0                font_22x36
                0x60027dd0                font_24x40
                0x6002f5d0                FONT_6X8
                0x6002f5d8                FONT_7X12
                0x6002f5e0                FONT_8X8
                0x6002f5e8                FONT_8X12
                0x6002f5f0                FONT_8X14
                0x6002f5f8                FONT_10X16
                0x6002f600                FONT_12X16
                0x6002f608                FONT_12X20
                0x6002f610                FONT_16X26
                0x6002f618                FONT_22X36
                0x6002f620                FONT_24X40
                0x6002f628                pal_window
                0x6002f658                pal_button_pressed
                0x6002f688                pal_button_released
 *(.rodata*)
 *fill*         0x6002f6ba        0x2 
 .rodata._puts_r.str1.4
                0x6002f6bc      0x29e /home/mustafa/arm-gnu-toolchain-13.2.rel1-x86_64-arm-none-eabi/arm-gnu-toolchain-13.2.Rel1-x86_64-arm-none-eabi/bin/../lib/gcc/arm-none-eabi/13.2.1/../../../../arm-none-eabi/lib/thumb/v7-a/nofp/libg.a(libc_a-puts.o)
                                  0x2 (size before relaxing)
 .rodata._vfprintf_r.str1.4
                0x6002f95a       0x42 /home/mustafa/arm-gnu-toolchain-13.2.rel1-x86_64-arm-none-eabi/arm-gnu-toolchain-13.2.Rel1-x86_64-arm-none-eabi/bin/../lib/gcc/arm-none-eabi/13.2.1/../../../../arm-none-eabi/lib/thumb/v7-a/nofp/libg.a(libc_a-vfprintf.o)
 *fill*         0x6002f95a        0x2 