Archive member included to satisfy reference by file (symbol)

/home/mustafa/arm-gnu-toolchain-13.2.rel1-x86_64-arm-none-eabi/arm-gnu-toolchain-13.2.Rel1-x86_64-arm-none-eabi/bin/../lib/gcc/arm-none-eabi/13.2.1/thumb/v7-a/nofp/libgcc.a(_udivsi3.o)
                              obj/ff.o (__aeabi_uidiv)
/home/mustafa/arm-gnu-toolchain-13.2.rel1-x86_64-arm-none-eabi/arm-gnu-toolchain-13.2.Rel1-x86_64-arm-none-eabi/bin/../lib/gcc/arm-none-eabi/13.2.1/thumb/v7-a/nofp/libgcc.a(_dvmd_tls.o)
                              /home/mustafa/arm-gnu-toolchain-13.2.rel1-x86_64-arm-none-eabi/arm-gnu-toolchain-13.2.Rel1-x86_64-arm-none-eabi/bin/../lib/gcc/arm-none-eabi/13.2.1/thumb/v7-a/nofp/libgcc.a(_udivsi3.o) (__aeabi_idiv0)
/home/mustafa/arm-gnu-toolchain-13.2.rel1-x86_64-arm-none-eabi/arm-gnu-toolchain-13.2.Rel1-x86_64-arm-none-eabi/bin/../lib/gcc/arm-none-eabi/13.2.1/../../../../arm-none-eabi/lib/thumb/v7-a/nofp/libg.a(libc_a-exit.o)
                              obj/syscall.o (exit)
/home/mustafa/arm-gnu-toolchain-13.2.rel1-x86_64-arm-none-eabi/arm-gnu-toolchain-13.2.Rel1-x86_64-arm-none-eabi/bin/../lib/gcc/arm-none-eabi/13.2.1/../../../../arm-none-eabi/lib/thumb/v7-a/nofp/libg.a(libc_a-asctime.o)
                              obj/sp804.o (asctime)
/home/mustafa/arm-gnu-toolchain-13.2.rel1-x86_64-arm-none-eabi/arm-gnu-toolchain-13.2.Rel1-x86_64-arm-none-eabi/bin/../lib/gcc/arm-none-eabi/13.2.1/../../../../arm-none-eabi/lib/thumb/v7-a/nofp/libg.a(libc_a-asctime_r.o)
                              /home/mustafa/arm-gnu-toolchain-13.2.rel1-x86_64-arm-none-eabi/arm-gnu-toolchain-13.2.Rel1-x86_64-arm-none-eabi/bin/../lib/gcc/arm-none-eabi/13.2.1/../../../../arm-none-eabi/lib/thumb/v7-a/nofp/libg.a(libc_a-asctime.o) (asctime_r)
/home/mustafa/arm-gnu-toolchain-13.2.rel1-x86_64-arm-none-eabi/arm-gnu-toolchain-13.2.Rel1-x86_64-arm-none-eabi/bin/../lib/gcc/arm-none-eabi/13.2.1/../../../../arm-none-eabi/lib/thumb/v7-a/nofp/libg.a(libc_a-gmtime.o)
                              obj/diskio.o (gmtime)
/home/mustafa/arm-gnu-toolchain-13.2.rel1-x86_64-arm-none-eabi/arm-gnu-toolchain-13.2.Rel1-x86_64-arm-none-eabi/bin/../lib/gcc/arm-none-eabi/13.2.1/../../../../arm-none-eabi/lib/thumb/v7-a/nofp/libg.a(libc_a-gmtime_r.o)
                              /home/mustafa/arm-gnu-toolchain-13.2.rel1-x86_64-arm-none-eabi/arm-gnu-toolchain-13.2.Rel1-x86_64-arm-none-eabi/bin/../lib/gcc/arm-none-eabi/13.2.1/../../../../arm-none-eabi/lib/thumb/v7-a/nofp/libg.a(libc_a-gmtime.o) (gmtime_r)
/home/mustafa/arm-gnu-toolchain-13.2.rel1-x86_64-arm-none-eabi/arm-gnu-toolchain-13.2.Rel1-x86_64-arm-none-eabi/bin/../lib/gcc/arm-none-eabi/13.2.1/../../../../arm-none-eabi/lib/thumb/v7-a/nofp/libg.a(libc_a-lcltime.o)
                              obj/sp804.o (localtime)
/home/mustafa/arm-gnu-toolchain-13.2.rel1-x86_64-arm-none-eabi/arm-gnu-toolchain-13.2.Rel1-x86_64-arm-none-eabi/bin/../lib/gcc/arm-none-eabi/13.2.1/../../../../arm-none-eabi/lib/thumb/v7-a/nofp/libg.a(libc_a-lcltime_r.o)
                              /home/mustafa/arm-gnu-toolchain-13.2.rel1-x86_64-arm-none-eabi/arm-gnu-toolchain-13.2.Rel1-x86_64-arm-none-eabi/bin/../lib/gcc/arm-none-eabi/13.2.1/../../../../arm-none-eabi/lib/thumb/v7-a/nofp/libg.a(libc_a-lcltime.o) (localtime_r)
/home/mustafa/arm-gnu-toolchain-13.2.rel1-x86_64-arm-none-eabi/arm-gnu-toolchain-13.2.Rel1-x86_64-arm-none-eabi/bin/../lib/gcc/arm-none-eabi/13.2.1/../../../../arm-none-eabi/lib/thumb/v7-a/nofp/libg.a(libc_a-month_lengths.o)
                              /home/mustafa/arm-gnu-toolchain-13.2.rel1-x86_64-arm-none-eabi/arm-gnu-toolchain-13.2.Rel1-x86_64-arm-none-eabi/bin/../lib/gcc/arm-none-eabi/13.2.1/../../../../arm-none-eabi/lib/thumb/v7-a/nofp/libg.a(libc_a-lcltime_r.o) (__month_lengths)
/home/mustafa/arm-gnu-toolchain-13.2.rel1-x86_64-arm-none-eabi/arm-gnu-toolchain-13.2.Rel1-x86_64-arm-none-eabi/bin/../lib/gcc/arm-none-eabi/13.2.1/../../../../arm-none-eabi/lib/thumb/v7-a/nofp/libg.a(libc_a-siprintf.o)
                              /home/mustafa/arm-gnu-toolchain-13.2.rel1-x86_64-arm-none-eabi/arm-gnu-toolchain-13.2.Rel1-x86_64-arm-none-eabi/bin/../lib/gcc/arm-none-eabi/13.2.1/../../../../arm-none-eabi/lib/thumb/v7-a/nofp/libg.a(libc_a-asctime_r.o) (siprintf)
/home/mustafa/arm-gnu-toolchain-13.2.rel1-x86_64-arm-none-eabi/arm-gnu-toolchain-13.2.Rel1-x86_64-arm-none-eabi/bin/../lib/gcc/arm-none-eabi/13.2.1/../../../../arm-none-eabi/lib/thumb/v7-a/nofp/libg.a(libc_a-errno.o)
                              obj/syscall.o (__errno)
/home/mustafa/arm-gnu-toolchain-13.2.rel1-x86_64-arm-none-eabi/arm-gnu-toolchain-13.2.Rel1-x86_64-arm-none-eabi/bin/../lib/gcc/arm-none-eabi/13.2.1/../../../../arm-none-eabi/lib/thumb/v7-a/nofp/libg.a(libc_a-svfiprintf.o)
                              /home/mustafa/arm-gnu-toolchain-13.2.rel1-x86_64-arm-none-eabi/arm-gnu-toolchain-13.2.Rel1-x86_64-arm-none-eabi/bin/../lib/gcc/arm-none-eabi/13.2.1/../../../../arm-none-eabi/lib/thumb/v7-a/nofp/libg.a(libc_a-siprintf.o) (_svfiprintf_r)
[...]
Memory Configuration

Name             Origin             Length             Attributes
RAM              0x60000000         0x06400000         xrw
*default*        0x00000000         0xffffffff

Linker script and memory map

LOAD /home/mustafa/arm-gnu-toolchain-13.2.rel1-x86_64-arm-none-eabi/arm-gnu-toolchain-13.2.Rel1-x86_64-arm-none-eabi/bin/../lib/gcc/arm-none-eabi/13.2.1/../../../../arm-none-eabi/lib/thumb/v7-a/nofp/libc.a
LOAD obj/startup.o
LOAD obj/diskio.o
LOAD obj/ff.o
LOAD obj/ffsystem.o
LOAD obj/ffunicode.o
LOAD obj/gic.o
LOAD obj/interrupt.o
LOAD obj/kernel.o
LOAD obj/pl011.o
LOAD obj/pl031.o
LOAD obj/pl050.o
LOAD obj/pl111.o
LOAD obj/pl181.o
LOAD obj/sp804.o
LOAD obj/syscall.o
LOAD obj/ugui.o
START GROUP
LOAD /home/mustafa/arm-gnu-toolchain-13.2.rel1-x86_64-arm-none-eabi/arm-gnu-toolchain-13.2.Rel1-x86_64-arm-none-eabi/bin/../lib/gcc/arm-none-eabi/13.2.1/thumb/v7-a/nofp/libgcc.a
LOAD /home/mustafa/arm-gnu-toolchain-13.2.rel1-x86_64-arm-none-eabi/arm-gnu-toolchain-13.2.Rel1-x86_64-arm-none-eabi/bin/../lib/gcc/arm-none-eabi/13.2.1/../../../../arm-none-eabi/lib/thumb/v7-a/nofp/libg.a
LOAD /home/mustafa/arm-gnu-toolchain-13.2.rel1-x86_64-arm-none-eabi/arm-gnu-toolchain-13.2.Rel1-x86_64-arm-none-eabi/bin/../lib/gcc/arm-none-eabi/13.2.1/../../../../arm-none-eabi/lib/thumb/v7-a/nofp/libc.a
END GROUP
START GROUP
LOAD /home/mustafa/arm-gnu-toolchain-13.2.rel1-x86_64-arm-none-eabi/arm-gnu-toolchain-13.2.Rel1-x86_64-arm-none-eabi/bin/../lib/gcc/arm-none-eabi/13.2.1/thumb/v7-a/nofp/libgcc.a
LOAD /home/mustafa/arm-gnu-toolchain-13.2.rel1-x86_64-arm-none-eabi/arm-gnu-toolchain-13.2.Rel1-x86_64-arm-none-eabi/bin/../lib/gcc/arm-none-eabi/13.2.1/../../../../arm-none-eabi/lib/thumb/v7-a/nofp/libc.a
LOAD /home/mustafa/arm-gnu-toolchain-13.2.rel1-x86_64-arm-none-eabi/arm-gnu-toolchain-13.2.Rel1-x86_64-arm-none-eabi/bin/../lib/gcc/arm-none-eabi/13.2.1/../../../../arm-none-eabi/lib/thumb/v7-a/nofp/libnosys.a
END GROUP
                0x00010000                        heap_size = 0x10000

.text           0x60000000    0x40384
                0x60000000                        . = ALIGN (0x4)
 *(.isr_vector)
 .isr_vector    0x60000000       0x20 obj/startup.o
                0x60000000                _Reset
                0x60000020                        _start_text = .
 *(.text)
 .text          0x60000020       0x5c obj/startup.o
 .text          0x6000007c      0x2e8 obj/diskio.o
                0x6000007c                disk_status
                0x600000a4                disk_initialize
                0x600000cc                disk_read
                0x6000010c                disk_write
                0x6000014c                disk_ioctl
                0x600001bc                get_fattime
 .text          0x60000364     0x5220 obj/ff.o
                0x60003078                f_mount
                0x60003158                f_open
                0x60003664                f_read
                0x60003abc                f_write
                0x60003fd8                f_sync
                0x6000418c                f_close
                0x600041fc                f_lseek
                0x6000466c                f_opendir
                0x600047b0                f_closedir
                0x60004804                f_readdir
                0x600048dc                f_stat
                0x60004988                f_getfree
                0x60004c0c                f_truncate
                0x60004e2c                f_unlink
                0x60004ffc                f_mkdir
                0x60005278                f_rename
 .text          0x60005584        0x0 obj/ffsystem.o
 .text          0x60005584        0x0 obj/ffunicode.o
 .text          0x60005584      0xb84 obj/gic.o
                0x60005584                GIC_EnableDistributor
                0x600055b8                GIC_DisableDistributor
                0x600055ec                GIC_DistributorInfo
                0x60005610                GIC_DistributorImplementer
                0x60005634                GIC_SetTarget
                0x600056a4                GIC_SetICDICFR
                0x6000572c                GIC_GetTarget
                0x60005790                GIC_EnableInterface
                0x600057c4                GIC_DisableInterface
                0x600057f8                GIC_AcknowledgePending
                0x60005820                GIC_EndInterrupt
                0x60005854                GIC_EnableIRQ
                0x600058a4                GIC_DisableIRQ
                0x600058f4                GIC_SetPendingIRQ
                0x60005944                GIC_ClearPendingIRQ
                0x60005994                GIC_SetLevelModel
                0x60005aa8                GIC_SetPriority
                0x60005b10                GIC_GetPriority
                0x60005b70                GIC_InterfacePriorityMask
                0x60005ba4                GIC_SetBinaryPoint
                0x60005bd8                GIC_GetBinaryPoint
                0x60005c04                GIC_GetIRQStatus
                0x60005c98                GIC_SendSGI
                0x60005cf8                GIC_DistInit
                0x60006060                GIC_CPUInterfaceInit
                0x600060f0                GIC_Enable
 .text          0x60006108      0x154 obj/interrupt.o
                0x60006108                install_isr
                0x60006144                c_svc
                0x60006164                c_fiq
                0x60006188                c_irq
                0x60006218                enable_irq
                0x60006244                interrupt_init
 .text          0x6000625c      0x288 obj/kernel.o
                0x6000625c                main
 .text          0x600064e4       0x50 obj/pl011.o
                0x600064e4                uart_putc
 .text          0x60006534       0x24 obj/pl031.o
                0x60006534                read_rtc
 .text          0x60006558       0xb8 obj/pl050.o
                0x60006558                kb_handler
                0x600065c8                kb_init
 .text          0x60006610      0x174 obj/pl111.o
                0x60006668                pdraw
                0x600066a8                clcd_init
 .text          0x60006784      0x638 obj/pl181.o
                0x60006784                sd_send_cmd
                0x600067dc                sd_handler
                0x60006a30                sd_init
                0x60006b2c                sd_read
                0x60006bf4                sd_write
                0x60006cbc                sd_test_read
 .text          0x60006dbc      0x140 obj/sp804.o
                0x60006dbc                timer_handler
                0x60006e48                timer_init
 .text          0x60006efc      0x240 obj/syscall.o
                0x60006efc                _exit
                0x60006f10                _write
                0x60006f78                _start
                0x60006f8c                _fini
                0x60006fb0                _sbrk
                0x60007074                _close
                0x60007098                _read
                0x600070c4                _lseek
                0x600070f0                _fstat
                0x60007118                _isatty
 .text          0x6000713c     0x82cc obj/ugui.o
                0x6000713c                UG_Init
                0x6000731c                UG_SelectGUI
                0x60007350                UG_FontSelect
                0x600073b8                UG_FillScreen
                0x6000742c                UG_FillFrame
                0x600075a4                UG_FillRoundFrame
                0x600079bc                UG_DrawMesh
                0x60007ad0                UG_DrawFrame
                0x60007b98                UG_DrawRoundFrame
                0x60007e4c                UG_DrawPixel
                0x60007e98                UG_DrawCircle
                0x600081d8                UG_FillCircle
                0x600084c8                UG_DrawArc
                0x60008898                UG_DrawLine
                0x60008bd4                UG_PutString
                0x60008d64                UG_PutChar
                0x600090d0                UG_ConsolePutString
                0x600093a4                UG_ConsoleSetArea
                0x60009440                UG_ConsoleSetForecolor
                0x60009474                UG_ConsoleSetBackcolor
                0x600094a8                UG_SetForecolor
                0x600094dc                UG_SetBackcolor
                0x60009510                UG_GetXDim
                0x60009538                UG_GetYDim
                0x60009560                UG_FontSetHSpace
                0x6000959c                UG_FontSetVSpace
                0x600095d8                _UG_PutText
                0x60009c60                _UG_GetFreeObject
                0x60009d04                _UG_SearchObject
                0x60009de0                _UG_DeleteObject
                0x60009ec8                _UG_ProcessTouchData
                0x6000a13c                _UG_UpdateObjects
                0x6000a244                _UG_HandleEvents
                0x6000a364                _UG_DrawObjectFrame
                0x6000a784                UG_DriverRegister
                0x6000a804                UG_DriverEnable
                0x6000a8b0                UG_DriverDisable
                0x6000a95c                UG_Update
                0x6000ac24                UG_WaitForUpdate
                0x6000ac88                UG_DrawBMP
                0x6000ae34                UG_TouchUpdate
                0x6000aea4                UG_WindowCreate
                0x6000b088                UG_WindowDelete
                0x6000b164                UG_WindowShow
                0x6000b1e0                UG_WindowHide
                0x6000b390                UG_WindowResize
                0x6000b6ac                UG_WindowAlert
                0x6000b724                UG_WindowSetForeColor
                0x6000b798                UG_WindowSetBackColor
                0x6000b80c                UG_WindowSetTitleTextColor
                0x6000b880                UG_WindowSetTitleColor
                0x6000b8f4                UG_WindowSetTitleInactiveTextColor
                0x6000b968                UG_WindowSetTitleInactiveColor
                0x6000b9dc                UG_WindowSetTitleText
                0x6000ba50                UG_WindowSetTitleTextFont
                0x6000bb18                UG_WindowSetTitleTextHSpace
                0x6000bb90                UG_WindowSetTitleTextVSpace
                0x6000bc08                UG_WindowSetTitleTextAlignment
                0x6000bc80                UG_WindowSetTitleHeight
                0x6000bd10                UG_WindowSetXStart
                0x6000bdb0                UG_WindowSetYStart
                0x6000be50                UG_WindowSetXEnd
                0x6000bef0                UG_WindowSetYEnd
                0x6000bf90                UG_WindowSetStyle
                0x6000c084                UG_WindowGetForeColor
                0x6000c0dc                UG_WindowGetBackColor
                0x6000c134                UG_WindowGetTitleTextColor
                0x6000c18c                UG_WindowGetTitleColor
                0x6000c1e4                UG_WindowGetTitleInactiveTextColor
                0x6000c23c                UG_WindowGetTitleInactiveColor
                0x6000c294                UG_WindowGetTitleText
                0x6000c2ec                UG_WindowGetTitleTextFont
                0x6000c344                UG_WindowGetTitleTextHSpace
                0x6000c39c                UG_WindowGetTitleTextVSpace
                0x6000c3f4                UG_WindowGetTitleTextAlignment
                0x6000c44c                UG_WindowGetTitleHeight
                0x6000c4a4                UG_WindowGetXStart
                0x6000c4fc                UG_WindowGetYStart
                0x6000c554                UG_WindowGetXEnd
                0x6000c5ac                UG_WindowGetYEnd
                0x6000c604                UG_WindowGetStyle
                0x6000c65c                UG_WindowGetArea
                0x6000c7c8                UG_WindowGetInnerWidth
                0x6000c870                UG_WindowGetOuterWidth
                0x6000c8f4                UG_WindowGetInnerHeight
                0x6000c9cc                UG_WindowGetOuterHeight
                0x6000ca50                _UG_WindowDrawTitle
                0x6000cc9c                _UG_WindowUpdate
                0x6000cf10                _UG_WindowClear
                0x6000d048                UG_ButtonCreate
                0x6000d1fc                UG_ButtonDelete
                0x6000d238                UG_ButtonShow
                0x6000d2c4                UG_ButtonHide
                0x6000d394                UG_ButtonSetForeColor
                0x6000d42c                UG_ButtonSetBackColor
                0x6000d4c4                UG_ButtonSetAlternateForeColor
                0x6000d55c                UG_ButtonSetAlternateBackColor
                0x6000d5f4                UG_ButtonSetText
                0x6000d68c                UG_ButtonSetFont
                0x6000d724                UG_ButtonSetStyle
                0x6000d898                UG_ButtonGetForeColor
                0x6000d914                UG_ButtonGetBackColor
                0x6000d990                UG_ButtonGetAlternateForeColor
                0x6000da0c                UG_ButtonGetAlternateBackColor
                0x6000da88                UG_ButtonGetText
                0x6000db04                UG_ButtonGetFont
                0x6000db80                UG_ButtonGetStyle
                0x6000dbfc                _UG_ButtonUpdate
                0x6000e188                UG_TextboxCreate
                0x6000e328                UG_TextboxDelete
                0x6000e364                UG_TextboxShow
                0x6000e3f0                UG_TextboxHide
                0x6000e47c                UG_TextboxSetForeColor
                0x6000e514                UG_TextboxSetBackColor
                0x6000e5ac                UG_TextboxSetText
                0x6000e644                UG_TextboxSetFont
                0x6000e6dc                UG_TextboxSetHSpace
                0x6000e778                UG_TextboxSetVSpace
                0x6000e814                UG_TextboxSetAlignment
                0x6000e8b0                UG_TextboxGetForeColor
                0x6000e92c                UG_TextboxGetBackColor
                0x6000e9a8                UG_TextboxGetText
                0x6000ea24                UG_TextboxGetFont
                0x6000eaa0                UG_TextboxGetHSpace
                0x6000eb1c                UG_TextboxGetVSpace
                0x6000eb98                UG_TextboxGetAlignment
                0x6000ec14                _UG_TextboxUpdate
                0x6000ee98                UG_ImageCreate
                0x6000efe8                UG_ImageDelete
                0x6000f024                UG_ImageShow
                0x6000f0b0                UG_ImageHide
                0x6000f13c                UG_ImageSetBMP
                0x6000f1e0                _UG_ImageUpdate
 .text          0x6000f408      0x278 /home/mustafa/arm-gnu-toolchain-13.2.rel1-x86_64-arm-none-eabi/arm-gnu-toolchain-13.2.Rel1-x86_64-arm-none-eabi/bin/../lib/gcc/arm-none-eabi/13.2.1/thumb/v7-a/nofp/libgcc.a(_udivsi3.o)
                0x6000f408                __udivsi3
                0x6000f408                __aeabi_uidiv
                0x6000f664                __aeabi_uidivmod
 .text          0x6000f680        0x4 /home/mustafa/arm-gnu-toolchain-13.2.rel1-x86_64-arm-none-eabi/arm-gnu-toolchain-13.2.Rel1-x86_64-arm-none-eabi/bin/../lib/gcc/arm-none-eabi/13.2.1/thumb/v7-a/nofp/libgcc.a(_dvmd_tls.o)
                0x6000f680                __aeabi_ldiv0
                0x6000f680                __aeabi_idiv0
 .text          0x6000f684        0x0 /home/mustafa/arm-gnu-toolchain-13.2.rel1-x86_64-arm-none-eabi/arm-gnu-toolchain-13.2.Rel1-x86_64-arm-none-eabi/bin/../lib/gcc/arm-none-eabi/13.2.1/../../../../arm-none-eabi/lib/thumb/v7-a/nofp/libg.a(libc_a-exit.o)
 .text          0x6000f684        0x0 /home/mustafa/arm-gnu-toolchain-13.2.rel1-x86_64-arm-none-eabi/arm-gnu-toolchain-13.2.Rel1-x86_64-arm-none-eabi/bin/../lib/gcc/arm-none-eabi/13.2.1/../../../../arm-none-eabi/lib/thumb/v7-a/nofp/libg.a(libc_a-asctime.o)
 .text          0x6000f684        0x0 /home/mustafa/arm-gnu-toolchain-13.2.rel1-x86_64-arm-none-eabi/arm-gnu-toolchain-13.2.Rel1-x86_64-arm-none-eabi/bin/../lib/gcc/arm-none-eabi/13.2.1/../../../../arm-none-eabi/lib/thumb/v7-a/nofp/libg.a(libc_a-asctime_r.o)
 .text          0x6000f684        0x0 /home/mustafa/arm-gnu-toolchain-13.2.rel1-x86_64-arm-none-eabi/arm-gnu-toolchain-13.2.Rel1-x86_64-arm-none-eabi/bin/../lib/gcc/arm-none-eabi/13.2.1/../../../../arm-none-eabi/lib/thumb/v7-a/nofp/libg.a(libc_a-gmtime.o)
 .text          0x6000f684        0x0 /home/mustafa/arm-gnu-toolchain-13.2.rel1-x86_64-arm-none-eabi/arm-gnu-toolchain-13.2.Rel1-x86_64-arm-none-eabi/bin/../lib/gcc/arm-none-eabi/13.2.1/../../../../arm-none-eabi/lib/thumb/v7-a/nofp/libg.a(libc_a-gmtime_r.o)
 .text          0x6000f684        0x0 /home/mustafa/arm-gnu-toolchain-13.2.rel1-x86_64-arm-none-eabi/arm-gnu-toolchain-13.2.Rel1-x86_64-arm-none-eabi/bin/../lib/gcc/arm-none-eabi/13.2.1/../../../../arm-none-eabi/lib/thumb/v7-a/nofp/libg.a(libc_a-lcltime.o)
 .text          0x6000f684        0x0 /home/mustafa/arm-gnu-toolchain-13.2.rel1-x86_64-arm-none-eabi/arm-gnu-toolchain-13.2.Rel1-x86_64-arm-none-eabi/bin/../lib/gcc/arm-none-eabi/13.2.1/../../../../arm-none-eabi/lib/thumb/v7-a/nofp/libg.a(libc_a-lcltime_r.o)
 .text          0x6000f684        0x0 /home/mustafa/arm-gnu-toolchain-13.2.rel1-x86_64-arm-none-eabi/arm-gnu-toolchain-13.2.Rel1-x86_64-arm-none-eabi/bin/../lib/gcc/arm-none-eabi/13.2.1/../../../../arm-none-eabi/lib/thumb/v7-a/nofp/libg.a(libc_a-month_lengths.o)
 .text          0x6000f684        0x0 /home/mustafa/arm-gnu-toolchain-13.2.rel1-x86_64-arm-none-eabi/arm-gnu-toolchain-13.2.Rel1-x86_64-arm-none-eabi/bin/../lib/gcc/arm-none-eabi/13.2.1/../../../../arm-none-eabi/lib/thumb/v7-a/nofp/libg.a(libc_a-siprintf.o)
 .text          0x6000f684        0x0 /home/mustafa/arm-gnu-toolchain-13.2.rel1-x86_64-arm-none-eabi/arm-gnu-toolchain-13.2.Rel1-x86_64-arm-none-eabi/bin/../lib/gcc/arm-none-eabi/13.2.1/../../../../arm-none-eabi/lib/thumb/v7-a/nofp/libg.a(libc_a-errno.o)
 .text          0x6000f684        0x0 /home/mustafa/arm-gnu-toolchain-13.2.rel1-x86_64-arm-none-eabi/arm-gnu-toolchain-13.2.Rel1-x86_64-arm-none-eabi/bin/../lib/gcc/arm-none-eabi/13.2.1/../../../../arm-none-eabi/lib/thumb/v7-a/nofp/libg.a(libc_a-svfiprintf.o)
 .text          0x6000f684        0x0 /home/mustafa/arm-gnu-toolchain-13.2.rel1-x86_64-arm-none-eabi/arm-gnu-toolchain-13.2.Rel1-x86_64-arm-none-eabi/bin/../lib/gcc/arm-none-eabi/13.2.1/../../../../arm-none-eabi/lib/thumb/v7-a/nofp/libg.a(libc_a-tzcalc_limits.o)
 .text          0x6000f684        0x0 /home/mustafa/arm-gnu-toolchain-13.2.rel1-x86_64-arm-none-eabi/arm-gnu-toolchain-13.2.Rel1-x86_64-arm-none-eabi/bin/../lib/gcc/arm-none-eabi/13.2.1/../../../../arm-none-eabi/lib/thumb/v7-a/nofp/libg.a(libc_a-tzlock.o)
 .text          0x6000f684        0x0 /home/mustafa/arm-gnu-toolchain-13.2.rel1-x86_64-arm-none-eabi/arm-gnu-toolchain-13.2.Rel1-x86_64-arm-none-eabi/bin/../lib/gcc/arm-none-eabi/13.2.1/../../../../arm-none-eabi/lib/thumb/v7-a/nofp/libg.a(libc_a-malloc.o)
 .text          0x6000f684        0x0 /home/mustafa/arm-gnu-toolchain-13.2.rel1-x86_64-arm-none-eabi/arm-gnu-toolchain-13.2.Rel1-x86_64-arm-none-eabi/bin/../lib/gcc/arm-none-eabi/13.2.1/../../../../arm-none-eabi/lib/thumb/v7-a/nofp/libg.a(libc_a-mallocr.o)
 .text          0x6000f684        0x0 /home/mustafa/arm-gnu-toolchain-13.2.rel1-x86_64-arm-none-eabi/arm-gnu-toolchain-13.2.Rel1-x86_64-arm-none-eabi/bin/../lib/gcc/arm-none-eabi/13.2.1/../../../../arm-none-eabi/lib/thumb/v7-a/nofp/libg.a(libc_a-__call_atexit.o)
 .text          0x6000f684        0x0 /home/mustafa/arm-gnu-toolchain-13.2.rel1-x86_64-arm-none-eabi/arm-gnu-toolchain-13.2.Rel1-x86_64-arm-none-eabi/bin/../lib/gcc/arm-none-eabi/13.2.1/../../../../arm-none-eabi/lib/thumb/v7-a/nofp/libg.a(libc_a-memcmp.o)
 .text          0x6000f684        0x0 /home/mustafa/arm-gnu-toolchain-13.2.rel1-x86_64-arm-none-eabi/arm-gnu-toolchain-13.2.Rel1-x86_64-arm-none-eabi/bin/../lib/gcc/arm-none-eabi/13.2.1/../../../../arm-none-eabi/lib/thumb/v7-a/nofp/libg.a(libc_a-memmove.o)
 .text          0x6000f684        0x0 /home/mustafa/arm-gnu-toolchain-13.2.rel1-x86_64-arm-none-eabi/arm-gnu-toolchain-13.2.Rel1-x86_64-arm-none-eabi/bin/../lib/gcc/arm-none-eabi/13.2.1/../../../../arm-none-eabi/lib/thumb/v7-a/nofp/libg.a(libc_a-memset.o)
 .text          0x6000f684        0x0 /home/mustafa/arm-gnu-toolchain-13.2.rel1-x86_64-arm-none-eabi/arm-gnu-toolchain-13.2.Rel1-x86_64-arm-none-eabi/bin/../lib/gcc/arm-none-eabi/13.2.1/../../../../arm-none-eabi/lib/thumb/v7-a/nofp/libg.a(libc_a-wcrtomb.o)
 .text          0x6000f684        0x0 /home/mustafa/arm-gnu-toolchain-13.2.rel1-x86_64-arm-none-eabi/arm-gnu-toolchain-13.2.Rel1-x86_64-arm-none-eabi/bin/../lib/gcc/arm-none-eabi/13.2.1/../../../../arm-none-eabi/lib/thumb/v7-a/nofp/libg.a(libc_a-tzset.o)
 .text          0x6000f684        0x0 /home/mustafa/arm-gnu-toolchain-13.2.rel1-x86_64-arm-none-eabi/arm-gnu-toolchain-13.2.Rel1-x86_64-arm-none-eabi/bin/../lib/gcc/arm-none-eabi/13.2.1/../../../../arm-none-eabi/lib/thumb/v7-a/nofp/libg.a(libc_a-tzset_r.o)
 .text          0x6000f684        0x0 /home/mustafa/arm-gnu-toolchain-13.2.rel1-x86_64-arm-none-eabi/arm-gnu-toolchain-13.2.Rel1-x86_64-arm-none-eabi/bin/../lib/gcc/arm-none-eabi/13.2.1/../../../../arm-none-eabi/lib/thumb/v7-a/nofp/libg.a(libc_a-tzvars.o)
 .text          0x6000f684        0x0 /home/mustafa/arm-gnu-toolchain-13.2.rel1-x86_64-arm-none-eabi/arm-gnu-toolchain-13.2.Rel1-x86_64-arm-none-eabi/bin/../lib/gcc/arm-none-eabi/13.2.1/../../../../arm-none-eabi/lib/thumb/v7-a/nofp/libg.a(libc_a-fini.o)
 .text          0x6000f684        0x0 /home/mustafa/arm-gnu-toolchain-13.2.rel1-x86_64-arm-none-eabi/arm-gnu-toolchain-13.2.Rel1-x86_64-arm-none-eabi/bin/../lib/gcc/arm-none-eabi/13.2.1/../../../../arm-none-eabi/lib/thumb/v7-a/nofp/libg.a(libc_a-lock.o)
 .text          0x6000f684        0x0 /home/mustafa/arm-gnu-toolchain-13.2.rel1-x86_64-arm-none-eabi/arm-gnu-toolchain-13.2.Rel1-x86_64-arm-none-eabi/bin/../lib/gcc/arm-none-eabi/13.2.1/../../../../arm-none-eabi/lib/thumb/v7-a/nofp/libg.a(libc_a-locale.o)
 .text          0x6000f684        0x0 /home/mustafa/arm-gnu-toolchain-13.2.rel1-x86_64-arm-none-eabi/arm-gnu-toolchain-13.2.Rel1-x86_64-arm-none-eabi/bin/../lib/gcc/arm-none-eabi/13.2.1/../../../../arm-none-eabi/lib/thumb/v7-a/nofp/libg.a(libc_a-localeconv.o)
 .text          0x6000f684        0x0 /home/mustafa/arm-gnu-toolchain-13.2.rel1-x86_64-arm-none-eabi/arm-gnu-toolchain-13.2.Rel1-x86_64-arm-none-eabi/bin/../lib/gcc/arm-none-eabi/13.2.1/../../../../arm-none-eabi/lib/thumb/v7-a/nofp/libg.a(libc_a-sysconf.o)
 *fill*         0x6000f684       0x1c 
 .text          0x6000f6a0      0x2e0 /home/mustafa/arm-gnu-toolchain-13.2.rel1-x86_64-arm-none-eabi/arm-gnu-toolchain-13.2.Rel1-x86_64-arm-none-eabi/bin/../lib/gcc/arm-none-eabi/13.2.1/../../../../arm-none-eabi/lib/thumb/v7-a/nofp/libg.a(libc_a-strcmp.o)
                0x6000f6a0                strcmp
 .text          0x6000f980        0x0 /home/mustafa/arm-gnu-toolchain-13.2.rel1-x86_64-arm-none-eabi/arm-gnu-toolchain-13.2.Rel1-x86_64-arm-none-eabi/bin/../lib/gcc/arm-none-eabi/13.2.1/../../../../arm-none-eabi/lib/thumb/v7-a/nofp/libg.a(libc_a-printf.o)
 .text          0x6000f980        0x0 /home/mustafa/arm-gnu-toolchain-13.2.rel1-x86_64-arm-none-eabi/arm-gnu-toolchain-13.2.Rel1-x86_64-arm-none-eabi/bin/../lib/gcc/arm-none-eabi/13.2.1/../../../../arm-none-eabi/lib/thumb/v7-a/nofp/libg.a(libc_a-strcpy.o)
 .text          0x6000f980        0x0 /home/mustafa/arm-gnu-toolchain-13.2.rel1-x86_64-arm-none-eabi/arm-gnu-toolchain-13.2.Rel1-x86_64-arm-none-eabi/bin/../lib/gcc/arm-none-eabi/13.2.1/../../../../arm-none-eabi/lib/thumb/v7-a/nofp/libg.a(libc_a-putchar.o)
 .text          0x6000f980        0x0 /home/mustafa/arm-gnu-toolchain-13.2.rel1-x86_64-arm-none-eabi/arm-gnu-toolchain-13.2.Rel1-x86_64-arm-none-eabi/bin/../lib/gcc/arm-none-eabi/13.2.1/../../../../arm-none-eabi/lib/thumb/v7-a/nofp/libg.a(libc_a-puts.o)
 .text          0x6000f980        0x0 /home/mustafa/arm-gnu-toolchain-13.2.rel1-x86_64-arm-none-eabi/arm-gnu-toolchain-13.2.Rel1-x86_64-arm-none-eabi/bin/../lib/gcc/arm-none-eabi/13.2.1/../../../../arm-none-eabi/lib/thumb/v7-a/nofp/libg.a(libc_a-mlock.o)
 .text          0x6000f980        0x0 /home/mustafa/arm-gnu-toolchain-13.2.rel1-x86_64-arm-none-eabi/arm-gnu-toolchain-13.2.Rel1-x86_64-arm-none-eabi/bin/../lib/gcc/arm-none-eabi/13.2.1/../../../../arm-none-eabi/lib/thumb/v7-a/nofp/libg.a(libc_a-atexit.o)
 .text          0x6000f980        0x0 /home/mustafa/arm-gnu-toolchain-13.2.rel1-x86_64-arm-none-eabi/arm-gnu-toolchain-13.2.Rel1-x86_64-arm-none-eabi/bin/../lib/gcc/arm-none-eabi/13.2.1/../../../../arm-none-eabi/lib/thumb/v7-a/nofp/libg.a(libc_a-strchr.o)
 .text          0x6000f980        0x0 /home/mustafa/arm-gnu-toolchain-13.2.rel1-x86_64-arm-none-eabi/arm-gnu-toolchain-13.2.Rel1-x86_64-arm-none-eabi/bin/../lib/gcc/arm-none-eabi/13.2.1/../../../../arm-none-eabi/lib/thumb/v7-a/nofp/libg.a(libc_a-wcsrtombs.o)
 .text          0x6000f980        0x0 /home/mustafa/arm-gnu-toolchain-13.2.rel1-x86_64-arm-none-eabi/arm-gnu-toolchain-13.2.Rel1-x86_64-arm-none-eabi/bin/../lib/gcc/arm-none-eabi/13.2.1/../../../../arm-none-eabi/lib/thumb/v7-a/nofp/libg.a(libc_a-ctype_.o)
 .text          0x6000f980        0x0 /home/mustafa/arm-gnu-toolchain-13.2.rel1-x86_64-arm-none-eabi/arm-gnu-toolchain-13.2.Rel1-x86_64-arm-none-eabi/bin/../lib/gcc/arm-none-eabi/13.2.1/../../../../arm-none-eabi/lib/thumb/v7-a/nofp/libg.a(libc_a-impure.o)
 .text          0x6000f980        0x0 /home/mustafa/arm-gnu-toolchain-13.2.rel1-x86_64-arm-none-eabi/arm-gnu-toolchain-13.2.Rel1-x86_64-arm-none-eabi/bin/../lib/gcc/arm-none-eabi/13.2.1/../../../../arm-none-eabi/lib/thumb/v7-a/nofp/libg.a(libc_a-findfp.o)
 .text          0x6000f980       0xa0 /home/mustafa/arm-gnu-toolchain-13.2.rel1-x86_64-arm-none-eabi/arm-gnu-toolchain-13.2.Rel1-x86_64-arm-none-eabi/bin/../lib/gcc/arm-none-eabi/13.2.1/../../../../arm-none-eabi/lib/thumb/v7-a/nofp/libg.a(libc_a-memchr.o)
                0x6000f980                memchr
 *fill*         0x6000fa20       0x20 
 .text          0x6000fa40      0x420 /home/mustafa/arm-gnu-toolchain-13.2.rel1-x86_64-arm-none-eabi/arm-gnu-toolchain-13.2.Rel1-x86_64-arm-none-eabi/bin/../lib/gcc/arm-none-eabi/13.2.1/../../../../arm-none-eabi/lib/thumb/v7-a/nofp/libg.a(libc_a-memcpy.o)
                0x6000fa40                memcpy
 .text          0x6000fe60        0x0 /home/mustafa/arm-gnu-toolchain-13.2.rel1-x86_64-arm-none-eabi/arm-gnu-toolchain-13.2.Rel1-x86_64-arm-none-eabi/bin/../lib/gcc/arm-none-eabi/13.2.1/../../../../arm-none-eabi/lib/thumb/v7-a/nofp/libg.a(libc_a-reallocr.o)
 .text          0x6000fe60        0x0 /home/mustafa/arm-gnu-toolchain-13.2.rel1-x86_64-arm-none-eabi/arm-gnu-toolchain-13.2.Rel1-x86_64-arm-none-eabi/bin/../lib/gcc/arm-none-eabi/13.2.1/../../../../arm-none-eabi/lib/thumb/v7-a/nofp/libg.a(libc_a-strlcpy.o)
 .text          0x6000fe60        0x0 /home/mustafa/arm-gnu-toolchain-13.2.rel1-x86_64-arm-none-eabi/arm-gnu-toolchain-13.2.Rel1-x86_64-arm-none-eabi/bin/../lib/gcc/arm-none-eabi/13.2.1/../../../../arm-none-eabi/lib/thumb/v7-a/nofp/libg.a(libc_a-freer.o)
 .text          0x6000fe60        0x0 /home/mustafa/arm-gnu-toolchain-13.2.rel1-x86_64-arm-none-eabi/arm-gnu-toolchain-13.2.Rel1-x86_64-arm-none-eabi/bin/../lib/gcc/arm-none-eabi/13.2.1/../../../../arm-none-eabi/lib/thumb/v7-a/nofp/libg.a(libc_a-strtol.o)
 .text          0x6000fe60        0x0 /home/mustafa/arm-gnu-toolchain-13.2.rel1-x86_64-arm-none-eabi/arm-gnu-toolchain-13.2.Rel1-x86_64-arm-none-eabi/bin/../lib/gcc/arm-none-eabi/13.2.1/../../../../arm-none-eabi/lib/thumb/v7-a/nofp/libg.a(libc_a-strtoul.o)
 .text          0x6000fe60        0x0 /home/mustafa/arm-gnu-toolchain-13.2.rel1-x86_64-arm-none-eabi/arm-gnu-toolchain-13.2.Rel1-x86_64-arm-none-eabi/bin/../lib/gcc/arm-none-eabi/13.2.1/../../../../arm-none-eabi/lib/thumb/v7-a/nofp/libg.a(libc_a-strncasecmp.o)
 .text          0x6000fe60        0x0 /home/mustafa/arm-gnu-toolchain-13.2.rel1-x86_64-arm-none-eabi/arm-gnu-toolchain-13.2.Rel1-x86_64-arm-none-eabi/bin/../lib/gcc/arm-none-eabi/13.2.1/../../../../arm-none-eabi/lib/thumb/v7-a/nofp/libg.a(libc_a-getenv_r.o)
 .text          0x6000fe60        0x0 /home/mustafa/arm-gnu-toolchain-13.2.rel1-x86_64-arm-none-eabi/arm-gnu-toolchain-13.2.Rel1-x86_64-arm-none-eabi/bin/../lib/gcc/arm-none-eabi/13.2.1/../../../../arm-none-eabi/lib/thumb/v7-a/nofp/libg.a(libc_a-strncpy.o)
 .text          0x6000fe60        0x0 /home/mustafa/arm-gnu-toolchain-13.2.rel1-x86_64-arm-none-eabi/arm-gnu-toolchain-13.2.Rel1-x86_64-arm-none-eabi/bin/../lib/gcc/arm-none-eabi/13.2.1/../../../../arm-none-eabi/lib/thumb/v7-a/nofp/libg.a(libc_a-gettzinfo.o)
 *fill*         0x6000fe60       0x20 
 .text          0x6000fe80       0xd8 /home/mustafa/arm-gnu-toolchain-13.2.rel1-x86_64-arm-none-eabi/arm-gnu-toolchain-13.2.Rel1-x86_64-arm-none-eabi/bin/../lib/gcc/arm-none-eabi/13.2.1/../../../../arm-none-eabi/lib/thumb/v7-a/nofp/libg.a(libc_a-strlen.o)
                0x6000fe80                strlen
 .text          0x6000ff58        0x0 /home/mustafa/arm-gnu-toolchain-13.2.rel1-x86_64-arm-none-eabi/arm-gnu-toolchain-13.2.Rel1-x86_64-arm-none-eabi/bin/../lib/gcc/arm-none-eabi/13.2.1/../../../../arm-none-eabi/lib/thumb/v7-a/nofp/libg.a(libc_a-stdio.o)
 .text          0x6000ff58        0x0 /home/mustafa/arm-gnu-toolchain-13.2.rel1-x86_64-arm-none-eabi/arm-gnu-toolchain-13.2.Rel1-x86_64-arm-none-eabi/bin/../lib/gcc/arm-none-eabi/13.2.1/../../../../arm-none-eabi/lib/thumb/v7-a/nofp/libg.a(libc_a-wctomb_r.o)
 .text          0x6000ff58        0x0 /home/mustafa/arm-gnu-toolchain-13.2.rel1-x86_64-arm-none-eabi/arm-gnu-toolchain-13.2.Rel1-x86_64-arm-none-eabi/bin/../lib/gcc/arm-none-eabi/13.2.1/../../../../arm-none-eabi/lib/thumb/v7-a/nofp/libg.a(libc_a-sbrkr.o)
 .text          0x6000ff58        0x0 /home/mustafa/arm-gnu-toolchain-13.2.rel1-x86_64-arm-none-eabi/arm-gnu-toolchain-13.2.Rel1-x86_64-arm-none-eabi/bin/../lib/gcc/arm-none-eabi/13.2.1/../../../../arm-none-eabi/lib/thumb/v7-a/nofp/libg.a(libc_a-fvwrite.o)
 .text          0x6000ff58        0x0 /home/mustafa/arm-gnu-toolchain-13.2.rel1-x86_64-arm-none-eabi/arm-gnu-toolchain-13.2.Rel1-x86_64-arm-none-eabi/bin/../lib/gcc/arm-none-eabi/13.2.1/../../../../arm-none-eabi/lib/thumb/v7-a/nofp/libg.a(libc_a-fwalk.o)
 .text          0x6000ff58        0x0 /home/mustafa/arm-gnu-toolchain-13.2.rel1-x86_64-arm-none-eabi/arm-gnu-toolchain-13.2.Rel1-x86_64-arm-none-eabi/bin/../lib/gcc/arm-none-eabi/13.2.1/../../../../arm-none-eabi/lib/thumb/v7-a/nofp/libg.a(libc_a-writer.o)
 .text          0x6000ff58        0x0 /home/mustafa/arm-gnu-toolchain-13.2.rel1-x86_64-arm-none-eabi/arm-gnu-toolchain-13.2.Rel1-x86_64-arm-none-eabi/bin/../lib/gcc/arm-none-eabi/13.2.1/../../../../arm-none-eabi/lib/thumb/v7-a/nofp/libg.a(libc_a-siscanf.o)
 .text          0x6000ff58        0x0 /home/mustafa/arm-gnu-toolchain-13.2.rel1-x86_64-arm-none-eabi/arm-gnu-toolchain-13.2.Rel1-x86_64-arm-none-eabi/bin/../lib/gcc/arm-none-eabi/13.2.1/../../../../arm-none-eabi/lib/thumb/v7-a/nofp/libg.a(libc_a-svfiscanf.o)
 .text          0x6000ff58        0x0 /home/mustafa/arm-gnu-toolchain-13.2.rel1-x86_64-arm-none-eabi/arm-gnu-toolchain-13.2.Rel1-x86_64-arm-none-eabi/bin/../lib/gcc/arm-none-eabi/13.2.1/../../../../arm-none-eabi/lib/thumb/v7-a/nofp/libg.a(libc_a-vfprintf.o)
 .text          0x6000ff58        0x0 /home/mustafa/arm-gnu-toolchain-13.2.rel1-x86_64-arm-none-eabi/arm-gnu-toolchain-13.2.Rel1-x86_64-arm-none-eabi/bin/../lib/gcc/arm-none-eabi/13.2.1/../../../../arm-none-eabi/lib/thumb/v7-a/nofp/libg.a(libc_a-vfiprintf.o)
 .text          0x6000ff58        0x0 /home/mustafa/arm-gnu-toolchain-13.2.rel1-x86_64-arm-none-eabi/arm-gnu-toolchain-13.2.Rel1-x86_64-arm-none-eabi/bin/../lib/gcc/arm-none-eabi/13.2.1/../../../../arm-none-eabi/lib/thumb/v7-a/nofp/libg.a(libc_a-__atexit.o)
 .text          0x6000ff58        0x0 /home/mustafa/arm-gnu-toolchain-13.2.rel1-x86_64-arm-none-eabi/arm-gnu-toolchain-13.2.Rel1-x86_64-arm-none-eabi/bin/../lib/gcc/arm-none-eabi/13.2.1/../../../../arm-none-eabi/lib/thumb/v7-a/nofp/libg.a(libc_a-mbtowc_r.o)
 .text          0x6000ff58        0x0 /home/mustafa/arm-gnu-toolchain-13.2.rel1-x86_64-arm-none-eabi/arm-gnu-toolchain-13.2.Rel1-x86_64-arm-none-eabi/bin/../lib/gcc/arm-none-eabi/13.2.1/../../../../arm-none-eabi/lib/thumb/v7-a/nofp/libg.a(libc_a-mbrtowc.o)
 .text          0x6000ff58        0x0 /home/mustafa/arm-gnu-toolchain-13.2.rel1-x86_64-arm-none-eabi/arm-gnu-toolchain-13.2.Rel1-x86_64-arm-none-eabi/bin/../lib/gcc/arm-none-eabi/13.2.1/../../../../arm-none-eabi/lib/thumb/v7-a/nofp/libg.a(libc_a-strcasecmp.o)
 .text          0x6000ff58        0x0 /home/mustafa/arm-gnu-toolchain-13.2.rel1-x86_64-arm-none-eabi/arm-gnu-toolchain-13.2.Rel1-x86_64-arm-none-eabi/bin/../lib/gcc/arm-none-eabi/13.2.1/../../../../arm-none-eabi/lib/thumb/v7-a/nofp/libg.a(libc_a-strcat.o)
 .text          0x6000ff58        0x0 /home/mustafa/arm-gnu-toolchain-13.2.rel1-x86_64-arm-none-eabi/arm-gnu-toolchain-13.2.Rel1-x86_64-arm-none-eabi/bin/../lib/gcc/arm-none-eabi/13.2.1/../../../../arm-none-eabi/lib/thumb/v7-a/nofp/libg.a(libc_a-fclose.o)
 .text          0x6000ff58        0x0 /home/mustafa/arm-gnu-toolchain-13.2.rel1-x86_64-arm-none-eabi/arm-gnu-toolchain-13.2.Rel1-x86_64-arm-none-eabi/bin/../lib/gcc/arm-none-eabi/13.2.1/../../../../arm-none-eabi/lib/thumb/v7-a/nofp/libg.a(libc_a-wsetup.o)
 .text          0x6000ff58        0x0 /home/mustafa/arm-gnu-toolchain-13.2.rel1-x86_64-arm-none-eabi/arm-gnu-toolchain-13.2.Rel1-x86_64-arm-none-eabi/bin/../lib/gcc/arm-none-eabi/13.2.1/../../../../arm-none-eabi/lib/thumb/v7-a/nofp/libg.a(libc_a-makebuf.o)
 .text          0x6000ff58        0x0 /home/mustafa/arm-gnu-toolchain-13.2.rel1-x86_64-arm-none-eabi/arm-gnu-toolchain-13.2.Rel1-x86_64-arm-none-eabi/bin/../lib/gcc/arm-none-eabi/13.2.1/../../../../arm-none-eabi/lib/thumb/v7-a/nofp/libg.a(libc_a-putc.o)
 .text          0x6000ff58        0x0 /home/mustafa/arm-gnu-toolchain-13.2.rel1-x86_64-arm-none-eabi/arm-gnu-toolchain-13.2.Rel1-x86_64-arm-none-eabi/bin/../lib/gcc/arm-none-eabi/13.2.1/../../../../arm-none-eabi/lib/thumb/v7-a/nofp/libg.a(libc_a-wcsnrtombs.o)
 .text          0x6000ff58        0x0 /home/mustafa/arm-gnu-toolchain-13.2.rel1-x86_64-arm-none-eabi/arm-gnu-toolchain-13.2.Rel1-x86_64-arm-none-eabi/bin/../lib/gcc/arm-none-eabi/13.2.1/../../../../arm-none-eabi/lib/thumb/v7-a/nofp/libg.a(libc_a-realloc.o)
 .text          0x6000ff58        0x0 /home/mustafa/arm-gnu-toolchain-13.2.rel1-x86_64-arm-none-eabi/arm-gnu-toolchain-13.2.Rel1-x86_64-arm-none-eabi/bin/../lib/gcc/arm-none-eabi/13.2.1/../../../../arm-none-eabi/lib/thumb/v7-a/nofp/libg.a(libc_a-dtoa.o)
 .text          0x6000ff58        0x0 /home/mustafa/arm-gnu-toolchain-13.2.rel1-x86_64-arm-none-eabi/arm-gnu-toolchain-13.2.Rel1-x86_64-arm-none-eabi/bin/../lib/gcc/arm-none-eabi/13.2.1/../../../../arm-none-eabi/lib/thumb/v7-a/nofp/libg.a(libc_a-closer.o)
 .text          0x6000ff58        0x0 /home/mustafa/arm-gnu-toolchain-13.2.rel1-x86_64-arm-none-eabi/arm-gnu-toolchain-13.2.Rel1-x86_64-arm-none-eabi/bin/../lib/gcc/arm-none-eabi/13.2.1/../../../../arm-none-eabi/lib/thumb/v7-a/nofp/libg.a(libc_a-reent.o)
 .text          0x6000ff58        0x0 /home/mustafa/arm-gnu-toolchain-13.2.rel1-x86_64-arm-none-eabi/arm-gnu-toolchain-13.2.Rel1-x86_64-arm-none-eabi/bin/../lib/gcc/arm-none-eabi/13.2.1/../../../../arm-none-eabi/lib/thumb/v7-a/nofp/libg.a(libc_a-fflush.o)
 .text          0x6000ff58        0x0 /home/mustafa/arm-gnu-toolchain-13.2.rel1-x86_64-arm-none-eabi/arm-gnu-toolchain-13.2.Rel1-x86_64-arm-none-eabi/bin/../lib/gcc/arm-none-eabi/13.2.1/../../../../arm-none-eabi/lib/thumb/v7-a/nofp/libg.a(libc_a-sccl.o)
 .text          0x6000ff58        0x0 /home/mustafa/arm-gnu-toolchain-13.2.rel1-x86_64-arm-none-eabi/arm-gnu-toolchain-13.2.Rel1-x86_64-arm-none-eabi/bin/../lib/gcc/arm-none-eabi/13.2.1/../../../../arm-none-eabi/lib/thumb/v7-a/nofp/libg.a(libm_a-s_frexp.o)
 .text          0x6000ff58        0x0 /home/mustafa/arm-gnu-toolchain-13.2.rel1-x86_64-arm-none-eabi/arm-gnu-toolchain-13.2.Rel1-x86_64-arm-none-eabi/bin/../lib/gcc/arm-none-eabi/13.2.1/../../../../arm-none-eabi/lib/thumb/v7-a/nofp/libg.a(libc_a-environ.o)
 .text          0x6000ff58        0x0 /home/mustafa/arm-gnu-toolchain-13.2.rel1-x86_64-arm-none-eabi/arm-gnu-toolchain-13.2.Rel1-x86_64-arm-none-eabi/bin/../lib/gcc/arm-none-eabi/13.2.1/../../../../arm-none-eabi/lib/thumb/v7-a/nofp/libg.a(libc_a-envlock.o)
 .text          0x6000ff58        0x0 /home/mustafa/arm-gnu-toolchain-13.2.rel1-x86_64-arm-none-eabi/arm-gnu-toolchain-13.2.Rel1-x86_64-arm-none-eabi/bin/../lib/gcc/arm-none-eabi/13.2.1/../../../../arm-none-eabi/lib/thumb/v7-a/nofp/libg.a(libc_a-strncmp.o)
 .text          0x6000ff58        0x0 /home/mustafa/arm-gnu-toolchain-13.2.rel1-x86_64-arm-none-eabi/arm-gnu-toolchain-13.2.Rel1-x86_64-arm-none-eabi/bin/../lib/gcc/arm-none-eabi/13.2.1/../../../../arm-none-eabi/lib/thumb/v7-a/nofp/libg.a(libc_a-strtoll.o)
 .text          0x6000ff58        0x0 /home/mustafa/arm-gnu-toolchain-13.2.rel1-x86_64-arm-none-eabi/arm-gnu-toolchain-13.2.Rel1-x86_64-arm-none-eabi/bin/../lib/gcc/arm-none-eabi/13.2.1/../../../../arm-none-eabi/lib/thumb/v7-a/nofp/libg.a(libc_a-strtoull.o)
 .text          0x6000ff58        0x0 /home/mustafa/arm-gnu-toolchain-13.2.rel1-x86_64-arm-none-eabi/arm-gnu-toolchain-13.2.Rel1-x86_64-arm-none-eabi/bin/../lib/gcc/arm-none-eabi/13.2.1/../../../../arm-none-eabi/lib/thumb/v7-a/nofp/libg.a(libc_a-fstatr.o)
 .text          0x6000ff58        0x0 /home/mustafa/arm-gnu-toolchain-13.2.rel1-x86_64-arm-none-eabi/arm-gnu-toolchain-13.2.Rel1-x86_64-arm-none-eabi/bin/../lib/gcc/arm-none-eabi/13.2.1/../../../../arm-none-eabi/lib/thumb/v7-a/nofp/libg.a(libc_a-isattyr.o)
 .text          0x6000ff58        0x0 /home/mustafa/arm-gnu-toolchain-13.2.rel1-x86_64-arm-none-eabi/arm-gnu-toolchain-13.2.Rel1-x86_64-arm-none-eabi/bin/../lib/gcc/arm-none-eabi/13.2.1/../../../../arm-none-eabi/lib/thumb/v7-a/nofp/libg.a(libc_a-lseekr.o)
 .text          0x6000ff58        0x0 /home/mustafa/arm-gnu-toolchain-13.2.rel1-x86_64-arm-none-eabi/arm-gnu-toolchain-13.2.Rel1-x86_64-arm-none-eabi/bin/../lib/gcc/arm-none-eabi/13.2.1/../../../../arm-none-eabi/lib/thumb/v7-a/nofp/libg.a(libc_a-readr.o)
 .text          0x6000ff58        0x0 /home/mustafa/arm-gnu-toolchain-13.2.rel1-x86_64-arm-none-eabi/arm-gnu-toolchain-13.2.Rel1-x86_64-arm-none-eabi/bin/../lib/gcc/arm-none-eabi/13.2.1/../../../../arm-none-eabi/lib/thumb/v7-a/nofp/libg.a(libc_a-iswspace.o)
 .text          0x6000ff58        0x0 /home/mustafa/arm-gnu-toolchain-13.2.rel1-x86_64-arm-none-eabi/arm-gnu-toolchain-13.2.Rel1-x86_64-arm-none-eabi/bin/../lib/gcc/arm-none-eabi/13.2.1/../../../../arm-none-eabi/lib/thumb/v7-a/nofp/libg.a(libc_a-iswspace_l.o)
 .text          0x6000ff58        0x0 /home/mustafa/arm-gnu-toolchain-13.2.rel1-x86_64-arm-none-eabi/arm-gnu-toolchain-13.2.Rel1-x86_64-arm-none-eabi/bin/../lib/gcc/arm-none-eabi/13.2.1/../../../../arm-none-eabi/lib/thumb/v7-a/nofp/libg.a(libc_a-fputwc.o)
 .text          0x6000ff58        0x0 /home/mustafa/arm-gnu-toolchain-13.2.rel1-x86_64-arm-none-eabi/arm-gnu-toolchain-13.2.Rel1-x86_64-arm-none-eabi/bin/../lib/gcc/arm-none-eabi/13.2.1/../../../../arm-none-eabi/lib/thumb/v7-a/nofp/libg.a(libc_a-ungetc.o)
 .text          0x6000ff58        0x0 /home/mustafa/arm-gnu-toolchain-13.2.rel1-x86_64-arm-none-eabi/arm-gnu-toolchain-13.2.Rel1-x86_64-arm-none-eabi/bin/../lib/gcc/arm-none-eabi/13.2.1/../../../../arm-none-eabi/lib/thumb/v7-a/nofp/libg.a(libc_a-categories.o)
 .text          0x6000ff58        0x0 /home/mustafa/arm-gnu-toolchain-13.2.rel1-x86_64-arm-none-eabi/arm-gnu-toolchain-13.2.Rel1-x86_64-arm-none-eabi/bin/../lib/gcc/arm-none-eabi/13.2.1/../../../../arm-none-eabi/lib/thumb/v7-a/nofp/libg.a(libc_a-jp2uc.o)
 .text          0x6000ff58        0x0 /home/mustafa/arm-gnu-toolchain-13.2.rel1-x86_64-arm-none-eabi/arm-gnu-toolchain-13.2.Rel1-x86_64-arm-none-eabi/bin/../lib/gcc/arm-none-eabi/13.2.1/../../../../arm-none-eabi/lib/thumb/v7-a/nofp/libg.a(libc_a-wbuf.o)
 .text          0x6000ff58        0x0 /home/mustafa/arm-gnu-toolchain-13.2.rel1-x86_64-arm-none-eabi/arm-gnu-toolchain-13.2.Rel1-x86_64-arm-none-eabi/bin/../lib/gcc/arm-none-eabi/13.2.1/../../../../arm-none-eabi/lib/thumb/v7-a/nofp/libg.a(libc_a-assert.o)
 .text          0x6000ff58        0x0 /home/mustafa/arm-gnu-toolchain-13.2.rel1-x86_64-arm-none-eabi/arm-gnu-toolchain-13.2.Rel1-x86_64-arm-none-eabi/bin/../lib/gcc/arm-none-eabi/13.2.1/../../../../arm-none-eabi/lib/thumb/v7-a/nofp/libg.a(libc_a-mprec.o)
 .text          0x6000ff58        0x0 /home/mustafa/arm-gnu-toolchain-13.2.rel1-x86_64-arm-none-eabi/arm-gnu-toolchain-13.2.Rel1-x86_64-arm-none-eabi/bin/../lib/gcc/arm-none-eabi/13.2.1/../../../../arm-none-eabi/lib/thumb/v7-a/nofp/libg.a(libc_a-callocr.o)
 .text          0x6000ff58        0x0 /home/mustafa/arm-gnu-toolchain-13.2.rel1-x86_64-arm-none-eabi/arm-gnu-toolchain-13.2.Rel1-x86_64-arm-none-eabi/bin/../lib/gcc/arm-none-eabi/13.2.1/../../../../arm-none-eabi/lib/thumb/v7-a/nofp/libg.a(libc_a-fiprintf.o)
 .text          0x6000ff58        0x0 /home/mustafa/arm-gnu-toolchain-13.2.rel1-x86_64-arm-none-eabi/arm-gnu-toolchain-13.2.Rel1-x86_64-arm-none-eabi/bin/../lib/gcc/arm-none-eabi/13.2.1/../../../../arm-none-eabi/lib/thumb/v7-a/nofp/libg.a(libc_a-abort.o)
 .text          0x6000ff58        0x0 /home/mustafa/arm-gnu-toolchain-13.2.rel1-x86_64-arm-none-eabi/arm-gnu-toolchain-13.2.Rel1-x86_64-arm-none-eabi/bin/../lib/gcc/arm-none-eabi/13.2.1/../../../../arm-none-eabi/lib/thumb/v7-a/nofp/libg.a(libc_a-signal.o)
 .text          0x6000ff58        0x0 /home/mustafa/arm-gnu-toolchain-13.2.rel1-x86_64-arm-none-eabi/arm-gnu-toolchain-13.2.Rel1-x86_64-arm-none-eabi/bin/../lib/gcc/arm-none-eabi/13.2.1/../../../../arm-none-eabi/lib/thumb/v7-a/nofp/libg.a(libc_a-signalr.o)
 .text          0x6000ff58      0x254 /home/mustafa/arm-gnu-toolchain-13.2.rel1-x86_64-arm-none-eabi/arm-gnu-toolchain-13.2.Rel1-x86_64-arm-none-eabi/bin/../lib/gcc/arm-none-eabi/13.2.1/thumb/v7-a/nofp/libgcc.a(_arm_muldf3.o)
 *fill*         0x600101ac        0x4 
 .text          0x600101b0      0x2b0 /home/mustafa/arm-gnu-toolchain-13.2.rel1-x86_64-arm-none-eabi/arm-gnu-toolchain-13.2.Rel1-x86_64-arm-none-eabi/bin/../lib/gcc/arm-none-eabi/13.2.1/thumb/v7-a/nofp/libgcc.a(_divsi3.o)
                0x600101b0                __aeabi_idiv
                0x600101b0                __divsi3
                0x60010444                __aeabi_idivmod
 .text          0x60010460      0x378 /home/mustafa/arm-gnu-toolchain-13.2.rel1-x86_64-arm-none-eabi/arm-gnu-toolchain-13.2.Rel1-x86_64-arm-none-eabi/bin/../lib/gcc/arm-none-eabi/13.2.1/thumb/v7-a/nofp/libgcc.a(_arm_addsubdf3.o)
                0x60010460                __aeabi_drsub
                0x60010468                __aeabi_dsub
                0x60010468                __subdf3
                0x6001046c                __adddf3
                0x6001046c                __aeabi_dadd
                0x600106e4                __aeabi_ui2d
                0x600106e4                __floatunsidf
                0x60010704                __floatsidf
                0x60010704                __aeabi_i2d
                0x60010728                __extendsfdf2
                0x60010728                __aeabi_f2d
                0x6001076c                __aeabi_ul2d
                0x6001076c                __floatundidf
                0x6001077c                __floatdidf
                0x6001077c                __aeabi_l2d
 .text          0x600107d8      0x424 /home/mustafa/arm-gnu-toolchain-13.2.rel1-x86_64-arm-none-eabi/arm-gnu-toolchain-13.2.Rel1-x86_64-arm-none-eabi/bin/../lib/gcc/arm-none-eabi/13.2.1/thumb/v7-a/nofp/libgcc.a(_arm_muldivdf3.o)
                0x600107d8                __aeabi_dmul
                0x600107d8                __muldf3
                0x60010a2c                __aeabi_ddiv
                0x60010a2c                __divdf3
 .text          0x60010bfc      0x110 /home/mustafa/arm-gnu-toolchain-13.2.rel1-x86_64-arm-none-eabi/arm-gnu-toolchain-13.2.Rel1-x86_64-arm-none-eabi/bin/../lib/gcc/arm-none-eabi/13.2.1/thumb/v7-a/nofp/libgcc.a(_arm_cmpdf2.o)
                0x60010bfc                __gtdf2
                0x60010bfc                __gedf2
                0x60010c04                __ltdf2
                0x60010c04                __ledf2
                0x60010c0c                __cmpdf2
                0x60010c0c                __eqdf2
                0x60010c0c                __nedf2
                0x60010c88                __aeabi_cdrcmple
                0x60010c98                __aeabi_cdcmple
                0x60010c98                __aeabi_cdcmpeq
                0x60010ca8                __aeabi_dcmpeq
                0x60010cbc                __aeabi_dcmplt
                0x60010cd0                __aeabi_dcmple
                0x60010ce4                __aeabi_dcmpge
                0x60010cf8                __aeabi_dcmpgt
 .text          0x60010d0c       0x2c /home/mustafa/arm-gnu-toolchain-13.2.rel1-x86_64-arm-none-eabi/arm-gnu-toolchain-13.2.Rel1-x86_64-arm-none-eabi/bin/../lib/gcc/arm-none-eabi/13.2.1/thumb/v7-a/nofp/libgcc.a(_arm_unorddf2.o)
                0x60010d0c                __aeabi_dcmpun
                0x60010d0c                __unorddf2
 .text          0x60010d38       0x50 /home/mustafa/arm-gnu-toolchain-13.2.rel1-x86_64-arm-none-eabi/arm-gnu-toolchain-13.2.Rel1-x86_64-arm-none-eabi/bin/../lib/gcc/arm-none-eabi/13.2.1/thumb/v7-a/nofp/libgcc.a(_arm_fixdfsi.o)
                0x60010d38                __fixdfsi
                0x60010d38                __aeabi_d2iz
 .text          0x60010d88       0xa0 /home/mustafa/arm-gnu-toolchain-13.2.rel1-x86_64-arm-none-eabi/arm-gnu-toolchain-13.2.Rel1-x86_64-arm-none-eabi/bin/../lib/gcc/arm-none-eabi/13.2.1/thumb/v7-a/nofp/libgcc.a(_aeabi_ldivmod.o)
                0x60010d88                __aeabi_ldivmod
 .text          0x60010e28       0x30 /home/mustafa/arm-gnu-toolchain-13.2.rel1-x86_64-arm-none-eabi/arm-gnu-toolchain-13.2.Rel1-x86_64-arm-none-eabi/bin/../lib/gcc/arm-none-eabi/13.2.1/thumb/v7-a/nofp/libgcc.a(_aeabi_uldivmod.o)
                0x60010e28                __aeabi_uldivmod
 .text          0x60010e58        0x0 /home/mustafa/arm-gnu-toolchain-13.2.rel1-x86_64-arm-none-eabi/arm-gnu-toolchain-13.2.Rel1-x86_64-arm-none-eabi/bin/../lib/gcc/arm-none-eabi/13.2.1/thumb/v7-a/nofp/libgcc.a(_udivmoddi4.o)
 .text          0x60010e58        0x0 /home/mustafa/arm-gnu-toolchain-13.2.rel1-x86_64-arm-none-eabi/arm-gnu-toolchain-13.2.Rel1-x86_64-arm-none-eabi/bin/../lib/gcc/arm-none-eabi/13.2.1/../../../../arm-none-eabi/lib/thumb/v7-a/nofp/libnosys.a(getpid.o)
 .text          0x60010e58        0x0 /home/mustafa/arm-gnu-toolchain-13.2.rel1-x86_64-arm-none-eabi/arm-gnu-toolchain-13.2.Rel1-x86_64-arm-none-eabi/bin/../lib/gcc/arm-none-eabi/13.2.1/../../../../arm-none-eabi/lib/thumb/v7-a/nofp/libnosys.a(kill.o)
 *(.text*)
 .text.exit     0x60010e58       0x20 /home/mustafa/arm-gnu-toolchain-13.2.rel1-x86_64-arm-none-eabi/arm-gnu-toolchain-13.2.Rel1-x86_64-arm-none-eabi/bin/../lib/gcc/arm-none-eabi/13.2.1/../../../../arm-none-eabi/lib/thumb/v7-a/nofp/libg.a(libc_a-exit.o)
                0x60010e58                exit
 .text.asctime  0x60010e78       0x10 /home/mustafa/arm-gnu-toolchain-13.2.rel1-x86_64-arm-none-eabi/arm-gnu-toolchain-13.2.Rel1-x86_64-arm-none-eabi/bin/../lib/gcc/arm-none-eabi/13.2.1/../../../../arm-none-eabi/lib/thumb/v7-a/nofp/libg.a(libc_a-asctime.o)
                0x60010e78                asctime
 .text.asctime_r
                0x60010e88       0x54 /home/mustafa/arm-gnu-toolchain-13.2.rel1-x86_64-arm-none-eabi/arm-gnu-toolchain-13.2.Rel1-x86_64-arm-none-eabi/bin/../lib/gcc/arm-none-eabi/13.2.1/../../../../arm-none-eabi/lib/thumb/v7-a/nofp/libg.a(libc_a-asctime_r.o)
                0x60010e88                asctime_r
 .text.gmtime   0x60010edc       0x10 /home/mustafa/arm-gnu-toolchain-13.2.rel1-x86_64-arm-none-eabi/arm-gnu-toolchain-13.2.Rel1-x86_64-arm-none-eabi/bin/../lib/gcc/arm-none-eabi/13.2.1/../../../../arm-none-eabi/lib/thumb/v7-a/nofp/libg.a(libc_a-gmtime.o)
                0x60010edc                gmtime
 .text.gmtime_r
                0x60010eec      0x1f4 /home/mustafa/arm-gnu-toolchain-13.2.rel1-x86_64-arm-none-eabi/arm-gnu-toolchain-13.2.Rel1-x86_64-arm-none-eabi/bin/../lib/gcc/arm-none-eabi/13.2.1/../../../../arm-none-eabi/lib/thumb/v7-a/nofp/libg.a(libc_a-gmtime_r.o)
                0x60010eec                gmtime_r
 .text.localtime
                0x600110e0       0x10 /home/mustafa/arm-gnu-toolchain-13.2.rel1-x86_64-arm-none-eabi/arm-gnu-toolchain-13.2.Rel1-x86_64-arm-none-eabi/bin/../lib/gcc/arm-none-eabi/13.2.1/../../../../arm-none-eabi/lib/thumb/v7-a/nofp/libg.a(libc_a-lcltime.o)
                0x600110e0                localtime
 .text.localtime_r
                0x600110f0      0x278 /home/mustafa/arm-gnu-toolchain-13.2.rel1-x86_64-arm-none-eabi/arm-gnu-toolchain-13.2.Rel1-x86_64-arm-none-eabi/bin/../lib/gcc/arm-none-eabi/13.2.1/../../../../arm-none-eabi/lib/thumb/v7-a/nofp/libg.a(libc_a-lcltime_r.o)
                0x600110f0                localtime_r
 .text._siprintf_r
                0x60011368       0x3c /home/mustafa/arm-gnu-toolchain-13.2.rel1-x86_64-arm-none-eabi/arm-gnu-toolchain-13.2.Rel1-x86_64-arm-none-eabi/bin/../lib/gcc/arm-none-eabi/13.2.1/../../../../arm-none-eabi/lib/thumb/v7-a/nofp/libg.a(libc_a-siprintf.o)
                0x60011368                _siprintf_r
 .text.siprintf
                0x600113a4       0x44 /home/mustafa/arm-gnu-toolchain-13.2.rel1-x86_64-arm-none-eabi/arm-gnu-toolchain-13.2.Rel1-x86_64-arm-none-eabi/bin/../lib/gcc/arm-none-eabi/13.2.1/../../../../arm-none-eabi/lib/thumb/v7-a/nofp/libg.a(libc_a-siprintf.o)
                0x600113a4                siprintf
 .text.__errno  0x600113e8        0xc /home/mustafa/arm-gnu-toolchain-13.2.rel1-x86_64-arm-none-eabi/arm-gnu-toolchain-13.2.Rel1-x86_64-arm-none-eabi/bin/../lib/gcc/arm-none-eabi/13.2.1/../../../../arm-none-eabi/lib/thumb/v7-a/nofp/libg.a(libc_a-errno.o)
                0x600113e8                __errno
 .text.__ssprint_r
                0x600113f4      0x110 /home/mustafa/arm-gnu-toolchain-13.2.rel1-x86_64-arm-none-eabi/arm-gnu-toolchain-13.2.Rel1-x86_64-arm-none-eabi/bin/../lib/gcc/arm-none-eabi/13.2.1/../../../../arm-none-eabi/lib/thumb/v7-a/nofp/libg.a(libc_a-svfiprintf.o)
                0x600113f4                __ssprint_r
 .text._svfiprintf_r
                0x60011504      0xdcc /home/mustafa/arm-gnu-toolchain-13.2.rel1-x86_64-arm-none-eabi/arm-gnu-toolchain-13.2.Rel1-x86_64-arm-none-eabi/bin/../lib/gcc/arm-none-eabi/13.2.1/../../../../arm-none-eabi/lib/thumb/v7-a/nofp/libg.a(libc_a-svfiprintf.o)
                0x60011504                _svfiprintf_r
 .text.__tzcalc_limits
                0x600122d0      0x1e0 /home/mustafa/arm-gnu-toolchain-13.2.rel1-x86_64-arm-none-eabi/arm-gnu-toolchain-13.2.Rel1-x86_64-arm-none-eabi/bin/../lib/gcc/arm-none-eabi/13.2.1/../../../../arm-none-eabi/lib/thumb/v7-a/nofp/libg.a(libc_a-tzcalc_limits.o)
                0x600122d0                __tzcalc_limits
 .text.__tz_lock
                0x600124b0        0xc /home/mustafa/arm-gnu-toolchain-13.2.rel1-x86_64-arm-none-eabi/arm-gnu-toolchain-13.2.Rel1-x86_64-arm-none-eabi/bin/../lib/gcc/arm-none-eabi/13.2.1/../../../../arm-none-eabi/lib/thumb/v7-a/nofp/libg.a(libc_a-tzlock.o)
                0x600124b0                __tz_lock
 .text.__tz_unlock
                0x600124bc        0xc /home/mustafa/arm-gnu-toolchain-13.2.rel1-x86_64-arm-none-eabi/arm-gnu-toolchain-13.2.Rel1-x86_64-arm-none-eabi/bin/../lib/gcc/arm-none-eabi/13.2.1/../../../../arm-none-eabi/lib/thumb/v7-a/nofp/libg.a(libc_a-tzlock.o)
                0x600124bc                __tz_unlock
 .text.malloc   0x600124c8       0x10 /home/mustafa/arm-gnu-toolchain-13.2.rel1-x86_64-arm-none-eabi/arm-gnu-toolchain-13.2.Rel1-x86_64-arm-none-eabi/bin/../lib/gcc/arm-none-eabi/13.2.1/../../../../arm-none-eabi/lib/thumb/v7-a/nofp/libg.a(libc_a-malloc.o)
                0x600124c8                malloc
 .text.free     0x600124d8       0x10 /home/mustafa/arm-gnu-toolchain-13.2.rel1-x86_64-arm-none-eabi/arm-gnu-toolchain-13.2.Rel1-x86_64-arm-none-eabi/bin/../lib/gcc/arm-none-eabi/13.2.1/../../../../arm-none-eabi/lib/thumb/v7-a/nofp/libg.a(libc_a-malloc.o)
                0x600124d8                free
 .text._malloc_r
                0x600124e8      0x58c /home/mustafa/arm-gnu-toolchain-13.2.rel1-x86_64-arm-none-eabi/arm-gnu-toolchain-13.2.Rel1-x86_64-arm-none-eabi/bin/../lib/gcc/arm-none-eabi/13.2.1/../../../../arm-none-eabi/lib/thumb/v7-a/nofp/libg.a(libc_a-mallocr.o)
                0x600124e8                _malloc_r
 .text.startup.register_fini
                0x60012a74       0x18 /home/mustafa/arm-gnu-toolchain-13.2.rel1-x86_64-arm-none-eabi/arm-gnu-toolchain-13.2.Rel1-x86_64-arm-none-eabi/bin/../lib/gcc/arm-none-eabi/13.2.1/../../../../arm-none-eabi/lib/thumb/v7-a/nofp/libg.a(libc_a-__call_atexit.o)
 .text.__call_exitprocs
                0x60012a8c       0xd0 /home/mustafa/arm-gnu-toolchain-13.2.rel1-x86_64-arm-none-eabi/arm-gnu-toolchain-13.2.Rel1-x86_64-arm-none-eabi/bin/../lib/gcc/arm-none-eabi/13.2.1/../../../../arm-none-eabi/lib/thumb/v7-a/nofp/libg.a(libc_a-__call_atexit.o)
                0x60012a8c                __call_exitprocs
 .text.memcmp   0x60012b5c       0x5c /home/mustafa/arm-gnu-toolchain-13.2.rel1-x86_64-arm-none-eabi/arm-gnu-toolchain-13.2.Rel1-x86_64-arm-none-eabi/bin/../lib/gcc/arm-none-eabi/13.2.1/../../../../arm-none-eabi/lib/thumb/v7-a/nofp/libg.a(libc_a-memcmp.o)
                0x60012b5c                memcmp
 .text.memmove  0x60012bb8       0xf8 /home/mustafa/arm-gnu-toolchain-13.2.rel1-x86_64-arm-none-eabi/arm-gnu-toolchain-13.2.Rel1-x86_64-arm-none-eabi/bin/../lib/gcc/arm-none-eabi/13.2.1/../../../../arm-none-eabi/lib/thumb/v7-a/nofp/libg.a(libc_a-memmove.o)
                0x60012bb8                memmove
 .text.memset   0x60012cb0       0xa8 /home/mustafa/arm-gnu-toolchain-13.2.rel1-x86_64-arm-none-eabi/arm-gnu-toolchain-13.2.Rel1-x86_64-arm-none-eabi/bin/../lib/gcc/arm-none-eabi/13.2.1/../../../../arm-none-eabi/lib/thumb/v7-a/nofp/libg.a(libc_a-memset.o)
                0x60012cb0                memset
 .text._wcrtomb_r
                0x60012d58       0x3c /home/mustafa/arm-gnu-toolchain-13.2.rel1-x86_64-arm-none-eabi/arm-gnu-toolchain-13.2.Rel1-x86_64-arm-none-eabi/bin/../lib/gcc/arm-none-eabi/13.2.1/../../../../arm-none-eabi/lib/thumb/v7-a/nofp/libg.a(libc_a-wcrtomb.o)
                0x60012d58                _wcrtomb_r
 .text.wcrtomb  0x60012d94       0x4c /home/mustafa/arm-gnu-toolchain-13.2.rel1-x86_64-arm-none-eabi/arm-gnu-toolchain-13.2.Rel1-x86_64-arm-none-eabi/bin/../lib/gcc/arm-none-eabi/13.2.1/../../../../arm-none-eabi/lib/thumb/v7-a/nofp/libg.a(libc_a-wcrtomb.o)
                0x60012d94                wcrtomb
 .text._tzset_unlocked
                0x60012de0       0x10 /home/mustafa/arm-gnu-toolchain-13.2.rel1-x86_64-arm-none-eabi/arm-gnu-toolchain-13.2.Rel1-x86_64-arm-none-eabi/bin/../lib/gcc/arm-none-eabi/13.2.1/../../../../arm-none-eabi/lib/thumb/v7-a/nofp/libg.a(libc_a-tzset.o)
                0x60012de0                _tzset_unlocked
 .text.tzset    0x60012df0       0x1c /home/mustafa/arm-gnu-toolchain-13.2.rel1-x86_64-arm-none-eabi/arm-gnu-toolchain-13.2.Rel1-x86_64-arm-none-eabi/bin/../lib/gcc/arm-none-eabi/13.2.1/../../../../arm-none-eabi/lib/thumb/v7-a/nofp/libg.a(libc_a-tzset.o)
                0x60012df0                tzset
 .text._tzset_unlocked_r
                0x60012e0c      0x4dc /home/mustafa/arm-gnu-toolchain-13.2.rel1-x86_64-arm-none-eabi/arm-gnu-toolchain-13.2.Rel1-x86_64-arm-none-eabi/bin/../lib/gcc/arm-none-eabi/13.2.1/../../../../arm-none-eabi/lib/thumb/v7-a/nofp/libg.a(libc_a-tzset_r.o)
                0x60012e0c                _tzset_unlocked_r
 .text._tzset_r
                0x600132e8       0x18 /home/mustafa/arm-gnu-toolchain-13.2.rel1-x86_64-arm-none-eabi/arm-gnu-toolchain-13.2.Rel1-x86_64-arm-none-eabi/bin/../lib/gcc/arm-none-eabi/13.2.1/../../../../arm-none-eabi/lib/thumb/v7-a/nofp/libg.a(libc_a-tzset_r.o)
                0x600132e8                _tzset_r
 .text.__libc_fini_array
                0x60013300       0x2c /home/mustafa/arm-gnu-toolchain-13.2.rel1-x86_64-arm-none-eabi/arm-gnu-toolchain-13.2.Rel1-x86_64-arm-none-eabi/bin/../lib/gcc/arm-none-eabi/13.2.1/../../../../arm-none-eabi/lib/thumb/v7-a/nofp/libg.a(libc_a-fini.o)
                0x60013300                __libc_fini_array
 .text.__retarget_lock_init
                0x6001332c        0x4 /home/mustafa/arm-gnu-toolchain-13.2.rel1-x86_64-arm-none-eabi/arm-gnu-toolchain-13.2.Rel1-x86_64-arm-none-eabi/bin/../lib/gcc/arm-none-eabi/13.2.1/../../../../arm-none-eabi/lib/thumb/v7-a/nofp/libg.a(libc_a-lock.o)
                0x6001332c                __retarget_lock_init
 .text.__retarget_lock_init_recursive
                0x60013330        0x4 /home/mustafa/arm-gnu-toolchain-13.2.rel1-x86_64-arm-none-eabi/arm-gnu-toolchain-13.2.Rel1-x86_64-arm-none-eabi/bin/../lib/gcc/arm-none-eabi/13.2.1/../../../../arm-none-eabi/lib/thumb/v7-a/nofp/libg.a(libc_a-lock.o)
                0x60013330                __retarget_lock_init_recursive
 .text.__retarget_lock_close
                0x60013334        0x4 /home/mustafa/arm-gnu-toolchain-13.2.rel1-x86_64-arm-none-eabi/arm-gnu-toolchain-13.2.Rel1-x86_64-arm-none-eabi/bin/../lib/gcc/arm-none-eabi/13.2.1/../../../../arm-none-eabi/lib/thumb/v7-a/nofp/libg.a(libc_a-lock.o)
                0x60013334                __retarget_lock_close
 .text.__retarget_lock_close_recursive
                0x60013338        0x4 /home/mustafa/arm-gnu-toolchain-13.2.rel1-x86_64-arm-none-eabi/arm-gnu-toolchain-13.2.Rel1-x86_64-arm-none-eabi/bin/../lib/gcc/arm-none-eabi/13.2.1/../../../../arm-none-eabi/lib/thumb/v7-a/nofp/libg.a(libc_a-lock.o)
                0x60013338                __retarget_lock_close_recursive
 .text.__retarget_lock_acquire
                0x6001333c        0x4 /home/mustafa/arm-gnu-toolchain-13.2.rel1-x86_64-arm-none-eabi/arm-gnu-toolchain-13.2.Rel1-x86_64-arm-none-eabi/bin/../lib/gcc/arm-none-eabi/13.2.1/../../../../arm-none-eabi/lib/thumb/v7-a/nofp/libg.a(libc_a-lock.o)
                0x6001333c                __retarget_lock_acquire
 .text.__retarget_lock_acquire_recursive
                0x60013340        0x4 /home/mustafa/arm-gnu-toolchain-13.2.rel1-x86_64-arm-none-eabi/arm-gnu-toolchain-13.2.Rel1-x86_64-arm-none-eabi/bin/../lib/gcc/arm-none-eabi/13.2.1/../../../../arm-none-eabi/lib/thumb/v7-a/nofp/libg.a(libc_a-lock.o)
                0x60013340                __retarget_lock_acquire_recursive
 .text.__retarget_lock_try_acquire
                0x60013344        0x4 /home/mustafa/arm-gnu-toolchain-13.2.rel1-x86_64-arm-none-eabi/arm-gnu-toolchain-13.2.Rel1-x86_64-arm-none-eabi/bin/../lib/gcc/arm-none-eabi/13.2.1/../../../../arm-none-eabi/lib/thumb/v7-a/nofp/libg.a(libc_a-lock.o)
                0x60013344                __retarget_lock_try_acquire
 .text.__retarget_lock_try_acquire_recursive
                0x60013348        0x4 /home/mustafa/arm-gnu-toolchain-13.2.rel1-x86_64-arm-none-eabi/arm-gnu-toolchain-13.2.Rel1-x86_64-arm-none-eabi/bin/../lib/gcc/arm-none-eabi/13.2.1/../../../../arm-none-eabi/lib/thumb/v7-a/nofp/libg.a(libc_a-lock.o)
                0x60013348                __retarget_lock_try_acquire_recursive
 .text.__retarget_lock_release
                0x6001334c        0x4 /home/mustafa/arm-gnu-toolchain-13.2.rel1-x86_64-arm-none-eabi/arm-gnu-toolchain-13.2.Rel1-x86_64-arm-none-eabi/bin/../lib/gcc/arm-none-eabi/13.2.1/../../../../arm-none-eabi/lib/thumb/v7-a/nofp/libg.a(libc_a-lock.o)
                0x6001334c                __retarget_lock_release
 .text.__retarget_lock_release_recursive
                0x60013350        0x4 /home/mustafa/arm-gnu-toolchain-13.2.rel1-x86_64-arm-none-eabi/arm-gnu-toolchain-13.2.Rel1-x86_64-arm-none-eabi/bin/../lib/gcc/arm-none-eabi/13.2.1/../../../../arm-none-eabi/lib/thumb/v7-a/nofp/libg.a(libc_a-lock.o)
                0x60013350                __retarget_lock_release_recursive
 .text.currentlocale
                0x60013354       0x70 /home/mustafa/arm-gnu-toolchain-13.2.rel1-x86_64-arm-none-eabi/arm-gnu-toolchain-13.2.Rel1-x86_64-arm-none-eabi/bin/../lib/gcc/arm-none-eabi/13.2.1/../../../../arm-none-eabi/lib/thumb/v7-a/nofp/libg.a(libc_a-locale.o)
 .text.__loadlocale
                0x600133c4      0x6c0 /home/mustafa/arm-gnu-toolchain-13.2.rel1-x86_64-arm-none-eabi/arm-gnu-toolchain-13.2.Rel1-x86_64-arm-none-eabi/bin/../lib/gcc/arm-none-eabi/13.2.1/../../../../arm-none-eabi/lib/thumb/v7-a/nofp/libg.a(libc_a-locale.o)
                0x600133c4                __loadlocale
 .text.__get_locale_env
                0x60013a84       0x5c /home/mustafa/arm-gnu-toolchain-13.2.rel1-x86_64-arm-none-eabi/arm-gnu-toolchain-13.2.Rel1-x86_64-arm-none-eabi/bin/../lib/gcc/arm-none-eabi/13.2.1/../../../../arm-none-eabi/lib/thumb/v7-a/nofp/libg.a(libc_a-locale.o)
                0x60013a84                __get_locale_env
 .text._setlocale_r
                0x60013ae0      0x244 /home/mustafa/arm-gnu-toolchain-13.2.rel1-x86_64-arm-none-eabi/arm-gnu-toolchain-13.2.Rel1-x86_64-arm-none-eabi/bin/../lib/gcc/arm-none-eabi/13.2.1/../../../../arm-none-eabi/lib/thumb/v7-a/nofp/libg.a(libc_a-locale.o)
                0x60013ae0                _setlocale_r
 .text.__locale_mb_cur_max
                0x60013d24       0x10 /home/mustafa/arm-gnu-toolchain-13.2.rel1-x86_64-arm-none-eabi/arm-gnu-toolchain-13.2.Rel1-x86_64-arm-none-eabi/bin/../lib/gcc/arm-none-eabi/13.2.1/../../../../arm-none-eabi/lib/thumb/v7-a/nofp/libg.a(libc_a-locale.o)
                0x60013d24                __locale_mb_cur_max
 .text.setlocale
                0x60013d34       0x14 /home/mustafa/arm-gnu-toolchain-13.2.rel1-x86_64-arm-none-eabi/arm-gnu-toolchain-13.2.Rel1-x86_64-arm-none-eabi/bin/../lib/gcc/arm-none-eabi/13.2.1/../../../../arm-none-eabi/lib/thumb/v7-a/nofp/libg.a(libc_a-locale.o)
                0x60013d34                setlocale
 .text.__localeconv_l
                0x60013d48        0x4 /home/mustafa/arm-gnu-toolchain-13.2.rel1-x86_64-arm-none-eabi/arm-gnu-toolchain-13.2.Rel1-x86_64-arm-none-eabi/bin/../lib/gcc/arm-none-eabi/13.2.1/../../../../arm-none-eabi/lib/thumb/v7-a/nofp/libg.a(libc_a-localeconv.o)
                0x60013d48                __localeconv_l
 .text._localeconv_r
                0x60013d4c        0x8 /home/mustafa/arm-gnu-toolchain-13.2.rel1-x86_64-arm-none-eabi/arm-gnu-toolchain-13.2.Rel1-x86_64-arm-none-eabi/bin/../lib/gcc/arm-none-eabi/13.2.1/../../../../arm-none-eabi/lib/thumb/v7-a/nofp/libg.a(libc_a-localeconv.o)
                0x60013d4c                _localeconv_r
 .text.localeconv
                0x60013d54        0x8 /home/mustafa/arm-gnu-toolchain-13.2.rel1-x86_64-arm-none-eabi/arm-gnu-toolchain-13.2.Rel1-x86_64-arm-none-eabi/bin/../lib/gcc/arm-none-eabi/13.2.1/../../../../arm-none-eabi/lib/thumb/v7-a/nofp/libg.a(libc_a-localeconv.o)
                0x60013d54                localeconv
 .text.sysconf  0x60013d5c       0x1c /home/mustafa/arm-gnu-toolchain-13.2.rel1-x86_64-arm-none-eabi/arm-gnu-toolchain-13.2.Rel1-x86_64-arm-none-eabi/bin/../lib/gcc/arm-none-eabi/13.2.1/../../../../arm-none-eabi/lib/thumb/v7-a/nofp/libg.a(libc_a-sysconf.o)
                0x60013d5c                sysconf
 .text._printf_r
                0x60013d78       0x20 /home/mustafa/arm-gnu-toolchain-13.2.rel1-x86_64-arm-none-eabi/arm-gnu-toolchain-13.2.Rel1-x86_64-arm-none-eabi/bin/../lib/gcc/arm-none-eabi/13.2.1/../../../../arm-none-eabi/lib/thumb/v7-a/nofp/libg.a(libc_a-printf.o)
                0x60013d78                _printf_r
 .text.printf   0x60013d98       0x28 /home/mustafa/arm-gnu-toolchain-13.2.rel1-x86_64-arm-none-eabi/arm-gnu-toolchain-13.2.Rel1-x86_64-arm-none-eabi/bin/../lib/gcc/arm-none-eabi/13.2.1/../../../../arm-none-eabi/lib/thumb/v7-a/nofp/libg.a(libc_a-printf.o)
                0x60013d98                printf
 .text.strcpy   0x60013dc0       0xc4 /home/mustafa/arm-gnu-toolchain-13.2.rel1-x86_64-arm-none-eabi/arm-gnu-toolchain-13.2.Rel1-x86_64-arm-none-eabi/bin/../lib/gcc/arm-none-eabi/13.2.1/../../../../arm-none-eabi/lib/thumb/v7-a/nofp/libg.a(libc_a-strcpy.o)
                0x60013dc0                strcpy
 .text._putchar_r
                0x60013e84        0x8 /home/mustafa/arm-gnu-toolchain-13.2.rel1-x86_64-arm-none-eabi/arm-gnu-toolchain-13.2.Rel1-x86_64-arm-none-eabi/bin/../lib/gcc/arm-none-eabi/13.2.1/../../../../arm-none-eabi/lib/thumb/v7-a/nofp/libg.a(libc_a-putchar.o)
                0x60013e84                _putchar_r
 .text.putchar  0x60013e8c       0x14 /home/mustafa/arm-gnu-toolchain-13.2.rel1-x86_64-arm-none-eabi/arm-gnu-toolchain-13.2.Rel1-x86_64-arm-none-eabi/bin/../lib/gcc/arm-none-eabi/13.2.1/../../../../arm-none-eabi/lib/thumb/v7-a/nofp/libg.a(libc_a-putchar.o)
                0x60013e8c                putchar
 .text._puts_r  0x60013ea0       0x9c /home/mustafa/arm-gnu-toolchain-13.2.rel1-x86_64-arm-none-eabi/arm-gnu-toolchain-13.2.Rel1-x86_64-arm-none-eabi/bin/../lib/gcc/arm-none-eabi/13.2.1/../../../../arm-none-eabi/lib/thumb/v7-a/nofp/libg.a(libc_a-puts.o)
                0x60013ea0                _puts_r
 .text.puts     0x60013f3c       0x10 /home/mustafa/arm-gnu-toolchain-13.2.rel1-x86_64-arm-none-eabi/arm-gnu-toolchain-13.2.Rel1-x86_64-arm-none-eabi/bin/../lib/gcc/arm-none-eabi/13.2.1/../../../../arm-none-eabi/lib/thumb/v7-a/nofp/libg.a(libc_a-puts.o)
                0x60013f3c                puts
 .text.__malloc_lock
                0x60013f4c        0xc /home/mustafa/arm-gnu-toolchain-13.2.rel1-x86_64-arm-none-eabi/arm-gnu-toolchain-13.2.Rel1-x86_64-arm-none-eabi/bin/../lib/gcc/arm-none-eabi/13.2.1/../../../../arm-none-eabi/lib/thumb/v7-a/nofp/libg.a(libc_a-mlock.o)
                0x60013f4c                __malloc_lock
 .text.__malloc_unlock
                0x60013f58        0xc /home/mustafa/arm-gnu-toolchain-13.2.rel1-x86_64-arm-none-eabi/arm-gnu-toolchain-13.2.Rel1-x86_64-arm-none-eabi/bin/../lib/gcc/arm-none-eabi/13.2.1/../../../../arm-none-eabi/lib/thumb/v7-a/nofp/libg.a(libc_a-mlock.o)
                0x60013f58                __malloc_unlock
 .text.atexit   0x60013f64        0xc /home/mustafa/arm-gnu-toolchain-13.2.rel1-x86_64-arm-none-eabi/arm-gnu-toolchain-13.2.Rel1-x86_64-arm-none-eabi/bin/../lib/gcc/arm-none-eabi/13.2.1/../../../../arm-none-eabi/lib/thumb/v7-a/nofp/libg.a(libc_a-atexit.o)
                0x60013f64                atexit
 .text.strchr   0x60013f70       0xd0 /home/mustafa/arm-gnu-toolchain-13.2.rel1-x86_64-arm-none-eabi/arm-gnu-toolchain-13.2.Rel1-x86_64-arm-none-eabi/bin/../lib/gcc/arm-none-eabi/13.2.1/../../../../arm-none-eabi/lib/thumb/v7-a/nofp/libg.a(libc_a-strchr.o)
                0x60013f70                strchr
 .text._wcsrtombs_r
                0x60014040       0x1c /home/mustafa/arm-gnu-toolchain-13.2.rel1-x86_64-arm-none-eabi/arm-gnu-toolchain-13.2.Rel1-x86_64-arm-none-eabi/bin/../lib/gcc/arm-none-eabi/13.2.1/../../../../arm-none-eabi/lib/thumb/v7-a/nofp/libg.a(libc_a-wcsrtombs.o)
                0x60014040                _wcsrtombs_r
 .text.wcsrtombs
                0x6001405c       0x28 /home/mustafa/arm-gnu-toolchain-13.2.rel1-x86_64-arm-none-eabi/arm-gnu-toolchain-13.2.Rel1-x86_64-arm-none-eabi/bin/../lib/gcc/arm-none-eabi/13.2.1/../../../../arm-none-eabi/lib/thumb/v7-a/nofp/libg.a(libc_a-wcsrtombs.o)
                0x6001405c                wcsrtombs
 .text.__set_ctype
                0x60014084       0x10 /home/mustafa/arm-gnu-toolchain-13.2.rel1-x86_64-arm-none-eabi/arm-gnu-toolchain-13.2.Rel1-x86_64-arm-none-eabi/bin/../lib/gcc/arm-none-eabi/13.2.1/../../../../arm-none-eabi/lib/thumb/v7-a/nofp/libg.a(libc_a-ctype_.o)
                0x60014084                __set_ctype
 .text.stdio_exit_handler
                0x60014094       0x1c /home/mustafa/arm-gnu-toolchain-13.2.rel1-x86_64-arm-none-eabi/arm-gnu-toolchain-13.2.Rel1-x86_64-arm-none-eabi/bin/../lib/gcc/arm-none-eabi/13.2.1/../../../../arm-none-eabi/lib/thumb/v7-a/nofp/libg.a(libc_a-findfp.o)
 .text.cleanup_stdio
                0x600140b0       0x40 /home/mustafa/arm-gnu-toolchain-13.2.rel1-x86_64-arm-none-eabi/arm-gnu-toolchain-13.2.Rel1-x86_64-arm-none-eabi/bin/../lib/gcc/arm-none-eabi/13.2.1/../../../../arm-none-eabi/lib/thumb/v7-a/nofp/libg.a(libc_a-findfp.o)
 .text.__fp_lock
                0x600140f0       0x1c /home/mustafa/arm-gnu-toolchain-13.2.rel1-x86_64-arm-none-eabi/arm-gnu-toolchain-13.2.Rel1-x86_64-arm-none-eabi/bin/../lib/gcc/arm-none-eabi/13.2.1/../../../../arm-none-eabi/lib/thumb/v7-a/nofp/libg.a(libc_a-findfp.o)
 .text.__fp_unlock
                0x6001410c       0x1c /home/mustafa/arm-gnu-toolchain-13.2.rel1-x86_64-arm-none-eabi/arm-gnu-toolchain-13.2.Rel1-x86_64-arm-none-eabi/bin/../lib/gcc/arm-none-eabi/13.2.1/../../../../arm-none-eabi/lib/thumb/v7-a/nofp/libg.a(libc_a-findfp.o)
 .text.global_stdio_init.part.0
                0x60014128       0xf8 /home/mustafa/arm-gnu-toolchain-13.2.rel1-x86_64-arm-none-eabi/arm-gnu-toolchain-13.2.Rel1-x86_64-arm-none-eabi/bin/../lib/gcc/arm-none-eabi/13.2.1/../../../../arm-none-eabi/lib/thumb/v7-a/nofp/libg.a(libc_a-findfp.o)
 .text.__sfp    0x60014220       0xd0 /home/mustafa/arm-gnu-toolchain-13.2.rel1-x86_64-arm-none-eabi/arm-gnu-toolchain-13.2.Rel1-x86_64-arm-none-eabi/bin/../lib/gcc/arm-none-eabi/13.2.1/../../../../arm-none-eabi/lib/thumb/v7-a/nofp/libg.a(libc_a-findfp.o)
                0x60014220                __sfp
 .text.__sinit  0x600142f0       0x50 /home/mustafa/arm-gnu-toolchain-13.2.rel1-x86_64-arm-none-eabi/arm-gnu-toolchain-13.2.Rel1-x86_64-arm-none-eabi/bin/../lib/gcc/arm-none-eabi/13.2.1/../../../../arm-none-eabi/lib/thumb/v7-a/nofp/libg.a(libc_a-findfp.o)
                0x600142f0                __sinit
 .text.__sfp_lock_acquire
                0x60014340        0xc /home/mustafa/arm-gnu-toolchain-13.2.rel1-x86_64-arm-none-eabi/arm-gnu-toolchain-13.2.Rel1-x86_64-arm-none-eabi/bin/../lib/gcc/arm-none-eabi/13.2.1/../../../../arm-none-eabi/lib/thumb/v7-a/nofp/libg.a(libc_a-findfp.o)
                0x60014340                __sfp_lock_acquire
 .text.__sfp_lock_release
                0x6001434c        0xc /home/mustafa/arm-gnu-toolchain-13.2.rel1-x86_64-arm-none-eabi/arm-gnu-toolchain-13.2.Rel1-x86_64-arm-none-eabi/bin/../lib/gcc/arm-none-eabi/13.2.1/../../../../arm-none-eabi/lib/thumb/v7-a/nofp/libg.a(libc_a-findfp.o)
                0x6001434c                __sfp_lock_release
 .text.__fp_lock_all
                0x60014358       0x28 /home/mustafa/arm-gnu-toolchain-13.2.rel1-x86_64-arm-none-eabi/arm-gnu-toolchain-13.2.Rel1-x86_64-arm-none-eabi/bin/../lib/gcc/arm-none-eabi/13.2.1/../../../../arm-none-eabi/lib/thumb/v7-a/nofp/libg.a(libc_a-findfp.o)
                0x60014358                __fp_lock_all
 .text.__fp_unlock_all
                0x60014380       0x28 /home/mustafa/arm-gnu-toolchain-13.2.rel1-x86_64-arm-none-eabi/arm-gnu-toolchain-13.2.Rel1-x86_64-arm-none-eabi/bin/../lib/gcc/arm-none-eabi/13.2.1/../../../../arm-none-eabi/lib/thumb/v7-a/nofp/libg.a(libc_a-findfp.o)
                0x60014380                __fp_unlock_all
 .text._realloc_r
                0x600143a8      0x37c /home/mustafa/arm-gnu-toolchain-13.2.rel1-x86_64-arm-none-eabi/arm-gnu-toolchain-13.2.Rel1-x86_64-arm-none-eabi/bin/../lib/gcc/arm-none-eabi/13.2.1/../../../../arm-none-eabi/lib/thumb/v7-a/nofp/libg.a(libc_a-reallocr.o)
                0x600143a8                _realloc_r
 .text.strlcpy  0x60014724       0x48 /home/mustafa/arm-gnu-toolchain-13.2.rel1-x86_64-arm-none-eabi/arm-gnu-toolchain-13.2.Rel1-x86_64-arm-none-eabi/bin/../lib/gcc/arm-none-eabi/13.2.1/../../../../arm-none-eabi/lib/thumb/v7-a/nofp/libg.a(libc_a-strlcpy.o)
                0x60014724                strlcpy
 .text._malloc_trim_r
                0x6001476c       0xc0 /home/mustafa/arm-gnu-toolchain-13.2.rel1-x86_64-arm-none-eabi/arm-gnu-toolchain-13.2.Rel1-x86_64-arm-none-eabi/bin/../lib/gcc/arm-none-eabi/13.2.1/../../../../arm-none-eabi/lib/thumb/v7-a/nofp/libg.a(libc_a-freer.o)
                0x6001476c                _malloc_trim_r
 .text._free_r  0x6001482c      0x208 /home/mustafa/arm-gnu-toolchain-13.2.rel1-x86_64-arm-none-eabi/arm-gnu-toolchain-13.2.Rel1-x86_64-arm-none-eabi/bin/../lib/gcc/arm-none-eabi/13.2.1/../../../../arm-none-eabi/lib/thumb/v7-a/nofp/libg.a(libc_a-freer.o)
                0x6001482c                _free_r
 .text._strtol_l.part.0
                0x60014a34      0x114 /home/mustafa/arm-gnu-toolchain-13.2.rel1-x86_64-arm-none-eabi/arm-gnu-toolchain-13.2.Rel1-x86_64-arm-none-eabi/bin/../lib/gcc/arm-none-eabi/13.2.1/../../../../arm-none-eabi/lib/thumb/v7-a/nofp/libg.a(libc_a-strtol.o)
 .text._strtol_r
                0x60014b48       0x2c /home/mustafa/arm-gnu-toolchain-13.2.rel1-x86_64-arm-none-eabi/arm-gnu-toolchain-13.2.Rel1-x86_64-arm-none-eabi/bin/../lib/gcc/arm-none-eabi/13.2.1/../../../../arm-none-eabi/lib/thumb/v7-a/nofp/libg.a(libc_a-strtol.o)
                0x60014b48                _strtol_r
 .text.strtol_l
                0x60014b74       0x44 /home/mustafa/arm-gnu-toolchain-13.2.rel1-x86_64-arm-none-eabi/arm-gnu-toolchain-13.2.Rel1-x86_64-arm-none-eabi/bin/../lib/gcc/arm-none-eabi/13.2.1/../../../../arm-none-eabi/lib/thumb/v7-a/nofp/libg.a(libc_a-strtol.o)
                0x60014b74                strtol_l
 .text.strtol   0x60014bb8       0x44 /home/mustafa/arm-gnu-toolchain-13.2.rel1-x86_64-arm-none-eabi/arm-gnu-toolchain-13.2.Rel1-x86_64-arm-none-eabi/bin/../lib/gcc/arm-none-eabi/13.2.1/../../../../arm-none-eabi/lib/thumb/v7-a/nofp/libg.a(libc_a-strtol.o)
                0x60014bb8                strtol
 .text._strtoul_l.isra.0
                0x60014bfc      0x130 /home/mustafa/arm-gnu-toolchain-13.2.rel1-x86_64-arm-none-eabi/arm-gnu-toolchain-13.2.Rel1-x86_64-arm-none-eabi/bin/../lib/gcc/arm-none-eabi/13.2.1/../../../../arm-none-eabi/lib/thumb/v7-a/nofp/libg.a(libc_a-strtoul.o)
 .text._strtoul_r
                0x60014d2c        0x4 /home/mustafa/arm-gnu-toolchain-13.2.rel1-x86_64-arm-none-eabi/arm-gnu-toolchain-13.2.Rel1-x86_64-arm-none-eabi/bin/../lib/gcc/arm-none-eabi/13.2.1/../../../../arm-none-eabi/lib/thumb/v7-a/nofp/libg.a(libc_a-strtoul.o)
                0x60014d2c                _strtoul_r
 .text.strtoul_l
                0x60014d30       0x20 /home/mustafa/arm-gnu-toolchain-13.2.rel1-x86_64-arm-none-eabi/arm-gnu-toolchain-13.2.Rel1-x86_64-arm-none-eabi/bin/../lib/gcc/arm-none-eabi/13.2.1/../../../../arm-none-eabi/lib/thumb/v7-a/nofp/libg.a(libc_a-strtoul.o)
                0x60014d30                strtoul_l
 .text.strtoul  0x60014d50       0x20 /home/mustafa/arm-gnu-toolchain-13.2.rel1-x86_64-arm-none-eabi/arm-gnu-toolchain-13.2.Rel1-x86_64-arm-none-eabi/bin/../lib/gcc/arm-none-eabi/13.2.1/../../../../arm-none-eabi/lib/thumb/v7-a/nofp/libg.a(libc_a-strtoul.o)
                0x60014d50                strtoul
 .text.strncasecmp
                0x60014d70       0x54 /home/mustafa/arm-gnu-toolchain-13.2.rel1-x86_64-arm-none-eabi/arm-gnu-toolchain-13.2.Rel1-x86_64-arm-none-eabi/bin/../lib/gcc/arm-none-eabi/13.2.1/../../../../arm-none-eabi/lib/thumb/v7-a/nofp/libg.a(libc_a-strncasecmp.o)
                0x60014d70                strncasecmp
 .text._findenv_r
                0x60014dc4       0x80 /home/mustafa/arm-gnu-toolchain-13.2.rel1-x86_64-arm-none-eabi/arm-gnu-toolchain-13.2.Rel1-x86_64-arm-none-eabi/bin/../lib/gcc/arm-none-eabi/13.2.1/../../../../arm-none-eabi/lib/thumb/v7-a/nofp/libg.a(libc_a-getenv_r.o)
                0x60014dc4                _findenv_r
 .text._getenv_r
                0x60014e44       0x10 /home/mustafa/arm-gnu-toolchain-13.2.rel1-x86_64-arm-none-eabi/arm-gnu-toolchain-13.2.Rel1-x86_64-arm-none-eabi/bin/../lib/gcc/arm-none-eabi/13.2.1/../../../../arm-none-eabi/lib/thumb/v7-a/nofp/libg.a(libc_a-getenv_r.o)
                0x60014e44                _getenv_r
 .text.strncpy  0x60014e54       0x74 /home/mustafa/arm-gnu-toolchain-13.2.rel1-x86_64-arm-none-eabi/arm-gnu-toolchain-13.2.Rel1-x86_64-arm-none-eabi/bin/../lib/gcc/arm-none-eabi/13.2.1/../../../../arm-none-eabi/lib/thumb/v7-a/nofp/libg.a(libc_a-strncpy.o)
                0x60014e54                strncpy
 .text.__gettzinfo
                0x60014ec8        0xc /home/mustafa/arm-gnu-toolchain-13.2.rel1-x86_64-arm-none-eabi/arm-gnu-toolchain-13.2.Rel1-x86_64-arm-none-eabi/bin/../lib/gcc/arm-none-eabi/13.2.1/../../../../arm-none-eabi/lib/thumb/v7-a/nofp/libg.a(libc_a-gettzinfo.o)
                0x60014ec8                __gettzinfo
 .text.__sread  0x60014ed4       0x24 /home/mustafa/arm-gnu-toolchain-13.2.rel1-x86_64-arm-none-eabi/arm-gnu-toolchain-13.2.Rel1-x86_64-arm-none-eabi/bin/../lib/gcc/arm-none-eabi/13.2.1/../../../../arm-none-eabi/lib/thumb/v7-a/nofp/libg.a(libc_a-stdio.o)
                0x60014ed4                __sread
 .text.__seofread
                0x60014ef8        0x4 /home/mustafa/arm-gnu-toolchain-13.2.rel1-x86_64-arm-none-eabi/arm-gnu-toolchain-13.2.Rel1-x86_64-arm-none-eabi/bin/../lib/gcc/arm-none-eabi/13.2.1/../../../../arm-none-eabi/lib/thumb/v7-a/nofp/libg.a(libc_a-stdio.o)
                0x60014ef8                __seofread
 .text.__swrite
                0x60014efc       0x40 /home/mustafa/arm-gnu-toolchain-13.2.rel1-x86_64-arm-none-eabi/arm-gnu-toolchain-13.2.Rel1-x86_64-arm-none-eabi/bin/../lib/gcc/arm-none-eabi/13.2.1/../../../../arm-none-eabi/lib/thumb/v7-a/nofp/libg.a(libc_a-stdio.o)
                0x60014efc                __swrite
 .text.__sseek  0x60014f3c       0x24 /home/mustafa/arm-gnu-toolchain-13.2.rel1-x86_64-arm-none-eabi/arm-gnu-toolchain-13.2.Rel1-x86_64-arm-none-eabi/bin/../lib/gcc/arm-none-eabi/13.2.1/../../../../arm-none-eabi/lib/thumb/v7-a/nofp/libg.a(libc_a-stdio.o)
                0x60014f3c                __sseek
 .text.__sclose
                0x60014f60        0x8 /home/mustafa/arm-gnu-toolchain-13.2.rel1-x86_64-arm-none-eabi/arm-gnu-toolchain-13.2.Rel1-x86_64-arm-none-eabi/bin/../lib/gcc/arm-none-eabi/13.2.1/../../../../arm-none-eabi/lib/thumb/v7-a/nofp/libg.a(libc_a-stdio.o)
                0x60014f60                __sclose
 .text._wctomb_r
                0x60014f68       0x14 /home/mustafa/arm-gnu-toolchain-13.2.rel1-x86_64-arm-none-eabi/arm-gnu-toolchain-13.2.Rel1-x86_64-arm-none-eabi/bin/../lib/gcc/arm-none-eabi/13.2.1/../../../../arm-none-eabi/lib/thumb/v7-a/nofp/libg.a(libc_a-wctomb_r.o)
                0x60014f68                _wctomb_r
 .text.__ascii_wctomb
                0x60014f7c       0x1c /home/mustafa/arm-gnu-toolchain-13.2.rel1-x86_64-arm-none-eabi/arm-gnu-toolchain-13.2.Rel1-x86_64-arm-none-eabi/bin/../lib/gcc/arm-none-eabi/13.2.1/../../../../arm-none-eabi/lib/thumb/v7-a/nofp/libg.a(libc_a-wctomb_r.o)
                0x60014f7c                __ascii_wctomb
 .text.__utf8_wctomb
                0x60014f98       0xa0 /home/mustafa/arm-gnu-toolchain-13.2.rel1-x86_64-arm-none-eabi/arm-gnu-toolchain-13.2.Rel1-x86_64-arm-none-eabi/bin/../lib/gcc/arm-none-eabi/13.2.1/../../../../arm-none-eabi/lib/thumb/v7-a/nofp/libg.a(libc_a-wctomb_r.o)
                0x60014f98                __utf8_wctomb
 .text.__sjis_wctomb
                0x60015038       0x58 /home/mustafa/arm-gnu-toolchain-13.2.rel1-x86_64-arm-none-eabi/arm-gnu-toolchain-13.2.Rel1-x86_64-arm-none-eabi/bin/../lib/gcc/arm-none-eabi/13.2.1/../../../../arm-none-eabi/lib/thumb/v7-a/nofp/libg.a(libc_a-wctomb_r.o)
                0x60015038                __sjis_wctomb
 .text.__eucjp_wctomb
                0x60015090       0x74 /home/mustafa/arm-gnu-toolchain-13.2.rel1-x86_64-arm-none-eabi/arm-gnu-toolchain-13.2.Rel1-x86_64-arm-none-eabi/bin/../lib/gcc/arm-none-eabi/13.2.1/../../../../arm-none-eabi/lib/thumb/v7-a/nofp/libg.a(libc_a-wctomb_r.o)
                0x60015090                __eucjp_wctomb
 .text.__jis_wctomb
                0x60015104       0x80 /home/mustafa/arm-gnu-toolchain-13.2.rel1-x86_64-arm-none-eabi/arm-gnu-toolchain-13.2.Rel1-x86_64-arm-none-eabi/bin/../lib/gcc/arm-none-eabi/13.2.1/../../../../arm-none-eabi/lib/thumb/v7-a/nofp/libg.a(libc_a-wctomb_r.o)
                0x60015104                __jis_wctomb
 .text._sbrk_r  0x60015184       0x28 /home/mustafa/arm-gnu-toolchain-13.2.rel1-x86_64-arm-none-eabi/arm-gnu-toolchain-13.2.Rel1-x86_64-arm-none-eabi/bin/../lib/gcc/arm-none-eabi/13.2.1/../../../../arm-none-eabi/lib/thumb/v7-a/nofp/libg.a(libc_a-sbrkr.o)
                0x60015184                _sbrk_r
 .text.__sfvwrite_r
                0x600151ac      0x304 /home/mustafa/arm-gnu-toolchain-13.2.rel1-x86_64-arm-none-eabi/arm-gnu-toolchain-13.2.Rel1-x86_64-arm-none-eabi/bin/../lib/gcc/arm-none-eabi/13.2.1/../../../../arm-none-eabi/lib/thumb/v7-a/nofp/libg.a(libc_a-fvwrite.o)
                0x600151ac                __sfvwrite_r
 .text._fwalk_sglue
                0x600154b0       0x44 /home/mustafa/arm-gnu-toolchain-13.2.rel1-x86_64-arm-none-eabi/arm-gnu-toolchain-13.2.Rel1-x86_64-arm-none-eabi/bin/../lib/gcc/arm-none-eabi/13.2.1/../../../../arm-none-eabi/lib/thumb/v7-a/nofp/libg.a(libc_a-fwalk.o)
                0x600154b0                _fwalk_sglue
 .text._write_r
                0x600154f4       0x30 /home/mustafa/arm-gnu-toolchain-13.2.rel1-x86_64-arm-none-eabi/arm-gnu-toolchain-13.2.Rel1-x86_64-arm-none-eabi/bin/../lib/gcc/arm-none-eabi/13.2.1/../../../../arm-none-eabi/lib/thumb/v7-a/nofp/libg.a(libc_a-writer.o)
                0x600154f4                _write_r
 .text.siscanf  0x60015524       0x5c /home/mustafa/arm-gnu-toolchain-13.2.rel1-x86_64-arm-none-eabi/arm-gnu-toolchain-13.2.Rel1-x86_64-arm-none-eabi/bin/../lib/gcc/arm-none-eabi/13.2.1/../../../../arm-none-eabi/lib/thumb/v7-a/nofp/libg.a(libc_a-siscanf.o)
                0x60015524                siscanf
 .text._siscanf_r
                0x60015580       0x58 /home/mustafa/arm-gnu-toolchain-13.2.rel1-x86_64-arm-none-eabi/arm-gnu-toolchain-13.2.Rel1-x86_64-arm-none-eabi/bin/../lib/gcc/arm-none-eabi/13.2.1/../../../../arm-none-eabi/lib/thumb/v7-a/nofp/libg.a(libc_a-siscanf.o)
                0x60015580                _siscanf_r
 .text._sungetc_r
                0x600155d8       0x7c /home/mustafa/arm-gnu-toolchain-13.2.rel1-x86_64-arm-none-eabi/arm-gnu-toolchain-13.2.Rel1-x86_64-arm-none-eabi/bin/../lib/gcc/arm-none-eabi/13.2.1/../../../../arm-none-eabi/lib/thumb/v7-a/nofp/libg.a(libc_a-svfiscanf.o)
                0x600155d8                _sungetc_r
 .text.__ssrefill_r
                0x60015654       0x38 /home/mustafa/arm-gnu-toolchain-13.2.rel1-x86_64-arm-none-eabi/arm-gnu-toolchain-13.2.Rel1-x86_64-arm-none-eabi/bin/../lib/gcc/arm-none-eabi/13.2.1/../../../../arm-none-eabi/lib/thumb/v7-a/nofp/libg.a(libc_a-svfiscanf.o)
                0x60015654                __ssrefill_r
 .text._sfread_r
                0x6001568c       0xa8 /home/mustafa/arm-gnu-toolchain-13.2.rel1-x86_64-arm-none-eabi/arm-gnu-toolchain-13.2.Rel1-x86_64-arm-none-eabi/bin/../lib/gcc/arm-none-eabi/13.2.1/../../../../arm-none-eabi/lib/thumb/v7-a/nofp/libg.a(libc_a-svfiscanf.o)
                0x6001568c                _sfread_r
 .text.__ssvfiscanf_r
                0x60015734     0x1670 /home/mustafa/arm-gnu-toolchain-13.2.rel1-x86_64-arm-none-eabi/arm-gnu-toolchain-13.2.Rel1-x86_64-arm-none-eabi/bin/../lib/gcc/arm-none-eabi/13.2.1/../../../../arm-none-eabi/lib/thumb/v7-a/nofp/libg.a(libc_a-svfiscanf.o)
                0x60015734                __ssvfiscanf_r
 .text._vfprintf_r
                0x60016da4     0x1d40 /home/mustafa/arm-gnu-toolchain-13.2.rel1-x86_64-arm-none-eabi/arm-gnu-toolchain-13.2.Rel1-x86_64-arm-none-eabi/bin/../lib/gcc/arm-none-eabi/13.2.1/../../../../arm-none-eabi/lib/thumb/v7-a/nofp/libg.a(libc_a-vfprintf.o)
                0x60016da4                _vfprintf_r
 .text.vfprintf
                0x60018ae4       0x20 /home/mustafa/arm-gnu-toolchain-13.2.rel1-x86_64-arm-none-eabi/arm-gnu-toolchain-13.2.Rel1-x86_64-arm-none-eabi/bin/../lib/gcc/arm-none-eabi/13.2.1/../../../../arm-none-eabi/lib/thumb/v7-a/nofp/libg.a(libc_a-vfprintf.o)
                0x60018ae4                vfprintf
 .text.__sbprintf
                0x60018b04       0x80 /home/mustafa/arm-gnu-toolchain-13.2.rel1-x86_64-arm-none-eabi/arm-gnu-toolchain-13.2.Rel1-x86_64-arm-none-eabi/bin/../lib/gcc/arm-none-eabi/13.2.1/../../../../arm-none-eabi/lib/thumb/v7-a/nofp/libg.a(libc_a-vfprintf.o)
 .text.__sprint_r.part.0
                0x60018b84       0x78 /home/mustafa/arm-gnu-toolchain-13.2.rel1-x86_64-arm-none-eabi/arm-gnu-toolchain-13.2.Rel1-x86_64-arm-none-eabi/bin/../lib/gcc/arm-none-eabi/13.2.1/../../../../arm-none-eabi/lib/thumb/v7-a/nofp/libg.a(libc_a-vfiprintf.o)
 .text.__sprint_r
                0x60018bfc       0x14 /home/mustafa/arm-gnu-toolchain-13.2.rel1-x86_64-arm-none-eabi/arm-gnu-toolchain-13.2.Rel1-x86_64-arm-none-eabi/bin/../lib/gcc/arm-none-eabi/13.2.1/../../../../arm-none-eabi/lib/thumb/v7-a/nofp/libg.a(libc_a-vfiprintf.o)
                0x60018bfc                __sprint_r
 .text._vfiprintf_r
                0x60018c10      0xffc /home/mustafa/arm-gnu-toolchain-13.2.rel1-x86_64-arm-none-eabi/arm-gnu-toolchain-13.2.Rel1-x86_64-arm-none-eabi/bin/../lib/gcc/arm-none-eabi/13.2.1/../../../../arm-none-eabi/lib/thumb/v7-a/nofp/libg.a(libc_a-vfiprintf.o)
                0x60018c10                _vfiprintf_r
 .text.vfiprintf
                0x60019c0c       0x20 /home/mustafa/arm-gnu-toolchain-13.2.rel1-x86_64-arm-none-eabi/arm-gnu-toolchain-13.2.Rel1-x86_64-arm-none-eabi/bin/../lib/gcc/arm-none-eabi/13.2.1/../../../../arm-none-eabi/lib/thumb/v7-a/nofp/libg.a(libc_a-vfiprintf.o)
                0x60019c0c                vfiprintf
 .text.__sbprintf
                0x60019c2c       0x80 /home/mustafa/arm-gnu-toolchain-13.2.rel1-x86_64-arm-none-eabi/arm-gnu-toolchain-13.2.Rel1-x86_64-arm-none-eabi/bin/../lib/gcc/arm-none-eabi/13.2.1/../../../../arm-none-eabi/lib/thumb/v7-a/nofp/libg.a(libc_a-vfiprintf.o)
 .text.__register_exitproc
                0x60019cac       0x88 /home/mustafa/arm-gnu-toolchain-13.2.rel1-x86_64-arm-none-eabi/arm-gnu-toolchain-13.2.Rel1-x86_64-arm-none-eabi/bin/../lib/gcc/arm-none-eabi/13.2.1/../../../../arm-none-eabi/lib/thumb/v7-a/nofp/libg.a(libc_a-__atexit.o)
                0x60019cac                __register_exitproc
 .text._mbtowc_r
                0x60019d34       0x14 /home/mustafa/arm-gnu-toolchain-13.2.rel1-x86_64-arm-none-eabi/arm-gnu-toolchain-13.2.Rel1-x86_64-arm-none-eabi/bin/../lib/gcc/arm-none-eabi/13.2.1/../../../../arm-none-eabi/lib/thumb/v7-a/nofp/libg.a(libc_a-mbtowc_r.o)
                0x60019d34                _mbtowc_r
 .text.__ascii_mbtowc
                0x60019d48       0x24 /home/mustafa/arm-gnu-toolchain-13.2.rel1-x86_64-arm-none-eabi/arm-gnu-toolchain-13.2.Rel1-x86_64-arm-none-eabi/bin/../lib/gcc/arm-none-eabi/13.2.1/../../../../arm-none-eabi/lib/thumb/v7-a/nofp/libg.a(libc_a-mbtowc_r.o)
                0x60019d48                __ascii_mbtowc
 .text.__utf8_mbtowc
                0x60019d6c      0x1e0 /home/mustafa/arm-gnu-toolchain-13.2.rel1-x86_64-arm-none-eabi/arm-gnu-toolchain-13.2.Rel1-x86_64-arm-none-eabi/bin/../lib/gcc/arm-none-eabi/13.2.1/../../../../arm-none-eabi/lib/thumb/v7-a/nofp/libg.a(libc_a-mbtowc_r.o)
                0x60019d6c                __utf8_mbtowc
 .text.__sjis_mbtowc
                0x60019f4c       0x84 /home/mustafa/arm-gnu-toolchain-13.2.rel1-x86_64-arm-none-eabi/arm-gnu-toolchain-13.2.Rel1-x86_64-arm-none-eabi/bin/../lib/gcc/arm-none-eabi/13.2.1/../../../../arm-none-eabi/lib/thumb/v7-a/nofp/libg.a(libc_a-mbtowc_r.o)
                0x60019f4c                __sjis_mbtowc
 .text.__eucjp_mbtowc
                0x60019fd0       0xb8 /home/mustafa/arm-gnu-toolchain-13.2.rel1-x86_64-arm-none-eabi/arm-gnu-toolchain-13.2.Rel1-x86_64-arm-none-eabi/bin/../lib/gcc/arm-none-eabi/13.2.1/../../../../arm-none-eabi/lib/thumb/v7-a/nofp/libg.a(libc_a-mbtowc_r.o)
                0x60019fd0                __eucjp_mbtowc
 .text.__jis_mbtowc
                0x6001a088      0x14c /home/mustafa/arm-gnu-toolchain-13.2.rel1-x86_64-arm-none-eabi/arm-gnu-toolchain-13.2.Rel1-x86_64-arm-none-eabi/bin/../lib/gcc/arm-none-eabi/13.2.1/../../../../arm-none-eabi/lib/thumb/v7-a/nofp/libg.a(libc_a-mbtowc_r.o)
                0x6001a088                __jis_mbtowc
 .text._mbrtowc_r
                0x6001a1d4       0x58 /home/mustafa/arm-gnu-toolchain-13.2.rel1-x86_64-arm-none-eabi/arm-gnu-toolchain-13.2.Rel1-x86_64-arm-none-eabi/bin/../lib/gcc/arm-none-eabi/13.2.1/../../../../arm-none-eabi/lib/thumb/v7-a/nofp/libg.a(libc_a-mbrtowc.o)
                0x6001a1d4                _mbrtowc_r
 .text.mbrtowc  0x6001a22c       0x58 /home/mustafa/arm-gnu-toolchain-13.2.rel1-x86_64-arm-none-eabi/arm-gnu-toolchain-13.2.Rel1-x86_64-arm-none-eabi/bin/../lib/gcc/arm-none-eabi/13.2.1/../../../../arm-none-eabi/lib/thumb/v7-a/nofp/libg.a(libc_a-mbrtowc.o)
                0x6001a22c                mbrtowc
 .text.strcasecmp
                0x6001a284       0x44 /home/mustafa/arm-gnu-toolchain-13.2.rel1-x86_64-arm-none-eabi/arm-gnu-toolchain-13.2.Rel1-x86_64-arm-none-eabi/bin/../lib/gcc/arm-none-eabi/13.2.1/../../../../arm-none-eabi/lib/thumb/v7-a/nofp/libg.a(libc_a-strcasecmp.o)
                0x6001a284                strcasecmp
 .text.strcat   0x6001a2c8       0x40 /home/mustafa/arm-gnu-toolchain-13.2.rel1-x86_64-arm-none-eabi/arm-gnu-toolchain-13.2.Rel1-x86_64-arm-none-eabi/bin/../lib/gcc/arm-none-eabi/13.2.1/../../../../arm-none-eabi/lib/thumb/v7-a/nofp/libg.a(libc_a-strcat.o)
                0x6001a2c8                strcat
 .text._fclose_r
                0x6001a308       0xc0 /home/mustafa/arm-gnu-toolchain-13.2.rel1-x86_64-arm-none-eabi/arm-gnu-toolchain-13.2.Rel1-x86_64-arm-none-eabi/bin/../lib/gcc/arm-none-eabi/13.2.1/../../../../arm-none-eabi/lib/thumb/v7-a/nofp/libg.a(libc_a-fclose.o)
                0x6001a308                _fclose_r
 .text.fclose   0x6001a3c8       0x10 /home/mustafa/arm-gnu-toolchain-13.2.rel1-x86_64-arm-none-eabi/arm-gnu-toolchain-13.2.Rel1-x86_64-arm-none-eabi/bin/../lib/gcc/arm-none-eabi/13.2.1/../../../../arm-none-eabi/lib/thumb/v7-a/nofp/libg.a(libc_a-fclose.o)
                0x6001a3c8                fclose
 .text.__swsetup_r
                0x6001a3d8       0xc4 /home/mustafa/arm-gnu-toolchain-13.2.rel1-x86_64-arm-none-eabi/arm-gnu-toolchain-13.2.Rel1-x86_64-arm-none-eabi/bin/../lib/gcc/arm-none-eabi/13.2.1/../../../../arm-none-eabi/lib/thumb/v7-a/nofp/libg.a(libc_a-wsetup.o)
                0x6001a3d8                __swsetup_r
 .text.__smakebuf_r
                0x6001a49c       0xdc /home/mustafa/arm-gnu-toolchain-13.2.rel1-x86_64-arm-none-eabi/arm-gnu-toolchain-13.2.Rel1-x86_64-arm-none-eabi/bin/../lib/gcc/arm-none-eabi/13.2.1/../../../../arm-none-eabi/lib/thumb/v7-a/nofp/libg.a(libc_a-makebuf.o)
                0x6001a49c                __smakebuf_r
 .text.__swhatbuf_r
                0x6001a578       0x5c /home/mustafa/arm-gnu-toolchain-13.2.rel1-x86_64-arm-none-eabi/arm-gnu-toolchain-13.2.Rel1-x86_64-arm-none-eabi/bin/../lib/gcc/arm-none-eabi/13.2.1/../../../../arm-none-eabi/lib/thumb/v7-a/nofp/libg.a(libc_a-makebuf.o)
                0x6001a578                __swhatbuf_r
 .text._putc_r  0x6001a5d4       0x78 /home/mustafa/arm-gnu-toolchain-13.2.rel1-x86_64-arm-none-eabi/arm-gnu-toolchain-13.2.Rel1-x86_64-arm-none-eabi/bin/../lib/gcc/arm-none-eabi/13.2.1/../../../../arm-none-eabi/lib/thumb/v7-a/nofp/libg.a(libc_a-putc.o)
                0x6001a5d4                _putc_r
 .text.putc     0x6001a64c       0x80 /home/mustafa/arm-gnu-toolchain-13.2.rel1-x86_64-arm-none-eabi/arm-gnu-toolchain-13.2.Rel1-x86_64-arm-none-eabi/bin/../lib/gcc/arm-none-eabi/13.2.1/../../../../arm-none-eabi/lib/thumb/v7-a/nofp/libg.a(libc_a-putc.o)
                0x6001a64c                putc
 .text._wcsnrtombs_l
                0x6001a6cc       0xec /home/mustafa/arm-gnu-toolchain-13.2.rel1-x86_64-arm-none-eabi/arm-gnu-toolchain-13.2.Rel1-x86_64-arm-none-eabi/bin/../lib/gcc/arm-none-eabi/13.2.1/../../../../arm-none-eabi/lib/thumb/v7-a/nofp/libg.a(libc_a-wcsnrtombs.o)
                0x6001a6cc                _wcsnrtombs_l
 .text._wcsnrtombs_r
                0x6001a7b8       0x28 /home/mustafa/arm-gnu-toolchain-13.2.rel1-x86_64-arm-none-eabi/arm-gnu-toolchain-13.2.Rel1-x86_64-arm-none-eabi/bin/../lib/gcc/arm-none-eabi/13.2.1/../../../../arm-none-eabi/lib/thumb/v7-a/nofp/libg.a(libc_a-wcsnrtombs.o)
                0x6001a7b8                _wcsnrtombs_r
 .text.wcsnrtombs
                0x6001a7e0       0x30 /home/mustafa/arm-gnu-toolchain-13.2.rel1-x86_64-arm-none-eabi/arm-gnu-toolchain-13.2.Rel1-x86_64-arm-none-eabi/bin/../lib/gcc/arm-none-eabi/13.2.1/../../../../arm-none-eabi/lib/thumb/v7-a/nofp/libg.a(libc_a-wcsnrtombs.o)
                0x6001a7e0                wcsnrtombs
 .text.realloc  0x6001a810       0x14 /home/mustafa/arm-gnu-toolchain-13.2.rel1-x86_64-arm-none-eabi/arm-gnu-toolchain-13.2.Rel1-x86_64-arm-none-eabi/bin/../lib/gcc/arm-none-eabi/13.2.1/../../../../arm-none-eabi/lib/thumb/v7-a/nofp/libg.a(libc_a-realloc.o)
                0x6001a810                realloc
 .text.quorem   0x6001a824      0x138 /home/mustafa/arm-gnu-toolchain-13.2.rel1-x86_64-arm-none-eabi/arm-gnu-toolchain-13.2.Rel1-x86_64-arm-none-eabi/bin/../lib/gcc/arm-none-eabi/13.2.1/../../../../arm-none-eabi/lib/thumb/v7-a/nofp/libg.a(libc_a-dtoa.o)
 *fill*         0x6001a95c        0x4 
 .text._dtoa_r  0x6001a960      0xf08 /home/mustafa/arm-gnu-toolchain-13.2.rel1-x86_64-arm-none-eabi/arm-gnu-toolchain-13.2.Rel1-x86_64-arm-none-eabi/bin/../lib/gcc/arm-none-eabi/13.2.1/../../../../arm-none-eabi/lib/thumb/v7-a/nofp/libg.a(libc_a-dtoa.o)
                0x6001a960                _dtoa_r
 .text._close_r
                0x6001b868       0x28 /home/mustafa/arm-gnu-toolchain-13.2.rel1-x86_64-arm-none-eabi/arm-gnu-toolchain-13.2.Rel1-x86_64-arm-none-eabi/bin/../lib/gcc/arm-none-eabi/13.2.1/../../../../arm-none-eabi/lib/thumb/v7-a/nofp/libg.a(libc_a-closer.o)