Archive member included to satisfy reference by file (symbol)

/home/mustafa/opt/gcc-arm-none-eabi-9-2019-q4-major/bin/../lib/gcc/arm-none-eabi/9.2.1/libgcc.a(_udivsi3.o)
                              obj/ff.o (__aeabi_uidiv)
/home/mustafa/opt/gcc-arm-none-eabi-9-2019-q4-major/bin/../lib/gcc/arm-none-eabi/9.2.1/libgcc.a(_dvmd_tls.o)
                              /home/mustafa/opt/gcc-arm-none-eabi-9-2019-q4-major/bin/../lib/gcc/arm-none-eabi/9.2.1/libgcc.a(_udivsi3.o) (__aeabi_idiv0)
/home/mustafa/opt/gcc-arm-none-eabi-9-2019-q4-major/bin/../lib/gcc/arm-none-eabi/9.2.1/../../../../arm-none-eabi/lib/libg.a(lib_a-asctime.o)
                              obj/sp804.o (asctime)
/home/mustafa/opt/gcc-arm-none-eabi-9-2019-q4-major/bin/../lib/gcc/arm-none-eabi/9.2.1/../../../../arm-none-eabi/lib/libg.a(lib_a-asctime_r.o)
                              /home/mustafa/opt/gcc-arm-none-eabi-9-2019-q4-major/bin/../lib/gcc/arm-none-eabi/9.2.1/../../../../arm-none-eabi/lib/libg.a(lib_a-asctime.o) (asctime_r)
/home/mustafa/opt/gcc-arm-none-eabi-9-2019-q4-major/bin/../lib/gcc/arm-none-eabi/9.2.1/../../../../arm-none-eabi/lib/libg.a(lib_a-errno.o)
                              obj/syscall.o (__errno)
/home/mustafa/opt/gcc-arm-none-eabi-9-2019-q4-major/bin/../lib/gcc/arm-none-eabi/9.2.1/../../../../arm-none-eabi/lib/libg.a(lib_a-exit.o)
                              obj/syscall.o (exit)
/home/mustafa/opt/gcc-arm-none-eabi-9-2019-q4-major/bin/../lib/gcc/arm-none-eabi/9.2.1/../../../../arm-none-eabi/lib/libg.a(lib_a-gmtime.o)
                              obj/diskio.o (gmtime)
/home/mustafa/opt/gcc-arm-none-eabi-9-2019-q4-major/bin/../lib/gcc/arm-none-eabi/9.2.1/../../../../arm-none-eabi/lib/libg.a(lib_a-gmtime_r.o)
                              /home/mustafa/opt/gcc-arm-none-eabi-9-2019-q4-major/bin/../lib/gcc/arm-none-eabi/9.2.1/../../../../arm-none-eabi/lib/libg.a(lib_a-gmtime.o) (gmtime_r)
/home/mustafa/opt/gcc-arm-none-eabi-9-2019-q4-major/bin/../lib/gcc/arm-none-eabi/9.2.1/../../../../arm-none-eabi/lib/libg.a(lib_a-impure.o)
                              /home/mustafa/opt/gcc-arm-none-eabi-9-2019-q4-major/bin/../lib/gcc/arm-none-eabi/9.2.1/../../../../arm-none-eabi/lib/libg.a(lib_a-exit.o) (_global_impure_ptr)
/home/mustafa/opt/gcc-arm-none-eabi-9-2019-q4-major/bin/../lib/gcc/arm-none-eabi/9.2.1/../../../../arm-none-eabi/lib/libg.a(lib_a-lcltime.o)
                              obj/sp804.o (localtime)
/home/mustafa/opt/gcc-arm-none-eabi-9-2019-q4-major/bin/../lib/gcc/arm-none-eabi/9.2.1/../../../../arm-none-eabi/lib/libg.a(lib_a-lcltime_r.o)
                              /home/mustafa/opt/gcc-arm-none-eabi-9-2019-q4-major/bin/../lib/gcc/arm-none-eabi/9.2.1/../../../../arm-none-eabi/lib/libg.a(lib_a-lcltime.o) (localtime_r)
/home/mustafa/opt/gcc-arm-none-eabi-9-2019-q4-major/bin/../lib/gcc/arm-none-eabi/9.2.1/../../../../arm-none-eabi/lib/libg.a(lib_a-malloc.o)
                              obj/pl181.o (malloc)
/home/mustafa/opt/gcc-arm-none-eabi-9-2019-q4-major/bin/../lib/gcc/arm-none-eabi/9.2.1/../../../../arm-none-eabi/lib/libg.a(lib_a-mallocr.o)
                              /home/mustafa/opt/gcc-arm-none-eabi-9-2019-q4-major/bin/../lib/gcc/arm-none-eabi/9.2.1/../../../../arm-none-eabi/lib/libg.a(lib_a-malloc.o) (_malloc_r)
/home/mustafa/opt/gcc-arm-none-eabi-9-2019-q4-major/bin/../lib/gcc/arm-none-eabi/9.2.1/../../../../arm-none-eabi/lib/libg.a(lib_a-memcmp.o)
                              obj/ff.o (memcmp)
/home/mustafa/opt/gcc-arm-none-eabi-9-2019-q4-major/bin/../lib/gcc/arm-none-eabi/9.2.1/../../../../arm-none-eabi/lib/libg.a(lib_a-memcpy-stub.o)
                              obj/ff.o (memcpy)
/home/mustafa/opt/gcc-arm-none-eabi-9-2019-q4-major/bin/../lib/gcc/arm-none-eabi/9.2.1/../../../../arm-none-eabi/lib/libg.a(lib_a-memset.o)
                              obj/ff.o (memset)
/home/mustafa/opt/gcc-arm-none-eabi-9-2019-q4-major/bin/../lib/gcc/arm-none-eabi/9.2.1/../../../../arm-none-eabi/lib/libg.a(lib_a-mlock.o)
                              /home/mustafa/opt/gcc-arm-none-eabi-9-2019-q4-major/bin/../lib/gcc/arm-none-eabi/9.2.1/../../../../arm-none-eabi/lib/libg.a(lib_a-mallocr.o) (__malloc_lock)
/home/mustafa/opt/gcc-arm-none-eabi-9-2019-q4-major/bin/../lib/gcc/arm-none-eabi/9.2.1/../../../../arm-none-eabi/lib/libg.a(lib_a-month_lengths.o)
                              /home/mustafa/opt/gcc-arm-none-eabi-9-2019-q4-major/bin/../lib/gcc/arm-none-eabi/9.2.1/../../../../arm-none-eabi/lib/libg.a(lib_a-lcltime_r.o) (__month_lengths)
/home/mustafa/opt/gcc-arm-none-eabi-9-2019-q4-major/bin/../lib/gcc/arm-none-eabi/9.2.1/../../../../arm-none-eabi/lib/libg.a(lib_a-printf.o)
                              obj/sp804.o (printf)
/home/mustafa/opt/gcc-arm-none-eabi-9-2019-q4-major/bin/../lib/gcc/arm-none-eabi/9.2.1/../../../../arm-none-eabi/lib/libg.a(lib_a-putchar.o)
                              obj/pl181.o (putchar)
[...]
Memory Configuration

Name             Origin             Length             Attributes
RAM              0x0000000060000000 0x0000000006400000 xrw
*default*        0x0000000000000000 0xffffffffffffffff

Linker script and memory map

LOAD /home/mustafa/opt/gcc-arm-none-eabi-9-2019-q4-major/bin/../lib/gcc/arm-none-eabi/9.2.1/../../../../arm-none-eabi/lib/libc.a
LOAD obj/startup.o
LOAD obj/sp804.o
LOAD obj/ffsystem.o
LOAD obj/syscall.o
LOAD obj/pl050.o
LOAD obj/pl111.o
LOAD obj/gic.o
LOAD obj/ff.o
LOAD obj/ffunicode.o
LOAD obj/interrupt.o
LOAD obj/ugui.o
LOAD obj/pl181.o
LOAD obj/pl031.o
LOAD obj/diskio.o
LOAD obj/kernel.o
LOAD obj/pl011.o
START GROUP
LOAD /home/mustafa/opt/gcc-arm-none-eabi-9-2019-q4-major/bin/../lib/gcc/arm-none-eabi/9.2.1/libgcc.a
LOAD /home/mustafa/opt/gcc-arm-none-eabi-9-2019-q4-major/bin/../lib/gcc/arm-none-eabi/9.2.1/../../../../arm-none-eabi/lib/libg.a
LOAD /home/mustafa/opt/gcc-arm-none-eabi-9-2019-q4-major/bin/../lib/gcc/arm-none-eabi/9.2.1/../../../../arm-none-eabi/lib/libc.a
END GROUP
START GROUP
LOAD /home/mustafa/opt/gcc-arm-none-eabi-9-2019-q4-major/bin/../lib/gcc/arm-none-eabi/9.2.1/libgcc.a
LOAD /home/mustafa/opt/gcc-arm-none-eabi-9-2019-q4-major/bin/../lib/gcc/arm-none-eabi/9.2.1/../../../../arm-none-eabi/lib/libc.a
LOAD /home/mustafa/opt/gcc-arm-none-eabi-9-2019-q4-major/bin/../lib/gcc/arm-none-eabi/9.2.1/../../../../arm-none-eabi/lib/libnosys.a
END GROUP
                0x0000000000010000                heap_size = 0x10000

.text           0x0000000060000000    0x3bd7a
                0x0000000060000000                . = ALIGN (0x4)
 *(.isr_vector)
 .isr_vector    0x0000000060000000       0x20 obj/startup.o
                0x0000000060000000                _Reset
                0x0000000060000020                _start_text = .
 *(.text)
 .text          0x0000000060000020       0x5c obj/startup.o
 .text          0x000000006000007c      0x13c obj/sp804.o
                0x000000006000007c                timer_handler
                0x0000000060000104                timer_init
 .text          0x00000000600001b8        0x0 obj/ffsystem.o
 .text          0x00000000600001b8      0x240 obj/syscall.o
                0x00000000600001b8                _exit
                0x00000000600001cc                _write
                0x0000000060000234                _start
                0x0000000060000248                _fini
                0x000000006000026c                _sbrk
                0x0000000060000330                _close
                0x0000000060000354                _read
                0x0000000060000380                _lseek
                0x00000000600003ac                _fstat
                0x00000000600003d4                _isatty
 .text          0x00000000600003f8       0xb8 obj/pl050.o
                0x00000000600003f8                kb_handler
                0x0000000060000468                kb_init
 .text          0x00000000600004b0      0x174 obj/pl111.o
                0x0000000060000508                pdraw
                0x0000000060000548                clcd_init
 .text          0x0000000060000624      0xb6c obj/gic.o
                0x0000000060000624                GIC_EnableDistributor
                0x0000000060000658                GIC_DisableDistributor
                0x000000006000068c                GIC_DistributorInfo
                0x00000000600006b0                GIC_DistributorImplementer
                0x00000000600006d4                GIC_SetTarget
                0x0000000060000744                GIC_SetICDICFR
                0x00000000600007cc                GIC_GetTarget
                0x0000000060000830                GIC_EnableInterface
                0x0000000060000864                GIC_DisableInterface
                0x0000000060000898                GIC_AcknowledgePending
                0x00000000600008c0                GIC_EndInterrupt
                0x00000000600008f4                GIC_EnableIRQ
                0x0000000060000944                GIC_DisableIRQ
                0x0000000060000994                GIC_SetPendingIRQ
                0x00000000600009e4                GIC_ClearPendingIRQ
                0x0000000060000a34                GIC_SetLevelModel
                0x0000000060000b48                GIC_SetPriority
                0x0000000060000bb0                GIC_GetPriority
                0x0000000060000c10                GIC_InterfacePriorityMask
                0x0000000060000c44                GIC_SetBinaryPoint
                0x0000000060000c78                GIC_GetBinaryPoint
                0x0000000060000ca4                GIC_GetIRQStatus
                0x0000000060000d38                GIC_SendSGI
                0x0000000060000d98                GIC_DistInit
                0x00000000600010e8                GIC_CPUInterfaceInit
                0x0000000060001178                GIC_Enable
 .text          0x0000000060001190     0x5228 obj/ff.o
                0x0000000060003eac                f_mount
                0x0000000060003f8c                f_open
                0x0000000060004498                f_read
                0x00000000600048f0                f_write
                0x0000000060004e0c                f_sync
                0x0000000060004fc0                f_close
                0x0000000060005030                f_lseek
                0x00000000600054a0                f_opendir
                0x00000000600055e4                f_closedir
                0x0000000060005638                f_readdir
                0x0000000060005710                f_stat
                0x00000000600057bc                f_getfree
                0x0000000060005a40                f_truncate
                0x0000000060005c60                f_unlink
                0x0000000060005e30                f_mkdir
                0x00000000600060ac                f_rename
 .text          0x00000000600063b8        0x0 obj/ffunicode.o
 .text          0x00000000600063b8      0x150 obj/interrupt.o
                0x00000000600063b8                install_isr
                0x00000000600063f4                c_svc
                0x0000000060006414                c_fiq
                0x0000000060006438                c_irq
                0x00000000600064c4                enable_irq
                0x00000000600064f0                interrupt_init
 .text          0x0000000060006508     0x82cc obj/ugui.o
                0x0000000060006508                UG_Init
                0x00000000600066e8                UG_SelectGUI
                0x000000006000671c                UG_FontSelect
                0x0000000060006784                UG_FillScreen
                0x00000000600067f8                UG_FillFrame
                0x0000000060006970                UG_FillRoundFrame
                0x0000000060006d88                UG_DrawMesh
                0x0000000060006e9c                UG_DrawFrame
                0x0000000060006f64                UG_DrawRoundFrame
                0x0000000060007218                UG_DrawPixel
                0x0000000060007264                UG_DrawCircle
                0x00000000600075a4                UG_FillCircle
                0x0000000060007894                UG_DrawArc
                0x0000000060007c64                UG_DrawLine
                0x0000000060007fa0                UG_PutString
                0x0000000060008130                UG_PutChar
                0x000000006000849c                UG_ConsolePutString
                0x0000000060008770                UG_ConsoleSetArea
                0x000000006000880c                UG_ConsoleSetForecolor
                0x0000000060008840                UG_ConsoleSetBackcolor
                0x0000000060008874                UG_SetForecolor
                0x00000000600088a8                UG_SetBackcolor
                0x00000000600088dc                UG_GetXDim
                0x0000000060008904                UG_GetYDim
                0x000000006000892c                UG_FontSetHSpace
                0x0000000060008968                UG_FontSetVSpace
                0x00000000600089a4                _UG_PutText
                0x000000006000902c                _UG_GetFreeObject
                0x00000000600090d0                _UG_SearchObject
                0x00000000600091ac                _UG_DeleteObject
                0x0000000060009294                _UG_ProcessTouchData
                0x0000000060009508                _UG_UpdateObjects
                0x0000000060009610                _UG_HandleEvents
                0x0000000060009730                _UG_DrawObjectFrame
                0x0000000060009b50                UG_DriverRegister
                0x0000000060009bd0                UG_DriverEnable
                0x0000000060009c7c                UG_DriverDisable
                0x0000000060009d28                UG_Update
                0x0000000060009ff0                UG_WaitForUpdate
                0x000000006000a054                UG_DrawBMP
                0x000000006000a200                UG_TouchUpdate
                0x000000006000a270                UG_WindowCreate
                0x000000006000a454                UG_WindowDelete
                0x000000006000a530                UG_WindowShow
                0x000000006000a5ac                UG_WindowHide
                0x000000006000a75c                UG_WindowResize
                0x000000006000aa78                UG_WindowAlert
                0x000000006000aaf0                UG_WindowSetForeColor
                0x000000006000ab64                UG_WindowSetBackColor
                0x000000006000abd8                UG_WindowSetTitleTextColor
                0x000000006000ac4c                UG_WindowSetTitleColor
                0x000000006000acc0                UG_WindowSetTitleInactiveTextColor
                0x000000006000ad34                UG_WindowSetTitleInactiveColor
                0x000000006000ada8                UG_WindowSetTitleText
                0x000000006000ae1c                UG_WindowSetTitleTextFont
                0x000000006000aee4                UG_WindowSetTitleTextHSpace
                0x000000006000af5c                UG_WindowSetTitleTextVSpace
                0x000000006000afd4                UG_WindowSetTitleTextAlignment
                0x000000006000b04c                UG_WindowSetTitleHeight
                0x000000006000b0dc                UG_WindowSetXStart
                0x000000006000b17c                UG_WindowSetYStart
                0x000000006000b21c                UG_WindowSetXEnd
                0x000000006000b2bc                UG_WindowSetYEnd
                0x000000006000b35c                UG_WindowSetStyle
                0x000000006000b450                UG_WindowGetForeColor
                0x000000006000b4a8                UG_WindowGetBackColor
                0x000000006000b500                UG_WindowGetTitleTextColor
                0x000000006000b558                UG_WindowGetTitleColor
                0x000000006000b5b0                UG_WindowGetTitleInactiveTextColor
                0x000000006000b608                UG_WindowGetTitleInactiveColor
                0x000000006000b660                UG_WindowGetTitleText
                0x000000006000b6b8                UG_WindowGetTitleTextFont
                0x000000006000b710                UG_WindowGetTitleTextHSpace
                0x000000006000b768                UG_WindowGetTitleTextVSpace
                0x000000006000b7c0                UG_WindowGetTitleTextAlignment
                0x000000006000b818                UG_WindowGetTitleHeight
                0x000000006000b870                UG_WindowGetXStart
                0x000000006000b8c8                UG_WindowGetYStart
                0x000000006000b920                UG_WindowGetXEnd
                0x000000006000b978                UG_WindowGetYEnd
                0x000000006000b9d0                UG_WindowGetStyle
                0x000000006000ba28                UG_WindowGetArea
                0x000000006000bb94                UG_WindowGetInnerWidth
                0x000000006000bc3c                UG_WindowGetOuterWidth
                0x000000006000bcc0                UG_WindowGetInnerHeight
                0x000000006000bd98                UG_WindowGetOuterHeight
                0x000000006000be1c                _UG_WindowDrawTitle
                0x000000006000c068                _UG_WindowUpdate
                0x000000006000c2dc                _UG_WindowClear
                0x000000006000c414                UG_ButtonCreate
                0x000000006000c5c8                UG_ButtonDelete
                0x000000006000c604                UG_ButtonShow
                0x000000006000c690                UG_ButtonHide
                0x000000006000c760                UG_ButtonSetForeColor
                0x000000006000c7f8                UG_ButtonSetBackColor
                0x000000006000c890                UG_ButtonSetAlternateForeColor
                0x000000006000c928                UG_ButtonSetAlternateBackColor
                0x000000006000c9c0                UG_ButtonSetText
                0x000000006000ca58                UG_ButtonSetFont
                0x000000006000caf0                UG_ButtonSetStyle
                0x000000006000cc64                UG_ButtonGetForeColor
                0x000000006000cce0                UG_ButtonGetBackColor
                0x000000006000cd5c                UG_ButtonGetAlternateForeColor
                0x000000006000cdd8                UG_ButtonGetAlternateBackColor
                0x000000006000ce54                UG_ButtonGetText
                0x000000006000ced0                UG_ButtonGetFont
                0x000000006000cf4c                UG_ButtonGetStyle
                0x000000006000cfc8                _UG_ButtonUpdate
                0x000000006000d554                UG_TextboxCreate
                0x000000006000d6f4                UG_TextboxDelete
                0x000000006000d730                UG_TextboxShow
                0x000000006000d7bc                UG_TextboxHide
                0x000000006000d848                UG_TextboxSetForeColor
                0x000000006000d8e0                UG_TextboxSetBackColor
                0x000000006000d978                UG_TextboxSetText
                0x000000006000da10                UG_TextboxSetFont
                0x000000006000daa8                UG_TextboxSetHSpace
                0x000000006000db44                UG_TextboxSetVSpace
                0x000000006000dbe0                UG_TextboxSetAlignment
                0x000000006000dc7c                UG_TextboxGetForeColor
                0x000000006000dcf8                UG_TextboxGetBackColor
                0x000000006000dd74                UG_TextboxGetText
                0x000000006000ddf0                UG_TextboxGetFont
                0x000000006000de6c                UG_TextboxGetHSpace
                0x000000006000dee8                UG_TextboxGetVSpace
                0x000000006000df64                UG_TextboxGetAlignment
                0x000000006000dfe0                _UG_TextboxUpdate
                0x000000006000e264                UG_ImageCreate
                0x000000006000e3b4                UG_ImageDelete
                0x000000006000e3f0                UG_ImageShow
                0x000000006000e47c                UG_ImageHide
                0x000000006000e508                UG_ImageSetBMP
                0x000000006000e5ac                _UG_ImageUpdate
 .text          0x000000006000e7d4      0x820 obj/pl181.o
                0x000000006000e7d4                sd_send_cmd
                0x000000006000e82c                sd_handler
                0x000000006000eadc                sd_init
                0x000000006000ebd8                sd_read
                0x000000006000ecb8                sd_write
                0x000000006000ee94                sd_test_read
 .text          0x000000006000eff4       0x24 obj/pl031.o
                0x000000006000eff4                read_rtc
 .text          0x000000006000f018      0x300 obj/diskio.o
                0x000000006000f018                disk_status
                0x000000006000f040                disk_initialize
                0x000000006000f068                disk_read
                0x000000006000f0b4                disk_write
                0x000000006000f104                disk_ioctl
                0x000000006000f174                get_fattime
 .text          0x000000006000f318      0x28c obj/kernel.o
                0x000000006000f318                main
 .text          0x000000006000f5a4       0x50 obj/pl011.o
                0x000000006000f5a4                uart_putc
 .text          0x000000006000f5f4      0x114 /home/mustafa/opt/gcc-arm-none-eabi-9-2019-q4-major/bin/../lib/gcc/arm-none-eabi/9.2.1/libgcc.a(_udivsi3.o)
                0x000000006000f5f4                __udivsi3
                0x000000006000f5f4                __aeabi_uidiv
                0x000000006000f6e8                __aeabi_uidivmod
 .text          0x000000006000f708        0x4 /home/mustafa/opt/gcc-arm-none-eabi-9-2019-q4-major/bin/../lib/gcc/arm-none-eabi/9.2.1/libgcc.a(_dvmd_tls.o)
                0x000000006000f708                __aeabi_ldiv0
                0x000000006000f708                __aeabi_idiv0
 .text          0x000000006000f70c        0x0 /home/mustafa/opt/gcc-arm-none-eabi-9-2019-q4-major/bin/../lib/gcc/arm-none-eabi/9.2.1/../../../../arm-none-eabi/lib/libg.a(lib_a-asctime.o)
 .text          0x000000006000f70c        0x0 /home/mustafa/opt/gcc-arm-none-eabi-9-2019-q4-major/bin/../lib/gcc/arm-none-eabi/9.2.1/../../../../arm-none-eabi/lib/libg.a(lib_a-asctime_r.o)
 .text          0x000000006000f70c        0x0 /home/mustafa/opt/gcc-arm-none-eabi-9-2019-q4-major/bin/../lib/gcc/arm-none-eabi/9.2.1/../../../../arm-none-eabi/lib/libg.a(lib_a-errno.o)
 .text          0x000000006000f70c        0x0 /home/mustafa/opt/gcc-arm-none-eabi-9-2019-q4-major/bin/../lib/gcc/arm-none-eabi/9.2.1/../../../../arm-none-eabi/lib/libg.a(lib_a-exit.o)
 .text          0x000000006000f70c        0x0 /home/mustafa/opt/gcc-arm-none-eabi-9-2019-q4-major/bin/../lib/gcc/arm-none-eabi/9.2.1/../../../../arm-none-eabi/lib/libg.a(lib_a-gmtime.o)
 .text          0x000000006000f70c        0x0 /home/mustafa/opt/gcc-arm-none-eabi-9-2019-q4-major/bin/../lib/gcc/arm-none-eabi/9.2.1/../../../../arm-none-eabi/lib/libg.a(lib_a-gmtime_r.o)
 .text          0x000000006000f70c        0x0 /home/mustafa/opt/gcc-arm-none-eabi-9-2019-q4-major/bin/../lib/gcc/arm-none-eabi/9.2.1/../../../../arm-none-eabi/lib/libg.a(lib_a-impure.o)
 .text          0x000000006000f70c        0x0 /home/mustafa/opt/gcc-arm-none-eabi-9-2019-q4-major/bin/../lib/gcc/arm-none-eabi/9.2.1/../../../../arm-none-eabi/lib/libg.a(lib_a-lcltime.o)
 .text          0x000000006000f70c        0x0 /home/mustafa/opt/gcc-arm-none-eabi-9-2019-q4-major/bin/../lib/gcc/arm-none-eabi/9.2.1/../../../../arm-none-eabi/lib/libg.a(lib_a-lcltime_r.o)
 .text          0x000000006000f70c        0x0 /home/mustafa/opt/gcc-arm-none-eabi-9-2019-q4-major/bin/../lib/gcc/arm-none-eabi/9.2.1/../../../../arm-none-eabi/lib/libg.a(lib_a-malloc.o)
 .text          0x000000006000f70c        0x0 /home/mustafa/opt/gcc-arm-none-eabi-9-2019-q4-major/bin/../lib/gcc/arm-none-eabi/9.2.1/../../../../arm-none-eabi/lib/libg.a(lib_a-mallocr.o)
 .text          0x000000006000f70c        0x0 /home/mustafa/opt/gcc-arm-none-eabi-9-2019-q4-major/bin/../lib/gcc/arm-none-eabi/9.2.1/../../../../arm-none-eabi/lib/libg.a(lib_a-memcmp.o)
 .text          0x000000006000f70c        0x0 /home/mustafa/opt/gcc-arm-none-eabi-9-2019-q4-major/bin/../lib/gcc/arm-none-eabi/9.2.1/../../../../arm-none-eabi/lib/libg.a(lib_a-memcpy-stub.o)
 .text          0x000000006000f70c        0x0 /home/mustafa/opt/gcc-arm-none-eabi-9-2019-q4-major/bin/../lib/gcc/arm-none-eabi/9.2.1/../../../../arm-none-eabi/lib/libg.a(lib_a-memset.o)
 .text          0x000000006000f70c        0x0 /home/mustafa/opt/gcc-arm-none-eabi-9-2019-q4-major/bin/../lib/gcc/arm-none-eabi/9.2.1/../../../../arm-none-eabi/lib/libg.a(lib_a-mlock.o)
 .text          0x000000006000f70c        0x0 /home/mustafa/opt/gcc-arm-none-eabi-9-2019-q4-major/bin/../lib/gcc/arm-none-eabi/9.2.1/../../../../arm-none-eabi/lib/libg.a(lib_a-month_lengths.o)
 .text          0x000000006000f70c        0x0 /home/mustafa/opt/gcc-arm-none-eabi-9-2019-q4-major/bin/../lib/gcc/arm-none-eabi/9.2.1/../../../../arm-none-eabi/lib/libg.a(lib_a-printf.o)
 .text          0x000000006000f70c        0x0 /home/mustafa/opt/gcc-arm-none-eabi-9-2019-q4-major/bin/../lib/gcc/arm-none-eabi/9.2.1/../../../../arm-none-eabi/lib/libg.a(lib_a-putchar.o)
 .text          0x000000006000f70c        0x0 /home/mustafa/opt/gcc-arm-none-eabi-9-2019-q4-major/bin/../lib/gcc/arm-none-eabi/9.2.1/../../../../arm-none-eabi/lib/libg.a(lib_a-puts.o)
 .text          0x000000006000f70c        0x0 /home/mustafa/opt/gcc-arm-none-eabi-9-2019-q4-major/bin/../lib/gcc/arm-none-eabi/9.2.1/../../../../arm-none-eabi/lib/libg.a(lib_a-sbrkr.o)
 .text          0x000000006000f70c        0x0 /home/mustafa/opt/gcc-arm-none-eabi-9-2019-q4-major/bin/../lib/gcc/arm-none-eabi/9.2.1/../../../../arm-none-eabi/lib/libg.a(lib_a-siprintf.o)
 .text          0x000000006000f70c        0x0 /home/mustafa/opt/gcc-arm-none-eabi-9-2019-q4-major/bin/../lib/gcc/arm-none-eabi/9.2.1/../../../../arm-none-eabi/lib/libg.a(lib_a-strchr.o)
 .text          0x000000006000f70c        0x0 /home/mustafa/opt/gcc-arm-none-eabi-9-2019-q4-major/bin/../lib/gcc/arm-none-eabi/9.2.1/../../../../arm-none-eabi/lib/libg.a(lib_a-strlen-stub.o)
 .text          0x000000006000f70c        0x0 /home/mustafa/opt/gcc-arm-none-eabi-9-2019-q4-major/bin/../lib/gcc/arm-none-eabi/9.2.1/../../../../arm-none-eabi/lib/libg.a(lib_a-svfiprintf.o)
 .text          0x000000006000f70c        0x0 /home/mustafa/opt/gcc-arm-none-eabi-9-2019-q4-major/bin/../lib/gcc/arm-none-eabi/9.2.1/../../../../arm-none-eabi/lib/libg.a(lib_a-tzcalc_limits.o)
 .text          0x000000006000f70c        0x0 /home/mustafa/opt/gcc-arm-none-eabi-9-2019-q4-major/bin/../lib/gcc/arm-none-eabi/9.2.1/../../../../arm-none-eabi/lib/libg.a(lib_a-tzlock.o)
 .text          0x000000006000f70c        0x0 /home/mustafa/opt/gcc-arm-none-eabi-9-2019-q4-major/bin/../lib/gcc/arm-none-eabi/9.2.1/../../../../arm-none-eabi/lib/libg.a(lib_a-tzset.o)
 .text          0x000000006000f70c        0x0 /home/mustafa/opt/gcc-arm-none-eabi-9-2019-q4-major/bin/../lib/gcc/arm-none-eabi/9.2.1/../../../../arm-none-eabi/lib/libg.a(lib_a-tzset_r.o)
 .text          0x000000006000f70c        0x0 /home/mustafa/opt/gcc-arm-none-eabi-9-2019-q4-major/bin/../lib/gcc/arm-none-eabi/9.2.1/../../../../arm-none-eabi/lib/libg.a(lib_a-tzvars.o)
 .text          0x000000006000f70c        0x0 /home/mustafa/opt/gcc-arm-none-eabi-9-2019-q4-major/bin/../lib/gcc/arm-none-eabi/9.2.1/../../../../arm-none-eabi/lib/libg.a(lib_a-vfprintf.o)
 .text          0x000000006000f70c        0x0 /home/mustafa/opt/gcc-arm-none-eabi-9-2019-q4-major/bin/../lib/gcc/arm-none-eabi/9.2.1/../../../../arm-none-eabi/lib/libg.a(lib_a-wsetup.o)
 .text          0x000000006000f70c        0x0 /home/mustafa/opt/gcc-arm-none-eabi-9-2019-q4-major/bin/../lib/gcc/arm-none-eabi/9.2.1/../../../../arm-none-eabi/lib/libg.a(lib_a-__call_atexit.o)
 .text          0x000000006000f70c        0x0 /home/mustafa/opt/gcc-arm-none-eabi-9-2019-q4-major/bin/../lib/gcc/arm-none-eabi/9.2.1/../../../../arm-none-eabi/lib/libg.a(lib_a-atexit.o)
 .text          0x000000006000f70c        0x0 /home/mustafa/opt/gcc-arm-none-eabi-9-2019-q4-major/bin/../lib/gcc/arm-none-eabi/9.2.1/../../../../arm-none-eabi/lib/libg.a(lib_a-dtoa.o)
 .text          0x000000006000f70c        0x0 /home/mustafa/opt/gcc-arm-none-eabi-9-2019-q4-major/bin/../lib/gcc/arm-none-eabi/9.2.1/../../../../arm-none-eabi/lib/libg.a(lib_a-fflush.o)
 .text          0x000000006000f70c        0x0 /home/mustafa/opt/gcc-arm-none-eabi-9-2019-q4-major/bin/../lib/gcc/arm-none-eabi/9.2.1/../../../../arm-none-eabi/lib/libg.a(lib_a-findfp.o)
 .text          0x000000006000f70c        0x0 /home/mustafa/opt/gcc-arm-none-eabi-9-2019-q4-major/bin/../lib/gcc/arm-none-eabi/9.2.1/../../../../arm-none-eabi/lib/libg.a(lib_a-fini.o)
 .text          0x000000006000f70c        0x0 /home/mustafa/opt/gcc-arm-none-eabi-9-2019-q4-major/bin/../lib/gcc/arm-none-eabi/9.2.1/../../../../arm-none-eabi/lib/libg.a(lib_a-freer.o)
 .text          0x000000006000f70c        0x0 /home/mustafa/opt/gcc-arm-none-eabi-9-2019-q4-major/bin/../lib/gcc/arm-none-eabi/9.2.1/../../../../arm-none-eabi/lib/libg.a(lib_a-fvwrite.o)
 .text          0x000000006000f70c        0x0 /home/mustafa/opt/gcc-arm-none-eabi-9-2019-q4-major/bin/../lib/gcc/arm-none-eabi/9.2.1/../../../../arm-none-eabi/lib/libg.a(lib_a-fwalk.o)
 .text          0x000000006000f70c        0x0 /home/mustafa/opt/gcc-arm-none-eabi-9-2019-q4-major/bin/../lib/gcc/arm-none-eabi/9.2.1/../../../../arm-none-eabi/lib/libg.a(lib_a-getenv_r.o)
 .text          0x000000006000f70c        0x0 /home/mustafa/opt/gcc-arm-none-eabi-9-2019-q4-major/bin/../lib/gcc/arm-none-eabi/9.2.1/../../../../arm-none-eabi/lib/libg.a(lib_a-gettzinfo.o)
 .text          0x000000006000f70c        0x0 /home/mustafa/opt/gcc-arm-none-eabi-9-2019-q4-major/bin/../lib/gcc/arm-none-eabi/9.2.1/../../../../arm-none-eabi/lib/libg.a(lib_a-localeconv.o)
 .text          0x000000006000f70c        0x0 /home/mustafa/opt/gcc-arm-none-eabi-9-2019-q4-major/bin/../lib/gcc/arm-none-eabi/9.2.1/../../../../arm-none-eabi/lib/libg.a(lib_a-lock.o)
 .text          0x000000006000f70c        0x0 /home/mustafa/opt/gcc-arm-none-eabi-9-2019-q4-major/bin/../lib/gcc/arm-none-eabi/9.2.1/../../../../arm-none-eabi/lib/libg.a(lib_a-makebuf.o)
 .text          0x000000006000f70c        0x0 /home/mustafa/opt/gcc-arm-none-eabi-9-2019-q4-major/bin/../lib/gcc/arm-none-eabi/9.2.1/../../../../arm-none-eabi/lib/libg.a(lib_a-memchr-stub.o)
 .text          0x000000006000f70c        0x0 /home/mustafa/opt/gcc-arm-none-eabi-9-2019-q4-major/bin/../lib/gcc/arm-none-eabi/9.2.1/../../../../arm-none-eabi/lib/libg.a(lib_a-memmove.o)
 .text          0x000000006000f70c        0x0 /home/mustafa/opt/gcc-arm-none-eabi-9-2019-q4-major/bin/../lib/gcc/arm-none-eabi/9.2.1/../../../../arm-none-eabi/lib/libg.a(lib_a-mprec.o)
 .text          0x000000006000f70c        0x0 /home/mustafa/opt/gcc-arm-none-eabi-9-2019-q4-major/bin/../lib/gcc/arm-none-eabi/9.2.1/../../../../arm-none-eabi/lib/libg.a(lib_a-putc.o)
 .text          0x000000006000f70c        0x0 /home/mustafa/opt/gcc-arm-none-eabi-9-2019-q4-major/bin/../lib/gcc/arm-none-eabi/9.2.1/../../../../arm-none-eabi/lib/libg.a(lib_a-reallocr.o)
 .text          0x000000006000f70c        0x0 /home/mustafa/opt/gcc-arm-none-eabi-9-2019-q4-major/bin/../lib/gcc/arm-none-eabi/9.2.1/../../../../arm-none-eabi/lib/libg.a(lib_a-reent.o)
 .text          0x000000006000f70c        0x0 /home/mustafa/opt/gcc-arm-none-eabi-9-2019-q4-major/bin/../lib/gcc/arm-none-eabi/9.2.1/../../../../arm-none-eabi/lib/libg.a(lib_a-s_frexp.o)
 .text          0x000000006000f70c        0x0 /home/mustafa/opt/gcc-arm-none-eabi-9-2019-q4-major/bin/../lib/gcc/arm-none-eabi/9.2.1/../../../../arm-none-eabi/lib/libg.a(lib_a-siscanf.o)
 .text          0x000000006000f70c        0x0 /home/mustafa/opt/gcc-arm-none-eabi-9-2019-q4-major/bin/../lib/gcc/arm-none-eabi/9.2.1/../../../../arm-none-eabi/lib/libg.a(lib_a-stdio.o)
 .text          0x000000006000f70c      0x224 /home/mustafa/opt/gcc-arm-none-eabi-9-2019-q4-major/bin/../lib/gcc/arm-none-eabi/9.2.1/../../../../arm-none-eabi/lib/libg.a(lib_a-strcmp.o)
                0x000000006000f70c                strcmp
 .text          0x000000006000f930        0x0 /home/mustafa/opt/gcc-arm-none-eabi-9-2019-q4-major/bin/../lib/gcc/arm-none-eabi/9.2.1/../../../../arm-none-eabi/lib/libg.a(lib_a-strcpy.o)
 .text          0x000000006000f930        0x0 /home/mustafa/opt/gcc-arm-none-eabi-9-2019-q4-major/bin/../lib/gcc/arm-none-eabi/9.2.1/../../../../arm-none-eabi/lib/libg.a(lib_a-strncmp.o)
 .text          0x000000006000f930        0x0 /home/mustafa/opt/gcc-arm-none-eabi-9-2019-q4-major/bin/../lib/gcc/arm-none-eabi/9.2.1/../../../../arm-none-eabi/lib/libg.a(lib_a-strncpy.o)
 .text          0x000000006000f930        0x0 /home/mustafa/opt/gcc-arm-none-eabi-9-2019-q4-major/bin/../lib/gcc/arm-none-eabi/9.2.1/../../../../arm-none-eabi/lib/libg.a(lib_a-strtoul.o)
 .text          0x000000006000f930        0x0 /home/mustafa/opt/gcc-arm-none-eabi-9-2019-q4-major/bin/../lib/gcc/arm-none-eabi/9.2.1/../../../../arm-none-eabi/lib/libg.a(lib_a-svfiscanf.o)
 .text          0x000000006000f930        0x0 /home/mustafa/opt/gcc-arm-none-eabi-9-2019-q4-major/bin/../lib/gcc/arm-none-eabi/9.2.1/../../../../arm-none-eabi/lib/libg.a(lib_a-ungetc.o)
 .text          0x000000006000f930        0x0 /home/mustafa/opt/gcc-arm-none-eabi-9-2019-q4-major/bin/../lib/gcc/arm-none-eabi/9.2.1/../../../../arm-none-eabi/lib/libg.a(lib_a-vfiprintf.o)
 .text          0x000000006000f930        0x0 /home/mustafa/opt/gcc-arm-none-eabi-9-2019-q4-major/bin/../lib/gcc/arm-none-eabi/9.2.1/../../../../arm-none-eabi/lib/libg.a(lib_a-wbuf.o)
 .text          0x000000006000f930        0x0 /home/mustafa/opt/gcc-arm-none-eabi-9-2019-q4-major/bin/../lib/gcc/arm-none-eabi/9.2.1/../../../../arm-none-eabi/lib/libg.a(lib_a-writer.o)
 .text          0x000000006000f930        0x0 /home/mustafa/opt/gcc-arm-none-eabi-9-2019-q4-major/bin/../lib/gcc/arm-none-eabi/9.2.1/../../../../arm-none-eabi/lib/libg.a(lib_a-__atexit.o)
 .text          0x000000006000f930        0x0 /home/mustafa/opt/gcc-arm-none-eabi-9-2019-q4-major/bin/../lib/gcc/arm-none-eabi/9.2.1/../../../../arm-none-eabi/lib/libg.a(lib_a-callocr.o)
 .text          0x000000006000f930        0x0 /home/mustafa/opt/gcc-arm-none-eabi-9-2019-q4-major/bin/../lib/gcc/arm-none-eabi/9.2.1/../../../../arm-none-eabi/lib/libg.a(lib_a-closer.o)
 .text          0x000000006000f930        0x0 /home/mustafa/opt/gcc-arm-none-eabi-9-2019-q4-major/bin/../lib/gcc/arm-none-eabi/9.2.1/../../../../arm-none-eabi/lib/libg.a(lib_a-ctype_.o)
 .text          0x000000006000f930        0x0 /home/mustafa/opt/gcc-arm-none-eabi-9-2019-q4-major/bin/../lib/gcc/arm-none-eabi/9.2.1/../../../../arm-none-eabi/lib/libg.a(lib_a-environ.o)
 .text          0x000000006000f930        0x0 /home/mustafa/opt/gcc-arm-none-eabi-9-2019-q4-major/bin/../lib/gcc/arm-none-eabi/9.2.1/../../../../arm-none-eabi/lib/libg.a(lib_a-envlock.o)
 .text          0x000000006000f930        0x0 /home/mustafa/opt/gcc-arm-none-eabi-9-2019-q4-major/bin/../lib/gcc/arm-none-eabi/9.2.1/../../../../arm-none-eabi/lib/libg.a(lib_a-fclose.o)
 .text          0x000000006000f930        0x0 /home/mustafa/opt/gcc-arm-none-eabi-9-2019-q4-major/bin/../lib/gcc/arm-none-eabi/9.2.1/../../../../arm-none-eabi/lib/libg.a(lib_a-fputwc.o)
 .text          0x000000006000f930        0x0 /home/mustafa/opt/gcc-arm-none-eabi-9-2019-q4-major/bin/../lib/gcc/arm-none-eabi/9.2.1/../../../../arm-none-eabi/lib/libg.a(lib_a-fstatr.o)
 .text          0x000000006000f930        0x0 /home/mustafa/opt/gcc-arm-none-eabi-9-2019-q4-major/bin/../lib/gcc/arm-none-eabi/9.2.1/../../../../arm-none-eabi/lib/libg.a(lib_a-isattyr.o)
 .text          0x000000006000f930        0x0 /home/mustafa/opt/gcc-arm-none-eabi-9-2019-q4-major/bin/../lib/gcc/arm-none-eabi/9.2.1/../../../../arm-none-eabi/lib/libg.a(lib_a-iswspace.o)
 .text          0x000000006000f930        0x0 /home/mustafa/opt/gcc-arm-none-eabi-9-2019-q4-major/bin/../lib/gcc/arm-none-eabi/9.2.1/../../../../arm-none-eabi/lib/libg.a(lib_a-iswspace_l.o)
 .text          0x000000006000f930        0x0 /home/mustafa/opt/gcc-arm-none-eabi-9-2019-q4-major/bin/../lib/gcc/arm-none-eabi/9.2.1/../../../../arm-none-eabi/lib/libg.a(lib_a-locale.o)
 .text          0x000000006000f930        0x0 /home/mustafa/opt/gcc-arm-none-eabi-9-2019-q4-major/bin/../lib/gcc/arm-none-eabi/9.2.1/../../../../arm-none-eabi/lib/libg.a(lib_a-lseekr.o)
 .text          0x000000006000f930        0x0 /home/mustafa/opt/gcc-arm-none-eabi-9-2019-q4-major/bin/../lib/gcc/arm-none-eabi/9.2.1/../../../../arm-none-eabi/lib/libg.a(lib_a-mbrtowc.o)
 .text          0x000000006000f930        0x0 /home/mustafa/opt/gcc-arm-none-eabi-9-2019-q4-major/bin/../lib/gcc/arm-none-eabi/9.2.1/../../../../arm-none-eabi/lib/libg.a(lib_a-mbtowc_r.o)
 .text          0x000000006000f930        0x0 /home/mustafa/opt/gcc-arm-none-eabi-9-2019-q4-major/bin/../lib/gcc/arm-none-eabi/9.2.1/../../../../arm-none-eabi/lib/libg.a(lib_a-readr.o)
 .text          0x000000006000f930        0x0 /home/mustafa/opt/gcc-arm-none-eabi-9-2019-q4-major/bin/../lib/gcc/arm-none-eabi/9.2.1/../../../../arm-none-eabi/lib/libg.a(lib_a-realloc.o)
 .text          0x000000006000f930        0x0 /home/mustafa/opt/gcc-arm-none-eabi-9-2019-q4-major/bin/../lib/gcc/arm-none-eabi/9.2.1/../../../../arm-none-eabi/lib/libg.a(lib_a-sccl.o)
 .text          0x000000006000f930        0x0 /home/mustafa/opt/gcc-arm-none-eabi-9-2019-q4-major/bin/../lib/gcc/arm-none-eabi/9.2.1/../../../../arm-none-eabi/lib/libg.a(lib_a-strtol.o)
 .text          0x000000006000f930        0x0 /home/mustafa/opt/gcc-arm-none-eabi-9-2019-q4-major/bin/../lib/gcc/arm-none-eabi/9.2.1/../../../../arm-none-eabi/lib/libg.a(lib_a-strtoll.o)
 .text          0x000000006000f930        0x0 /home/mustafa/opt/gcc-arm-none-eabi-9-2019-q4-major/bin/../lib/gcc/arm-none-eabi/9.2.1/../../../../arm-none-eabi/lib/libg.a(lib_a-strtoull.o)
 .text          0x000000006000f930        0x0 /home/mustafa/opt/gcc-arm-none-eabi-9-2019-q4-major/bin/../lib/gcc/arm-none-eabi/9.2.1/../../../../arm-none-eabi/lib/libg.a(lib_a-wcrtomb.o)
 .text          0x000000006000f930        0x0 /home/mustafa/opt/gcc-arm-none-eabi-9-2019-q4-major/bin/../lib/gcc/arm-none-eabi/9.2.1/../../../../arm-none-eabi/lib/libg.a(lib_a-wctomb_r.o)
 .text          0x000000006000f930      0x290 /home/mustafa/opt/gcc-arm-none-eabi-9-2019-q4-major/bin/../lib/gcc/arm-none-eabi/9.2.1/libgcc.a(_arm_muldf3.o)
 .text          0x000000006000fbc0      0x148 /home/mustafa/opt/gcc-arm-none-eabi-9-2019-q4-major/bin/../lib/gcc/arm-none-eabi/9.2.1/libgcc.a(_divsi3.o)
                0x000000006000fbc0                __aeabi_idiv
                0x000000006000fbc0                __divsi3
                0x000000006000fce8                __aeabi_idivmod
 .text          0x000000006000fd08      0x424 /home/mustafa/opt/gcc-arm-none-eabi-9-2019-q4-major/bin/../lib/gcc/arm-none-eabi/9.2.1/libgcc.a(_arm_addsubdf3.o)
                0x000000006000fd08                __aeabi_drsub
                0x000000006000fd10                __aeabi_dsub
                0x000000006000fd10                __subdf3
                0x000000006000fd14                __adddf3
                0x000000006000fd14                __aeabi_dadd
                0x0000000060010024                __aeabi_ui2d
                0x0000000060010024                __floatunsidf
                0x0000000060010048                __floatsidf
                0x0000000060010048                __aeabi_i2d
                0x0000000060010070                __extendsfdf2
                0x0000000060010070                __aeabi_f2d
                0x00000000600100b8                __aeabi_ul2d
                0x00000000600100b8                __floatundidf
                0x00000000600100cc                __floatdidf
                0x00000000600100cc                __aeabi_l2d
 .text          0x000000006001012c      0x49c /home/mustafa/opt/gcc-arm-none-eabi-9-2019-q4-major/bin/../lib/gcc/arm-none-eabi/9.2.1/libgcc.a(_arm_muldivdf3.o)
                0x000000006001012c                __aeabi_dmul
                0x000000006001012c                __muldf3
                0x00000000600103bc                __aeabi_ddiv
                0x00000000600103bc                __divdf3
 .text          0x00000000600105c8      0x144 /home/mustafa/opt/gcc-arm-none-eabi-9-2019-q4-major/bin/../lib/gcc/arm-none-eabi/9.2.1/libgcc.a(_arm_cmpdf2.o)
                0x00000000600105c8                __gtdf2
                0x00000000600105c8                __gedf2
                0x00000000600105d0                __ltdf2
                0x00000000600105d0                __ledf2
                0x00000000600105d8                __cmpdf2
                0x00000000600105d8                __eqdf2
                0x00000000600105d8                __nedf2
                0x0000000060010660                __aeabi_cdrcmple
                0x000000006001067c                __aeabi_cdcmple
                0x000000006001067c                __aeabi_cdcmpeq
                0x0000000060010694                __aeabi_dcmpeq
                0x00000000600106ac                __aeabi_dcmplt
                0x00000000600106c4                __aeabi_dcmple
                0x00000000600106dc                __aeabi_dcmpge
                0x00000000600106f4                __aeabi_dcmpgt
 .text          0x000000006001070c       0x38 /home/mustafa/opt/gcc-arm-none-eabi-9-2019-q4-major/bin/../lib/gcc/arm-none-eabi/9.2.1/libgcc.a(_arm_unorddf2.o)
                0x000000006001070c                __aeabi_dcmpun
                0x000000006001070c                __unorddf2
 .text          0x0000000060010744       0x5c /home/mustafa/opt/gcc-arm-none-eabi-9-2019-q4-major/bin/../lib/gcc/arm-none-eabi/9.2.1/libgcc.a(_arm_fixdfsi.o)
                0x0000000060010744                __fixdfsi
                0x0000000060010744                __aeabi_d2iz
 .text          0x00000000600107a0       0xd4 /home/mustafa/opt/gcc-arm-none-eabi-9-2019-q4-major/bin/../lib/gcc/arm-none-eabi/9.2.1/libgcc.a(_aeabi_ldivmod.o)
                0x00000000600107a0                __aeabi_ldivmod
 .text          0x0000000060010874       0x3c /home/mustafa/opt/gcc-arm-none-eabi-9-2019-q4-major/bin/../lib/gcc/arm-none-eabi/9.2.1/libgcc.a(_aeabi_uldivmod.o)
                0x0000000060010874                __aeabi_uldivmod
 .text          0x00000000600108b0      0x130 /home/mustafa/opt/gcc-arm-none-eabi-9-2019-q4-major/bin/../lib/gcc/arm-none-eabi/9.2.1/libgcc.a(_udivmoddi4.o)
                0x00000000600108b0                __udivmoddi4
 .text          0x00000000600109e0       0x28 /home/mustafa/opt/gcc-arm-none-eabi-9-2019-q4-major/bin/../lib/gcc/arm-none-eabi/9.2.1/libgcc.a(_clzdi2.o)
                0x00000000600109e0                __clzdi2
 .text          0x0000000060010a08       0x48 /home/mustafa/opt/gcc-arm-none-eabi-9-2019-q4-major/bin/../lib/gcc/arm-none-eabi/9.2.1/libgcc.a(_clzsi2.o)
                0x0000000060010a08                __clzsi2
 *(.text*)
 .text.asctime  0x0000000060010a50       0x20 /home/mustafa/opt/gcc-arm-none-eabi-9-2019-q4-major/bin/../lib/gcc/arm-none-eabi/9.2.1/../../../../arm-none-eabi/lib/libg.a(lib_a-asctime.o)
                0x0000000060010a50                asctime
 .text.asctime_r
                0x0000000060010a70       0x7c /home/mustafa/opt/gcc-arm-none-eabi-9-2019-q4-major/bin/../lib/gcc/arm-none-eabi/9.2.1/../../../../arm-none-eabi/lib/libg.a(lib_a-asctime_r.o)
                0x0000000060010a70                asctime_r
 .text.__errno  0x0000000060010aec       0x10 /home/mustafa/opt/gcc-arm-none-eabi-9-2019-q4-major/bin/../lib/gcc/arm-none-eabi/9.2.1/../../../../arm-none-eabi/lib/libg.a(lib_a-errno.o)
                0x0000000060010aec                __errno
 .text.exit     0x0000000060010afc       0x34 /home/mustafa/opt/gcc-arm-none-eabi-9-2019-q4-major/bin/../lib/gcc/arm-none-eabi/9.2.1/../../../../arm-none-eabi/lib/libg.a(lib_a-exit.o)
                0x0000000060010afc                exit
 .text.gmtime   0x0000000060010b30       0x20 /home/mustafa/opt/gcc-arm-none-eabi-9-2019-q4-major/bin/../lib/gcc/arm-none-eabi/9.2.1/../../../../arm-none-eabi/lib/libg.a(lib_a-gmtime.o)
                0x0000000060010b30                gmtime
 .text.gmtime_r
                0x0000000060010b50      0x27c /home/mustafa/opt/gcc-arm-none-eabi-9-2019-q4-major/bin/../lib/gcc/arm-none-eabi/9.2.1/../../../../arm-none-eabi/lib/libg.a(lib_a-gmtime_r.o)
                0x0000000060010b50                gmtime_r
 .text.localtime
                0x0000000060010dcc       0x20 /home/mustafa/opt/gcc-arm-none-eabi-9-2019-q4-major/bin/../lib/gcc/arm-none-eabi/9.2.1/../../../../arm-none-eabi/lib/libg.a(lib_a-lcltime.o)
                0x0000000060010dcc                localtime
 .text.localtime_r
                0x0000000060010dec      0x398 /home/mustafa/opt/gcc-arm-none-eabi-9-2019-q4-major/bin/../lib/gcc/arm-none-eabi/9.2.1/../../../../arm-none-eabi/lib/libg.a(lib_a-lcltime_r.o)
                0x0000000060010dec                localtime_r
 .text.malloc   0x0000000060011184       0x20 /home/mustafa/opt/gcc-arm-none-eabi-9-2019-q4-major/bin/../lib/gcc/arm-none-eabi/9.2.1/../../../../arm-none-eabi/lib/libg.a(lib_a-malloc.o)
                0x0000000060011184                malloc
 .text.free     0x00000000600111a4       0x20 /home/mustafa/opt/gcc-arm-none-eabi-9-2019-q4-major/bin/../lib/gcc/arm-none-eabi/9.2.1/../../../../arm-none-eabi/lib/libg.a(lib_a-malloc.o)
                0x00000000600111a4                free
 .text._malloc_r
                0x00000000600111c4      0x7d4 /home/mustafa/opt/gcc-arm-none-eabi-9-2019-q4-major/bin/../lib/gcc/arm-none-eabi/9.2.1/../../../../arm-none-eabi/lib/libg.a(lib_a-mallocr.o)
                0x00000000600111c4                _malloc_r
 .text.memcmp   0x0000000060011998       0xa4 /home/mustafa/opt/gcc-arm-none-eabi-9-2019-q4-major/bin/../lib/gcc/arm-none-eabi/9.2.1/../../../../arm-none-eabi/lib/libg.a(lib_a-memcmp.o)
                0x0000000060011998                memcmp
 .text.memcpy   0x0000000060011a3c      0x124 /home/mustafa/opt/gcc-arm-none-eabi-9-2019-q4-major/bin/../lib/gcc/arm-none-eabi/9.2.1/../../../../arm-none-eabi/lib/libg.a(lib_a-memcpy-stub.o)
                0x0000000060011a3c                memcpy
 .text.memset   0x0000000060011b60      0x11c /home/mustafa/opt/gcc-arm-none-eabi-9-2019-q4-major/bin/../lib/gcc/arm-none-eabi/9.2.1/../../../../arm-none-eabi/lib/libg.a(lib_a-memset.o)
                0x0000000060011b60                memset
 .text.__malloc_lock
                0x0000000060011c7c       0x18 /home/mustafa/opt/gcc-arm-none-eabi-9-2019-q4-major/bin/../lib/gcc/arm-none-eabi/9.2.1/../../../../arm-none-eabi/lib/libg.a(lib_a-mlock.o)
                0x0000000060011c7c                __malloc_lock
 .text.__malloc_unlock
                0x0000000060011c94       0x18 /home/mustafa/opt/gcc-arm-none-eabi-9-2019-q4-major/bin/../lib/gcc/arm-none-eabi/9.2.1/../../../../arm-none-eabi/lib/libg.a(lib_a-mlock.o)
                0x0000000060011c94                __malloc_unlock
 .text._printf_r
                0x0000000060011cac       0x30 /home/mustafa/opt/gcc-arm-none-eabi-9-2019-q4-major/bin/../lib/gcc/arm-none-eabi/9.2.1/../../../../arm-none-eabi/lib/libg.a(lib_a-printf.o)
                0x0000000060011cac                _printf_r
 .text.printf   0x0000000060011cdc       0x3c /home/mustafa/opt/gcc-arm-none-eabi-9-2019-q4-major/bin/../lib/gcc/arm-none-eabi/9.2.1/../../../../arm-none-eabi/lib/libg.a(lib_a-printf.o)
                0x0000000060011cdc                printf
 .text._putchar_r
                0x0000000060011d18       0x14 /home/mustafa/opt/gcc-arm-none-eabi-9-2019-q4-major/bin/../lib/gcc/arm-none-eabi/9.2.1/../../../../arm-none-eabi/lib/libg.a(lib_a-putchar.o)
                0x0000000060011d18                _putchar_r
 .text.putchar  0x0000000060011d2c       0x24 /home/mustafa/opt/gcc-arm-none-eabi-9-2019-q4-major/bin/../lib/gcc/arm-none-eabi/9.2.1/../../../../arm-none-eabi/lib/libg.a(lib_a-putchar.o)
                0x0000000060011d2c                putchar
 .text._puts_r  0x0000000060011d50      0x114 /home/mustafa/opt/gcc-arm-none-eabi-9-2019-q4-major/bin/../lib/gcc/arm-none-eabi/9.2.1/../../../../arm-none-eabi/lib/libg.a(lib_a-puts.o)
                0x0000000060011d50                _puts_r
 .text.puts     0x0000000060011e64       0x14 /home/mustafa/opt/gcc-arm-none-eabi-9-2019-q4-major/bin/../lib/gcc/arm-none-eabi/9.2.1/../../../../arm-none-eabi/lib/libg.a(lib_a-puts.o)
                0x0000000060011e64                puts
 .text._sbrk_r  0x0000000060011e78       0x44 /home/mustafa/opt/gcc-arm-none-eabi-9-2019-q4-major/bin/../lib/gcc/arm-none-eabi/9.2.1/../../../../arm-none-eabi/lib/libg.a(lib_a-sbrkr.o)
                0x0000000060011e78                _sbrk_r
 .text._siprintf_r
                0x0000000060011ebc       0x5c /home/mustafa/opt/gcc-arm-none-eabi-9-2019-q4-major/bin/../lib/gcc/arm-none-eabi/9.2.1/../../../../arm-none-eabi/lib/libg.a(lib_a-siprintf.o)
                0x0000000060011ebc                _siprintf_r
 .text.siprintf
                0x0000000060011f18       0x6c /home/mustafa/opt/gcc-arm-none-eabi-9-2019-q4-major/bin/../lib/gcc/arm-none-eabi/9.2.1/../../../../arm-none-eabi/lib/libg.a(lib_a-siprintf.o)
                0x0000000060011f18                siprintf
 .text.strchr   0x0000000060011f84      0x150 /home/mustafa/opt/gcc-arm-none-eabi-9-2019-q4-major/bin/../lib/gcc/arm-none-eabi/9.2.1/../../../../arm-none-eabi/lib/libg.a(lib_a-strchr.o)
                0x0000000060011f84                strchr
 .text.strlen   0x00000000600120d4       0x60 /home/mustafa/opt/gcc-arm-none-eabi-9-2019-q4-major/bin/../lib/gcc/arm-none-eabi/9.2.1/../../../../arm-none-eabi/lib/libg.a(lib_a-strlen-stub.o)
                0x00000000600120d4                strlen
 .text.__ssprint_r
                0x0000000060012134      0x1a4 /home/mustafa/opt/gcc-arm-none-eabi-9-2019-q4-major/bin/../lib/gcc/arm-none-eabi/9.2.1/../../../../arm-none-eabi/lib/libg.a(lib_a-svfiprintf.o)
                0x0000000060012134                __ssprint_r
 .text._svfiprintf_r
                0x00000000600122d8     0x1114 /home/mustafa/opt/gcc-arm-none-eabi-9-2019-q4-major/bin/../lib/gcc/arm-none-eabi/9.2.1/../../../../arm-none-eabi/lib/libg.a(lib_a-svfiprintf.o)
                0x00000000600122d8                _svfiprintf_r
 .text.__tzcalc_limits
                0x00000000600133ec      0x22c /home/mustafa/opt/gcc-arm-none-eabi-9-2019-q4-major/bin/../lib/gcc/arm-none-eabi/9.2.1/../../../../arm-none-eabi/lib/libg.a(lib_a-tzcalc_limits.o)
                0x00000000600133ec                __tzcalc_limits
 .text.__tz_lock
                0x0000000060013618       0x18 /home/mustafa/opt/gcc-arm-none-eabi-9-2019-q4-major/bin/../lib/gcc/arm-none-eabi/9.2.1/../../../../arm-none-eabi/lib/libg.a(lib_a-tzlock.o)
                0x0000000060013618                __tz_lock
 .text.__tz_unlock
                0x0000000060013630       0x18 /home/mustafa/opt/gcc-arm-none-eabi-9-2019-q4-major/bin/../lib/gcc/arm-none-eabi/9.2.1/../../../../arm-none-eabi/lib/libg.a(lib_a-tzlock.o)
                0x0000000060013630                __tz_unlock
 .text._tzset_unlocked
                0x0000000060013648       0x1c /home/mustafa/opt/gcc-arm-none-eabi-9-2019-q4-major/bin/../lib/gcc/arm-none-eabi/9.2.1/../../../../arm-none-eabi/lib/libg.a(lib_a-tzset.o)
                0x0000000060013648                _tzset_unlocked
 .text.tzset    0x0000000060013664       0x24 /home/mustafa/opt/gcc-arm-none-eabi-9-2019-q4-major/bin/../lib/gcc/arm-none-eabi/9.2.1/../../../../arm-none-eabi/lib/libg.a(lib_a-tzset.o)
                0x0000000060013664                tzset
 .text._tzset_unlocked_r
                0x0000000060013688      0x47c /home/mustafa/opt/gcc-arm-none-eabi-9-2019-q4-major/bin/../lib/gcc/arm-none-eabi/9.2.1/../../../../arm-none-eabi/lib/libg.a(lib_a-tzset_r.o)
                0x0000000060013688                _tzset_unlocked_r
 .text._tzset_r
                0x0000000060013b04       0x20 /home/mustafa/opt/gcc-arm-none-eabi-9-2019-q4-major/bin/../lib/gcc/arm-none-eabi/9.2.1/../../../../arm-none-eabi/lib/libg.a(lib_a-tzset_r.o)
                0x0000000060013b04                _tzset_r
 .text._vfprintf_r
                0x0000000060013b24     0x2918 /home/mustafa/opt/gcc-arm-none-eabi-9-2019-q4-major/bin/../lib/gcc/arm-none-eabi/9.2.1/../../../../arm-none-eabi/lib/libg.a(lib_a-vfprintf.o)
                0x0000000060013b24                _vfprintf_r
 .text.vfprintf
                0x000000006001643c       0x28 /home/mustafa/opt/gcc-arm-none-eabi-9-2019-q4-major/bin/../lib/gcc/arm-none-eabi/9.2.1/../../../../arm-none-eabi/lib/libg.a(lib_a-vfprintf.o)
                0x000000006001643c                vfprintf
 .text.__sbprintf
                0x0000000060016464       0xd4 /home/mustafa/opt/gcc-arm-none-eabi-9-2019-q4-major/bin/../lib/gcc/arm-none-eabi/9.2.1/../../../../arm-none-eabi/lib/libg.a(lib_a-vfprintf.o)
 .text.__swsetup_r
                0x0000000060016538      0x170 /home/mustafa/opt/gcc-arm-none-eabi-9-2019-q4-major/bin/../lib/gcc/arm-none-eabi/9.2.1/../../../../arm-none-eabi/lib/libg.a(lib_a-wsetup.o)
                0x0000000060016538                __swsetup_r
 .text.startup.register_fini
                0x00000000600166a8       0x28 /home/mustafa/opt/gcc-arm-none-eabi-9-2019-q4-major/bin/../lib/gcc/arm-none-eabi/9.2.1/../../../../arm-none-eabi/lib/libg.a(lib_a-__call_atexit.o)
 .text.__call_exitprocs
                0x00000000600166d0      0x138 /home/mustafa/opt/gcc-arm-none-eabi-9-2019-q4-major/bin/../lib/gcc/arm-none-eabi/9.2.1/../../../../arm-none-eabi/lib/libg.a(lib_a-__call_atexit.o)
                0x00000000600166d0                __call_exitprocs
 .text.atexit   0x0000000060016808       0x20 /home/mustafa/opt/gcc-arm-none-eabi-9-2019-q4-major/bin/../lib/gcc/arm-none-eabi/9.2.1/../../../../arm-none-eabi/lib/libg.a(lib_a-atexit.o)
                0x0000000060016808                atexit
 .text.quorem   0x0000000060016828      0x1c0 /home/mustafa/opt/gcc-arm-none-eabi-9-2019-q4-major/bin/../lib/gcc/arm-none-eabi/9.2.1/../../../../arm-none-eabi/lib/libg.a(lib_a-dtoa.o)
 .text._dtoa_r  0x00000000600169e8     0x16d4 /home/mustafa/opt/gcc-arm-none-eabi-9-2019-q4-major/bin/../lib/gcc/arm-none-eabi/9.2.1/../../../../arm-none-eabi/lib/libg.a(lib_a-dtoa.o)
                0x00000000600169e8                _dtoa_r
 .text.__sflush_r
                0x00000000600180bc      0x248 /home/mustafa/opt/gcc-arm-none-eabi-9-2019-q4-major/bin/../lib/gcc/arm-none-eabi/9.2.1/../../../../arm-none-eabi/lib/libg.a(lib_a-fflush.o)
                0x00000000600180bc                __sflush_r
 .text._fflush_r
                0x0000000060018304       0x9c /home/mustafa/opt/gcc-arm-none-eabi-9-2019-q4-major/bin/../lib/gcc/arm-none-eabi/9.2.1/../../../../arm-none-eabi/lib/libg.a(lib_a-fflush.o)
                0x0000000060018304                _fflush_r
 .text.fflush   0x00000000600183a0       0x38 /home/mustafa/opt/gcc-arm-none-eabi-9-2019-q4-major/bin/../lib/gcc/arm-none-eabi/9.2.1/../../../../arm-none-eabi/lib/libg.a(lib_a-fflush.o)
                0x00000000600183a0                fflush
 .text.std      0x00000000600183d8       0x84 /home/mustafa/opt/gcc-arm-none-eabi-9-2019-q4-major/bin/../lib/gcc/arm-none-eabi/9.2.1/../../../../arm-none-eabi/lib/libg.a(lib_a-findfp.o)
 .text._cleanup_r
                0x000000006001845c       0x18 /home/mustafa/opt/gcc-arm-none-eabi-9-2019-q4-major/bin/../lib/gcc/arm-none-eabi/9.2.1/../../../../arm-none-eabi/lib/libg.a(lib_a-findfp.o)
                0x000000006001845c                _cleanup_r
 .text.__fp_lock
                0x0000000060018474       0x38 /home/mustafa/opt/gcc-arm-none-eabi-9-2019-q4-major/bin/../lib/gcc/arm-none-eabi/9.2.1/../../../../arm-none-eabi/lib/libg.a(lib_a-findfp.o)
 .text.__fp_unlock
                0x00000000600184ac       0x38 /home/mustafa/opt/gcc-arm-none-eabi-9-2019-q4-major/bin/../lib/gcc/arm-none-eabi/9.2.1/../../../../arm-none-eabi/lib/libg.a(lib_a-findfp.o)
 .text.__sfmoreglue
                0x00000000600184e4       0x50 /home/mustafa/opt/gcc-arm-none-eabi-9-2019-q4-major/bin/../lib/gcc/arm-none-eabi/9.2.1/../../../../arm-none-eabi/lib/libg.a(lib_a-findfp.o)
                0x00000000600184e4                __sfmoreglue
 .text._cleanup
                0x0000000060018534       0x24 /home/mustafa/opt/gcc-arm-none-eabi-9-2019-q4-major/bin/../lib/gcc/arm-none-eabi/9.2.1/../../../../arm-none-eabi/lib/libg.a(lib_a-findfp.o)
                0x0000000060018534                _cleanup
 .text.__sinit  0x0000000060018558       0x94 /home/mustafa/opt/gcc-arm-none-eabi-9-2019-q4-major/bin/../lib/gcc/arm-none-eabi/9.2.1/../../../../arm-none-eabi/lib/libg.a(lib_a-findfp.o)
                0x0000000060018558                __sinit
 .text.__sfp    0x00000000600185ec      0x114 /home/mustafa/opt/gcc-arm-none-eabi-9-2019-q4-major/bin/../lib/gcc/arm-none-eabi/9.2.1/../../../../arm-none-eabi/lib/libg.a(lib_a-findfp.o)
                0x00000000600185ec                __sfp
 .text.__sfp_lock_acquire
                0x0000000060018700       0x18 /home/mustafa/opt/gcc-arm-none-eabi-9-2019-q4-major/bin/../lib/gcc/arm-none-eabi/9.2.1/../../../../arm-none-eabi/lib/libg.a(lib_a-findfp.o)
                0x0000000060018700                __sfp_lock_acquire
 .text.__sfp_lock_release
                0x0000000060018718       0x18 /home/mustafa/opt/gcc-arm-none-eabi-9-2019-q4-major/bin/../lib/gcc/arm-none-eabi/9.2.1/../../../../arm-none-eabi/lib/libg.a(lib_a-findfp.o)
                0x0000000060018718                __sfp_lock_release
 .text.__sinit_lock_acquire
                0x0000000060018730       0x18 /home/mustafa/opt/gcc-arm-none-eabi-9-2019-q4-major/bin/../lib/gcc/arm-none-eabi/9.2.1/../../../../arm-none-eabi/lib/libg.a(lib_a-findfp.o)
                0x0000000060018730                __sinit_lock_acquire
 .text.__sinit_lock_release
                0x0000000060018748       0x18 /home/mustafa/opt/gcc-arm-none-eabi-9-2019-q4-major/bin/../lib/gcc/arm-none-eabi/9.2.1/../../../../arm-none-eabi/lib/libg.a(lib_a-findfp.o)
                0x0000000060018748                __sinit_lock_release
 .text.__fp_lock_all
                0x0000000060018760       0x30 /home/mustafa/opt/gcc-arm-none-eabi-9-2019-q4-major/bin/../lib/gcc/arm-none-eabi/9.2.1/../../../../arm-none-eabi/lib/libg.a(lib_a-findfp.o)
                0x0000000060018760                __fp_lock_all
 .text.__fp_unlock_all
                0x0000000060018790       0x30 /home/mustafa/opt/gcc-arm-none-eabi-9-2019-q4-major/bin/../lib/gcc/arm-none-eabi/9.2.1/../../../../arm-none-eabi/lib/libg.a(lib_a-findfp.o)
                0x0000000060018790                __fp_unlock_all
 .text.__libc_fini_array
                0x00000000600187c0       0x44 /home/mustafa/opt/gcc-arm-none-eabi-9-2019-q4-major/bin/../lib/gcc/arm-none-eabi/9.2.1/../../../../arm-none-eabi/lib/libg.a(lib_a-fini.o)
                0x00000000600187c0                __libc_fini_array
 .text._malloc_trim_r
                0x0000000060018804      0x100 /home/mustafa/opt/gcc-arm-none-eabi-9-2019-q4-major/bin/../lib/gcc/arm-none-eabi/9.2.1/../../../../arm-none-eabi/lib/libg.a(lib_a-freer.o)
                0x0000000060018804                _malloc_trim_r
 .text._free_r  0x0000000060018904      0x2ec /home/mustafa/opt/gcc-arm-none-eabi-9-2019-q4-major/bin/../lib/gcc/arm-none-eabi/9.2.1/../../../../arm-none-eabi/lib/libg.a(lib_a-freer.o)
                0x0000000060018904                _free_r
 .text.__sfvwrite_r
                0x0000000060018bf0      0x4bc /home/mustafa/opt/gcc-arm-none-eabi-9-2019-q4-major/bin/../lib/gcc/arm-none-eabi/9.2.1/../../../../arm-none-eabi/lib/libg.a(lib_a-fvwrite.o)
                0x0000000060018bf0                __sfvwrite_r
 .text._fwalk   0x00000000600190ac       0x70 /home/mustafa/opt/gcc-arm-none-eabi-9-2019-q4-major/bin/../lib/gcc/arm-none-eabi/9.2.1/../../../../arm-none-eabi/lib/libg.a(lib_a-fwalk.o)
                0x00000000600190ac                _fwalk
 .text._fwalk_reent
                0x000000006001911c       0x78 /home/mustafa/opt/gcc-arm-none-eabi-9-2019-q4-major/bin/../lib/gcc/arm-none-eabi/9.2.1/../../../../arm-none-eabi/lib/libg.a(lib_a-fwalk.o)
                0x000000006001911c                _fwalk_reent
 .text._findenv_r
                0x0000000060019194       0xd0 /home/mustafa/opt/gcc-arm-none-eabi-9-2019-q4-major/bin/../lib/gcc/arm-none-eabi/9.2.1/../../../../arm-none-eabi/lib/libg.a(lib_a-getenv_r.o)
                0x0000000060019194                _findenv_r
 .text._getenv_r
                0x0000000060019264       0x1c /home/mustafa/opt/gcc-arm-none-eabi-9-2019-q4-major/bin/../lib/gcc/arm-none-eabi/9.2.1/../../../../arm-none-eabi/lib/libg.a(lib_a-getenv_r.o)
                0x0000000060019264                _getenv_r
 .text.__gettzinfo
                0x0000000060019280        0xc /home/mustafa/opt/gcc-arm-none-eabi-9-2019-q4-major/bin/../lib/gcc/arm-none-eabi/9.2.1/../../../../arm-none-eabi/lib/libg.a(lib_a-gettzinfo.o)
                0x0000000060019280                __gettzinfo
 .text.__localeconv_l
                0x000000006001928c        0x8 /home/mustafa/opt/gcc-arm-none-eabi-9-2019-q4-major/bin/../lib/gcc/arm-none-eabi/9.2.1/../../../../arm-none-eabi/lib/libg.a(lib_a-localeconv.o)
                0x000000006001928c                __localeconv_l
 .text._localeconv_r
                0x0000000060019294        0xc /home/mustafa/opt/gcc-arm-none-eabi-9-2019-q4-major/bin/../lib/gcc/arm-none-eabi/9.2.1/../../../../arm-none-eabi/lib/libg.a(lib_a-localeconv.o)
                0x0000000060019294                _localeconv_r
 .text.localeconv
                0x00000000600192a0        0xc /home/mustafa/opt/gcc-arm-none-eabi-9-2019-q4-major/bin/../lib/gcc/arm-none-eabi/9.2.1/../../../../arm-none-eabi/lib/libg.a(lib_a-localeconv.o)
                0x00000000600192a0                localeconv
 .text.__retarget_lock_init
                0x00000000600192ac        0x4 /home/mustafa/opt/gcc-arm-none-eabi-9-2019-q4-major/bin/../lib/gcc/arm-none-eabi/9.2.1/../../../../arm-none-eabi/lib/libg.a(lib_a-lock.o)
                0x00000000600192ac                __retarget_lock_init
 .text.__retarget_lock_init_recursive
                0x00000000600192b0        0x4 /home/mustafa/opt/gcc-arm-none-eabi-9-2019-q4-major/bin/../lib/gcc/arm-none-eabi/9.2.1/../../../../arm-none-eabi/lib/libg.a(lib_a-lock.o)
                0x00000000600192b0                __retarget_lock_init_recursive
 .text.__retarget_lock_close
                0x00000000600192b4        0x4 /home/mustafa/opt/gcc-arm-none-eabi-9-2019-q4-major/bin/../lib/gcc/arm-none-eabi/9.2.1/../../../../arm-none-eabi/lib/libg.a(lib_a-lock.o)
                0x00000000600192b4                __retarget_lock_close
 .text.__retarget_lock_close_recursive
                0x00000000600192b8        0x4 /home/mustafa/opt/gcc-arm-none-eabi-9-2019-q4-major/bin/../lib/gcc/arm-none-eabi/9.2.1/../../../../arm-none-eabi/lib/libg.a(lib_a-lock.o)
                0x00000000600192b8                __retarget_lock_close_recursive
 .text.__retarget_lock_acquire
                0x00000000600192bc        0x4 /home/mustafa/opt/gcc-arm-none-eabi-9-2019-q4-major/bin/../lib/gcc/arm-none-eabi/9.2.1/../../../../arm-none-eabi/lib/libg.a(lib_a-lock.o)
                0x00000000600192bc                __retarget_lock_acquire
 .text.__retarget_lock_acquire_recursive
                0x00000000600192c0        0x4 /home/mustafa/opt/gcc-arm-none-eabi-9-2019-q4-major/bin/../lib/gcc/arm-none-eabi/9.2.1/../../../../arm-none-eabi/lib/libg.a(lib_a-lock.o)
                0x00000000600192c0                __retarget_lock_acquire_recursive
 .text.__retarget_lock_try_acquire
                0x00000000600192c4        0x8 /home/mustafa/opt/gcc-arm-none-eabi-9-2019-q4-major/bin/../lib/gcc/arm-none-eabi/9.2.1/../../../../arm-none-eabi/lib/libg.a(lib_a-lock.o)
                0x00000000600192c4                __retarget_lock_try_acquire
 .text.__retarget_lock_try_acquire_recursive
                0x00000000600192cc        0x8 /home/mustafa/opt/gcc-arm-none-eabi-9-2019-q4-major/bin/../lib/gcc/arm-none-eabi/9.2.1/../../../../arm-none-eabi/lib/libg.a(lib_a-lock.o)
                0x00000000600192cc                __retarget_lock_try_acquire_recursive
 .text.__retarget_lock_release
                0x00000000600192d4        0x4 /home/mustafa/opt/gcc-arm-none-eabi-9-2019-q4-major/bin/../lib/gcc/arm-none-eabi/9.2.1/../../../../arm-none-eabi/lib/libg.a(lib_a-lock.o)
                0x00000000600192d4                __retarget_lock_release
 .text.__retarget_lock_release_recursive
                0x00000000600192d8        0x4 /home/mustafa/opt/gcc-arm-none-eabi-9-2019-q4-major/bin/../lib/gcc/arm-none-eabi/9.2.1/../../../../arm-none-eabi/lib/libg.a(lib_a-lock.o)
                0x00000000600192d8                __retarget_lock_release_recursive
 .text.__swhatbuf_r
                0x00000000600192dc       0xa0 /home/mustafa/opt/gcc-arm-none-eabi-9-2019-q4-major/bin/../lib/gcc/arm-none-eabi/9.2.1/../../../../arm-none-eabi/lib/libg.a(lib_a-makebuf.o)
                0x00000000600192dc                __swhatbuf_r
 .text.__smakebuf_r
                0x000000006001937c      0x100 /home/mustafa/opt/gcc-arm-none-eabi-9-2019-q4-major/bin/../lib/gcc/arm-none-eabi/9.2.1/../../../../arm-none-eabi/lib/libg.a(lib_a-makebuf.o)
                0x000000006001937c                __smakebuf_r
 .text.memchr   0x000000006001947c       0xf8 /home/mustafa/opt/gcc-arm-none-eabi-9-2019-q4-major/bin/../lib/gcc/arm-none-eabi/9.2.1/../../../../arm-none-eabi/lib/libg.a(lib_a-memchr-stub.o)
                0x000000006001947c                memchr
 .text.memmove  0x0000000060019574      0x158 /home/mustafa/opt/gcc-arm-none-eabi-9-2019-q4-major/bin/../lib/gcc/arm-none-eabi/9.2.1/../../../../arm-none-eabi/lib/libg.a(lib_a-memmove.o)
                0x0000000060019574                memmove
 .text._Balloc  0x00000000600196cc       0x8c /home/mustafa/opt/gcc-arm-none-eabi-9-2019-q4-major/bin/../lib/gcc/arm-none-eabi/9.2.1/../../../../arm-none-eabi/lib/libg.a(lib_a-mprec.o)
                0x00000000600196cc                _Balloc
 .text._Bfree   0x0000000060019758       0x1c /home/mustafa/opt/gcc-arm-none-eabi-9-2019-q4-major/bin/../lib/gcc/arm-none-eabi/9.2.1/../../../../arm-none-eabi/lib/libg.a(lib_a-mprec.o)
                0x0000000060019758                _Bfree
 .text.__multadd
                0x0000000060019774       0xd0 /home/mustafa/opt/gcc-arm-none-eabi-9-2019-q4-major/bin/../lib/gcc/arm-none-eabi/9.2.1/../../../../arm-none-eabi/lib/libg.a(lib_a-mprec.o)
                0x0000000060019774                __multadd
 .text.__s2b    0x0000000060019844       0xf0 /home/mustafa/opt/gcc-arm-none-eabi-9-2019-q4-major/bin/../lib/gcc/arm-none-eabi/9.2.1/../../../../arm-none-eabi/lib/libg.a(lib_a-mprec.o)
                0x0000000060019844                __s2b
 .text.__hi0bits
                0x0000000060019934       0x58 /home/mustafa/opt/gcc-arm-none-eabi-9-2019-q4-major/bin/../lib/gcc/arm-none-eabi/9.2.1/../../../../arm-none-eabi/lib/libg.a(lib_a-mprec.o)
                0x0000000060019934                __hi0bits
 .text.__lo0bits
                0x000000006001998c       0xa0 /home/mustafa/opt/gcc-arm-none-eabi-9-2019-q4-major/bin/../lib/gcc/arm-none-eabi/9.2.1/../../../../arm-none-eabi/lib/libg.a(lib_a-mprec.o)
                0x000000006001998c                __lo0bits
 .text.__i2b    0x0000000060019a2c       0x24 /home/mustafa/opt/gcc-arm-none-eabi-9-2019-q4-major/bin/../lib/gcc/arm-none-eabi/9.2.1/../../../../arm-none-eabi/lib/libg.a(lib_a-mprec.o)
                0x0000000060019a2c                __i2b
 .text.__multiply
                0x0000000060019a50      0x1f0 /home/mustafa/opt/gcc-arm-none-eabi-9-2019-q4-major/bin/../lib/gcc/arm-none-eabi/9.2.1/../../../../arm-none-eabi/lib/libg.a(lib_a-mprec.o)
                0x0000000060019a50                __multiply
 .text.__pow5mult
                0x0000000060019c40      0x104 /home/mustafa/opt/gcc-arm-none-eabi-9-2019-q4-major/bin/../lib/gcc/arm-none-eabi/9.2.1/../../../../arm-none-eabi/lib/libg.a(lib_a-mprec.o)
                0x0000000060019c40                __pow5mult
 .text.__lshift
                0x0000000060019d44      0x118 /home/mustafa/opt/gcc-arm-none-eabi-9-2019-q4-major/bin/../lib/gcc/arm-none-eabi/9.2.1/../../../../arm-none-eabi/lib/libg.a(lib_a-mprec.o)
                0x0000000060019d44                __lshift
 .text.__mcmp   0x0000000060019e5c       0x60 /home/mustafa/opt/gcc-arm-none-eabi-9-2019-q4-major/bin/../lib/gcc/arm-none-eabi/9.2.1/../../../../arm-none-eabi/lib/libg.a(lib_a-mprec.o)
                0x0000000060019e5c                __mcmp
 .text.__mdiff  0x0000000060019ebc      0x1e4 /home/mustafa/opt/gcc-arm-none-eabi-9-2019-q4-major/bin/../lib/gcc/arm-none-eabi/9.2.1/../../../../arm-none-eabi/lib/libg.a(lib_a-mprec.o)
                0x0000000060019ebc                __mdiff
 .text.__ulp    0x000000006001a0a0       0x64 /home/mustafa/opt/gcc-arm-none-eabi-9-2019-q4-major/bin/../lib/gcc/arm-none-eabi/9.2.1/../../../../arm-none-eabi/lib/libg.a(lib_a-mprec.o)
                0x000000006001a0a0                __ulp
 .text.__b2d    0x000000006001a104       0xe0 /home/mustafa/opt/gcc-arm-none-eabi-9-2019-q4-major/bin/../lib/gcc/arm-none-eabi/9.2.1/../../../../arm-none-eabi/lib/libg.a(lib_a-mprec.o)
                0x000000006001a104                __b2d
 .text.__d2b    0x000000006001a1e4      0x118 /home/mustafa/opt/gcc-arm-none-eabi-9-2019-q4-major/bin/../lib/gcc/arm-none-eabi/9.2.1/../../../../arm-none-eabi/lib/libg.a(lib_a-mprec.o)
                0x000000006001a1e4                __d2b
 .text.__ratio  0x000000006001a2fc       0x84 /home/mustafa/opt/gcc-arm-none-eabi-9-2019-q4-major/bin/../lib/gcc/arm-none-eabi/9.2.1/../../../../arm-none-eabi/lib/libg.a(lib_a-mprec.o)
                0x000000006001a2fc                __ratio
 .text._mprec_log10
                0x000000006001a380       0x5c /home/mustafa/opt/gcc-arm-none-eabi-9-2019-q4-major/bin/../lib/gcc/arm-none-eabi/9.2.1/../../../../arm-none-eabi/lib/libg.a(lib_a-mprec.o)
                0x000000006001a380                _mprec_log10
 .text.__copybits
                0x000000006001a3dc       0x70 /home/mustafa/opt/gcc-arm-none-eabi-9-2019-q4-major/bin/../lib/gcc/arm-none-eabi/9.2.1/../../../../arm-none-eabi/lib/libg.a(lib_a-mprec.o)
                0x000000006001a3dc                __copybits
 .text.__any_on
                0x000000006001a44c       0x64 /home/mustafa/opt/gcc-arm-none-eabi-9-2019-q4-major/bin/../lib/gcc/arm-none-eabi/9.2.1/../../../../arm-none-eabi/lib/libg.a(lib_a-mprec.o)
                0x000000006001a44c                __any_on
 .text._putc_r  0x000000006001a4b0       0xe4 /home/mustafa/opt/gcc-arm-none-eabi-9-2019-q4-major/bin/../lib/gcc/arm-none-eabi/9.2.1/../../../../arm-none-eabi/lib/libg.a(lib_a-putc.o)
                0x000000006001a4b0                _putc_r
 .text.putc     0x000000006001a594       0xf4 /home/mustafa/opt/gcc-arm-none-eabi-9-2019-q4-major/bin/../lib/gcc/arm-none-eabi/9.2.1/../../../../arm-none-eabi/lib/libg.a(lib_a-putc.o)
                0x000000006001a594                putc
 .text._realloc_r
                0x000000006001a688      0x594 /home/mustafa/opt/gcc-arm-none-eabi-9-2019-q4-major/bin/../lib/gcc/arm-none-eabi/9.2.1/../../../../arm-none-eabi/lib/libg.a(lib_a-reallocr.o)
                0x000000006001a688                _realloc_r
 .text.cleanup_glue
                0x000000006001ac1c       0x2c /home/mustafa/opt/gcc-arm-none-eabi-9-2019-q4-major/bin/../lib/gcc/arm-none-eabi/9.2.1/../../../../arm-none-eabi/lib/libg.a(lib_a-reent.o)
                0x000000006001ac1c                cleanup_glue
 .text._reclaim_reent
                0x000000006001ac48       0xf0 /home/mustafa/opt/gcc-arm-none-eabi-9-2019-q4-major/bin/../lib/gcc/arm-none-eabi/9.2.1/../../../../arm-none-eabi/lib/libg.a(lib_a-reent.o)
                0x000000006001ac48                _reclaim_reent
 .text.frexp    0x000000006001ad38       0xa4 /home/mustafa/opt/gcc-arm-none-eabi-9-2019-q4-major/bin/../lib/gcc/arm-none-eabi/9.2.1/../../../../arm-none-eabi/lib/libg.a(lib_a-s_frexp.o)
                0x000000006001ad38                frexp
 .text.siscanf  0x000000006001addc       0x7c /home/mustafa/opt/gcc-arm-none-eabi-9-2019-q4-major/bin/../lib/gcc/arm-none-eabi/9.2.1/../../../../arm-none-eabi/lib/libg.a(lib_a-siscanf.o)
                0x000000006001addc                siscanf
 .text._siscanf_r
                0x000000006001ae58       0x7c /home/mustafa/opt/gcc-arm-none-eabi-9-2019-q4-major/bin/../lib/gcc/arm-none-eabi/9.2.1/../../../../arm-none-eabi/lib/libg.a(lib_a-siscanf.o)
                0x000000006001ae58                _siscanf_r
 .text.__sread  0x000000006001aed4       0x34 /home/mustafa/opt/gcc-arm-none-eabi-9-2019-q4-major/bin/../lib/gcc/arm-none-eabi/9.2.1/../../../../arm-none-eabi/lib/libg.a(lib_a-stdio.o)
                0x000000006001aed4                __sread
 .text.__seofread
                0x000000006001af08        0x8 /home/mustafa/opt/gcc-arm-none-eabi-9-2019-q4-major/bin/../lib/gcc/arm-none-eabi/9.2.1/../../../../arm-none-eabi/lib/libg.a(lib_a-stdio.o)
                0x000000006001af08                __seofread
 .text.__swrite
                0x000000006001af10       0x5c /home/mustafa/opt/gcc-arm-none-eabi-9-2019-q4-major/bin/../lib/gcc/arm-none-eabi/9.2.1/../../../../arm-none-eabi/lib/libg.a(lib_a-stdio.o)
                0x000000006001af10                __swrite
 .text.__sseek  0x000000006001af6c       0x30 /home/mustafa/opt/gcc-arm-none-eabi-9-2019-q4-major/bin/../lib/gcc/arm-none-eabi/9.2.1/../../../../arm-none-eabi/lib/libg.a(lib_a-stdio.o)
                0x000000006001af6c                __sseek
 .text.__sclose
                0x000000006001af9c       0x14 /home/mustafa/opt/gcc-arm-none-eabi-9-2019-q4-major/bin/../lib/gcc/arm-none-eabi/9.2.1/../../../../arm-none-eabi/lib/libg.a(lib_a-stdio.o)
                0x000000006001af9c                __sclose
 .text.strcpy   0x000000006001afb0       0xf0 /home/mustafa/opt/gcc-arm-none-eabi-9-2019-q4-major/bin/../lib/gcc/arm-none-eabi/9.2.1/../../../../arm-none-eabi/lib/libg.a(lib_a-strcpy.o)
                0x000000006001afb0                strcpy
 .text.strncmp  0x000000006001b0a0       0xf4 /home/mustafa/opt/gcc-arm-none-eabi-9-2019-q4-major/bin/../lib/gcc/arm-none-eabi/9.2.1/../../../../arm-none-eabi/lib/libg.a(lib_a-strncmp.o)
                0x000000006001b0a0                strncmp
 .text.strncpy  0x000000006001b194       0xcc /home/mustafa/opt/gcc-arm-none-eabi-9-2019-q4-major/bin/../lib/gcc/arm-none-eabi/9.2.1/../../../../arm-none-eabi/lib/libg.a(lib_a-strncpy.o)
                0x000000006001b194                strncpy
 .text._strtoul_l.isra.0
                0x000000006001b260      0x1c8 /home/mustafa/opt/gcc-arm-none-eabi-9-2019-q4-major/bin/../lib/gcc/arm-none-eabi/9.2.1/../../../../arm-none-eabi/lib/libg.a(lib_a-strtoul.o)
 .text._strtoul_r
                0x000000006001b428        0x4 /home/mustafa/opt/gcc-arm-none-eabi-9-2019-q4-major/bin/../lib/gcc/arm-none-eabi/9.2.1/../../../../arm-none-eabi/lib/libg.a(lib_a-strtoul.o)
                0x000000006001b428                _strtoul_r
 .text.strtoul_l
                0x000000006001b42c       0x28 /home/mustafa/opt/gcc-arm-none-eabi-9-2019-q4-major/bin/../lib/gcc/arm-none-eabi/9.2.1/../../../../arm-none-eabi/lib/libg.a(lib_a-strtoul.o)
                0x000000006001b42c                strtoul_l
 .text.strtoul  0x000000006001b454       0x28 /home/mustafa/opt/gcc-arm-none-eabi-9-2019-q4-major/bin/../lib/gcc/arm-none-eabi/9.2.1/../../../../arm-none-eabi/lib/libg.a(lib_a-strtoul.o)
                0x000000006001b454                strtoul
 .text._sungetc_r
                0x000000006001b47c       0xf0 /home/mustafa/opt/gcc-arm-none-eabi-9-2019-q4-major/bin/../lib/gcc/arm-none-eabi/9.2.1/../../../../arm-none-eabi/lib/libg.a(lib_a-svfiscanf.o)
                0x000000006001b47c                _sungetc_r
 .text.__ssrefill_r
                0x000000006001b56c       0x6c /home/mustafa/opt/gcc-arm-none-eabi-9-2019-q4-major/bin/../lib/gcc/arm-none-eabi/9.2.1/../../../../arm-none-eabi/lib/libg.a(lib_a-svfiscanf.o)
                0x000000006001b56c                __ssrefill_r
 .text._sfread_r
                0x000000006001b5d8       0xdc /home/mustafa/opt/gcc-arm-none-eabi-9-2019-q4-major/bin/../lib/gcc/arm-none-eabi/9.2.1/../../../../arm-none-eabi/lib/libg.a(lib_a-svfiscanf.o)
                0x000000006001b5d8                _sfread_r
 .text.__ssvfiscanf_r
                0x000000006001b6b4     0x1c8c /home/mustafa/opt/gcc-arm-none-eabi-9-2019-q4-major/bin/../lib/gcc/arm-none-eabi/9.2.1/../../../../arm-none-eabi/lib/libg.a(lib_a-svfiscanf.o)
                0x000000006001b6b4                __ssvfiscanf_r
 .text.__submore
                0x000000006001d340       0xb0 /home/mustafa/opt/gcc-arm-none-eabi-9-2019-q4-major/bin/../lib/gcc/arm-none-eabi/9.2.1/../../../../arm-none-eabi/lib/libg.a(lib_a-ungetc.o)
                0x000000006001d340                __submore
 .text._ungetc_r
                0x000000006001d3f0      0x23c /home/mustafa/opt/gcc-arm-none-eabi-9-2019-q4-major/bin/../lib/gcc/arm-none-eabi/9.2.1/../../../../arm-none-eabi/lib/libg.a(lib_a-ungetc.o)
                0x000000006001d3f0                _ungetc_r
 .text.ungetc   0x000000006001d62c       0x18 /home/mustafa/opt/gcc-arm-none-eabi-9-2019-q4-major/bin/../lib/gcc/arm-none-eabi/9.2.1/../../../../arm-none-eabi/lib/libg.a(lib_a-ungetc.o)
                0x000000006001d62c                ungetc
 .text.__sprint_r.part.0
                0x000000006001d644       0xb0 /home/mustafa/opt/gcc-arm-none-eabi-9-2019-q4-major/bin/../lib/gcc/arm-none-eabi/9.2.1/../../../../arm-none-eabi/lib/libg.a(lib_a-vfiprintf.o)
 .text.__sprint_r
                0x000000006001d6f4       0x18 /home/mustafa/opt/gcc-arm-none-eabi-9-2019-q4-major/bin/../lib/gcc/arm-none-eabi/9.2.1/../../../../arm-none-eabi/lib/libg.a(lib_a-vfiprintf.o)
                0x000000006001d6f4                __sprint_r
 .text._vfiprintf_r
                0x000000006001d70c     0x13e0 /home/mustafa/opt/gcc-arm-none-eabi-9-2019-q4-major/bin/../lib/gcc/arm-none-eabi/9.2.1/../../../../arm-none-eabi/lib/libg.a(lib_a-vfiprintf.o)
                0x000000006001d70c                _vfiprintf_r
 .text.vfiprintf
                0x000000006001eaec       0x28 /home/mustafa/opt/gcc-arm-none-eabi-9-2019-q4-major/bin/../lib/gcc/arm-none-eabi/9.2.1/../../../../arm-none-eabi/lib/libg.a(lib_a-vfiprintf.o)
                0x000000006001eaec                vfiprintf
 .text.__sbprintf
                0x000000006001eb14       0xd4 /home/mustafa/opt/gcc-arm-none-eabi-9-2019-q4-major/bin/../lib/gcc/arm-none-eabi/9.2.1/../../../../arm-none-eabi/lib/libg.a(lib_a-vfiprintf.o)
 .text.__swbuf_r
                0x000000006001ebe8      0x134 /home/mustafa/opt/gcc-arm-none-eabi-9-2019-q4-major/bin/../lib/gcc/arm-none-eabi/9.2.1/../../../../arm-none-eabi/lib/libg.a(lib_a-wbuf.o)
                0x000000006001ebe8                __swbuf_r
 .text.__swbuf  0x000000006001ed1c       0x18 /home/mustafa/opt/gcc-arm-none-eabi-9-2019-q4-major/bin/../lib/gcc/arm-none-eabi/9.2.1/../../../../arm-none-eabi/lib/libg.a(lib_a-wbuf.o)
                0x000000006001ed1c                __swbuf
 .text._write_r
                0x000000006001ed34       0x4c /home/mustafa/opt/gcc-arm-none-eabi-9-2019-q4-major/bin/../lib/gcc/arm-none-eabi/9.2.1/../../../../arm-none-eabi/lib/libg.a(lib_a-writer.o)
                0x000000006001ed34                _write_r
 .text.__register_exitproc
                0x000000006001ed80       0xbc /home/mustafa/opt/gcc-arm-none-eabi-9-2019-q4-major/bin/../lib/gcc/arm-none-eabi/9.2.1/../../../../arm-none-eabi/lib/libg.a(lib_a-__atexit.o)
                0x000000006001ed80                __register_exitproc
 .text._calloc_r
                0x000000006001ee3c       0x9c /home/mustafa/opt/gcc-arm-none-eabi-9-2019-q4-major/bin/../lib/gcc/arm-none-eabi/9.2.1/../../../../arm-none-eabi/lib/libg.a(lib_a-callocr.o)
                0x000000006001ee3c                _calloc_r
 .text._close_r
                0x000000006001eed8       0x3c /home/mustafa/opt/gcc-arm-none-eabi-9-2019-q4-major/bin/../lib/gcc/arm-none-eabi/9.2.1/../../../../arm-none-eabi/lib/libg.a(lib_a-closer.o)
                0x000000006001eed8                _close_r
 .text.__env_lock
                0x000000006001ef14       0x18 /home/mustafa/opt/gcc-arm-none-eabi-9-2019-q4-major/bin/../lib/gcc/arm-none-eabi/9.2.1/../../../../arm-none-eabi/lib/libg.a(lib_a-envlock.o)
                0x000000006001ef14                __env_lock
 .text.__env_unlock
                0x000000006001ef2c       0x18 /home/mustafa/opt/gcc-arm-none-eabi-9-2019-q4-major/bin/../lib/gcc/arm-none-eabi/9.2.1/../../../../arm-none-eabi/lib/libg.a(lib_a-envlock.o)
                0x000000006001ef2c                __env_unlock
 .text._fclose_r
                0x000000006001ef44      0x16c /home/mustafa/opt/gcc-arm-none-eabi-9-2019-q4-major/bin/../lib/gcc/arm-none-eabi/9.2.1/../../../../arm-none-eabi/lib/libg.a(lib_a-fclose.o)
                0x000000006001ef44                _fclose_r
 .text.fclose   0x000000006001f0b0       0x14 /home/mustafa/opt/gcc-arm-none-eabi-9-2019-q4-major/bin/../lib/gcc/arm-none-eabi/9.2.1/../../../../arm-none-eabi/lib/libg.a(lib_a-fclose.o)
                0x000000006001f0b0                fclose
 .text.__fputwc
                0x000000006001f0c4      0x114 /home/mustafa/opt/gcc-arm-none-eabi-9-2019-q4-major/bin/../lib/gcc/arm-none-eabi/9.2.1/../../../../arm-none-eabi/lib/libg.a(lib_a-fputwc.o)
                0x000000006001f0c4                __fputwc
 .text._fputwc_r
                0x000000006001f1d8       0xc0 /home/mustafa/opt/gcc-arm-none-eabi-9-2019-q4-major/bin/../lib/gcc/arm-none-eabi/9.2.1/../../../../arm-none-eabi/lib/libg.a(lib_a-fputwc.o)
                0x000000006001f1d8                _fputwc_r
 .text.fputwc   0x000000006001f298       0x4c /home/mustafa/opt/gcc-arm-none-eabi-9-2019-q4-major/bin/../lib/gcc/arm-none-eabi/9.2.1/../../../../arm-none-eabi/lib/libg.a(lib_a-fputwc.o)
                0x000000006001f298                fputwc
 .text._fstat_r
                0x000000006001f2e4       0x44 /home/mustafa/opt/gcc-arm-none-eabi-9-2019-q4-major/bin/../lib/gcc/arm-none-eabi/9.2.1/../../../../arm-none-eabi/lib/libg.a(lib_a-fstatr.o)
                0x000000006001f2e4                _fstat_r
 .text._isatty_r
                0x000000006001f328       0x3c /home/mustafa/opt/gcc-arm-none-eabi-9-2019-q4-major/bin/../lib/gcc/arm-none-eabi/9.2.1/../../../../arm-none-eabi/lib/libg.a(lib_a-isattyr.o)
                0x000000006001f328                _isatty_r
 .text.iswspace
                0x000000006001f364       0x14 /home/mustafa/opt/gcc-arm-none-eabi-9-2019-q4-major/bin/../lib/gcc/arm-none-eabi/9.2.1/../../../../arm-none-eabi/lib/libg.a(lib_a-iswspace.o)
                0x000000006001f364                iswspace
 .text.iswspace_l
                0x000000006001f378       0x1c /home/mustafa/opt/gcc-arm-none-eabi-9-2019-q4-major/bin/../lib/gcc/arm-none-eabi/9.2.1/../../../../arm-none-eabi/lib/libg.a(lib_a-iswspace_l.o)
                0x000000006001f378                iswspace_l
 .text._setlocale_r
                0x000000006001f394       0x68 /home/mustafa/opt/gcc-arm-none-eabi-9-2019-q4-major/bin/../lib/gcc/arm-none-eabi/9.2.1/../../../../arm-none-eabi/lib/libg.a(lib_a-locale.o)
                0x000000006001f394                _setlocale_r
 .text.__locale_mb_cur_max
                0x000000006001f3fc       0x10 /home/mustafa/opt/gcc-arm-none-eabi-9-2019-q4-major/bin/../lib/gcc/arm-none-eabi/9.2.1/../../../../arm-none-eabi/lib/libg.a(lib_a-locale.o)
                0x000000006001f3fc                __locale_mb_cur_max
 .text.setlocale
                0x000000006001f40c       0x18 /home/mustafa/opt/gcc-arm-none-eabi-9-2019-q4-major/bin/../lib/gcc/arm-none-eabi/9.2.1/../../../../arm-none-eabi/lib/libg.a(lib_a-locale.o)
                0x000000006001f40c                setlocale
 .text._lseek_r
                0x000000006001f424       0x4c /home/mustafa/opt/gcc-arm-none-eabi-9-2019-q4-major/bin/../lib/gcc/arm-none-eabi/9.2.1/../../../../arm-none-eabi/lib/libg.a(lib_a-lseekr.o)
                0x000000006001f424                _lseek_r
 .text._mbrtowc_r
                0x000000006001f470       0x68 /home/mustafa/opt/gcc-arm-none-eabi-9-2019-q4-major/bin/../lib/gcc/arm-none-eabi/9.2.1/../../../../arm-none-eabi/lib/libg.a(lib_a-mbrtowc.o)
                0x000000006001f470                _mbrtowc_r
 .text.mbrtowc  0x000000006001f4d8       0x90 /home/mustafa/opt/gcc-arm-none-eabi-9-2019-q4-major/bin/../lib/gcc/arm-none-eabi/9.2.1/../../../../arm-none-eabi/lib/libg.a(lib_a-mbrtowc.o)
                0x000000006001f4d8                mbrtowc
 .text._mbtowc_r
                0x000000006001f568       0x1c /home/mustafa/opt/gcc-arm-none-eabi-9-2019-q4-major/bin/../lib/gcc/arm-none-eabi/9.2.1/../../../../arm-none-eabi/lib/libg.a(lib_a-mbtowc_r.o)
                0x000000006001f568                _mbtowc_r
 .text.__ascii_mbtowc
                0x000000006001f584       0x44 /home/mustafa/opt/gcc-arm-none-eabi-9-2019-q4-major/bin/../lib/gcc/arm-none-eabi/9.2.1/../../../../arm-none-eabi/lib/libg.a(lib_a-mbtowc_r.o)
                0x000000006001f584                __ascii_mbtowc
 .text._read_r  0x000000006001f5c8       0x4c /home/mustafa/opt/gcc-arm-none-eabi-9-2019-q4-major/bin/../lib/gcc/arm-none-eabi/9.2.1/../../../../arm-none-eabi/lib/libg.a(lib_a-readr.o)
                0x000000006001f5c8                _read_r
 .text.realloc  0x000000006001f614       0x24 /home/mustafa/opt/gcc-arm-none-eabi-9-2019-q4-major/bin/../lib/gcc/arm-none-eabi/9.2.1/../../../../arm-none-eabi/lib/libg.a(lib_a-realloc.o)
                0x000000006001f614                realloc
 .text.__sccl   0x000000006001f638       0xe8 /home/mustafa/opt/gcc-arm-none-eabi-9-2019-q4-major/bin/../lib/gcc/arm-none-eabi/9.2.1/../../../../arm-none-eabi/lib/libg.a(lib_a-sccl.o)
                0x000000006001f638                __sccl
 .text._strtol_l.isra.0
                0x000000006001f720      0x1b8 /home/mustafa/opt/gcc-arm-none-eabi-9-2019-q4-major/bin/../lib/gcc/arm-none-eabi/9.2.1/../../../../arm-none-eabi/lib/libg.a(lib_a-strtol.o)
 .text._strtol_r
                0x000000006001f8d8        0x4 /home/mustafa/opt/gcc-arm-none-eabi-9-2019-q4-major/bin/../lib/gcc/arm-none-eabi/9.2.1/../../../../arm-none-eabi/lib/libg.a(lib_a-strtol.o)
                0x000000006001f8d8                _strtol_r
 .text.strtol_l
                0x000000006001f8dc       0x28 /home/mustafa/opt/gcc-arm-none-eabi-9-2019-q4-major/bin/../lib/gcc/arm-none-eabi/9.2.1/../../../../arm-none-eabi/lib/libg.a(lib_a-strtol.o)
                0x000000006001f8dc                strtol_l
 .text.strtol   0x000000006001f904       0x28 /home/mustafa/opt/gcc-arm-none-eabi-9-2019-q4-major/bin/../lib/gcc/arm-none-eabi/9.2.1/../../../../arm-none-eabi/lib/libg.a(lib_a-strtol.o)
                0x000000006001f904                strtol
 .text._strtoll_l.isra.0
                0x000000006001f92c      0x268 /home/mustafa/opt/gcc-arm-none-eabi-9-2019-q4-major/bin/../lib/gcc/arm-none-eabi/9.2.1/../../../../arm-none-eabi/lib/libg.a(lib_a-strtoll.o)
 .text._strtoll_r
                0x000000006001fb94        0x4 /home/mustafa/opt/gcc-arm-none-eabi-9-2019-q4-major/bin/../lib/gcc/arm-none-eabi/9.2.1/../../../../arm-none-eabi/lib/libg.a(lib_a-strtoll.o)
                0x000000006001fb94                _strtoll_r
 .text.strtoll_l
                0x000000006001fb98       0x28 /home/mustafa/opt/gcc-arm-none-eabi-9-2019-q4-major/bin/../lib/gcc/arm-none-eabi/9.2.1/../../../../arm-none-eabi/lib/libg.a(lib_a-strtoll.o)
                0x000000006001fb98                strtoll_l
 .text.strtoll  0x000000006001fbc0       0x28 /home/mustafa/opt/gcc-arm-none-eabi-9-2019-q4-major/bin/../lib/gcc/arm-none-eabi/9.2.1/../../../../arm-none-eabi/lib/libg.a(lib_a-strtoll.o)
                0x000000006001fbc0                strtoll
 .text._strtoull_l.isra.0
                0x000000006001fbe8      0x274 /home/mustafa/opt/gcc-arm-none-eabi-9-2019-q4-major/bin/../lib/gcc/arm-none-eabi/9.2.1/../../../../arm-none-eabi/lib/libg.a(lib_a-strtoull.o)
 .text._strtoull_r
                0x000000006001fe5c        0x4 /home/mustafa/opt/gcc-arm-none-eabi-9-2019-q4-major/bin/../lib/gcc/arm-none-eabi/9.2.1/../../../../arm-none-eabi/lib/libg.a(lib_a-strtoull.o)
                0x000000006001fe5c                _strtoull_r
 .text.strtoull_l
                0x000000006001fe60       0x28 /home/mustafa/opt/gcc-arm-none-eabi-9-2019-q4-major/bin/../lib/gcc/arm-none-eabi/9.2.1/../../../../arm-none-eabi/lib/libg.a(lib_a-strtoull.o)
                0x000000006001fe60                strtoull_l
 .text.strtoull
                0x000000006001fe88       0x28 /home/mustafa/opt/gcc-arm-none-eabi-9-2019-q4-major/bin/../lib/gcc/arm-none-eabi/9.2.1/../../../../arm-none-eabi/lib/libg.a(lib_a-strtoull.o)
                0x000000006001fe88                strtoull
 .text._wcrtomb_r
                0x000000006001feb0       0x58 /home/mustafa/opt/gcc-arm-none-eabi-9-2019-q4-major/bin/../lib/gcc/arm-none-eabi/9.2.1/../../../../arm-none-eabi/lib/libg.a(lib_a-wcrtomb.o)
                0x000000006001feb0                _wcrtomb_r
 .text.wcrtomb  0x000000006001ff08       0x70 /home/mustafa/opt/gcc-arm-none-eabi-9-2019-q4-major/bin/../lib/gcc/arm-none-eabi/9.2.1/../../../../arm-none-eabi/lib/libg.a(lib_a-wcrtomb.o)
                0x000000006001ff08                wcrtomb
 .text._wctomb_r
                0x000000006001ff78       0x1c /home/mustafa/opt/gcc-arm-none-eabi-9-2019-q4-major/bin/../lib/gcc/arm-none-eabi/9.2.1/../../../../arm-none-eabi/lib/libg.a(lib_a-wctomb_r.o)
                0x000000006001ff78                _wctomb_r
 .text.__ascii_wctomb
                0x000000006001ff94       0x30 /home/mustafa/opt/gcc-arm-none-eabi-9-2019-q4-major/bin/../lib/gcc/arm-none-eabi/9.2.1/../../../../arm-none-eabi/lib/libg.a(lib_a-wctomb_r.o)
                0x000000006001ff94                __ascii_wctomb
 *(.rodata)
 .rodata        0x000000006001ffc4       0x1f obj/sp804.o
                0x000000006001ffc4                tregs
 *fill*         0x000000006001ffe3        0x1 
 .rodata        0x000000006001ffe4        0x4 obj/pl050.o
                0x000000006001ffe4                kmi_kb
 .rodata        0x000000006001ffe8        0x8 obj/gic.o
                0x000000006001ffe8                GICDistributor_BASE
                0x000000006001ffec                GICInterface_BASE
 .rodata        0x000000006001fff0       0x99 obj/ff.o
 *fill*         0x0000000060020089        0x3 
 .rodata        0x000000006002008c       0x39 obj/interrupt.o
 *fill*         0x00000000600200c5        0x3 
 .rodata        0x00000000600200c8    0x1b6ea obj/ugui.o
                0x00000000600200c8                font_6x8
                0x00000000600208c8                font_7x12
                0x00000000600214c8                font_8x8
                0x0000000060021cc8                font_8x12
                0x00000000600228c8                font_8x14
                0x00000000600236c8                font_10x16
                0x00000000600256c8                font_12x16
                0x00000000600276c8                font_12x20
                0x0000000060029ec8                font_16x26
                0x000000006002d2c8                font_22x36
                0x0000000060033ec8                font_24x40
                0x000000006003b6c8                FONT_6X8
                0x000000006003b6d0                FONT_7X12
                0x000000006003b6d8                FONT_8X8
                0x000000006003b6e0                FONT_8X12
                0x000000006003b6e8                FONT_8X14
                0x000000006003b6f0                FONT_10X16
                0x000000006003b6f8                FONT_12X16
                0x000000006003b700                FONT_12X20
                0x000000006003b708                FONT_16X26
                0x000000006003b710                FONT_22X36
                0x000000006003b718                FONT_24X40
                0x000000006003b720                pal_window
                0x000000006003b750                pal_button_pressed
                0x000000006003b780                pal_button_released
 *fill*         0x000000006003b7b2        0x2 
 .rodata        0x000000006003b7b4       0xd1 obj/pl181.o
                0x000000006003b7b4                MCI
 *fill*         0x000000006003b885        0x3 
 .rodata        0x000000006003b888        0x4 obj/pl031.o
                0x000000006003b888                RTC
 .rodata        0x000000006003b88c       0x28 obj/diskio.o
 .rodata        0x000000006003b8b4       0x95 obj/kernel.o
 *fill*         0x000000006003b949        0x3 
 .rodata        0x000000006003b94c        0x4 obj/pl011.o
                0x000000006003b94c                UART0
 *(.rodata*)
 .rodata.asctime_r.str1.4
                0x000000006003b950       0x20 /home/mustafa/opt/gcc-arm-none-eabi-9-2019-q4-major/bin/../lib/gcc/arm-none-eabi/9.2.1/../../../../arm-none-eabi/lib/libg.a(lib_a-asctime_r.o)
 .rodata.day_name.4775
                0x000000006003b970       0x15 /home/mustafa/opt/gcc-arm-none-eabi-9-2019-q4-major/bin/../lib/gcc/arm-none-eabi/9.2.1/../../../../arm-none-eabi/lib/libg.a(lib_a-asctime_r.o)
 *fill*         0x000000006003b985        0x3 
 .rodata.mon_name.4776
                0x000000006003b988       0x24 /home/mustafa/opt/gcc-arm-none-eabi-9-2019-q4-major/bin/../lib/gcc/arm-none-eabi/9.2.1/../../../../arm-none-eabi/lib/libg.a(lib_a-asctime_r.o)
 .rodata._global_impure_ptr
                0x000000006003b9ac        0x4 /home/mustafa/opt/gcc-arm-none-eabi-9-2019-q4-major/bin/../lib/gcc/arm-none-eabi/9.2.1/../../../../arm-none-eabi/lib/libg.a(lib_a-impure.o)
                0x000000006003b9ac                _global_impure_ptr
 .rodata.__month_lengths
                0x000000006003b9b0       0x60 /home/mustafa/opt/gcc-arm-none-eabi-9-2019-q4-major/bin/../lib/gcc/arm-none-eabi/9.2.1/../../../../arm-none-eabi/lib/libg.a(lib_a-month_lengths.o)
                0x000000006003b9b0                __month_lengths
 .rodata._puts_r.str1.4
                0x000000006003ba10        0x2 /home/mustafa/opt/gcc-arm-none-eabi-9-2019-q4-major/bin/../lib/gcc/arm-none-eabi/9.2.1/../../../../arm-none-eabi/lib/libg.a(lib_a-puts.o)
 *fill*         0x000000006003ba12        0x2 
 .rodata._svfiprintf_r.str1.4
                0x000000006003ba14       0x2f /home/mustafa/opt/gcc-arm-none-eabi-9-2019-q4-major/bin/../lib/gcc/arm-none-eabi/9.2.1/../../../../arm-none-eabi/lib/libg.a(lib_a-svfiprintf.o)
 *fill*         0x000000006003ba43        0x1 
 .rodata.blanks.7324
                0x000000006003ba44       0x10 /home/mustafa/opt/gcc-arm-none-eabi-9-2019-q4-major/bin/../lib/gcc/arm-none-eabi/9.2.1/../../../../arm-none-eabi/lib/libg.a(lib_a-svfiprintf.o)
 .rodata.zeroes.7325
                0x000000006003ba54       0x10 /home/mustafa/opt/gcc-arm-none-eabi-9-2019-q4-major/bin/../lib/gcc/arm-none-eabi/9.2.1/../../../../arm-none-eabi/lib/libg.a(lib_a-svfiprintf.o)
 .rodata._tzset_unlocked_r.str1.4
                0x000000006003ba64       0x53 /home/mustafa/opt/gcc-arm-none-eabi-9-2019-q4-major/bin/../lib/gcc/arm-none-eabi/9.2.1/../../../../arm-none-eabi/lib/libg.a(lib_a-tzset_r.o)
 .rodata.str1.4
                0x000000006003bab7        0x4 /home/mustafa/opt/gcc-arm-none-eabi-9-2019-q4-major/bin/../lib/gcc/arm-none-eabi/9.2.1/../../../../arm-none-eabi/lib/libg.a(lib_a-tzvars.o)
 *fill*         0x000000006003bab7        0x1 
 .rodata._vfprintf_r.str1.4
                0x000000006003bab8       0x12 /home/mustafa/opt/gcc-arm-none-eabi-9-2019-q4-major/bin/../lib/gcc/arm-none-eabi/9.2.1/../../../../arm-none-eabi/lib/libg.a(lib_a-vfprintf.o)
                                         0x42 (size before relaxing)
 *fill*         0x000000006003baca        0x2 
 .rodata.blanks.7360
                0x000000006003bacc       0x10 /home/mustafa/opt/gcc-arm-none-eabi-9-2019-q4-major/bin/../lib/gcc/arm-none-eabi/9.2.1/../../../../arm-none-eabi/lib/libg.a(lib_a-vfprintf.o)
 .rodata.zeroes.7361
                0x000000006003badc       0x10 /home/mustafa/opt/gcc-arm-none-eabi-9-2019-q4-major/bin/../lib/gcc/arm-none-eabi/9.2.1/../../../../arm-none-eabi/lib/libg.a(lib_a-vfprintf.o)
 .rodata._dtoa_r.str1.4
                0x000000006003baec        0xd /home/mustafa/opt/gcc-arm-none-eabi-9-2019-q4-major/bin/../lib/gcc/arm-none-eabi/9.2.1/../../../../arm-none-eabi/lib/libg.a(lib_a-dtoa.o)
                                         0x12 (size before relaxing)
 *fill*         0x000000006003baf9        0x7 
 .rodata.__mprec_bigtens
                0x000000006003bb00       0x28 /home/mustafa/opt/gcc-arm-none-eabi-9-2019-q4-major/bin/../lib/gcc/arm-none-eabi/9.2.1/../../../../arm-none-eabi/lib/libg.a(lib_a-mprec.o)
                0x000000006003bb00                __mprec_bigtens
 .rodata.__mprec_tens
                0x000000006003bb28       0xc8 /home/mustafa/opt/gcc-arm-none-eabi-9-2019-q4-major/bin/../lib/gcc/arm-none-eabi/9.2.1/../../../../arm-none-eabi/lib/libg.a(lib_a-mprec.o)
                0x000000006003bb28                __mprec_tens
 .rodata.__mprec_tinytens
                0x000000006003bbf0       0x28 /home/mustafa/opt/gcc-arm-none-eabi-9-2019-q4-major/bin/../lib/gcc/arm-none-eabi/9.2.1/../../../../arm-none-eabi/lib/libg.a(lib_a-mprec.o)
                0x000000006003bbf0                __mprec_tinytens
 .rodata.p05.6115
                0x000000006003bc18        0xc /home/mustafa/opt/gcc-arm-none-eabi-9-2019-q4-major/bin/../lib/gcc/arm-none-eabi/9.2.1/../../../../arm-none-eabi/lib/libg.a(lib_a-mprec.o)
 .rodata.basefix.6916
                0x000000006003bc24       0x22 /home/mustafa/opt/gcc-arm-none-eabi-9-2019-q4-major/bin/../lib/gcc/arm-none-eabi/9.2.1/../../../../arm-none-eabi/lib/libg.a(lib_a-svfiscanf.o)
 .rodata._vfiprintf_r.str1.4
                0x000000006003bc46       0x2f /home/mustafa/opt/gcc-arm-none-eabi-9-2019-q4-major/bin/../lib/gcc/arm-none-eabi/9.2.1/../../../../arm-none-eabi/lib/libg.a(lib_a-vfiprintf.o)
 *fill*         0x000000006003bc46        0x2 
 .rodata.blanks.7338
                0x000000006003bc48       0x10 /home/mustafa/opt/gcc-arm-none-eabi-9-2019-q4-major/bin/../lib/gcc/arm-none-eabi/9.2.1/../../../../arm-none-eabi/lib/libg.a(lib_a-vfiprintf.o)
 .rodata.zeroes.7339
                0x000000006003bc58       0x10 /home/mustafa/opt/gcc-arm-none-eabi-9-2019-q4-major/bin/../lib/gcc/arm-none-eabi/9.2.1/../../../../arm-none-eabi/lib/libg.a(lib_a-vfiprintf.o)
 .rodata._ctype_
                0x000000006003bc68      0x101 /home/mustafa/opt/gcc-arm-none-eabi-9-2019-q4-major/bin/../lib/gcc/arm-none-eabi/9.2.1/../../../../arm-none-eabi/lib/libg.a(lib_a-ctype_.o)
                0x000000006003bc68                _ctype_
 *fill*         0x000000006003bd69        0x3 
 .rodata._setlocale_r.str1.4
                0x000000006003bd6c        0xa /home/mustafa/opt/gcc-arm-none-eabi-9-2019-q4-major/bin/../lib/gcc/arm-none-eabi/9.2.1/../../../../arm-none-eabi/lib/libg.a(lib_a-locale.o)