Archive member included to satisfy reference by file (symbol)

/home/mustafa/arm-gnu-toolchain-13.2.rel1-x86_64-arm-none-eabi/arm-gnu-toolchain-13.2.Rel1-x86_64-arm-none-eabi/bin/../lib/gcc/arm-none-eabi/13.2.1/thumb/v7-a/nofp/libgcc.a(_udivsi3.o)
                              obj/ff.o (__aeabi_uidiv)
/home/mustafa/arm-gnu-toolchain-13.2.rel1-x86_64-arm-none-eabi/arm-gnu-toolchain-13.2.Rel1-x86_64-arm-none-eabi/bin/../lib/gcc/arm-none-eabi/13.2.1/thumb/v7-a/nofp/libgcc.a(_dvmd_tls.o)
                              /home/mustafa/arm-gnu-toolchain-13.2.rel1-x86_64-arm-none-eabi/arm-gnu-toolchain-13.2.Rel1-x86_64-arm-none-eabi/bin/../lib/gcc/arm-none-eabi/13.2.1/thumb/v7-a/nofp/libgcc.a(_udivsi3.o) (__aeabi_idiv0)
/home/mustafa/arm-gnu-toolchain-13.2.rel1-x86_64-arm-none-eabi/arm-gnu-toolchain-13.2.Rel1-x86_64-arm-none-eabi/bin/../lib/gcc/arm-none-eabi/13.2.1/../../../../arm-none-eabi/lib/thumb/v7-a/nofp/libg.a(libc_a-exit.o)
                              obj/syscall.o (exit)
/home/mustafa/arm-gnu-toolchain-13.2.rel1-x86_64-arm-none-eabi/arm-gnu-toolchain-13.2.Rel1-x86_64-arm-none-eabi/bin/../lib/gcc/arm-none-eabi/13.2.1/../../../../arm-none-eabi/lib/thumb/v7-a/nofp/libg.a(libc_a-asctime.o)
                              obj/sp804.o (asctime)
/home/mustafa/arm-gnu-toolchain-13.2.rel1-x86_64-arm-none-eabi/arm-gnu-toolchain-13.2.Rel1-x86_64-arm-none-eabi/bin/../lib/gcc/arm-none-eabi/13.2.1/../../../../arm-none-eabi/lib/thumb/v7-a/nofp/libg.a(libc_a-asctime_r.o)
                              /home/mustafa/arm-gnu-toolchain-13.2.rel1-x86_64-arm-none-eabi/arm-gnu-toolchain-13.2.Rel1-x86_64-arm-none-eabi/bin/../lib/gcc/arm-none-eabi/13.2.1/../../../../arm-none-eabi/lib/thumb/v7-a/nofp/libg.a(libc_a-asctime.o) (asctime_r)
/home/mustafa/arm-gnu-toolchain-13.2.rel1-x86_64-arm-none-eabi/arm-gnu-toolchain-13.2.Rel1-x86_64-arm-none-eabi/bin/../lib/gcc/arm-none-eabi/13.2.1/../../../../arm-none-eabi/lib/thumb/v7-a/nofp/libg.a(libc_a-gmtime.o)
                              obj/diskio.o (gmtime)
/home/mustafa/arm-gnu-toolchain-13.2.rel1-x86_64-arm-none-eabi/arm-gnu-toolchain-13.2.Rel1-x86_64-arm-none-eabi/bin/../lib/gcc/arm-none-eabi/13.2.1/../../../../arm-none-eabi/lib/thumb/v7-a/nofp/libg.a(libc_a-gmtime_r.o)
                              /home/mustafa/arm-gnu-toolchain-13.2.rel1-x86_64-arm-none-eabi/arm-gnu-toolchain-13.2.Rel1-x86_64-arm-none-eabi/bin/../lib/gcc/arm-none-eabi/13.2.1/../../../../arm-none-eabi/lib/thumb/v7-a/nofp/libg.a(libc_a-gmtime.o) (gmtime_r)
/home/mustafa/arm-gnu-toolchain-13.2.rel1-x86_64-arm-none-eabi/arm-gnu-toolchain-13.2.Rel1-x86_64-arm-none-eabi/bin/../lib/gcc/arm-none-eabi/13.2.1/../../../../arm-none-eabi/lib/thumb/v7-a/nofp/libg.a(libc_a-lcltime.o)
                              obj/sp804.o (localtime)
/home/mustafa/arm-gnu-toolchain-13.2.rel1-x86_64-arm-none-eabi/arm-gnu-toolchain-13.2.Rel1-x86_64-arm-none-eabi/bin/../lib/gcc/arm-none-eabi/13.2.1/../../../../arm-none-eabi/lib/thumb/v7-a/nofp/libg.a(libc_a-lcltime_r.o)
                              /home/mustafa/arm-gnu-toolchain-13.2.rel1-x86_64-arm-none-eabi/arm-gnu-toolchain-13.2.Rel1-x86_64-arm-none-eabi/bin/../lib/gcc/arm-none-eabi/13.2.1/../../../../arm-none-eabi/lib/thumb/v7-a/nofp/libg.a(libc_a-lcltime.o) (localtime_r)
/home/mustafa/arm-gnu-toolchain-13.2.rel1-x86_64-arm-none-eabi/arm-gnu-toolchain-13.2.Rel1-x86_64-arm-none-eabi/bin/../lib/gcc/arm-none-eabi/13.2.1/../../../../arm-none-eabi/lib/thumb/v7-a/nofp/libg.a(libc_a-month_lengths.o)
                              /home/mustafa/arm-gnu-toolchain-13.2.rel1-x86_64-arm-none-eabi/arm-gnu-toolchain-13.2.Rel1-x86_64-arm-none-eabi/bin/../lib/gcc/arm-none-eabi/13.2.1/../../../../arm-none-eabi/lib/thumb/v7-a/nofp/libg.a(libc_a-lcltime_r.o) (__month_lengths)
/home/mustafa/arm-gnu-toolchain-13.2.rel1-x86_64-arm-none-eabi/arm-gnu-toolchain-13.2.Rel1-x86_64-arm-none-eabi/bin/../lib/gcc/arm-none-eabi/13.2.1/../../../../arm-none-eabi/lib/thumb/v7-a/nofp/libg.a(libc_a-siprintf.o)
                              /home/mustafa/arm-gnu-toolchain-13.2.rel1-x86_64-arm-none-eabi/arm-gnu-toolchain-13.2.Rel1-x86_64-arm-none-eabi/bin/../lib/gcc/arm-none-eabi/13.2.1/../../../../arm-none-eabi/lib/thumb/v7-a/nofp/libg.a(libc_a-asctime_r.o) (siprintf)
/home/mustafa/arm-gnu-toolchain-13.2.rel1-x86_64-arm-none-eabi/arm-gnu-toolchain-13.2.Rel1-x86_64-arm-none-eabi/bin/../lib/gcc/arm-none-eabi/13.2.1/../../../../arm-none-eabi/lib/thumb/v7-a/nofp/libg.a(libc_a-errno.o)
                              obj/syscall.o (__errno)
/home/mustafa/arm-gnu-toolchain-13.2.rel1-x86_64-arm-none-eabi/arm-gnu-toolchain-13.2.Rel1-x86_64-arm-none-eabi/bin/../lib/gcc/arm-none-eabi/13.2.1/../../../../arm-none-eabi/lib/thumb/v7-a/nofp/libg.a(libc_a-svfiprintf.o)
                              /home/mustafa/arm-gnu-toolchain-13.2.rel1-x86_64-arm-none-eabi/arm-gnu-toolchain-13.2.Rel1-x86_64-arm-none-eabi/bin/../lib/gcc/arm-none-eabi/13.2.1/../../../../arm-none-eabi/lib/thumb/v7-a/nofp/libg.a(libc_a-siprintf.o) (_svfiprintf_r)
[...]
Memory Configuration

Name             Origin             Length             Attributes
RAM              0x60000000         0x06400000         xrw
*default*        0x00000000         0xffffffff

Linker script and memory map

LOAD /home/mustafa/arm-gnu-toolchain-13.2.rel1-x86_64-arm-none-eabi/arm-gnu-toolchain-13.2.Rel1-x86_64-arm-none-eabi/bin/../lib/gcc/arm-none-eabi/13.2.1/../../../../arm-none-eabi/lib/thumb/v7-a/nofp/libc.a
LOAD obj/startup.o
LOAD obj/diskio.o
LOAD obj/ff.o
LOAD obj/ffsystem.o
LOAD obj/ffunicode.o
LOAD obj/gic.o
LOAD obj/interrupt.o
LOAD obj/kernel.o
LOAD obj/pl011.o
LOAD obj/pl031.o
LOAD obj/pl041.o
LOAD obj/pl050.o
LOAD obj/pl111.o
LOAD obj/pl181.o
LOAD obj/sp804.o
LOAD obj/syscall.o
LOAD obj/ugui.o
START GROUP
LOAD /home/mustafa/arm-gnu-toolchain-13.2.rel1-x86_64-arm-none-eabi/arm-gnu-toolchain-13.2.Rel1-x86_64-arm-none-eabi/bin/../lib/gcc/arm-none-eabi/13.2.1/thumb/v7-a/nofp/libgcc.a
LOAD /home/mustafa/arm-gnu-toolchain-13.2.rel1-x86_64-arm-none-eabi/arm-gnu-toolchain-13.2.Rel1-x86_64-arm-none-eabi/bin/../lib/gcc/arm-none-eabi/13.2.1/../../../../arm-none-eabi/lib/thumb/v7-a/nofp/libg.a
LOAD /home/mustafa/arm-gnu-toolchain-13.2.rel1-x86_64-arm-none-eabi/arm-gnu-toolchain-13.2.Rel1-x86_64-arm-none-eabi/bin/../lib/gcc/arm-none-eabi/13.2.1/../../../../arm-none-eabi/lib/thumb/v7-a/nofp/libc.a
END GROUP
START GROUP
LOAD /home/mustafa/arm-gnu-toolchain-13.2.rel1-x86_64-arm-none-eabi/arm-gnu-toolchain-13.2.Rel1-x86_64-arm-none-eabi/bin/../lib/gcc/arm-none-eabi/13.2.1/thumb/v7-a/nofp/libgcc.a
LOAD /home/mustafa/arm-gnu-toolchain-13.2.rel1-x86_64-arm-none-eabi/arm-gnu-toolchain-13.2.Rel1-x86_64-arm-none-eabi/bin/../lib/gcc/arm-none-eabi/13.2.1/../../../../arm-none-eabi/lib/thumb/v7-a/nofp/libc.a
LOAD /home/mustafa/arm-gnu-toolchain-13.2.rel1-x86_64-arm-none-eabi/arm-gnu-toolchain-13.2.Rel1-x86_64-arm-none-eabi/bin/../lib/gcc/arm-none-eabi/13.2.1/../../../../arm-none-eabi/lib/thumb/v7-a/nofp/libnosys.a
END GROUP
                0x00a00000                        heap_size = 0xa00000

.text           0x60000000    0x560ec
                0x60000000                        . = ALIGN (0x4)
 *(.isr_vector)
 .isr_vector    0x60000000       0x20 obj/startup.o
                0x60000000                _Reset
                0x60000020                        _start_text = .
 *(.text)
 .text          0x60000020       0x5c obj/startup.o
 .text          0x6000007c      0x2e8 obj/diskio.o
                0x6000007c                disk_status
                0x600000a4                disk_initialize
                0x600000cc                disk_read
                0x6000010c                disk_write
                0x6000014c                disk_ioctl
                0x600001bc                get_fattime
 .text          0x60000364     0x5220 obj/ff.o
                0x60003078                f_mount
                0x60003158                f_open
                0x60003664                f_read
                0x60003abc                f_write
                0x60003fd8                f_sync
                0x6000418c                f_close
                0x600041fc                f_lseek
                0x6000466c                f_opendir
                0x600047b0                f_closedir
                0x60004804                f_readdir
                0x600048dc                f_stat
                0x60004988                f_getfree
                0x60004c0c                f_truncate
                0x60004e2c                f_unlink
                0x60004ffc                f_mkdir
                0x60005278                f_rename
 .text          0x60005584        0x0 obj/ffsystem.o
 .text          0x60005584        0x0 obj/ffunicode.o
 .text          0x60005584      0xb84 obj/gic.o
                0x60005584                GIC_EnableDistributor
                0x600055b8                GIC_DisableDistributor
                0x600055ec                GIC_DistributorInfo
                0x60005610                GIC_DistributorImplementer
                0x60005634                GIC_SetTarget
                0x600056a4                GIC_SetICDICFR
                0x6000572c                GIC_GetTarget
                0x60005790                GIC_EnableInterface
                0x600057c4                GIC_DisableInterface
                0x600057f8                GIC_AcknowledgePending
                0x60005820                GIC_EndInterrupt
                0x60005854                GIC_EnableIRQ
                0x600058a4                GIC_DisableIRQ
                0x600058f4                GIC_SetPendingIRQ
                0x60005944                GIC_ClearPendingIRQ
                0x60005994                GIC_SetLevelModel
                0x60005aa8                GIC_SetPriority
                0x60005b10                GIC_GetPriority
                0x60005b70                GIC_InterfacePriorityMask
                0x60005ba4                GIC_SetBinaryPoint
                0x60005bd8                GIC_GetBinaryPoint
                0x60005c04                GIC_GetIRQStatus
                0x60005c98                GIC_SendSGI
                0x60005cf8                GIC_DistInit
                0x60006060                GIC_CPUInterfaceInit
                0x600060f0                GIC_Enable
 .text          0x60006108      0x154 obj/interrupt.o
                0x60006108                install_isr
                0x60006144                c_svc
                0x60006164                c_fiq
                0x60006188                c_irq
                0x60006218                enable_irq
                0x60006244                interrupt_init
 .text          0x6000625c      0x294 obj/kernel.o
                0x6000625c                main
 .text          0x600064f0       0x50 obj/pl011.o
                0x600064f0                uart_putc
 .text          0x60006540       0x24 obj/pl031.o
                0x60006540                read_rtc
 .text          0x60006564      0x45c obj/pl041.o
                0x60006564                aaci_delay
                0x600065b8                aaci_init
                0x60006614                aaci_config_channel
                0x60006648                aaci_enable_channel
                0x60006674                aaci_write_channel
                0x6000670c                aaci_disable_channel
                0x60006738                ac97_reset
                0x60006780                ac97_write
                0x600067e8                ac97_select
                0x60006810                ac97_set_volume
                0x600068a0                ac97_set_rate
                0x600068d0                aaci_test_sound
                0x600068fc                aaci_test_wavfile
 .text          0x600069c0       0xb8 obj/pl050.o
                0x600069c0                kb_handler
                0x60006a30                kb_init
 .text          0x60006a78      0x174 obj/pl111.o
                0x60006ad0                pdraw
                0x60006b10                clcd_init
 .text          0x60006bec      0x638 obj/pl181.o
                0x60006bec                sd_send_cmd
                0x60006c44                sd_handler
                0x60006e98                sd_init
                0x60006f94                sd_read
                0x6000705c                sd_write
                0x60007124                sd_test_read
 .text          0x60007224      0x140 obj/sp804.o
                0x60007224                timer_handler
                0x600072b0                timer_init
 .text          0x60007364      0x244 obj/syscall.o
                0x60007364                _exit
                0x6000737c                _write
                0x600073e4                _start
                0x600073f8                _fini
                0x6000741c                _sbrk
                0x600074e0                _close
                0x60007504                _read
                0x60007530                _lseek
                0x6000755c                _fstat
                0x60007584                _isatty
 .text          0x600075a8     0x82b4 obj/ugui.o
                0x600075a8                UG_Init
                0x60007788                UG_SelectGUI
                0x600077bc                UG_FontSelect
                0x60007824                UG_FillScreen
                0x60007898                UG_FillFrame
                0x60007a10                UG_FillRoundFrame
                0x60007e28                UG_DrawMesh
                0x60007f3c                UG_DrawFrame
                0x60008004                UG_DrawRoundFrame
                0x600082b8                UG_DrawPixel
                0x60008304                UG_DrawCircle
                0x60008644                UG_FillCircle
                0x60008934                UG_DrawArc
                0x60008d04                UG_DrawLine
                0x60009040                UG_PutString
                0x600091d0                UG_PutChar
                0x6000953c                UG_ConsolePutString
                0x60009810                UG_ConsoleSetArea
                0x600098ac                UG_ConsoleSetForecolor
                0x600098e0                UG_ConsoleSetBackcolor
                0x60009914                UG_SetForecolor
                0x60009948                UG_SetBackcolor
                0x6000997c                UG_GetXDim
                0x600099a4                UG_GetYDim
                0x600099cc                UG_FontSetHSpace
                0x60009a08                UG_FontSetVSpace
                0x60009a44                _UG_PutText
                0x6000a0cc                _UG_GetFreeObject
                0x6000a170                _UG_SearchObject
                0x6000a24c                _UG_DeleteObject
                0x6000a334                _UG_ProcessTouchData
                0x6000a5a8                _UG_UpdateObjects
                0x6000a6b0                _UG_HandleEvents
                0x6000a7d0                _UG_DrawObjectFrame
                0x6000abf0                UG_DriverRegister
                0x6000ac70                UG_DriverEnable
                0x6000ad1c                UG_DriverDisable
                0x6000adc8                UG_Update
                0x6000b090                UG_WaitForUpdate
                0x6000b0f4                UG_DrawBMP
                0x6000b2a0                UG_TouchUpdate
                0x6000b310                UG_WindowCreate
                0x6000b4f4                UG_WindowDelete
                0x6000b5d0                UG_WindowShow
                0x6000b64c                UG_WindowHide
                0x6000b7fc                UG_WindowResize
                0x6000bb18                UG_WindowAlert
                0x6000bb90                UG_WindowSetForeColor
                0x6000bc04                UG_WindowSetBackColor
                0x6000bc78                UG_WindowSetTitleTextColor
                0x6000bcec                UG_WindowSetTitleColor
                0x6000bd60                UG_WindowSetTitleInactiveTextColor
                0x6000bdd4                UG_WindowSetTitleInactiveColor
                0x6000be48                UG_WindowSetTitleText
                0x6000bebc                UG_WindowSetTitleTextFont
                0x6000bf84                UG_WindowSetTitleTextHSpace
                0x6000bffc                UG_WindowSetTitleTextVSpace
                0x6000c074                UG_WindowSetTitleTextAlignment
                0x6000c0ec                UG_WindowSetTitleHeight
                0x6000c17c                UG_WindowSetXStart
                0x6000c21c                UG_WindowSetYStart
                0x6000c2bc                UG_WindowSetXEnd
                0x6000c35c                UG_WindowSetYEnd
                0x6000c3fc                UG_WindowSetStyle
                0x6000c4f0                UG_WindowGetForeColor
                0x6000c548                UG_WindowGetBackColor
                0x6000c5a0                UG_WindowGetTitleTextColor
                0x6000c5f8                UG_WindowGetTitleColor
                0x6000c650                UG_WindowGetTitleInactiveTextColor
                0x6000c6a8                UG_WindowGetTitleInactiveColor
                0x6000c700                UG_WindowGetTitleText
                0x6000c758                UG_WindowGetTitleTextFont
                0x6000c7b0                UG_WindowGetTitleTextHSpace
                0x6000c808                UG_WindowGetTitleTextVSpace
                0x6000c860                UG_WindowGetTitleTextAlignment
                0x6000c8b8                UG_WindowGetTitleHeight
                0x6000c910                UG_WindowGetXStart
                0x6000c968                UG_WindowGetYStart
                0x6000c9c0                UG_WindowGetXEnd
                0x6000ca18                UG_WindowGetYEnd
                0x6000ca70                UG_WindowGetStyle
                0x6000cac8                UG_WindowGetArea
                0x6000cc30                UG_WindowGetInnerWidth
                0x6000ccd8                UG_WindowGetOuterWidth
                0x6000cd5c                UG_WindowGetInnerHeight
                0x6000ce30                UG_WindowGetOuterHeight
                0x6000ceb4                _UG_WindowDrawTitle
                0x6000d0f8                _UG_WindowUpdate
                0x6000d36c                _UG_WindowClear
                0x6000d4a4                UG_ButtonCreate
                0x6000d658                UG_ButtonDelete
                0x6000d694                UG_ButtonShow
                0x6000d720                UG_ButtonHide
                0x6000d7f0                UG_ButtonSetForeColor
                0x6000d888                UG_ButtonSetBackColor
                0x6000d920                UG_ButtonSetAlternateForeColor
                0x6000d9b8                UG_ButtonSetAlternateBackColor
                0x6000da50                UG_ButtonSetText
                0x6000dae8                UG_ButtonSetFont
                0x6000db80                UG_ButtonSetStyle
                0x6000dcf4                UG_ButtonGetForeColor
                0x6000dd70                UG_ButtonGetBackColor
                0x6000ddec                UG_ButtonGetAlternateForeColor
                0x6000de68                UG_ButtonGetAlternateBackColor
                0x6000dee4                UG_ButtonGetText
                0x6000df60                UG_ButtonGetFont
                0x6000dfdc                UG_ButtonGetStyle
                0x6000e058                _UG_ButtonUpdate
                0x6000e5e4                UG_TextboxCreate
                0x6000e784                UG_TextboxDelete
                0x6000e7c0                UG_TextboxShow
                0x6000e84c                UG_TextboxHide
                0x6000e8d8                UG_TextboxSetForeColor
                0x6000e970                UG_TextboxSetBackColor
                0x6000ea08                UG_TextboxSetText
                0x6000eaa0                UG_TextboxSetFont
                0x6000eb38                UG_TextboxSetHSpace
                0x6000ebd4                UG_TextboxSetVSpace
                0x6000ec70                UG_TextboxSetAlignment
                0x6000ed0c                UG_TextboxGetForeColor
                0x6000ed88                UG_TextboxGetBackColor
                0x6000ee04                UG_TextboxGetText
                0x6000ee80                UG_TextboxGetFont
                0x6000eefc                UG_TextboxGetHSpace
                0x6000ef78                UG_TextboxGetVSpace
                0x6000eff4                UG_TextboxGetAlignment
                0x6000f070                _UG_TextboxUpdate
                0x6000f2ec                UG_ImageCreate
                0x6000f43c                UG_ImageDelete
                0x6000f478                UG_ImageShow
                0x6000f504                UG_ImageHide
                0x6000f590                UG_ImageSetBMP
                0x6000f634                _UG_ImageUpdate
 *fill*         0x6000f85c        0x4 
 .text          0x6000f860      0x278 /home/mustafa/arm-gnu-toolchain-13.2.rel1-x86_64-arm-none-eabi/arm-gnu-toolchain-13.2.Rel1-x86_64-arm-none-eabi/bin/../lib/gcc/arm-none-eabi/13.2.1/thumb/v7-a/nofp/libgcc.a(_udivsi3.o)
                0x6000f860                __udivsi3
                0x6000f860                __aeabi_uidiv
                0x6000fabc                __aeabi_uidivmod
 .text          0x6000fad8        0x4 /home/mustafa/arm-gnu-toolchain-13.2.rel1-x86_64-arm-none-eabi/arm-gnu-toolchain-13.2.Rel1-x86_64-arm-none-eabi/bin/../lib/gcc/arm-none-eabi/13.2.1/thumb/v7-a/nofp/libgcc.a(_dvmd_tls.o)
                0x6000fad8                __aeabi_ldiv0
                0x6000fad8                __aeabi_idiv0
 .text          0x6000fadc        0x0 /home/mustafa/arm-gnu-toolchain-13.2.rel1-x86_64-arm-none-eabi/arm-gnu-toolchain-13.2.Rel1-x86_64-arm-none-eabi/bin/../lib/gcc/arm-none-eabi/13.2.1/../../../../arm-none-eabi/lib/thumb/v7-a/nofp/libg.a(libc_a-exit.o)
 .text          0x6000fadc        0x0 /home/mustafa/arm-gnu-toolchain-13.2.rel1-x86_64-arm-none-eabi/arm-gnu-toolchain-13.2.Rel1-x86_64-arm-none-eabi/bin/../lib/gcc/arm-none-eabi/13.2.1/../../../../arm-none-eabi/lib/thumb/v7-a/nofp/libg.a(libc_a-asctime.o)
 .text          0x6000fadc        0x0 /home/mustafa/arm-gnu-toolchain-13.2.rel1-x86_64-arm-none-eabi/arm-gnu-toolchain-13.2.Rel1-x86_64-arm-none-eabi/bin/../lib/gcc/arm-none-eabi/13.2.1/../../../../arm-none-eabi/lib/thumb/v7-a/nofp/libg.a(libc_a-asctime_r.o)
 .text          0x6000fadc        0x0 /home/mustafa/arm-gnu-toolchain-13.2.rel1-x86_64-arm-none-eabi/arm-gnu-toolchain-13.2.Rel1-x86_64-arm-none-eabi/bin/../lib/gcc/arm-none-eabi/13.2.1/../../../../arm-none-eabi/lib/thumb/v7-a/nofp/libg.a(libc_a-gmtime.o)
 .text          0x6000fadc        0x0 /home/mustafa/arm-gnu-toolchain-13.2.rel1-x86_64-arm-none-eabi/arm-gnu-toolchain-13.2.Rel1-x86_64-arm-none-eabi/bin/../lib/gcc/arm-none-eabi/13.2.1/../../../../arm-none-eabi/lib/thumb/v7-a/nofp/libg.a(libc_a-gmtime_r.o)
 .text          0x6000fadc        0x0 /home/mustafa/arm-gnu-toolchain-13.2.rel1-x86_64-arm-none-eabi/arm-gnu-toolchain-13.2.Rel1-x86_64-arm-none-eabi/bin/../lib/gcc/arm-none-eabi/13.2.1/../../../../arm-none-eabi/lib/thumb/v7-a/nofp/libg.a(libc_a-lcltime.o)
 .text          0x6000fadc        0x0 /home/mustafa/arm-gnu-toolchain-13.2.rel1-x86_64-arm-none-eabi/arm-gnu-toolchain-13.2.Rel1-x86_64-arm-none-eabi/bin/../lib/gcc/arm-none-eabi/13.2.1/../../../../arm-none-eabi/lib/thumb/v7-a/nofp/libg.a(libc_a-lcltime_r.o)
 .text          0x6000fadc        0x0 /home/mustafa/arm-gnu-toolchain-13.2.rel1-x86_64-arm-none-eabi/arm-gnu-toolchain-13.2.Rel1-x86_64-arm-none-eabi/bin/../lib/gcc/arm-none-eabi/13.2.1/../../../../arm-none-eabi/lib/thumb/v7-a/nofp/libg.a(libc_a-month_lengths.o)
 .text          0x6000fadc        0x0 /home/mustafa/arm-gnu-toolchain-13.2.rel1-x86_64-arm-none-eabi/arm-gnu-toolchain-13.2.Rel1-x86_64-arm-none-eabi/bin/../lib/gcc/arm-none-eabi/13.2.1/../../../../arm-none-eabi/lib/thumb/v7-a/nofp/libg.a(libc_a-siprintf.o)
 .text          0x6000fadc        0x0 /home/mustafa/arm-gnu-toolchain-13.2.rel1-x86_64-arm-none-eabi/arm-gnu-toolchain-13.2.Rel1-x86_64-arm-none-eabi/bin/../lib/gcc/arm-none-eabi/13.2.1/../../../../arm-none-eabi/lib/thumb/v7-a/nofp/libg.a(libc_a-errno.o)
 .text          0x6000fadc        0x0 /home/mustafa/arm-gnu-toolchain-13.2.rel1-x86_64-arm-none-eabi/arm-gnu-toolchain-13.2.Rel1-x86_64-arm-none-eabi/bin/../lib/gcc/arm-none-eabi/13.2.1/../../../../arm-none-eabi/lib/thumb/v7-a/nofp/libg.a(libc_a-svfiprintf.o)
 .text          0x6000fadc        0x0 /home/mustafa/arm-gnu-toolchain-13.2.rel1-x86_64-arm-none-eabi/arm-gnu-toolchain-13.2.Rel1-x86_64-arm-none-eabi/bin/../lib/gcc/arm-none-eabi/13.2.1/../../../../arm-none-eabi/lib/thumb/v7-a/nofp/libg.a(libc_a-tzcalc_limits.o)
 .text          0x6000fadc        0x0 /home/mustafa/arm-gnu-toolchain-13.2.rel1-x86_64-arm-none-eabi/arm-gnu-toolchain-13.2.Rel1-x86_64-arm-none-eabi/bin/../lib/gcc/arm-none-eabi/13.2.1/../../../../arm-none-eabi/lib/thumb/v7-a/nofp/libg.a(libc_a-tzlock.o)
 .text          0x6000fadc        0x0 /home/mustafa/arm-gnu-toolchain-13.2.rel1-x86_64-arm-none-eabi/arm-gnu-toolchain-13.2.Rel1-x86_64-arm-none-eabi/bin/../lib/gcc/arm-none-eabi/13.2.1/../../../../arm-none-eabi/lib/thumb/v7-a/nofp/libg.a(libc_a-malloc.o)
 .text          0x6000fadc        0x0 /home/mustafa/arm-gnu-toolchain-13.2.rel1-x86_64-arm-none-eabi/arm-gnu-toolchain-13.2.Rel1-x86_64-arm-none-eabi/bin/../lib/gcc/arm-none-eabi/13.2.1/../../../../arm-none-eabi/lib/thumb/v7-a/nofp/libg.a(libc_a-mallocr.o)
 .text          0x6000fadc        0x0 /home/mustafa/arm-gnu-toolchain-13.2.rel1-x86_64-arm-none-eabi/arm-gnu-toolchain-13.2.Rel1-x86_64-arm-none-eabi/bin/../lib/gcc/arm-none-eabi/13.2.1/../../../../arm-none-eabi/lib/thumb/v7-a/nofp/libg.a(libc_a-__call_atexit.o)
 .text          0x6000fadc        0x0 /home/mustafa/arm-gnu-toolchain-13.2.rel1-x86_64-arm-none-eabi/arm-gnu-toolchain-13.2.Rel1-x86_64-arm-none-eabi/bin/../lib/gcc/arm-none-eabi/13.2.1/../../../../arm-none-eabi/lib/thumb/v7-a/nofp/libg.a(libc_a-memcmp.o)
 .text          0x6000fadc        0x0 /home/mustafa/arm-gnu-toolchain-13.2.rel1-x86_64-arm-none-eabi/arm-gnu-toolchain-13.2.Rel1-x86_64-arm-none-eabi/bin/../lib/gcc/arm-none-eabi/13.2.1/../../../../arm-none-eabi/lib/thumb/v7-a/nofp/libg.a(libc_a-memmove.o)
 .text          0x6000fadc        0x0 /home/mustafa/arm-gnu-toolchain-13.2.rel1-x86_64-arm-none-eabi/arm-gnu-toolchain-13.2.Rel1-x86_64-arm-none-eabi/bin/../lib/gcc/arm-none-eabi/13.2.1/../../../../arm-none-eabi/lib/thumb/v7-a/nofp/libg.a(libc_a-memset.o)
 .text          0x6000fadc        0x0 /home/mustafa/arm-gnu-toolchain-13.2.rel1-x86_64-arm-none-eabi/arm-gnu-toolchain-13.2.Rel1-x86_64-arm-none-eabi/bin/../lib/gcc/arm-none-eabi/13.2.1/../../../../arm-none-eabi/lib/thumb/v7-a/nofp/libg.a(libc_a-wcrtomb.o)
 .text          0x6000fadc        0x0 /home/mustafa/arm-gnu-toolchain-13.2.rel1-x86_64-arm-none-eabi/arm-gnu-toolchain-13.2.Rel1-x86_64-arm-none-eabi/bin/../lib/gcc/arm-none-eabi/13.2.1/../../../../arm-none-eabi/lib/thumb/v7-a/nofp/libg.a(libc_a-tzset.o)
 .text          0x6000fadc        0x0 /home/mustafa/arm-gnu-toolchain-13.2.rel1-x86_64-arm-none-eabi/arm-gnu-toolchain-13.2.Rel1-x86_64-arm-none-eabi/bin/../lib/gcc/arm-none-eabi/13.2.1/../../../../arm-none-eabi/lib/thumb/v7-a/nofp/libg.a(libc_a-tzset_r.o)
 .text          0x6000fadc        0x0 /home/mustafa/arm-gnu-toolchain-13.2.rel1-x86_64-arm-none-eabi/arm-gnu-toolchain-13.2.Rel1-x86_64-arm-none-eabi/bin/../lib/gcc/arm-none-eabi/13.2.1/../../../../arm-none-eabi/lib/thumb/v7-a/nofp/libg.a(libc_a-tzvars.o)
 .text          0x6000fadc        0x0 /home/mustafa/arm-gnu-toolchain-13.2.rel1-x86_64-arm-none-eabi/arm-gnu-toolchain-13.2.Rel1-x86_64-arm-none-eabi/bin/../lib/gcc/arm-none-eabi/13.2.1/../../../../arm-none-eabi/lib/thumb/v7-a/nofp/libg.a(libc_a-fini.o)
 .text          0x6000fadc        0x0 /home/mustafa/arm-gnu-toolchain-13.2.rel1-x86_64-arm-none-eabi/arm-gnu-toolchain-13.2.Rel1-x86_64-arm-none-eabi/bin/../lib/gcc/arm-none-eabi/13.2.1/../../../../arm-none-eabi/lib/thumb/v7-a/nofp/libg.a(libc_a-lock.o)
 .text          0x6000fadc        0x0 /home/mustafa/arm-gnu-toolchain-13.2.rel1-x86_64-arm-none-eabi/arm-gnu-toolchain-13.2.Rel1-x86_64-arm-none-eabi/bin/../lib/gcc/arm-none-eabi/13.2.1/../../../../arm-none-eabi/lib/thumb/v7-a/nofp/libg.a(libc_a-locale.o)
 .text          0x6000fadc        0x0 /home/mustafa/arm-gnu-toolchain-13.2.rel1-x86_64-arm-none-eabi/arm-gnu-toolchain-13.2.Rel1-x86_64-arm-none-eabi/bin/../lib/gcc/arm-none-eabi/13.2.1/../../../../arm-none-eabi/lib/thumb/v7-a/nofp/libg.a(libc_a-localeconv.o)
 .text          0x6000fadc        0x0 /home/mustafa/arm-gnu-toolchain-13.2.rel1-x86_64-arm-none-eabi/arm-gnu-toolchain-13.2.Rel1-x86_64-arm-none-eabi/bin/../lib/gcc/arm-none-eabi/13.2.1/../../../../arm-none-eabi/lib/thumb/v7-a/nofp/libg.a(libc_a-sysconf.o)
 *fill*         0x6000fadc        0x4 
 .text          0x6000fae0      0x2e0 /home/mustafa/arm-gnu-toolchain-13.2.rel1-x86_64-arm-none-eabi/arm-gnu-toolchain-13.2.Rel1-x86_64-arm-none-eabi/bin/../lib/gcc/arm-none-eabi/13.2.1/../../../../arm-none-eabi/lib/thumb/v7-a/nofp/libg.a(libc_a-strcmp.o)
                0x6000fae0                strcmp
 .text          0x6000fdc0        0x0 /home/mustafa/arm-gnu-toolchain-13.2.rel1-x86_64-arm-none-eabi/arm-gnu-toolchain-13.2.Rel1-x86_64-arm-none-eabi/bin/../lib/gcc/arm-none-eabi/13.2.1/../../../../arm-none-eabi/lib/thumb/v7-a/nofp/libg.a(libc_a-printf.o)
 .text          0x6000fdc0        0x0 /home/mustafa/arm-gnu-toolchain-13.2.rel1-x86_64-arm-none-eabi/arm-gnu-toolchain-13.2.Rel1-x86_64-arm-none-eabi/bin/../lib/gcc/arm-none-eabi/13.2.1/../../../../arm-none-eabi/lib/thumb/v7-a/nofp/libg.a(libc_a-strcpy.o)
 .text          0x6000fdc0        0x0 /home/mustafa/arm-gnu-toolchain-13.2.rel1-x86_64-arm-none-eabi/arm-gnu-toolchain-13.2.Rel1-x86_64-arm-none-eabi/bin/../lib/gcc/arm-none-eabi/13.2.1/../../../../arm-none-eabi/lib/thumb/v7-a/nofp/libg.a(libc_a-putchar.o)
 .text          0x6000fdc0        0x0 /home/mustafa/arm-gnu-toolchain-13.2.rel1-x86_64-arm-none-eabi/arm-gnu-toolchain-13.2.Rel1-x86_64-arm-none-eabi/bin/../lib/gcc/arm-none-eabi/13.2.1/../../../../arm-none-eabi/lib/thumb/v7-a/nofp/libg.a(libc_a-puts.o)
 .text          0x6000fdc0        0x0 /home/mustafa/arm-gnu-toolchain-13.2.rel1-x86_64-arm-none-eabi/arm-gnu-toolchain-13.2.Rel1-x86_64-arm-none-eabi/bin/../lib/gcc/arm-none-eabi/13.2.1/../../../../arm-none-eabi/lib/thumb/v7-a/nofp/libg.a(libc_a-mlock.o)
 .text          0x6000fdc0        0x0 /home/mustafa/arm-gnu-toolchain-13.2.rel1-x86_64-arm-none-eabi/arm-gnu-toolchain-13.2.Rel1-x86_64-arm-none-eabi/bin/../lib/gcc/arm-none-eabi/13.2.1/../../../../arm-none-eabi/lib/thumb/v7-a/nofp/libg.a(libc_a-atexit.o)
 .text          0x6000fdc0        0x0 /home/mustafa/arm-gnu-toolchain-13.2.rel1-x86_64-arm-none-eabi/arm-gnu-toolchain-13.2.Rel1-x86_64-arm-none-eabi/bin/../lib/gcc/arm-none-eabi/13.2.1/../../../../arm-none-eabi/lib/thumb/v7-a/nofp/libg.a(libc_a-strchr.o)
 .text          0x6000fdc0        0x0 /home/mustafa/arm-gnu-toolchain-13.2.rel1-x86_64-arm-none-eabi/arm-gnu-toolchain-13.2.Rel1-x86_64-arm-none-eabi/bin/../lib/gcc/arm-none-eabi/13.2.1/../../../../arm-none-eabi/lib/thumb/v7-a/nofp/libg.a(libc_a-wcsrtombs.o)
 .text          0x6000fdc0        0x0 /home/mustafa/arm-gnu-toolchain-13.2.rel1-x86_64-arm-none-eabi/arm-gnu-toolchain-13.2.Rel1-x86_64-arm-none-eabi/bin/../lib/gcc/arm-none-eabi/13.2.1/../../../../arm-none-eabi/lib/thumb/v7-a/nofp/libg.a(libc_a-ctype_.o)
 .text          0x6000fdc0        0x0 /home/mustafa/arm-gnu-toolchain-13.2.rel1-x86_64-arm-none-eabi/arm-gnu-toolchain-13.2.Rel1-x86_64-arm-none-eabi/bin/../lib/gcc/arm-none-eabi/13.2.1/../../../../arm-none-eabi/lib/thumb/v7-a/nofp/libg.a(libc_a-impure.o)
 .text          0x6000fdc0        0x0 /home/mustafa/arm-gnu-toolchain-13.2.rel1-x86_64-arm-none-eabi/arm-gnu-toolchain-13.2.Rel1-x86_64-arm-none-eabi/bin/../lib/gcc/arm-none-eabi/13.2.1/../../../../arm-none-eabi/lib/thumb/v7-a/nofp/libg.a(libc_a-findfp.o)
 .text          0x6000fdc0       0xa0 /home/mustafa/arm-gnu-toolchain-13.2.rel1-x86_64-arm-none-eabi/arm-gnu-toolchain-13.2.Rel1-x86_64-arm-none-eabi/bin/../lib/gcc/arm-none-eabi/13.2.1/../../../../arm-none-eabi/lib/thumb/v7-a/nofp/libg.a(libc_a-memchr.o)
                0x6000fdc0                memchr
 *fill*         0x6000fe60       0x20 
 .text          0x6000fe80      0x420 /home/mustafa/arm-gnu-toolchain-13.2.rel1-x86_64-arm-none-eabi/arm-gnu-toolchain-13.2.Rel1-x86_64-arm-none-eabi/bin/../lib/gcc/arm-none-eabi/13.2.1/../../../../arm-none-eabi/lib/thumb/v7-a/nofp/libg.a(libc_a-memcpy.o)
                0x6000fe80                memcpy
 .text          0x600102a0        0x0 /home/mustafa/arm-gnu-toolchain-13.2.rel1-x86_64-arm-none-eabi/arm-gnu-toolchain-13.2.Rel1-x86_64-arm-none-eabi/bin/../lib/gcc/arm-none-eabi/13.2.1/../../../../arm-none-eabi/lib/thumb/v7-a/nofp/libg.a(libc_a-reallocr.o)
 .text          0x600102a0        0x0 /home/mustafa/arm-gnu-toolchain-13.2.rel1-x86_64-arm-none-eabi/arm-gnu-toolchain-13.2.Rel1-x86_64-arm-none-eabi/bin/../lib/gcc/arm-none-eabi/13.2.1/../../../../arm-none-eabi/lib/thumb/v7-a/nofp/libg.a(libc_a-strlcpy.o)
 .text          0x600102a0        0x0 /home/mustafa/arm-gnu-toolchain-13.2.rel1-x86_64-arm-none-eabi/arm-gnu-toolchain-13.2.Rel1-x86_64-arm-none-eabi/bin/../lib/gcc/arm-none-eabi/13.2.1/../../../../arm-none-eabi/lib/thumb/v7-a/nofp/libg.a(libc_a-freer.o)
 .text          0x600102a0        0x0 /home/mustafa/arm-gnu-toolchain-13.2.rel1-x86_64-arm-none-eabi/arm-gnu-toolchain-13.2.Rel1-x86_64-arm-none-eabi/bin/../lib/gcc/arm-none-eabi/13.2.1/../../../../arm-none-eabi/lib/thumb/v7-a/nofp/libg.a(libc_a-strtol.o)
 .text          0x600102a0        0x0 /home/mustafa/arm-gnu-toolchain-13.2.rel1-x86_64-arm-none-eabi/arm-gnu-toolchain-13.2.Rel1-x86_64-arm-none-eabi/bin/../lib/gcc/arm-none-eabi/13.2.1/../../../../arm-none-eabi/lib/thumb/v7-a/nofp/libg.a(libc_a-strtoul.o)
 .text          0x600102a0        0x0 /home/mustafa/arm-gnu-toolchain-13.2.rel1-x86_64-arm-none-eabi/arm-gnu-toolchain-13.2.Rel1-x86_64-arm-none-eabi/bin/../lib/gcc/arm-none-eabi/13.2.1/../../../../arm-none-eabi/lib/thumb/v7-a/nofp/libg.a(libc_a-strncasecmp.o)
 .text          0x600102a0        0x0 /home/mustafa/arm-gnu-toolchain-13.2.rel1-x86_64-arm-none-eabi/arm-gnu-toolchain-13.2.Rel1-x86_64-arm-none-eabi/bin/../lib/gcc/arm-none-eabi/13.2.1/../../../../arm-none-eabi/lib/thumb/v7-a/nofp/libg.a(libc_a-getenv_r.o)
 .text          0x600102a0        0x0 /home/mustafa/arm-gnu-toolchain-13.2.rel1-x86_64-arm-none-eabi/arm-gnu-toolchain-13.2.Rel1-x86_64-arm-none-eabi/bin/../lib/gcc/arm-none-eabi/13.2.1/../../../../arm-none-eabi/lib/thumb/v7-a/nofp/libg.a(libc_a-strncpy.o)
 .text          0x600102a0        0x0 /home/mustafa/arm-gnu-toolchain-13.2.rel1-x86_64-arm-none-eabi/arm-gnu-toolchain-13.2.Rel1-x86_64-arm-none-eabi/bin/../lib/gcc/arm-none-eabi/13.2.1/../../../../arm-none-eabi/lib/thumb/v7-a/nofp/libg.a(libc_a-gettzinfo.o)
 *fill*         0x600102a0       0x20 
 .text          0x600102c0       0xd8 /home/mustafa/arm-gnu-toolchain-13.2.rel1-x86_64-arm-none-eabi/arm-gnu-toolchain-13.2.Rel1-x86_64-arm-none-eabi/bin/../lib/gcc/arm-none-eabi/13.2.1/../../../../arm-none-eabi/lib/thumb/v7-a/nofp/libg.a(libc_a-strlen.o)
                0x600102c0                strlen
 .text          0x60010398        0x0 /home/mustafa/arm-gnu-toolchain-13.2.rel1-x86_64-arm-none-eabi/arm-gnu-toolchain-13.2.Rel1-x86_64-arm-none-eabi/bin/../lib/gcc/arm-none-eabi/13.2.1/../../../../arm-none-eabi/lib/thumb/v7-a/nofp/libg.a(libc_a-stdio.o)
 .text          0x60010398        0x0 /home/mustafa/arm-gnu-toolchain-13.2.rel1-x86_64-arm-none-eabi/arm-gnu-toolchain-13.2.Rel1-x86_64-arm-none-eabi/bin/../lib/gcc/arm-none-eabi/13.2.1/../../../../arm-none-eabi/lib/thumb/v7-a/nofp/libg.a(libc_a-wctomb_r.o)
 .text          0x60010398        0x0 /home/mustafa/arm-gnu-toolchain-13.2.rel1-x86_64-arm-none-eabi/arm-gnu-toolchain-13.2.Rel1-x86_64-arm-none-eabi/bin/../lib/gcc/arm-none-eabi/13.2.1/../../../../arm-none-eabi/lib/thumb/v7-a/nofp/libg.a(libc_a-sbrkr.o)
 .text          0x60010398        0x0 /home/mustafa/arm-gnu-toolchain-13.2.rel1-x86_64-arm-none-eabi/arm-gnu-toolchain-13.2.Rel1-x86_64-arm-none-eabi/bin/../lib/gcc/arm-none-eabi/13.2.1/../../../../arm-none-eabi/lib/thumb/v7-a/nofp/libg.a(libc_a-fvwrite.o)
 .text          0x60010398        0x0 /home/mustafa/arm-gnu-toolchain-13.2.rel1-x86_64-arm-none-eabi/arm-gnu-toolchain-13.2.Rel1-x86_64-arm-none-eabi/bin/../lib/gcc/arm-none-eabi/13.2.1/../../../../arm-none-eabi/lib/thumb/v7-a/nofp/libg.a(libc_a-fwalk.o)
 .text          0x60010398        0x0 /home/mustafa/arm-gnu-toolchain-13.2.rel1-x86_64-arm-none-eabi/arm-gnu-toolchain-13.2.Rel1-x86_64-arm-none-eabi/bin/../lib/gcc/arm-none-eabi/13.2.1/../../../../arm-none-eabi/lib/thumb/v7-a/nofp/libg.a(libc_a-writer.o)
 .text          0x60010398        0x0 /home/mustafa/arm-gnu-toolchain-13.2.rel1-x86_64-arm-none-eabi/arm-gnu-toolchain-13.2.Rel1-x86_64-arm-none-eabi/bin/../lib/gcc/arm-none-eabi/13.2.1/../../../../arm-none-eabi/lib/thumb/v7-a/nofp/libg.a(libc_a-siscanf.o)
 .text          0x60010398        0x0 /home/mustafa/arm-gnu-toolchain-13.2.rel1-x86_64-arm-none-eabi/arm-gnu-toolchain-13.2.Rel1-x86_64-arm-none-eabi/bin/../lib/gcc/arm-none-eabi/13.2.1/../../../../arm-none-eabi/lib/thumb/v7-a/nofp/libg.a(libc_a-svfiscanf.o)
 .text          0x60010398        0x0 /home/mustafa/arm-gnu-toolchain-13.2.rel1-x86_64-arm-none-eabi/arm-gnu-toolchain-13.2.Rel1-x86_64-arm-none-eabi/bin/../lib/gcc/arm-none-eabi/13.2.1/../../../../arm-none-eabi/lib/thumb/v7-a/nofp/libg.a(libc_a-vfprintf.o)
 .text          0x60010398        0x0 /home/mustafa/arm-gnu-toolchain-13.2.rel1-x86_64-arm-none-eabi/arm-gnu-toolchain-13.2.Rel1-x86_64-arm-none-eabi/bin/../lib/gcc/arm-none-eabi/13.2.1/../../../../arm-none-eabi/lib/thumb/v7-a/nofp/libg.a(libc_a-vfiprintf.o)
 .text          0x60010398        0x0 /home/mustafa/arm-gnu-toolchain-13.2.rel1-x86_64-arm-none-eabi/arm-gnu-toolchain-13.2.Rel1-x86_64-arm-none-eabi/bin/../lib/gcc/arm-none-eabi/13.2.1/../../../../arm-none-eabi/lib/thumb/v7-a/nofp/libg.a(libc_a-__atexit.o)
 .text          0x60010398        0x0 /home/mustafa/arm-gnu-toolchain-13.2.rel1-x86_64-arm-none-eabi/arm-gnu-toolchain-13.2.Rel1-x86_64-arm-none-eabi/bin/../lib/gcc/arm-none-eabi/13.2.1/../../../../arm-none-eabi/lib/thumb/v7-a/nofp/libg.a(libc_a-mbtowc_r.o)
 .text          0x60010398        0x0 /home/mustafa/arm-gnu-toolchain-13.2.rel1-x86_64-arm-none-eabi/arm-gnu-toolchain-13.2.Rel1-x86_64-arm-none-eabi/bin/../lib/gcc/arm-none-eabi/13.2.1/../../../../arm-none-eabi/lib/thumb/v7-a/nofp/libg.a(libc_a-mbrtowc.o)
 .text          0x60010398        0x0 /home/mustafa/arm-gnu-toolchain-13.2.rel1-x86_64-arm-none-eabi/arm-gnu-toolchain-13.2.Rel1-x86_64-arm-none-eabi/bin/../lib/gcc/arm-none-eabi/13.2.1/../../../../arm-none-eabi/lib/thumb/v7-a/nofp/libg.a(libc_a-strcasecmp.o)
 .text          0x60010398        0x0 /home/mustafa/arm-gnu-toolchain-13.2.rel1-x86_64-arm-none-eabi/arm-gnu-toolchain-13.2.Rel1-x86_64-arm-none-eabi/bin/../lib/gcc/arm-none-eabi/13.2.1/../../../../arm-none-eabi/lib/thumb/v7-a/nofp/libg.a(libc_a-strcat.o)
 .text          0x60010398        0x0 /home/mustafa/arm-gnu-toolchain-13.2.rel1-x86_64-arm-none-eabi/arm-gnu-toolchain-13.2.Rel1-x86_64-arm-none-eabi/bin/../lib/gcc/arm-none-eabi/13.2.1/../../../../arm-none-eabi/lib/thumb/v7-a/nofp/libg.a(libc_a-fclose.o)
 .text          0x60010398        0x0 /home/mustafa/arm-gnu-toolchain-13.2.rel1-x86_64-arm-none-eabi/arm-gnu-toolchain-13.2.Rel1-x86_64-arm-none-eabi/bin/../lib/gcc/arm-none-eabi/13.2.1/../../../../arm-none-eabi/lib/thumb/v7-a/nofp/libg.a(libc_a-wsetup.o)
 .text          0x60010398        0x0 /home/mustafa/arm-gnu-toolchain-13.2.rel1-x86_64-arm-none-eabi/arm-gnu-toolchain-13.2.Rel1-x86_64-arm-none-eabi/bin/../lib/gcc/arm-none-eabi/13.2.1/../../../../arm-none-eabi/lib/thumb/v7-a/nofp/libg.a(libc_a-makebuf.o)
 .text          0x60010398        0x0 /home/mustafa/arm-gnu-toolchain-13.2.rel1-x86_64-arm-none-eabi/arm-gnu-toolchain-13.2.Rel1-x86_64-arm-none-eabi/bin/../lib/gcc/arm-none-eabi/13.2.1/../../../../arm-none-eabi/lib/thumb/v7-a/nofp/libg.a(libc_a-putc.o)
 .text          0x60010398        0x0 /home/mustafa/arm-gnu-toolchain-13.2.rel1-x86_64-arm-none-eabi/arm-gnu-toolchain-13.2.Rel1-x86_64-arm-none-eabi/bin/../lib/gcc/arm-none-eabi/13.2.1/../../../../arm-none-eabi/lib/thumb/v7-a/nofp/libg.a(libc_a-wcsnrtombs.o)
 .text          0x60010398        0x0 /home/mustafa/arm-gnu-toolchain-13.2.rel1-x86_64-arm-none-eabi/arm-gnu-toolchain-13.2.Rel1-x86_64-arm-none-eabi/bin/../lib/gcc/arm-none-eabi/13.2.1/../../../../arm-none-eabi/lib/thumb/v7-a/nofp/libg.a(libc_a-realloc.o)
 .text          0x60010398        0x0 /home/mustafa/arm-gnu-toolchain-13.2.rel1-x86_64-arm-none-eabi/arm-gnu-toolchain-13.2.Rel1-x86_64-arm-none-eabi/bin/../lib/gcc/arm-none-eabi/13.2.1/../../../../arm-none-eabi/lib/thumb/v7-a/nofp/libg.a(libc_a-dtoa.o)
 .text          0x60010398        0x0 /home/mustafa/arm-gnu-toolchain-13.2.rel1-x86_64-arm-none-eabi/arm-gnu-toolchain-13.2.Rel1-x86_64-arm-none-eabi/bin/../lib/gcc/arm-none-eabi/13.2.1/../../../../arm-none-eabi/lib/thumb/v7-a/nofp/libg.a(libc_a-closer.o)
 .text          0x60010398        0x0 /home/mustafa/arm-gnu-toolchain-13.2.rel1-x86_64-arm-none-eabi/arm-gnu-toolchain-13.2.Rel1-x86_64-arm-none-eabi/bin/../lib/gcc/arm-none-eabi/13.2.1/../../../../arm-none-eabi/lib/thumb/v7-a/nofp/libg.a(libc_a-reent.o)
 .text          0x60010398        0x0 /home/mustafa/arm-gnu-toolchain-13.2.rel1-x86_64-arm-none-eabi/arm-gnu-toolchain-13.2.Rel1-x86_64-arm-none-eabi/bin/../lib/gcc/arm-none-eabi/13.2.1/../../../../arm-none-eabi/lib/thumb/v7-a/nofp/libg.a(libc_a-fflush.o)
 .text          0x60010398        0x0 /home/mustafa/arm-gnu-toolchain-13.2.rel1-x86_64-arm-none-eabi/arm-gnu-toolchain-13.2.Rel1-x86_64-arm-none-eabi/bin/../lib/gcc/arm-none-eabi/13.2.1/../../../../arm-none-eabi/lib/thumb/v7-a/nofp/libg.a(libc_a-sccl.o)
 .text          0x60010398        0x0 /home/mustafa/arm-gnu-toolchain-13.2.rel1-x86_64-arm-none-eabi/arm-gnu-toolchain-13.2.Rel1-x86_64-arm-none-eabi/bin/../lib/gcc/arm-none-eabi/13.2.1/../../../../arm-none-eabi/lib/thumb/v7-a/nofp/libg.a(libm_a-s_frexp.o)
 .text          0x60010398        0x0 /home/mustafa/arm-gnu-toolchain-13.2.rel1-x86_64-arm-none-eabi/arm-gnu-toolchain-13.2.Rel1-x86_64-arm-none-eabi/bin/../lib/gcc/arm-none-eabi/13.2.1/../../../../arm-none-eabi/lib/thumb/v7-a/nofp/libg.a(libc_a-environ.o)
 .text          0x60010398        0x0 /home/mustafa/arm-gnu-toolchain-13.2.rel1-x86_64-arm-none-eabi/arm-gnu-toolchain-13.2.Rel1-x86_64-arm-none-eabi/bin/../lib/gcc/arm-none-eabi/13.2.1/../../../../arm-none-eabi/lib/thumb/v7-a/nofp/libg.a(libc_a-envlock.o)
 .text          0x60010398        0x0 /home/mustafa/arm-gnu-toolchain-13.2.rel1-x86_64-arm-none-eabi/arm-gnu-toolchain-13.2.Rel1-x86_64-arm-none-eabi/bin/../lib/gcc/arm-none-eabi/13.2.1/../../../../arm-none-eabi/lib/thumb/v7-a/nofp/libg.a(libc_a-strncmp.o)
 .text          0x60010398        0x0 /home/mustafa/arm-gnu-toolchain-13.2.rel1-x86_64-arm-none-eabi/arm-gnu-toolchain-13.2.Rel1-x86_64-arm-none-eabi/bin/../lib/gcc/arm-none-eabi/13.2.1/../../../../arm-none-eabi/lib/thumb/v7-a/nofp/libg.a(libc_a-strtoll.o)
 .text          0x60010398        0x0 /home/mustafa/arm-gnu-toolchain-13.2.rel1-x86_64-arm-none-eabi/arm-gnu-toolchain-13.2.Rel1-x86_64-arm-none-eabi/bin/../lib/gcc/arm-none-eabi/13.2.1/../../../../arm-none-eabi/lib/thumb/v7-a/nofp/libg.a(libc_a-strtoull.o)
 .text          0x60010398        0x0 /home/mustafa/arm-gnu-toolchain-13.2.rel1-x86_64-arm-none-eabi/arm-gnu-toolchain-13.2.Rel1-x86_64-arm-none-eabi/bin/../lib/gcc/arm-none-eabi/13.2.1/../../../../arm-none-eabi/lib/thumb/v7-a/nofp/libg.a(libc_a-fstatr.o)
 .text          0x60010398        0x0 /home/mustafa/arm-gnu-toolchain-13.2.rel1-x86_64-arm-none-eabi/arm-gnu-toolchain-13.2.Rel1-x86_64-arm-none-eabi/bin/../lib/gcc/arm-none-eabi/13.2.1/../../../../arm-none-eabi/lib/thumb/v7-a/nofp/libg.a(libc_a-isattyr.o)
 .text          0x60010398        0x0 /home/mustafa/arm-gnu-toolchain-13.2.rel1-x86_64-arm-none-eabi/arm-gnu-toolchain-13.2.Rel1-x86_64-arm-none-eabi/bin/../lib/gcc/arm-none-eabi/13.2.1/../../../../arm-none-eabi/lib/thumb/v7-a/nofp/libg.a(libc_a-lseekr.o)
 .text          0x60010398        0x0 /home/mustafa/arm-gnu-toolchain-13.2.rel1-x86_64-arm-none-eabi/arm-gnu-toolchain-13.2.Rel1-x86_64-arm-none-eabi/bin/../lib/gcc/arm-none-eabi/13.2.1/../../../../arm-none-eabi/lib/thumb/v7-a/nofp/libg.a(libc_a-readr.o)
 .text          0x60010398        0x0 /home/mustafa/arm-gnu-toolchain-13.2.rel1-x86_64-arm-none-eabi/arm-gnu-toolchain-13.2.Rel1-x86_64-arm-none-eabi/bin/../lib/gcc/arm-none-eabi/13.2.1/../../../../arm-none-eabi/lib/thumb/v7-a/nofp/libg.a(libc_a-iswspace.o)
 .text          0x60010398        0x0 /home/mustafa/arm-gnu-toolchain-13.2.rel1-x86_64-arm-none-eabi/arm-gnu-toolchain-13.2.Rel1-x86_64-arm-none-eabi/bin/../lib/gcc/arm-none-eabi/13.2.1/../../../../arm-none-eabi/lib/thumb/v7-a/nofp/libg.a(libc_a-iswspace_l.o)
 .text          0x60010398        0x0 /home/mustafa/arm-gnu-toolchain-13.2.rel1-x86_64-arm-none-eabi/arm-gnu-toolchain-13.2.Rel1-x86_64-arm-none-eabi/bin/../lib/gcc/arm-none-eabi/13.2.1/../../../../arm-none-eabi/lib/thumb/v7-a/nofp/libg.a(libc_a-fputwc.o)
 .text          0x60010398        0x0 /home/mustafa/arm-gnu-toolchain-13.2.rel1-x86_64-arm-none-eabi/arm-gnu-toolchain-13.2.Rel1-x86_64-arm-none-eabi/bin/../lib/gcc/arm-none-eabi/13.2.1/../../../../arm-none-eabi/lib/thumb/v7-a/nofp/libg.a(libc_a-ungetc.o)
 .text          0x60010398        0x0 /home/mustafa/arm-gnu-toolchain-13.2.rel1-x86_64-arm-none-eabi/arm-gnu-toolchain-13.2.Rel1-x86_64-arm-none-eabi/bin/../lib/gcc/arm-none-eabi/13.2.1/../../../../arm-none-eabi/lib/thumb/v7-a/nofp/libg.a(libc_a-categories.o)
 .text          0x60010398        0x0 /home/mustafa/arm-gnu-toolchain-13.2.rel1-x86_64-arm-none-eabi/arm-gnu-toolchain-13.2.Rel1-x86_64-arm-none-eabi/bin/../lib/gcc/arm-none-eabi/13.2.1/../../../../arm-none-eabi/lib/thumb/v7-a/nofp/libg.a(libc_a-jp2uc.o)
 .text          0x60010398        0x0 /home/mustafa/arm-gnu-toolchain-13.2.rel1-x86_64-arm-none-eabi/arm-gnu-toolchain-13.2.Rel1-x86_64-arm-none-eabi/bin/../lib/gcc/arm-none-eabi/13.2.1/../../../../arm-none-eabi/lib/thumb/v7-a/nofp/libg.a(libc_a-wbuf.o)
 .text          0x60010398        0x0 /home/mustafa/arm-gnu-toolchain-13.2.rel1-x86_64-arm-none-eabi/arm-gnu-toolchain-13.2.Rel1-x86_64-arm-none-eabi/bin/../lib/gcc/arm-none-eabi/13.2.1/../../../../arm-none-eabi/lib/thumb/v7-a/nofp/libg.a(libc_a-assert.o)
 .text          0x60010398        0x0 /home/mustafa/arm-gnu-toolchain-13.2.rel1-x86_64-arm-none-eabi/arm-gnu-toolchain-13.2.Rel1-x86_64-arm-none-eabi/bin/../lib/gcc/arm-none-eabi/13.2.1/../../../../arm-none-eabi/lib/thumb/v7-a/nofp/libg.a(libc_a-mprec.o)
 .text          0x60010398        0x0 /home/mustafa/arm-gnu-toolchain-13.2.rel1-x86_64-arm-none-eabi/arm-gnu-toolchain-13.2.Rel1-x86_64-arm-none-eabi/bin/../lib/gcc/arm-none-eabi/13.2.1/../../../../arm-none-eabi/lib/thumb/v7-a/nofp/libg.a(libc_a-callocr.o)
 .text          0x60010398        0x0 /home/mustafa/arm-gnu-toolchain-13.2.rel1-x86_64-arm-none-eabi/arm-gnu-toolchain-13.2.Rel1-x86_64-arm-none-eabi/bin/../lib/gcc/arm-none-eabi/13.2.1/../../../../arm-none-eabi/lib/thumb/v7-a/nofp/libg.a(libc_a-fiprintf.o)
 .text          0x60010398        0x0 /home/mustafa/arm-gnu-toolchain-13.2.rel1-x86_64-arm-none-eabi/arm-gnu-toolchain-13.2.Rel1-x86_64-arm-none-eabi/bin/../lib/gcc/arm-none-eabi/13.2.1/../../../../arm-none-eabi/lib/thumb/v7-a/nofp/libg.a(libc_a-abort.o)
 .text          0x60010398        0x0 /home/mustafa/arm-gnu-toolchain-13.2.rel1-x86_64-arm-none-eabi/arm-gnu-toolchain-13.2.Rel1-x86_64-arm-none-eabi/bin/../lib/gcc/arm-none-eabi/13.2.1/../../../../arm-none-eabi/lib/thumb/v7-a/nofp/libg.a(libc_a-signal.o)
 .text          0x60010398        0x0 /home/mustafa/arm-gnu-toolchain-13.2.rel1-x86_64-arm-none-eabi/arm-gnu-toolchain-13.2.Rel1-x86_64-arm-none-eabi/bin/../lib/gcc/arm-none-eabi/13.2.1/../../../../arm-none-eabi/lib/thumb/v7-a/nofp/libg.a(libc_a-signalr.o)
 .text          0x60010398      0x254 /home/mustafa/arm-gnu-toolchain-13.2.rel1-x86_64-arm-none-eabi/arm-gnu-toolchain-13.2.Rel1-x86_64-arm-none-eabi/bin/../lib/gcc/arm-none-eabi/13.2.1/thumb/v7-a/nofp/libgcc.a(_arm_muldf3.o)
 *fill*         0x600105ec        0x4 
 .text          0x600105f0      0x2b0 /home/mustafa/arm-gnu-toolchain-13.2.rel1-x86_64-arm-none-eabi/arm-gnu-toolchain-13.2.Rel1-x86_64-arm-none-eabi/bin/../lib/gcc/arm-none-eabi/13.2.1/thumb/v7-a/nofp/libgcc.a(_divsi3.o)
                0x600105f0                __aeabi_idiv
                0x600105f0                __divsi3
                0x60010884                __aeabi_idivmod
 .text          0x600108a0      0x378 /home/mustafa/arm-gnu-toolchain-13.2.rel1-x86_64-arm-none-eabi/arm-gnu-toolchain-13.2.Rel1-x86_64-arm-none-eabi/bin/../lib/gcc/arm-none-eabi/13.2.1/thumb/v7-a/nofp/libgcc.a(_arm_addsubdf3.o)
                0x600108a0                __aeabi_drsub
                0x600108a8                __aeabi_dsub
                0x600108a8                __subdf3
                0x600108ac                __adddf3
                0x600108ac                __aeabi_dadd
                0x60010b24                __aeabi_ui2d
                0x60010b24                __floatunsidf
                0x60010b44                __floatsidf
                0x60010b44                __aeabi_i2d
                0x60010b68                __extendsfdf2
                0x60010b68                __aeabi_f2d
                0x60010bac                __aeabi_ul2d
                0x60010bac                __floatundidf
                0x60010bbc                __floatdidf
                0x60010bbc                __aeabi_l2d
 .text          0x60010c18      0x424 /home/mustafa/arm-gnu-toolchain-13.2.rel1-x86_64-arm-none-eabi/arm-gnu-toolchain-13.2.Rel1-x86_64-arm-none-eabi/bin/../lib/gcc/arm-none-eabi/13.2.1/thumb/v7-a/nofp/libgcc.a(_arm_muldivdf3.o)
                0x60010c18                __aeabi_dmul
                0x60010c18                __muldf3
                0x60010e6c                __aeabi_ddiv
                0x60010e6c                __divdf3
 .text          0x6001103c      0x110 /home/mustafa/arm-gnu-toolchain-13.2.rel1-x86_64-arm-none-eabi/arm-gnu-toolchain-13.2.Rel1-x86_64-arm-none-eabi/bin/../lib/gcc/arm-none-eabi/13.2.1/thumb/v7-a/nofp/libgcc.a(_arm_cmpdf2.o)
                0x6001103c                __gtdf2
                0x6001103c                __gedf2
                0x60011044                __ltdf2
                0x60011044                __ledf2
                0x6001104c                __cmpdf2
                0x6001104c                __eqdf2
                0x6001104c                __nedf2
                0x600110c8                __aeabi_cdrcmple
                0x600110d8                __aeabi_cdcmple
                0x600110d8                __aeabi_cdcmpeq
                0x600110e8                __aeabi_dcmpeq
                0x600110fc                __aeabi_dcmplt
                0x60011110                __aeabi_dcmple
                0x60011124                __aeabi_dcmpge
                0x60011138                __aeabi_dcmpgt
 .text          0x6001114c       0x2c /home/mustafa/arm-gnu-toolchain-13.2.rel1-x86_64-arm-none-eabi/arm-gnu-toolchain-13.2.Rel1-x86_64-arm-none-eabi/bin/../lib/gcc/arm-none-eabi/13.2.1/thumb/v7-a/nofp/libgcc.a(_arm_unorddf2.o)
                0x6001114c                __aeabi_dcmpun
                0x6001114c                __unorddf2
 .text          0x60011178       0x50 /home/mustafa/arm-gnu-toolchain-13.2.rel1-x86_64-arm-none-eabi/arm-gnu-toolchain-13.2.Rel1-x86_64-arm-none-eabi/bin/../lib/gcc/arm-none-eabi/13.2.1/thumb/v7-a/nofp/libgcc.a(_arm_fixdfsi.o)
                0x60011178                __fixdfsi
                0x60011178                __aeabi_d2iz
 .text          0x600111c8       0xa0 /home/mustafa/arm-gnu-toolchain-13.2.rel1-x86_64-arm-none-eabi/arm-gnu-toolchain-13.2.Rel1-x86_64-arm-none-eabi/bin/../lib/gcc/arm-none-eabi/13.2.1/thumb/v7-a/nofp/libgcc.a(_aeabi_ldivmod.o)
                0x600111c8                __aeabi_ldivmod
 .text          0x60011268       0x30 /home/mustafa/arm-gnu-toolchain-13.2.rel1-x86_64-arm-none-eabi/arm-gnu-toolchain-13.2.Rel1-x86_64-arm-none-eabi/bin/../lib/gcc/arm-none-eabi/13.2.1/thumb/v7-a/nofp/libgcc.a(_aeabi_uldivmod.o)
                0x60011268                __aeabi_uldivmod
 .text          0x60011298        0x0 /home/mustafa/arm-gnu-toolchain-13.2.rel1-x86_64-arm-none-eabi/arm-gnu-toolchain-13.2.Rel1-x86_64-arm-none-eabi/bin/../lib/gcc/arm-none-eabi/13.2.1/thumb/v7-a/nofp/libgcc.a(_udivmoddi4.o)
 .text          0x60011298        0x0 /home/mustafa/arm-gnu-toolchain-13.2.rel1-x86_64-arm-none-eabi/arm-gnu-toolchain-13.2.Rel1-x86_64-arm-none-eabi/bin/../lib/gcc/arm-none-eabi/13.2.1/../../../../arm-none-eabi/lib/thumb/v7-a/nofp/libnosys.a(getpid.o)
 .text          0x60011298        0x0 /home/mustafa/arm-gnu-toolchain-13.2.rel1-x86_64-arm-none-eabi/arm-gnu-toolchain-13.2.Rel1-x86_64-arm-none-eabi/bin/../lib/gcc/arm-none-eabi/13.2.1/../../../../arm-none-eabi/lib/thumb/v7-a/nofp/libnosys.a(kill.o)
 *(.text*)
 .text.exit     0x60011298       0x20 /home/mustafa/arm-gnu-toolchain-13.2.rel1-x86_64-arm-none-eabi/arm-gnu-toolchain-13.2.Rel1-x86_64-arm-none-eabi/bin/../lib/gcc/arm-none-eabi/13.2.1/../../../../arm-none-eabi/lib/thumb/v7-a/nofp/libg.a(libc_a-exit.o)
                0x60011298                exit
 .text.asctime  0x600112b8       0x10 /home/mustafa/arm-gnu-toolchain-13.2.rel1-x86_64-arm-none-eabi/arm-gnu-toolchain-13.2.Rel1-x86_64-arm-none-eabi/bin/../lib/gcc/arm-none-eabi/13.2.1/../../../../arm-none-eabi/lib/thumb/v7-a/nofp/libg.a(libc_a-asctime.o)
                0x600112b8                asctime
 .text.asctime_r
                0x600112c8       0x54 /home/mustafa/arm-gnu-toolchain-13.2.rel1-x86_64-arm-none-eabi/arm-gnu-toolchain-13.2.Rel1-x86_64-arm-none-eabi/bin/../lib/gcc/arm-none-eabi/13.2.1/../../../../arm-none-eabi/lib/thumb/v7-a/nofp/libg.a(libc_a-asctime_r.o)
                0x600112c8                asctime_r
 .text.gmtime   0x6001131c       0x10 /home/mustafa/arm-gnu-toolchain-13.2.rel1-x86_64-arm-none-eabi/arm-gnu-toolchain-13.2.Rel1-x86_64-arm-none-eabi/bin/../lib/gcc/arm-none-eabi/13.2.1/../../../../arm-none-eabi/lib/thumb/v7-a/nofp/libg.a(libc_a-gmtime.o)
                0x6001131c                gmtime
 .text.gmtime_r
                0x6001132c      0x1f4 /home/mustafa/arm-gnu-toolchain-13.2.rel1-x86_64-arm-none-eabi/arm-gnu-toolchain-13.2.Rel1-x86_64-arm-none-eabi/bin/../lib/gcc/arm-none-eabi/13.2.1/../../../../arm-none-eabi/lib/thumb/v7-a/nofp/libg.a(libc_a-gmtime_r.o)
                0x6001132c                gmtime_r
 .text.localtime
                0x60011520       0x10 /home/mustafa/arm-gnu-toolchain-13.2.rel1-x86_64-arm-none-eabi/arm-gnu-toolchain-13.2.Rel1-x86_64-arm-none-eabi/bin/../lib/gcc/arm-none-eabi/13.2.1/../../../../arm-none-eabi/lib/thumb/v7-a/nofp/libg.a(libc_a-lcltime.o)
                0x60011520                localtime
 .text.localtime_r
                0x60011530      0x278 /home/mustafa/arm-gnu-toolchain-13.2.rel1-x86_64-arm-none-eabi/arm-gnu-toolchain-13.2.Rel1-x86_64-arm-none-eabi/bin/../lib/gcc/arm-none-eabi/13.2.1/../../../../arm-none-eabi/lib/thumb/v7-a/nofp/libg.a(libc_a-lcltime_r.o)
                0x60011530                localtime_r
 .text._siprintf_r
                0x600117a8       0x3c /home/mustafa/arm-gnu-toolchain-13.2.rel1-x86_64-arm-none-eabi/arm-gnu-toolchain-13.2.Rel1-x86_64-arm-none-eabi/bin/../lib/gcc/arm-none-eabi/13.2.1/../../../../arm-none-eabi/lib/thumb/v7-a/nofp/libg.a(libc_a-siprintf.o)
                0x600117a8                _siprintf_r
 .text.siprintf
                0x600117e4       0x44 /home/mustafa/arm-gnu-toolchain-13.2.rel1-x86_64-arm-none-eabi/arm-gnu-toolchain-13.2.Rel1-x86_64-arm-none-eabi/bin/../lib/gcc/arm-none-eabi/13.2.1/../../../../arm-none-eabi/lib/thumb/v7-a/nofp/libg.a(libc_a-siprintf.o)
                0x600117e4                siprintf
 .text.__errno  0x60011828        0xc /home/mustafa/arm-gnu-toolchain-13.2.rel1-x86_64-arm-none-eabi/arm-gnu-toolchain-13.2.Rel1-x86_64-arm-none-eabi/bin/../lib/gcc/arm-none-eabi/13.2.1/../../../../arm-none-eabi/lib/thumb/v7-a/nofp/libg.a(libc_a-errno.o)
                0x60011828                __errno
 .text.__ssprint_r
                0x60011834      0x110 /home/mustafa/arm-gnu-toolchain-13.2.rel1-x86_64-arm-none-eabi/arm-gnu-toolchain-13.2.Rel1-x86_64-arm-none-eabi/bin/../lib/gcc/arm-none-eabi/13.2.1/../../../../arm-none-eabi/lib/thumb/v7-a/nofp/libg.a(libc_a-svfiprintf.o)
                0x60011834                __ssprint_r
 .text._svfiprintf_r
                0x60011944      0xdcc /home/mustafa/arm-gnu-toolchain-13.2.rel1-x86_64-arm-none-eabi/arm-gnu-toolchain-13.2.Rel1-x86_64-arm-none-eabi/bin/../lib/gcc/arm-none-eabi/13.2.1/../../../../arm-none-eabi/lib/thumb/v7-a/nofp/libg.a(libc_a-svfiprintf.o)
                0x60011944                _svfiprintf_r
 .text.__tzcalc_limits
                0x60012710      0x1e0 /home/mustafa/arm-gnu-toolchain-13.2.rel1-x86_64-arm-none-eabi/arm-gnu-toolchain-13.2.Rel1-x86_64-arm-none-eabi/bin/../lib/gcc/arm-none-eabi/13.2.1/../../../../arm-none-eabi/lib/thumb/v7-a/nofp/libg.a(libc_a-tzcalc_limits.o)
                0x60012710                __tzcalc_limits
 .text.__tz_lock
                0x600128f0        0xc /home/mustafa/arm-gnu-toolchain-13.2.rel1-x86_64-arm-none-eabi/arm-gnu-toolchain-13.2.Rel1-x86_64-arm-none-eabi/bin/../lib/gcc/arm-none-eabi/13.2.1/../../../../arm-none-eabi/lib/thumb/v7-a/nofp/libg.a(libc_a-tzlock.o)
                0x600128f0                __tz_lock
 .text.__tz_unlock
                0x600128fc        0xc /home/mustafa/arm-gnu-toolchain-13.2.rel1-x86_64-arm-none-eabi/arm-gnu-toolchain-13.2.Rel1-x86_64-arm-none-eabi/bin/../lib/gcc/arm-none-eabi/13.2.1/../../../../arm-none-eabi/lib/thumb/v7-a/nofp/libg.a(libc_a-tzlock.o)
                0x600128fc                __tz_unlock
 .text.malloc   0x60012908       0x10 /home/mustafa/arm-gnu-toolchain-13.2.rel1-x86_64-arm-none-eabi/arm-gnu-toolchain-13.2.Rel1-x86_64-arm-none-eabi/bin/../lib/gcc/arm-none-eabi/13.2.1/../../../../arm-none-eabi/lib/thumb/v7-a/nofp/libg.a(libc_a-malloc.o)
                0x60012908                malloc
 .text.free     0x60012918       0x10 /home/mustafa/arm-gnu-toolchain-13.2.rel1-x86_64-arm-none-eabi/arm-gnu-toolchain-13.2.Rel1-x86_64-arm-none-eabi/bin/../lib/gcc/arm-none-eabi/13.2.1/../../../../arm-none-eabi/lib/thumb/v7-a/nofp/libg.a(libc_a-malloc.o)
                0x60012918                free
 .text._malloc_r
                0x60012928      0x58c /home/mustafa/arm-gnu-toolchain-13.2.rel1-x86_64-arm-none-eabi/arm-gnu-toolchain-13.2.Rel1-x86_64-arm-none-eabi/bin/../lib/gcc/arm-none-eabi/13.2.1/../../../../arm-none-eabi/lib/thumb/v7-a/nofp/libg.a(libc_a-mallocr.o)
                0x60012928                _malloc_r
 .text.startup.register_fini
                0x60012eb4       0x18 /home/mustafa/arm-gnu-toolchain-13.2.rel1-x86_64-arm-none-eabi/arm-gnu-toolchain-13.2.Rel1-x86_64-arm-none-eabi/bin/../lib/gcc/arm-none-eabi/13.2.1/../../../../arm-none-eabi/lib/thumb/v7-a/nofp/libg.a(libc_a-__call_atexit.o)
 .text.__call_exitprocs
                0x60012ecc       0xd0 /home/mustafa/arm-gnu-toolchain-13.2.rel1-x86_64-arm-none-eabi/arm-gnu-toolchain-13.2.Rel1-x86_64-arm-none-eabi/bin/../lib/gcc/arm-none-eabi/13.2.1/../../../../arm-none-eabi/lib/thumb/v7-a/nofp/libg.a(libc_a-__call_atexit.o)
                0x60012ecc                __call_exitprocs
 .text.memcmp   0x60012f9c       0x5c /home/mustafa/arm-gnu-toolchain-13.2.rel1-x86_64-arm-none-eabi/arm-gnu-toolchain-13.2.Rel1-x86_64-arm-none-eabi/bin/../lib/gcc/arm-none-eabi/13.2.1/../../../../arm-none-eabi/lib/thumb/v7-a/nofp/libg.a(libc_a-memcmp.o)
                0x60012f9c                memcmp
 .text.memmove  0x60012ff8       0xf8 /home/mustafa/arm-gnu-toolchain-13.2.rel1-x86_64-arm-none-eabi/arm-gnu-toolchain-13.2.Rel1-x86_64-arm-none-eabi/bin/../lib/gcc/arm-none-eabi/13.2.1/../../../../arm-none-eabi/lib/thumb/v7-a/nofp/libg.a(libc_a-memmove.o)
                0x60012ff8                memmove
 .text.memset   0x600130f0       0xa8 /home/mustafa/arm-gnu-toolchain-13.2.rel1-x86_64-arm-none-eabi/arm-gnu-toolchain-13.2.Rel1-x86_64-arm-none-eabi/bin/../lib/gcc/arm-none-eabi/13.2.1/../../../../arm-none-eabi/lib/thumb/v7-a/nofp/libg.a(libc_a-memset.o)
                0x600130f0                memset
 .text._wcrtomb_r
                0x60013198       0x3c /home/mustafa/arm-gnu-toolchain-13.2.rel1-x86_64-arm-none-eabi/arm-gnu-toolchain-13.2.Rel1-x86_64-arm-none-eabi/bin/../lib/gcc/arm-none-eabi/13.2.1/../../../../arm-none-eabi/lib/thumb/v7-a/nofp/libg.a(libc_a-wcrtomb.o)
                0x60013198                _wcrtomb_r
 .text.wcrtomb  0x600131d4       0x4c /home/mustafa/arm-gnu-toolchain-13.2.rel1-x86_64-arm-none-eabi/arm-gnu-toolchain-13.2.Rel1-x86_64-arm-none-eabi/bin/../lib/gcc/arm-none-eabi/13.2.1/../../../../arm-none-eabi/lib/thumb/v7-a/nofp/libg.a(libc_a-wcrtomb.o)
                0x600131d4                wcrtomb
 .text._tzset_unlocked
                0x60013220       0x10 /home/mustafa/arm-gnu-toolchain-13.2.rel1-x86_64-arm-none-eabi/arm-gnu-toolchain-13.2.Rel1-x86_64-arm-none-eabi/bin/../lib/gcc/arm-none-eabi/13.2.1/../../../../arm-none-eabi/lib/thumb/v7-a/nofp/libg.a(libc_a-tzset.o)
                0x60013220                _tzset_unlocked
 .text.tzset    0x60013230       0x1c /home/mustafa/arm-gnu-toolchain-13.2.rel1-x86_64-arm-none-eabi/arm-gnu-toolchain-13.2.Rel1-x86_64-arm-none-eabi/bin/../lib/gcc/arm-none-eabi/13.2.1/../../../../arm-none-eabi/lib/thumb/v7-a/nofp/libg.a(libc_a-tzset.o)
                0x60013230                tzset
 .text._tzset_unlocked_r
                0x6001324c      0x4dc /home/mustafa/arm-gnu-toolchain-13.2.rel1-x86_64-arm-none-eabi/arm-gnu-toolchain-13.2.Rel1-x86_64-arm-none-eabi/bin/../lib/gcc/arm-none-eabi/13.2.1/../../../../arm-none-eabi/lib/thumb/v7-a/nofp/libg.a(libc_a-tzset_r.o)
                0x6001324c                _tzset_unlocked_r
 .text._tzset_r
                0x60013728       0x18 /home/mustafa/arm-gnu-toolchain-13.2.rel1-x86_64-arm-none-eabi/arm-gnu-toolchain-13.2.Rel1-x86_64-arm-none-eabi/bin/../lib/gcc/arm-none-eabi/13.2.1/../../../../arm-none-eabi/lib/thumb/v7-a/nofp/libg.a(libc_a-tzset_r.o)
                0x60013728                _tzset_r
 .text.__libc_fini_array
                0x60013740       0x2c /home/mustafa/arm-gnu-toolchain-13.2.rel1-x86_64-arm-none-eabi/arm-gnu-toolchain-13.2.Rel1-x86_64-arm-none-eabi/bin/../lib/gcc/arm-none-eabi/13.2.1/../../../../arm-none-eabi/lib/thumb/v7-a/nofp/libg.a(libc_a-fini.o)
                0x60013740                __libc_fini_array
 .text.__retarget_lock_init
                0x6001376c        0x4 /home/mustafa/arm-gnu-toolchain-13.2.rel1-x86_64-arm-none-eabi/arm-gnu-toolchain-13.2.Rel1-x86_64-arm-none-eabi/bin/../lib/gcc/arm-none-eabi/13.2.1/../../../../arm-none-eabi/lib/thumb/v7-a/nofp/libg.a(libc_a-lock.o)
                0x6001376c                __retarget_lock_init
 .text.__retarget_lock_init_recursive
                0x60013770        0x4 /home/mustafa/arm-gnu-toolchain-13.2.rel1-x86_64-arm-none-eabi/arm-gnu-toolchain-13.2.Rel1-x86_64-arm-none-eabi/bin/../lib/gcc/arm-none-eabi/13.2.1/../../../../arm-none-eabi/lib/thumb/v7-a/nofp/libg.a(libc_a-lock.o)
                0x60013770                __retarget_lock_init_recursive
 .text.__retarget_lock_close
                0x60013774        0x4 /home/mustafa/arm-gnu-toolchain-13.2.rel1-x86_64-arm-none-eabi/arm-gnu-toolchain-13.2.Rel1-x86_64-arm-none-eabi/bin/../lib/gcc/arm-none-eabi/13.2.1/../../../../arm-none-eabi/lib/thumb/v7-a/nofp/libg.a(libc_a-lock.o)
                0x60013774                __retarget_lock_close
 .text.__retarget_lock_close_recursive
                0x60013778        0x4 /home/mustafa/arm-gnu-toolchain-13.2.rel1-x86_64-arm-none-eabi/arm-gnu-toolchain-13.2.Rel1-x86_64-arm-none-eabi/bin/../lib/gcc/arm-none-eabi/13.2.1/../../../../arm-none-eabi/lib/thumb/v7-a/nofp/libg.a(libc_a-lock.o)
                0x60013778                __retarget_lock_close_recursive
 .text.__retarget_lock_acquire
                0x6001377c        0x4 /home/mustafa/arm-gnu-toolchain-13.2.rel1-x86_64-arm-none-eabi/arm-gnu-toolchain-13.2.Rel1-x86_64-arm-none-eabi/bin/../lib/gcc/arm-none-eabi/13.2.1/../../../../arm-none-eabi/lib/thumb/v7-a/nofp/libg.a(libc_a-lock.o)
                0x6001377c                __retarget_lock_acquire
 .text.__retarget_lock_acquire_recursive
                0x60013780        0x4 /home/mustafa/arm-gnu-toolchain-13.2.rel1-x86_64-arm-none-eabi/arm-gnu-toolchain-13.2.Rel1-x86_64-arm-none-eabi/bin/../lib/gcc/arm-none-eabi/13.2.1/../../../../arm-none-eabi/lib/thumb/v7-a/nofp/libg.a(libc_a-lock.o)
                0x60013780                __retarget_lock_acquire_recursive
 .text.__retarget_lock_try_acquire
                0x60013784        0x4 /home/mustafa/arm-gnu-toolchain-13.2.rel1-x86_64-arm-none-eabi/arm-gnu-toolchain-13.2.Rel1-x86_64-arm-none-eabi/bin/../lib/gcc/arm-none-eabi/13.2.1/../../../../arm-none-eabi/lib/thumb/v7-a/nofp/libg.a(libc_a-lock.o)
                0x60013784                __retarget_lock_try_acquire
 .text.__retarget_lock_try_acquire_recursive
                0x60013788        0x4 /home/mustafa/arm-gnu-toolchain-13.2.rel1-x86_64-arm-none-eabi/arm-gnu-toolchain-13.2.Rel1-x86_64-arm-none-eabi/bin/../lib/gcc/arm-none-eabi/13.2.1/../../../../arm-none-eabi/lib/thumb/v7-a/nofp/libg.a(libc_a-lock.o)
                0x60013788                __retarget_lock_try_acquire_recursive
 .text.__retarget_lock_release
                0x6001378c        0x4 /home/mustafa/arm-gnu-toolchain-13.2.rel1-x86_64-arm-none-eabi/arm-gnu-toolchain-13.2.Rel1-x86_64-arm-none-eabi/bin/../lib/gcc/arm-none-eabi/13.2.1/../../../../arm-none-eabi/lib/thumb/v7-a/nofp/libg.a(libc_a-lock.o)
                0x6001378c                __retarget_lock_release
 .text.__retarget_lock_release_recursive
                0x60013790        0x4 /home/mustafa/arm-gnu-toolchain-13.2.rel1-x86_64-arm-none-eabi/arm-gnu-toolchain-13.2.Rel1-x86_64-arm-none-eabi/bin/../lib/gcc/arm-none-eabi/13.2.1/../../../../arm-none-eabi/lib/thumb/v7-a/nofp/libg.a(libc_a-lock.o)
                0x60013790                __retarget_lock_release_recursive
 .text.currentlocale
                0x60013794       0x70 /home/mustafa/arm-gnu-toolchain-13.2.rel1-x86_64-arm-none-eabi/arm-gnu-toolchain-13.2.Rel1-x86_64-arm-none-eabi/bin/../lib/gcc/arm-none-eabi/13.2.1/../../../../arm-none-eabi/lib/thumb/v7-a/nofp/libg.a(libc_a-locale.o)
 .text.__loadlocale
                0x60013804      0x6c0 /home/mustafa/arm-gnu-toolchain-13.2.rel1-x86_64-arm-none-eabi/arm-gnu-toolchain-13.2.Rel1-x86_64-arm-none-eabi/bin/../lib/gcc/arm-none-eabi/13.2.1/../../../../arm-none-eabi/lib/thumb/v7-a/nofp/libg.a(libc_a-locale.o)
                0x60013804                __loadlocale
 .text.__get_locale_env
                0x60013ec4       0x5c /home/mustafa/arm-gnu-toolchain-13.2.rel1-x86_64-arm-none-eabi/arm-gnu-toolchain-13.2.Rel1-x86_64-arm-none-eabi/bin/../lib/gcc/arm-none-eabi/13.2.1/../../../../arm-none-eabi/lib/thumb/v7-a/nofp/libg.a(libc_a-locale.o)
                0x60013ec4                __get_locale_env
 .text._setlocale_r
                0x60013f20      0x244 /home/mustafa/arm-gnu-toolchain-13.2.rel1-x86_64-arm-none-eabi/arm-gnu-toolchain-13.2.Rel1-x86_64-arm-none-eabi/bin/../lib/gcc/arm-none-eabi/13.2.1/../../../../arm-none-eabi/lib/thumb/v7-a/nofp/libg.a(libc_a-locale.o)
                0x60013f20                _setlocale_r
 .text.__locale_mb_cur_max
                0x60014164       0x10 /home/mustafa/arm-gnu-toolchain-13.2.rel1-x86_64-arm-none-eabi/arm-gnu-toolchain-13.2.Rel1-x86_64-arm-none-eabi/bin/../lib/gcc/arm-none-eabi/13.2.1/../../../../arm-none-eabi/lib/thumb/v7-a/nofp/libg.a(libc_a-locale.o)
                0x60014164                __locale_mb_cur_max
 .text.setlocale
                0x60014174       0x14 /home/mustafa/arm-gnu-toolchain-13.2.rel1-x86_64-arm-none-eabi/arm-gnu-toolchain-13.2.Rel1-x86_64-arm-none-eabi/bin/../lib/gcc/arm-none-eabi/13.2.1/../../../../arm-none-eabi/lib/thumb/v7-a/nofp/libg.a(libc_a-locale.o)
                0x60014174                setlocale
 .text.__localeconv_l
                0x60014188        0x4 /home/mustafa/arm-gnu-toolchain-13.2.rel1-x86_64-arm-none-eabi/arm-gnu-toolchain-13.2.Rel1-x86_64-arm-none-eabi/bin/../lib/gcc/arm-none-eabi/13.2.1/../../../../arm-none-eabi/lib/thumb/v7-a/nofp/libg.a(libc_a-localeconv.o)
                0x60014188                __localeconv_l
 .text._localeconv_r
                0x6001418c        0x8 /home/mustafa/arm-gnu-toolchain-13.2.rel1-x86_64-arm-none-eabi/arm-gnu-toolchain-13.2.Rel1-x86_64-arm-none-eabi/bin/../lib/gcc/arm-none-eabi/13.2.1/../../../../arm-none-eabi/lib/thumb/v7-a/nofp/libg.a(libc_a-localeconv.o)
                0x6001418c                _localeconv_r
 .text.localeconv
                0x60014194        0x8 /home/mustafa/arm-gnu-toolchain-13.2.rel1-x86_64-arm-none-eabi/arm-gnu-toolchain-13.2.Rel1-x86_64-arm-none-eabi/bin/../lib/gcc/arm-none-eabi/13.2.1/../../../../arm-none-eabi/lib/thumb/v7-a/nofp/libg.a(libc_a-localeconv.o)
                0x60014194                localeconv
 .text.sysconf  0x6001419c       0x1c /home/mustafa/arm-gnu-toolchain-13.2.rel1-x86_64-arm-none-eabi/arm-gnu-toolchain-13.2.Rel1-x86_64-arm-none-eabi/bin/../lib/gcc/arm-none-eabi/13.2.1/../../../../arm-none-eabi/lib/thumb/v7-a/nofp/libg.a(libc_a-sysconf.o)
                0x6001419c                sysconf
 .text._printf_r
                0x600141b8       0x20 /home/mustafa/arm-gnu-toolchain-13.2.rel1-x86_64-arm-none-eabi/arm-gnu-toolchain-13.2.Rel1-x86_64-arm-none-eabi/bin/../lib/gcc/arm-none-eabi/13.2.1/../../../../arm-none-eabi/lib/thumb/v7-a/nofp/libg.a(libc_a-printf.o)
                0x600141b8                _printf_r
 .text.printf   0x600141d8       0x28 /home/mustafa/arm-gnu-toolchain-13.2.rel1-x86_64-arm-none-eabi/arm-gnu-toolchain-13.2.Rel1-x86_64-arm-none-eabi/bin/../lib/gcc/arm-none-eabi/13.2.1/../../../../arm-none-eabi/lib/thumb/v7-a/nofp/libg.a(libc_a-printf.o)
                0x600141d8                printf
 .text.strcpy   0x60014200       0xc4 /home/mustafa/arm-gnu-toolchain-13.2.rel1-x86_64-arm-none-eabi/arm-gnu-toolchain-13.2.Rel1-x86_64-arm-none-eabi/bin/../lib/gcc/arm-none-eabi/13.2.1/../../../../arm-none-eabi/lib/thumb/v7-a/nofp/libg.a(libc_a-strcpy.o)
                0x60014200                strcpy
 .text._putchar_r
                0x600142c4        0x8 /home/mustafa/arm-gnu-toolchain-13.2.rel1-x86_64-arm-none-eabi/arm-gnu-toolchain-13.2.Rel1-x86_64-arm-none-eabi/bin/../lib/gcc/arm-none-eabi/13.2.1/../../../../arm-none-eabi/lib/thumb/v7-a/nofp/libg.a(libc_a-putchar.o)
                0x600142c4                _putchar_r
 .text.putchar  0x600142cc       0x14 /home/mustafa/arm-gnu-toolchain-13.2.rel1-x86_64-arm-none-eabi/arm-gnu-toolchain-13.2.Rel1-x86_64-arm-none-eabi/bin/../lib/gcc/arm-none-eabi/13.2.1/../../../../arm-none-eabi/lib/thumb/v7-a/nofp/libg.a(libc_a-putchar.o)
                0x600142cc                putchar
 .text._puts_r  0x600142e0       0x9c /home/mustafa/arm-gnu-toolchain-13.2.rel1-x86_64-arm-none-eabi/arm-gnu-toolchain-13.2.Rel1-x86_64-arm-none-eabi/bin/../lib/gcc/arm-none-eabi/13.2.1/../../../../arm-none-eabi/lib/thumb/v7-a/nofp/libg.a(libc_a-puts.o)
                0x600142e0                _puts_r
 .text.puts     0x6001437c       0x10 /home/mustafa/arm-gnu-toolchain-13.2.rel1-x86_64-arm-none-eabi/arm-gnu-toolchain-13.2.Rel1-x86_64-arm-none-eabi/bin/../lib/gcc/arm-none-eabi/13.2.1/../../../../arm-none-eabi/lib/thumb/v7-a/nofp/libg.a(libc_a-puts.o)
                0x6001437c                puts
 .text.__malloc_lock
                0x6001438c        0xc /home/mustafa/arm-gnu-toolchain-13.2.rel1-x86_64-arm-none-eabi/arm-gnu-toolchain-13.2.Rel1-x86_64-arm-none-eabi/bin/../lib/gcc/arm-none-eabi/13.2.1/../../../../arm-none-eabi/lib/thumb/v7-a/nofp/libg.a(libc_a-mlock.o)
                0x6001438c                __malloc_lock
 .text.__malloc_unlock
                0x60014398        0xc /home/mustafa/arm-gnu-toolchain-13.2.rel1-x86_64-arm-none-eabi/arm-gnu-toolchain-13.2.Rel1-x86_64-arm-none-eabi/bin/../lib/gcc/arm-none-eabi/13.2.1/../../../../arm-none-eabi/lib/thumb/v7-a/nofp/libg.a(libc_a-mlock.o)
                0x60014398                __malloc_unlock
 .text.atexit   0x600143a4        0xc /home/mustafa/arm-gnu-toolchain-13.2.rel1-x86_64-arm-none-eabi/arm-gnu-toolchain-13.2.Rel1-x86_64-arm-none-eabi/bin/../lib/gcc/arm-none-eabi/13.2.1/../../../../arm-none-eabi/lib/thumb/v7-a/nofp/libg.a(libc_a-atexit.o)
                0x600143a4                atexit
 .text.strchr   0x600143b0       0xd0 /home/mustafa/arm-gnu-toolchain-13.2.rel1-x86_64-arm-none-eabi/arm-gnu-toolchain-13.2.Rel1-x86_64-arm-none-eabi/bin/../lib/gcc/arm-none-eabi/13.2.1/../../../../arm-none-eabi/lib/thumb/v7-a/nofp/libg.a(libc_a-strchr.o)
                0x600143b0                strchr
 .text._wcsrtombs_r
                0x60014480       0x1c /home/mustafa/arm-gnu-toolchain-13.2.rel1-x86_64-arm-none-eabi/arm-gnu-toolchain-13.2.Rel1-x86_64-arm-none-eabi/bin/../lib/gcc/arm-none-eabi/13.2.1/../../../../arm-none-eabi/lib/thumb/v7-a/nofp/libg.a(libc_a-wcsrtombs.o)
                0x60014480                _wcsrtombs_r
 .text.wcsrtombs
                0x6001449c       0x28 /home/mustafa/arm-gnu-toolchain-13.2.rel1-x86_64-arm-none-eabi/arm-gnu-toolchain-13.2.Rel1-x86_64-arm-none-eabi/bin/../lib/gcc/arm-none-eabi/13.2.1/../../../../arm-none-eabi/lib/thumb/v7-a/nofp/libg.a(libc_a-wcsrtombs.o)
                0x6001449c                wcsrtombs
 .text.__set_ctype
                0x600144c4       0x10 /home/mustafa/arm-gnu-toolchain-13.2.rel1-x86_64-arm-none-eabi/arm-gnu-toolchain-13.2.Rel1-x86_64-arm-none-eabi/bin/../lib/gcc/arm-none-eabi/13.2.1/../../../../arm-none-eabi/lib/thumb/v7-a/nofp/libg.a(libc_a-ctype_.o)
                0x600144c4                __set_ctype
 .text.stdio_exit_handler
                0x600144d4       0x1c /home/mustafa/arm-gnu-toolchain-13.2.rel1-x86_64-arm-none-eabi/arm-gnu-toolchain-13.2.Rel1-x86_64-arm-none-eabi/bin/../lib/gcc/arm-none-eabi/13.2.1/../../../../arm-none-eabi/lib/thumb/v7-a/nofp/libg.a(libc_a-findfp.o)
 .text.cleanup_stdio
                0x600144f0       0x40 /home/mustafa/arm-gnu-toolchain-13.2.rel1-x86_64-arm-none-eabi/arm-gnu-toolchain-13.2.Rel1-x86_64-arm-none-eabi/bin/../lib/gcc/arm-none-eabi/13.2.1/../../../../arm-none-eabi/lib/thumb/v7-a/nofp/libg.a(libc_a-findfp.o)
 .text.__fp_lock
                0x60014530       0x1c /home/mustafa/arm-gnu-toolchain-13.2.rel1-x86_64-arm-none-eabi/arm-gnu-toolchain-13.2.Rel1-x86_64-arm-none-eabi/bin/../lib/gcc/arm-none-eabi/13.2.1/../../../../arm-none-eabi/lib/thumb/v7-a/nofp/libg.a(libc_a-findfp.o)
 .text.__fp_unlock
                0x6001454c       0x1c /home/mustafa/arm-gnu-toolchain-13.2.rel1-x86_64-arm-none-eabi/arm-gnu-toolchain-13.2.Rel1-x86_64-arm-none-eabi/bin/../lib/gcc/arm-none-eabi/13.2.1/../../../../arm-none-eabi/lib/thumb/v7-a/nofp/libg.a(libc_a-findfp.o)
 .text.global_stdio_init.part.0
                0x60014568       0xf8 /home/mustafa/arm-gnu-toolchain-13.2.rel1-x86_64-arm-none-eabi/arm-gnu-toolchain-13.2.Rel1-x86_64-arm-none-eabi/bin/../lib/gcc/arm-none-eabi/13.2.1/../../../../arm-none-eabi/lib/thumb/v7-a/nofp/libg.a(libc_a-findfp.o)
 .text.__sfp    0x60014660       0xd0 /home/mustafa/arm-gnu-toolchain-13.2.rel1-x86_64-arm-none-eabi/arm-gnu-toolchain-13.2.Rel1-x86_64-arm-none-eabi/bin/../lib/gcc/arm-none-eabi/13.2.1/../../../../arm-none-eabi/lib/thumb/v7-a/nofp/libg.a(libc_a-findfp.o)
                0x60014660                __sfp
 .text.__sinit  0x60014730       0x50 /home/mustafa/arm-gnu-toolchain-13.2.rel1-x86_64-arm-none-eabi/arm-gnu-toolchain-13.2.Rel1-x86_64-arm-none-eabi/bin/../lib/gcc/arm-none-eabi/13.2.1/../../../../arm-none-eabi/lib/thumb/v7-a/nofp/libg.a(libc_a-findfp.o)
                0x60014730                __sinit
 .text.__sfp_lock_acquire
                0x60014780        0xc /home/mustafa/arm-gnu-toolchain-13.2.rel1-x86_64-arm-none-eabi/arm-gnu-toolchain-13.2.Rel1-x86_64-arm-none-eabi/bin/../lib/gcc/arm-none-eabi/13.2.1/../../../../arm-none-eabi/lib/thumb/v7-a/nofp/libg.a(libc_a-findfp.o)
                0x60014780                __sfp_lock_acquire
 .text.__sfp_lock_release
                0x6001478c        0xc /home/mustafa/arm-gnu-toolchain-13.2.rel1-x86_64-arm-none-eabi/arm-gnu-toolchain-13.2.Rel1-x86_64-arm-none-eabi/bin/../lib/gcc/arm-none-eabi/13.2.1/../../../../arm-none-eabi/lib/thumb/v7-a/nofp/libg.a(libc_a-findfp.o)
                0x6001478c                __sfp_lock_release
 .text.__fp_lock_all
                0x60014798       0x28 /home/mustafa/arm-gnu-toolchain-13.2.rel1-x86_64-arm-none-eabi/arm-gnu-toolchain-13.2.Rel1-x86_64-arm-none-eabi/bin/../lib/gcc/arm-none-eabi/13.2.1/../../../../arm-none-eabi/lib/thumb/v7-a/nofp/libg.a(libc_a-findfp.o)
                0x60014798                __fp_lock_all
 .text.__fp_unlock_all
                0x600147c0       0x28 /home/mustafa/arm-gnu-toolchain-13.2.rel1-x86_64-arm-none-eabi/arm-gnu-toolchain-13.2.Rel1-x86_64-arm-none-eabi/bin/../lib/gcc/arm-none-eabi/13.2.1/../../../../arm-none-eabi/lib/thumb/v7-a/nofp/libg.a(libc_a-findfp.o)
                0x600147c0                __fp_unlock_all
 .text._realloc_r
                0x600147e8      0x37c /home/mustafa/arm-gnu-toolchain-13.2.rel1-x86_64-arm-none-eabi/arm-gnu-toolchain-13.2.Rel1-x86_64-arm-none-eabi/bin/../lib/gcc/arm-none-eabi/13.2.1/../../../../arm-none-eabi/lib/thumb/v7-a/nofp/libg.a(libc_a-reallocr.o)
                0x600147e8                _realloc_r
 .text.strlcpy  0x60014b64       0x48 /home/mustafa/arm-gnu-toolchain-13.2.rel1-x86_64-arm-none-eabi/arm-gnu-toolchain-13.2.Rel1-x86_64-arm-none-eabi/bin/../lib/gcc/arm-none-eabi/13.2.1/../../../../arm-none-eabi/lib/thumb/v7-a/nofp/libg.a(libc_a-strlcpy.o)
                0x60014b64                strlcpy
 .text._malloc_trim_r
                0x60014bac       0xc0 /home/mustafa/arm-gnu-toolchain-13.2.rel1-x86_64-arm-none-eabi/arm-gnu-toolchain-13.2.Rel1-x86_64-arm-none-eabi/bin/../lib/gcc/arm-none-eabi/13.2.1/../../../../arm-none-eabi/lib/thumb/v7-a/nofp/libg.a(libc_a-freer.o)
                0x60014bac                _malloc_trim_r
 .text._free_r  0x60014c6c      0x208 /home/mustafa/arm-gnu-toolchain-13.2.rel1-x86_64-arm-none-eabi/arm-gnu-toolchain-13.2.Rel1-x86_64-arm-none-eabi/bin/../lib/gcc/arm-none-eabi/13.2.1/../../../../arm-none-eabi/lib/thumb/v7-a/nofp/libg.a(libc_a-freer.o)
                0x60014c6c                _free_r
 .text._strtol_l.part.0
                0x60014e74      0x114 /home/mustafa/arm-gnu-toolchain-13.2.rel1-x86_64-arm-none-eabi/arm-gnu-toolchain-13.2.Rel1-x86_64-arm-none-eabi/bin/../lib/gcc/arm-none-eabi/13.2.1/../../../../arm-none-eabi/lib/thumb/v7-a/nofp/libg.a(libc_a-strtol.o)
 .text._strtol_r
                0x60014f88       0x2c /home/mustafa/arm-gnu-toolchain-13.2.rel1-x86_64-arm-none-eabi/arm-gnu-toolchain-13.2.Rel1-x86_64-arm-none-eabi/bin/../lib/gcc/arm-none-eabi/13.2.1/../../../../arm-none-eabi/lib/thumb/v7-a/nofp/libg.a(libc_a-strtol.o)
                0x60014f88                _strtol_r
 .text.strtol_l
                0x60014fb4       0x44 /home/mustafa/arm-gnu-toolchain-13.2.rel1-x86_64-arm-none-eabi/arm-gnu-toolchain-13.2.Rel1-x86_64-arm-none-eabi/bin/../lib/gcc/arm-none-eabi/13.2.1/../../../../arm-none-eabi/lib/thumb/v7-a/nofp/libg.a(libc_a-strtol.o)
                0x60014fb4                strtol_l
 .text.strtol   0x60014ff8       0x44 /home/mustafa/arm-gnu-toolchain-13.2.rel1-x86_64-arm-none-eabi/arm-gnu-toolchain-13.2.Rel1-x86_64-arm-none-eabi/bin/../lib/gcc/arm-none-eabi/13.2.1/../../../../arm-none-eabi/lib/thumb/v7-a/nofp/libg.a(libc_a-strtol.o)
                0x60014ff8                strtol
 .text._strtoul_l.isra.0
                0x6001503c      0x130 /home/mustafa/arm-gnu-toolchain-13.2.rel1-x86_64-arm-none-eabi/arm-gnu-toolchain-13.2.Rel1-x86_64-arm-none-eabi/bin/../lib/gcc/arm-none-eabi/13.2.1/../../../../arm-none-eabi/lib/thumb/v7-a/nofp/libg.a(libc_a-strtoul.o)
 .text._strtoul_r
                0x6001516c        0x4 /home/mustafa/arm-gnu-toolchain-13.2.rel1-x86_64-arm-none-eabi/arm-gnu-toolchain-13.2.Rel1-x86_64-arm-none-eabi/bin/../lib/gcc/arm-none-eabi/13.2.1/../../../../arm-none-eabi/lib/thumb/v7-a/nofp/libg.a(libc_a-strtoul.o)
                0x6001516c                _strtoul_r
 .text.strtoul_l
                0x60015170       0x20 /home/mustafa/arm-gnu-toolchain-13.2.rel1-x86_64-arm-none-eabi/arm-gnu-toolchain-13.2.Rel1-x86_64-arm-none-eabi/bin/../lib/gcc/arm-none-eabi/13.2.1/../../../../arm-none-eabi/lib/thumb/v7-a/nofp/libg.a(libc_a-strtoul.o)
                0x60015170                strtoul_l
 .text.strtoul  0x60015190       0x20 /home/mustafa/arm-gnu-toolchain-13.2.rel1-x86_64-arm-none-eabi/arm-gnu-toolchain-13.2.Rel1-x86_64-arm-none-eabi/bin/../lib/gcc/arm-none-eabi/13.2.1/../../../../arm-none-eabi/lib/thumb/v7-a/nofp/libg.a(libc_a-strtoul.o)
                0x60015190                strtoul
 .text.strncasecmp
                0x600151b0       0x54 /home/mustafa/arm-gnu-toolchain-13.2.rel1-x86_64-arm-none-eabi/arm-gnu-toolchain-13.2.Rel1-x86_64-arm-none-eabi/bin/../lib/gcc/arm-none-eabi/13.2.1/../../../../arm-none-eabi/lib/thumb/v7-a/nofp/libg.a(libc_a-strncasecmp.o)
                0x600151b0                strncasecmp
 .text._findenv_r
                0x60015204       0x80 /home/mustafa/arm-gnu-toolchain-13.2.rel1-x86_64-arm-none-eabi/arm-gnu-toolchain-13.2.Rel1-x86_64-arm-none-eabi/bin/../lib/gcc/arm-none-eabi/13.2.1/../../../../arm-none-eabi/lib/thumb/v7-a/nofp/libg.a(libc_a-getenv_r.o)
                0x60015204                _findenv_r
 .text._getenv_r
                0x60015284       0x10 /home/mustafa/arm-gnu-toolchain-13.2.rel1-x86_64-arm-none-eabi/arm-gnu-toolchain-13.2.Rel1-x86_64-arm-none-eabi/bin/../lib/gcc/arm-none-eabi/13.2.1/../../../../arm-none-eabi/lib/thumb/v7-a/nofp/libg.a(libc_a-getenv_r.o)
                0x60015284                _getenv_r
 .text.strncpy  0x60015294       0x74 /home/mustafa/arm-gnu-toolchain-13.2.rel1-x86_64-arm-none-eabi/arm-gnu-toolchain-13.2.Rel1-x86_64-arm-none-eabi/bin/../lib/gcc/arm-none-eabi/13.2.1/../../../../arm-none-eabi/lib/thumb/v7-a/nofp/libg.a(libc_a-strncpy.o)
                0x60015294                strncpy
 .text.__gettzinfo
                0x60015308        0xc /home/mustafa/arm-gnu-toolchain-13.2.rel1-x86_64-arm-none-eabi/arm-gnu-toolchain-13.2.Rel1-x86_64-arm-none-eabi/bin/../lib/gcc/arm-none-eabi/13.2.1/../../../../arm-none-eabi/lib/thumb/v7-a/nofp/libg.a(libc_a-gettzinfo.o)
                0x60015308                __gettzinfo
 .text.__sread  0x60015314       0x24 /home/mustafa/arm-gnu-toolchain-13.2.rel1-x86_64-arm-none-eabi/arm-gnu-toolchain-13.2.Rel1-x86_64-arm-none-eabi/bin/../lib/gcc/arm-none-eabi/13.2.1/../../../../arm-none-eabi/lib/thumb/v7-a/nofp/libg.a(libc_a-stdio.o)
                0x60015314                __sread
 .text.__seofread
                0x60015338        0x4 /home/mustafa/arm-gnu-toolchain-13.2.rel1-x86_64-arm-none-eabi/arm-gnu-toolchain-13.2.Rel1-x86_64-arm-none-eabi/bin/../lib/gcc/arm-none-eabi/13.2.1/../../../../arm-none-eabi/lib/thumb/v7-a/nofp/libg.a(libc_a-stdio.o)
                0x60015338                __seofread
 .text.__swrite
                0x6001533c       0x40 /home/mustafa/arm-gnu-toolchain-13.2.rel1-x86_64-arm-none-eabi/arm-gnu-toolchain-13.2.Rel1-x86_64-arm-none-eabi/bin/../lib/gcc/arm-none-eabi/13.2.1/../../../../arm-none-eabi/lib/thumb/v7-a/nofp/libg.a(libc_a-stdio.o)
                0x6001533c                __swrite
 .text.__sseek  0x6001537c       0x24 /home/mustafa/arm-gnu-toolchain-13.2.rel1-x86_64-arm-none-eabi/arm-gnu-toolchain-13.2.Rel1-x86_64-arm-none-eabi/bin/../lib/gcc/arm-none-eabi/13.2.1/../../../../arm-none-eabi/lib/thumb/v7-a/nofp/libg.a(libc_a-stdio.o)
                0x6001537c                __sseek
 .text.__sclose
                0x600153a0        0x8 /home/mustafa/arm-gnu-toolchain-13.2.rel1-x86_64-arm-none-eabi/arm-gnu-toolchain-13.2.Rel1-x86_64-arm-none-eabi/bin/../lib/gcc/arm-none-eabi/13.2.1/../../../../arm-none-eabi/lib/thumb/v7-a/nofp/libg.a(libc_a-stdio.o)
                0x600153a0                __sclose
 .text._wctomb_r
                0x600153a8       0x14 /home/mustafa/arm-gnu-toolchain-13.2.rel1-x86_64-arm-none-eabi/arm-gnu-toolchain-13.2.Rel1-x86_64-arm-none-eabi/bin/../lib/gcc/arm-none-eabi/13.2.1/../../../../arm-none-eabi/lib/thumb/v7-a/nofp/libg.a(libc_a-wctomb_r.o)
                0x600153a8                _wctomb_r
 .text.__ascii_wctomb
                0x600153bc       0x1c /home/mustafa/arm-gnu-toolchain-13.2.rel1-x86_64-arm-none-eabi/arm-gnu-toolchain-13.2.Rel1-x86_64-arm-none-eabi/bin/../lib/gcc/arm-none-eabi/13.2.1/../../../../arm-none-eabi/lib/thumb/v7-a/nofp/libg.a(libc_a-wctomb_r.o)
                0x600153bc                __ascii_wctomb
 .text.__utf8_wctomb
                0x600153d8       0xa0 /home/mustafa/arm-gnu-toolchain-13.2.rel1-x86_64-arm-none-eabi/arm-gnu-toolchain-13.2.Rel1-x86_64-arm-none-eabi/bin/../lib/gcc/arm-none-eabi/13.2.1/../../../../arm-none-eabi/lib/thumb/v7-a/nofp/libg.a(libc_a-wctomb_r.o)
                0x600153d8                __utf8_wctomb
 .text.__sjis_wctomb
                0x60015478       0x58 /home/mustafa/arm-gnu-toolchain-13.2.rel1-x86_64-arm-none-eabi/arm-gnu-toolchain-13.2.Rel1-x86_64-arm-none-eabi/bin/../lib/gcc/arm-none-eabi/13.2.1/../../../../arm-none-eabi/lib/thumb/v7-a/nofp/libg.a(libc_a-wctomb_r.o)
                0x60015478                __sjis_wctomb
 .text.__eucjp_wctomb
                0x600154d0       0x74 /home/mustafa/arm-gnu-toolchain-13.2.rel1-x86_64-arm-none-eabi/arm-gnu-toolchain-13.2.Rel1-x86_64-arm-none-eabi/bin/../lib/gcc/arm-none-eabi/13.2.1/../../../../arm-none-eabi/lib/thumb/v7-a/nofp/libg.a(libc_a-wctomb_r.o)
                0x600154d0                __eucjp_wctomb
 .text.__jis_wctomb
                0x60015544       0x80 /home/mustafa/arm-gnu-toolchain-13.2.rel1-x86_64-arm-none-eabi/arm-gnu-toolchain-13.2.Rel1-x86_64-arm-none-eabi/bin/../lib/gcc/arm-none-eabi/13.2.1/../../../../arm-none-eabi/lib/thumb/v7-a/nofp/libg.a(libc_a-wctomb_r.o)
                0x60015544                __jis_wctomb
 .text._sbrk_r  0x600155c4       0x28 /home/mustafa/arm-gnu-toolchain-13.2.rel1-x86_64-arm-none-eabi/arm-gnu-toolchain-13.2.Rel1-x86_64-arm-none-eabi/bin/../lib/gcc/arm-none-eabi/13.2.1/../../../../arm-none-eabi/lib/thumb/v7-a/nofp/libg.a(libc_a-sbrkr.o)
                0x600155c4                _sbrk_r
 .text.__sfvwrite_r
                0x600155ec      0x304 /home/mustafa/arm-gnu-toolchain-13.2.rel1-x86_64-arm-none-eabi/arm-gnu-toolchain-13.2.Rel1-x86_64-arm-none-eabi/bin/../lib/gcc/arm-none-eabi/13.2.1/../../../../arm-none-eabi/lib/thumb/v7-a/nofp/libg.a(libc_a-fvwrite.o)
                0x600155ec                __sfvwrite_r
 .text._fwalk_sglue
                0x600158f0       0x44 /home/mustafa/arm-gnu-toolchain-13.2.rel1-x86_64-arm-none-eabi/arm-gnu-toolchain-13.2.Rel1-x86_64-arm-none-eabi/bin/../lib/gcc/arm-none-eabi/13.2.1/../../../../arm-none-eabi/lib/thumb/v7-a/nofp/libg.a(libc_a-fwalk.o)
                0x600158f0                _fwalk_sglue
 .text._write_r
                0x60015934       0x30 /home/mustafa/arm-gnu-toolchain-13.2.rel1-x86_64-arm-none-eabi/arm-gnu-toolchain-13.2.Rel1-x86_64-arm-none-eabi/bin/../lib/gcc/arm-none-eabi/13.2.1/../../../../arm-none-eabi/lib/thumb/v7-a/nofp/libg.a(libc_a-writer.o)
                0x60015934                _write_r
 .text.siscanf  0x60015964       0x5c /home/mustafa/arm-gnu-toolchain-13.2.rel1-x86_64-arm-none-eabi/arm-gnu-toolchain-13.2.Rel1-x86_64-arm-none-eabi/bin/../lib/gcc/arm-none-eabi/13.2.1/../../../../arm-none-eabi/lib/thumb/v7-a/nofp/libg.a(libc_a-siscanf.o)
                0x60015964                siscanf
 .text._siscanf_r
                0x600159c0       0x58 /home/mustafa/arm-gnu-toolchain-13.2.rel1-x86_64-arm-none-eabi/arm-gnu-toolchain-13.2.Rel1-x86_64-arm-none-eabi/bin/../lib/gcc/arm-none-eabi/13.2.1/../../../../arm-none-eabi/lib/thumb/v7-a/nofp/libg.a(libc_a-siscanf.o)
                0x600159c0                _siscanf_r
 .text._sungetc_r
                0x60015a18       0x7c /home/mustafa/arm-gnu-toolchain-13.2.rel1-x86_64-arm-none-eabi/arm-gnu-toolchain-13.2.Rel1-x86_64-arm-none-eabi/bin/../lib/gcc/arm-none-eabi/13.2.1/../../../../arm-none-eabi/lib/thumb/v7-a/nofp/libg.a(libc_a-svfiscanf.o)
                0x60015a18                _sungetc_r
 .text.__ssrefill_r
                0x60015a94       0x38 /home/mustafa/arm-gnu-toolchain-13.2.rel1-x86_64-arm-none-eabi/arm-gnu-toolchain-13.2.Rel1-x86_64-arm-none-eabi/bin/../lib/gcc/arm-none-eabi/13.2.1/../../../../arm-none-eabi/lib/thumb/v7-a/nofp/libg.a(libc_a-svfiscanf.o)
                0x60015a94                __ssrefill_r
 .text._sfread_r
                0x60015acc       0xa8 /home/mustafa/arm-gnu-toolchain-13.2.rel1-x86_64-arm-none-eabi/arm-gnu-toolchain-13.2.Rel1-x86_64-arm-none-eabi/bin/../lib/gcc/arm-none-eabi/13.2.1/../../../../arm-none-eabi/lib/thumb/v7-a/nofp/libg.a(libc_a-svfiscanf.o)
                0x60015acc                _sfread_r
 .text.__ssvfiscanf_r
                0x60015b74     0x1670 /home/mustafa/arm-gnu-toolchain-13.2.rel1-x86_64-arm-none-eabi/arm-gnu-toolchain-13.2.Rel1-x86_64-arm-none-eabi/bin/../lib/gcc/arm-none-eabi/13.2.1/../../../../arm-none-eabi/lib/thumb/v7-a/nofp/libg.a(libc_a-svfiscanf.o)
                0x60015b74                __ssvfiscanf_r
 .text._vfprintf_r
                0x600171e4     0x1d40 /home/mustafa/arm-gnu-toolchain-13.2.rel1-x86_64-arm-none-eabi/arm-gnu-toolchain-13.2.Rel1-x86_64-arm-none-eabi/bin/../lib/gcc/arm-none-eabi/13.2.1/../../../../arm-none-eabi/lib/thumb/v7-a/nofp/libg.a(libc_a-vfprintf.o)
                0x600171e4                _vfprintf_r
 .text.vfprintf
                0x60018f24       0x20 /home/mustafa/arm-gnu-toolchain-13.2.rel1-x86_64-arm-none-eabi/arm-gnu-toolchain-13.2.Rel1-x86_64-arm-none-eabi/bin/../lib/gcc/arm-none-eabi/13.2.1/../../../../arm-none-eabi/lib/thumb/v7-a/nofp/libg.a(libc_a-vfprintf.o)
                0x60018f24                vfprintf
 .text.__sbprintf
                0x60018f44       0x80 /home/mustafa/arm-gnu-toolchain-13.2.rel1-x86_64-arm-none-eabi/arm-gnu-toolchain-13.2.Rel1-x86_64-arm-none-eabi/bin/../lib/gcc/arm-none-eabi/13.2.1/../../../../arm-none-eabi/lib/thumb/v7-a/nofp/libg.a(libc_a-vfprintf.o)
 .text.__sprint_r.part.0
                0x60018fc4       0x78 /home/mustafa/arm-gnu-toolchain-13.2.rel1-x86_64-arm-none-eabi/arm-gnu-toolchain-13.2.Rel1-x86_64-arm-none-eabi/bin/../lib/gcc/arm-none-eabi/13.2.1/../../../../arm-none-eabi/lib/thumb/v7-a/nofp/libg.a(libc_a-vfiprintf.o)
 .text.__sprint_r
                0x6001903c       0x14 /home/mustafa/arm-gnu-toolchain-13.2.rel1-x86_64-arm-none-eabi/arm-gnu-toolchain-13.2.Rel1-x86_64-arm-none-eabi/bin/../lib/gcc/arm-none-eabi/13.2.1/../../../../arm-none-eabi/lib/thumb/v7-a/nofp/libg.a(libc_a-vfiprintf.o)
                0x6001903c                __sprint_r
 .text._vfiprintf_r
                0x60019050      0xffc /home/mustafa/arm-gnu-toolchain-13.2.rel1-x86_64-arm-none-eabi/arm-gnu-toolchain-13.2.Rel1-x86_64-arm-none-eabi/bin/../lib/gcc/arm-none-eabi/13.2.1/../../../../arm-none-eabi/lib/thumb/v7-a/nofp/libg.a(libc_a-vfiprintf.o)
                0x60019050                _vfiprintf_r
 .text.vfiprintf
                0x6001a04c       0x20 /home/mustafa/arm-gnu-toolchain-13.2.rel1-x86_64-arm-none-eabi/arm-gnu-toolchain-13.2.Rel1-x86_64-arm-none-eabi/bin/../lib/gcc/arm-none-eabi/13.2.1/../../../../arm-none-eabi/lib/thumb/v7-a/nofp/libg.a(libc_a-vfiprintf.o)
                0x6001a04c                vfiprintf
 .text.__sbprintf
                0x6001a06c       0x80 /home/mustafa/arm-gnu-toolchain-13.2.rel1-x86_64-arm-none-eabi/arm-gnu-toolchain-13.2.Rel1-x86_64-arm-none-eabi/bin/../lib/gcc/arm-none-eabi/13.2.1/../../../../arm-none-eabi/lib/thumb/v7-a/nofp/libg.a(libc_a-vfiprintf.o)
 .text.__register_exitproc
                0x6001a0ec       0x88 /home/mustafa/arm-gnu-toolchain-13.2.rel1-x86_64-arm-none-eabi/arm-gnu-toolchain-13.2.Rel1-x86_64-arm-none-eabi/bin/../lib/gcc/arm-none-eabi/13.2.1/../../../../arm-none-eabi/lib/thumb/v7-a/nofp/libg.a(libc_a-__atexit.o)
                0x6001a0ec                __register_exitproc
 .text._mbtowc_r
                0x6001a174       0x14 /home/mustafa/arm-gnu-toolchain-13.2.rel1-x86_64-arm-none-eabi/arm-gnu-toolchain-13.2.Rel1-x86_64-arm-none-eabi/bin/../lib/gcc/arm-none-eabi/13.2.1/../../../../arm-none-eabi/lib/thumb/v7-a/nofp/libg.a(libc_a-mbtowc_r.o)
                0x6001a174                _mbtowc_r
 .text.__ascii_mbtowc
                0x6001a188       0x24 /home/mustafa/arm-gnu-toolchain-13.2.rel1-x86_64-arm-none-eabi/arm-gnu-toolchain-13.2.Rel1-x86_64-arm-none-eabi/bin/../lib/gcc/arm-none-eabi/13.2.1/../../../../arm-none-eabi/lib/thumb/v7-a/nofp/libg.a(libc_a-mbtowc_r.o)
                0x6001a188                __ascii_mbtowc
 .text.__utf8_mbtowc
                0x6001a1ac      0x1e0 /home/mustafa/arm-gnu-toolchain-13.2.rel1-x86_64-arm-none-eabi/arm-gnu-toolchain-13.2.Rel1-x86_64-arm-none-eabi/bin/../lib/gcc/arm-none-eabi/13.2.1/../../../../arm-none-eabi/lib/thumb/v7-a/nofp/libg.a(libc_a-mbtowc_r.o)
                0x6001a1ac                __utf8_mbtowc
 .text.__sjis_mbtowc
                0x6001a38c       0x84 /home/mustafa/arm-gnu-toolchain-13.2.rel1-x86_64-arm-none-eabi/arm-gnu-toolchain-13.2.Rel1-x86_64-arm-none-eabi/bin/../lib/gcc/arm-none-eabi/13.2.1/../../../../arm-none-eabi/lib/thumb/v7-a/nofp/libg.a(libc_a-mbtowc_r.o)
                0x6001a38c                __sjis_mbtowc
 .text.__eucjp_mbtowc
                0x6001a410       0xb8 /home/mustafa/arm-gnu-toolchain-13.2.rel1-x86_64-arm-none-eabi/arm-gnu-toolchain-13.2.Rel1-x86_64-arm-none-eabi/bin/../lib/gcc/arm-none-eabi/13.2.1/../../../../arm-none-eabi/lib/thumb/v7-a/nofp/libg.a(libc_a-mbtowc_r.o)
                0x6001a410                __eucjp_mbtowc
 .text.__jis_mbtowc
                0x6001a4c8      0x14c /home/mustafa/arm-gnu-toolchain-13.2.rel1-x86_64-arm-none-eabi/arm-gnu-toolchain-13.2.Rel1-x86_64-arm-none-eabi/bin/../lib/gcc/arm-none-eabi/13.2.1/../../../../arm-none-eabi/lib/thumb/v7-a/nofp/libg.a(libc_a-mbtowc_r.o)
                0x6001a4c8                __jis_mbtowc
 .text._mbrtowc_r
                0x6001a614       0x58 /home/mustafa/arm-gnu-toolchain-13.2.rel1-x86_64-arm-none-eabi/arm-gnu-toolchain-13.2.Rel1-x86_64-arm-none-eabi/bin/../lib/gcc/arm-none-eabi/13.2.1/../../../../arm-none-eabi/lib/thumb/v7-a/nofp/libg.a(libc_a-mbrtowc.o)
                0x6001a614                _mbrtowc_r
 .text.mbrtowc  0x6001a66c       0x58 /home/mustafa/arm-gnu-toolchain-13.2.rel1-x86_64-arm-none-eabi/arm-gnu-toolchain-13.2.Rel1-x86_64-arm-none-eabi/bin/../lib/gcc/arm-none-eabi/13.2.1/../../../../arm-none-eabi/lib/thumb/v7-a/nofp/libg.a(libc_a-mbrtowc.o)
                0x6001a66c                mbrtowc
 .text.strcasecmp
                0x6001a6c4       0x44 /home/mustafa/arm-gnu-toolchain-13.2.rel1-x86_64-arm-none-eabi/arm-gnu-toolchain-13.2.Rel1-x86_64-arm-none-eabi/bin/../lib/gcc/arm-none-eabi/13.2.1/../../../../arm-none-eabi/lib/thumb/v7-a/nofp/libg.a(libc_a-strcasecmp.o)
                0x6001a6c4                strcasecmp
 .text.strcat   0x6001a708       0x40 /home/mustafa/arm-gnu-toolchain-13.2.rel1-x86_64-arm-none-eabi/arm-gnu-toolchain-13.2.Rel1-x86_64-arm-none-eabi/bin/../lib/gcc/arm-none-eabi/13.2.1/../../../../arm-none-eabi/lib/thumb/v7-a/nofp/libg.a(libc_a-strcat.o)
                0x6001a708                strcat
 .text._fclose_r
                0x6001a748       0xc0 /home/mustafa/arm-gnu-toolchain-13.2.rel1-x86_64-arm-none-eabi/arm-gnu-toolchain-13.2.Rel1-x86_64-arm-none-eabi/bin/../lib/gcc/arm-none-eabi/13.2.1/../../../../arm-none-eabi/lib/thumb/v7-a/nofp/libg.a(libc_a-fclose.o)
                0x6001a748                _fclose_r
 .text.fclose   0x6001a808       0x10 /home/mustafa/arm-gnu-toolchain-13.2.rel1-x86_64-arm-none-eabi/arm-gnu-toolchain-13.2.Rel1-x86_64-arm-none-eabi/bin/../lib/gcc/arm-none-eabi/13.2.1/../../../../arm-none-eabi/lib/thumb/v7-a/nofp/libg.a(libc_a-fclose.o)
                0x6001a808                fclose
 .text.__swsetup_r
                0x6001a818       0xc4 /home/mustafa/arm-gnu-toolchain-13.2.rel1-x86_64-arm-none-eabi/arm-gnu-toolchain-13.2.Rel1-x86_64-arm-none-eabi/bin/../lib/gcc/arm-none-eabi/13.2.1/../../../../arm-none-eabi/lib/thumb/v7-a/nofp/libg.a(libc_a-wsetup.o)
                0x6001a818                __swsetup_r
 .text.__smakebuf_r
                0x6001a8dc       0xdc /home/mustafa/arm-gnu-toolchain-13.2.rel1-x86_64-arm-none-eabi/arm-gnu-toolchain-13.2.Rel1-x86_64-arm-none-eabi/bin/../lib/gcc/arm-none-eabi/13.2.1/../../../../arm-none-eabi/lib/thumb/v7-a/nofp/libg.a(libc_a-makebuf.o)
                0x6001a8dc                __smakebuf_r
 .text.__swhatbuf_r
                0x6001a9b8       0x5c /home/mustafa/arm-gnu-toolchain-13.2.rel1-x86_64-arm-none-eabi/arm-gnu-toolchain-13.2.Rel1-x86_64-arm-none-eabi/bin/../lib/gcc/arm-none-eabi/13.2.1/../../../../arm-none-eabi/lib/thumb/v7-a/nofp/libg.a(libc_a-makebuf.o)
                0x6001a9b8                __swhatbuf_r
 .text._putc_r  0x6001aa14       0x78 /home/mustafa/arm-gnu-toolchain-13.2.rel1-x86_64-arm-none-eabi/arm-gnu-toolchain-13.2.Rel1-x86_64-arm-none-eabi/bin/../lib/gcc/arm-none-eabi/13.2.1/../../../../arm-none-eabi/lib/thumb/v7-a/nofp/libg.a(libc_a-putc.o)
                0x6001aa14                _putc_r
 .text.putc     0x6001aa8c       0x80 /home/mustafa/arm-gnu-toolchain-13.2.rel1-x86_64-arm-none-eabi/arm-gnu-toolchain-13.2.Rel1-x86_64-arm-none-eabi/bin/../lib/gcc/arm-none-eabi/13.2.1/../../../../arm-none-eabi/lib/thumb/v7-a/nofp/libg.a(libc_a-putc.o)
                0x6001aa8c                putc
 .text._wcsnrtombs_l
                0x6001ab0c       0xec /home/mustafa/arm-gnu-toolchain-13.2.rel1-x86_64-arm-none-eabi/arm-gnu-toolchain-13.2.Rel1-x86_64-arm-none-eabi/bin/../lib/gcc/arm-none-eabi/13.2.1/../../../../arm-none-eabi/lib/thumb/v7-a/nofp/libg.a(libc_a-wcsnrtombs.o)
                0x6001ab0c                _wcsnrtombs_l
 .text._wcsnrtombs_r
                0x6001abf8       0x28 /home/mustafa/arm-gnu-toolchain-13.2.rel1-x86_64-arm-none-eabi/arm-gnu-toolchain-13.2.Rel1-x86_64-arm-none-eabi/bin/../lib/gcc/arm-none-eabi/13.2.1/../../../../arm-none-eabi/lib/thumb/v7-a/nofp/libg.a(libc_a-wcsnrtombs.o)
                0x6001abf8                _wcsnrtombs_r
 .text.wcsnrtombs
                0x6001ac20       0x30 /home/mustafa/arm-gnu-toolchain-13.2.rel1-x86_64-arm-none-eabi/arm-gnu-toolchain-13.2.Rel1-x86_64-arm-none-eabi/bin/../lib/gcc/arm-none-eabi/13.2.1/../../../../arm-none-eabi/lib/thumb/v7-a/nofp/libg.a(libc_a-wcsnrtombs.o)
                0x6001ac20                wcsnrtombs
 .text.realloc  0x6001ac50       0x14 /home/mustafa/arm-gnu-toolchain-13.2.rel1-x86_64-arm-none-eabi/arm-gnu-toolchain-13.2.Rel1-x86_64-arm-none-eabi/bin/../lib/gcc/arm-none-eabi/13.2.1/../../../../arm-none-eabi/lib/thumb/v7-a/nofp/libg.a(libc_a-realloc.o)
                0x6001ac50                realloc